cpuxgpt_mt8173.c:81:13:__write_cpuxgpt	32	static
cpuxgpt_mt8173.c:71:21:__read_cpuxgpt	48	static
cpuxgpt_mt8173.c:264:20:mt_cpuxgpt_init	48	static
cpuxgpt_mt8173.c:177:21:__cpuxgpt_irq_dis	80	static
cpuxgpt_mt8173.c:247:20:__cpuxgpt5_irq_handler	48	static
cpuxgpt_mt8173.c:238:20:__cpuxgpt4_irq_handler	48	static
cpuxgpt_mt8173.c:229:20:__cpuxgpt3_irq_handler	48	static
cpuxgpt_mt8173.c:220:20:__cpuxgpt2_irq_handler	48	static
cpuxgpt_mt8173.c:211:20:__cpuxgpt1_irq_handler	48	static
cpuxgpt_mt8173.c:202:20:__cpuxgpt0_irq_handler	48	static
cpuxgpt_mt8173.c:256:5:cpu_xgpt_set_cmp_HL	96	static
cpuxgpt_mt8173.c:296:5:localtimer_get_phy_count	0	static
cpuxgpt_mt8173.c:306:5:cpu_xgpt_register_timer	48	static
cpuxgpt_mt8173.c:358:5:cpu_xgpt_set_timer	64	static
cpuxgpt_mt8173.c:382:6:enable_cpuxgpt	64	static
cpuxgpt_mt8173.c:389:6:disable_cpuxgpt	64	static
cpuxgpt_mt8173.c:396:6:set_cpuxgpt_clk	80	static
cpuxgpt_mt8173.c:403:6:restore_cpuxgpt	48	static
cpuxgpt_mt8173.c:411:6:save_cpuxgpt	64	static
cpuxgpt_mt8173.c:418:14:cpu_xgpt_irq_dis	16	static
cpuxgpt_mt8173.c:426:5:cpu_xgpt_set_cmp	64	static
cpuxgpt_mt8173.c:440:6:cpu_xgpt_set_init_count	64	static
cpuxgpt_mt8173.c:447:6:cpu_xgpt_halt_on_debug_en	80	static
cpuxgpt_mt8173.c:453:5:localtimer_set_next_event	0	static
cpuxgpt_mt8173.c:466:14:localtimer_get_counter	0	static
