af_key.c:1293:12:pfkey_reserved	0	static
af_key.c:1892:12:check_reqid	0	static
af_key.c:2006:12:pfkey_xfrm_policy2msg_size	0	static
af_key.c:2619:12:pfkey_migrate	0	static
af_key.c:3627:12:pfkey_send_migrate	0	static
af_key.c:3878:20:ipsec_pfkey_exit	32	static
af_key.c:3104:13:pfkey_is_alive	32	static
af_key.c:3786:13:pfkey_seq_stop	16	static
af_key.c:3823:24:pfkey_exit_proc	16	static
af_key.c:3863:24:pfkey_net_exit	48	static
af_key.c:3799:12:pfkey_seq_open	16	static
af_key.c:3750:12:pfkey_seq_show	80	static
af_key.c:610:5:pfkey_sockaddr_extract	0	static
af_key.c:199:12:pfkey_broadcast_one	48	static
af_key.c:231:12:pfkey_broadcast	128	static
af_key.c:2704:12:pfkey_dump_sp	16	static
af_key.c:2710:13:pfkey_dump_sp_done	16	static
af_key.c:288:12:pfkey_do_dump	48	static
af_key.c:3677:12:pfkey_recvmsg	96	static
af_key.c:2717:12:pfkey_spddump	48	static
af_key.c:142:12:pfkey_create	80	static
af_key.c:1866:12:pfkey_promisc	32	static
af_key.c:1820:12:pfkey_dump	80	static
af_key.c:1813:13:pfkey_dump_sa_done	16	static
af_key.c:1807:12:pfkey_dump_sa	16	static
af_key.c:1748:12:pfkey_flush	112	static
af_key.c:1403:12:pfkey_acquire	32	static
af_key.c:180:12:pfkey_release	48	static
af_key.c:2341:12:pfkey_spddelete	160	static
af_key.c:2811:12:pfkey_process	256	static
af_key.c:3635:12:pfkey_sendmsg	80	static
af_key.c:3850:23:pfkey_net_init	48	static
af_key.c:3778:14:pfkey_seq_next	48	static
af_key.c:3768:14:pfkey_seq_start	32	static
af_key.c:713:21:pfkey_sockaddr_fill	0	static
af_key.c:2042:12:pfkey_xfrm_policy2msg	112	static
af_key.c:3319:12:pfkey_send_new_mapping	96	static
af_key.c:3122:12:pfkey_send_acquire	96	static
af_key.c:743:24:__pfkey_xfrm_state2msg	112	static
af_key.c:3069:12:pfkey_send_policy_notify	48	static
af_key.c:3042:12:pfkey_send_notify	48	static
af_key.c:1777:12:dump_sa	48	static
af_key.c:3886:19:ipsec_pfkey_init	48	static
af_key.c:1679:12:pfkey_register	64	static
af_key.c:1972:1:parse_ipsecrequests	160	static
af_key.c:3231:28:pfkey_compile_policy	64	static
af_key.c:98:13:pfkey_sock_destruct	32	static
af_key.c:1490:12:pfkey_add	112	static
af_key.c:2226:12:pfkey_spdadd	96	static
af_key.c:1567:12:pfkey_get	64	static
af_key.c:2670:12:dump_sp	64	static
af_key.c:1527:12:pfkey_delete	96	static
af_key.c:2759:12:pfkey_spdflush	96	static
af_key.c:1298:12:pfkey_getspi	144	static
af_key.c:2627:12:pfkey_spdget	112	static
