dst.h:404:19:dst_discard	16	static
xfrm_policy.c:257:12:xfrm_policy_flo_check	0	static
xfrm_policy.c:1262:28:__xfrm_policy_unlink	0	static
xfrm_policy.c:2618:13:xfrm_link_failure	0	static
xfrm_policy.c:2735:21:xfrm_default_advmss	16	static
xfrm_policy.c:2747:26:xfrm_neigh_lookup	16	static
xfrm_policy.c:374:27:policy_hash_bysel	0	static
xfrm_policy.c:391:27:policy_hash_direct	0	static
xfrm_policy.c:3080:13:xfrm_migrate_selector_match	16	static
xfrm_policy.c:245:34:xfrm_policy_flo_get	0	static
xfrm_policy.c:2623:26:xfrm_negative_advice	16	static
xfrm_policy.c:1246:13:__xfrm_policy_link	48	static
xfrm_policy.c:2670:12:xfrm_bundle_ok	48	static
xfrm_policy.c:1523:12:xfrm_bundle_flo_check	16	static
xfrm_policy.c:1500:34:xfrm_bundle_flo_get	32	static
xfrm_policy.c:99:35:xfrm_policy_get_afinfo	48	static
xfrm_policy.c:1536:13:xfrm_bundle_flo_delete	16	static
xfrm_policy.c:2821:12:xfrm_dev_event	16	static
xfrm_policy.c:2640:13:xfrm_garbage_collect_deferred	16	static
xfrm_policy.c:574:13:xfrm_hash_rebuild	80	static
xfrm_policy.c:3015:13:xfrm_audit_common_policyinfo	48	static
xfrm_policy.c:2740:21:xfrm_mtu	16	static
xfrm_policy.c:2574:26:xfrm_dst_check	32	static
xfrm_policy.c:556:13:xfrm_hash_resize	128	static
xfrm_policy.c:656:12:xfrm_gen_index.constprop	0	static
xfrm_policy.c:1627:26:xfrm_bundle_create	224	static
xfrm_policy.c:1798:1:xfrm_resolve_and_create_bundle	336	static
xfrm_policy.c:264:13:xfrm_policy_flo_delete	32	static
xfrm_policy.c:87:6:xfrm_selector_match	64	static
xfrm_policy.c:1213:28:xfrm_sk_policy_lookup	64	static
xfrm_policy.c:1089:28:xfrm_policy_lookup_bytype	96	static
xfrm_policy.c:279:21:xfrm_policy_alloc	32	static
xfrm_policy.c:305:6:xfrm_policy_destroy	32	static
xfrm_policy.c:704:13:xfrm_policy_requeue	80	static
xfrm_policy.c:329:13:xfrm_policy_kill	48	static
xfrm_policy.c:1909:12:xdst_queue_output	80	static
xfrm_policy.c:1177:1:xfrm_policy_lookup	48	static
xfrm_policy.c:1753:12:xfrm_expand_policies	48	static
xfrm_policy.c:2011:1:xfrm_bundle_lookup	112	static
xfrm_policy.c:1328:28:clone_policy	48	static
xfrm_policy.c:540:6:xfrm_spd_getinfo	48	static
xfrm_policy.c:648:6:xfrm_policy_hash_rebuild	16	static
xfrm_policy.c:746:5:xfrm_policy_insert	96	static
xfrm_policy.c:814:21:xfrm_policy_bysel_ctx	80	static
xfrm_policy.c:853:21:xfrm_policy_byid	96	static
xfrm_policy.c:997:5:xfrm_policy_walk	80	static
xfrm_policy.c:1043:6:xfrm_policy_walk_init	0	static
xfrm_policy.c:1052:6:xfrm_policy_walk_done	32	static
xfrm_policy.c:1278:5:xfrm_policy_delete	64	static
xfrm_policy.c:175:13:xfrm_policy_timer	64	static
xfrm_policy.c:1293:5:xfrm_sk_policy_insert	80	static
xfrm_policy.c:1358:5:__xfrm_sk_clone_policy	32	static
xfrm_policy.c:2134:19:xfrm_lookup	112	static
xfrm_policy.c:2282:19:xfrm_lookup_route	64	static
xfrm_policy.c:2362:5:__xfrm_decode_session	64	static
xfrm_policy.c:1831:13:xfrm_policy_queue_process	160	static
xfrm_policy.c:2390:5:__xfrm_policy_check	240	static
xfrm_policy.c:2548:5:__xfrm_route_forward	96	static
xfrm_policy.c:2608:6:xfrm_dst_ifdown	0	static
xfrm_policy.c:2634:6:xfrm_garbage_collect	16	static
xfrm_policy.c:2754:5:xfrm_policy_register_afinfo	48	static
xfrm_policy.c:2790:5:xfrm_policy_unregister_afinfo	48	static
xfrm_policy.c:3008:13:xfrm_init	16	static
xfrm_policy.c:3049:6:xfrm_audit_policy_add	48	static
xfrm_policy.c:3063:6:xfrm_audit_policy_delete	48	static
xfrm_policy.c:938:5:xfrm_policy_flush	112	static
xfrm_policy.c:2926:13:xfrm_policy_fini	64	static
xfrm_policy.c:2994:24:xfrm_net_exit	32	static
xfrm_policy.c:2955:23:xfrm_net_init	80	static
xfrm_policy.c:3240:5:xfrm_migrate	240	static
