mtk-sdio.c:384:13:sdr_set_bits	0	static
mtk-sdio.c:392:13:sdr_clr_bits	0	static
mtk-sdio.c:896:12:msdc_card_busy	0	static
mtk-sdio.c:1159:12:msdc_ops_switch_volt	0	static
mtk-sdio.c:1733:12:autok_check_scan_res	80	static
mtk-sdio.c:2251:12:autok_param_update	16	static
mtk-sdio.c:400:13:sdr_set_field	0	static
mtk-sdio.c:409:13:sdr_get_field	0	static
mtk-sdio.c:3485:1:mt_sdio_driver_init	16	static
mtk-sdio.c:564:13:msdc_ungate_clock	32	static
mtk-sdio.c:3453:12:msdc_runtime_resume	32	static
mtk-sdio.c:1342:13:msdc_deinit_hw	32	static
mtk-sdio.c:3384:12:msdc_drv_remove	64	static
mtk-sdio.c:3485:1:mt_sdio_driver_exit	16	static
mtk-sdio.c:416:13:msdc_reset_hw.isra.10	32	static
mtk-sdio.c:1624:12:autok_send_raw_cmd19	64	static
mtk-sdio.c:504:13:msdc_prepare_data.isra.12	80	static
mtk-sdio.c:1040:13:msdc_pre_req	32	static
mtk-sdio.c:517:13:msdc_unprepare_data.isra.13	32	static
mtk-sdio.c:1053:13:msdc_post_req	16	static
mtk-sdio.c:3174:13:msdc_recheck_sdio_irq.part.19	32	static
mtk-sdio.c:2281:12:autok_result_dump.isra.20	48	static
mtk-sdio.c:1828:12:autok_optimised_dly_sel.isra.22	160	static
mtk-sdio.c:1700:12:autok_simple_score	0	static
mtk-sdio.c:801:13:msdc_request_done	48	static
mtk-sdio.c:3443:12:msdc_runtime_suspend	32	static
mtk-sdio.c:3221:12:msdc_drv_probe	96	static
mtk-sdio.c:3156:13:msdc_hw_reset	32	static
mtk-sdio.c:3187:13:msdc_enable_sdio_irq	48	static
mtk-sdio.c:534:13:msdc_set_timeout	0	static
mtk-sdio.c:969:13:msdc_start_command	80	static
mtk-sdio.c:1016:13:msdc_ops_request	48	static
mtk-sdio.c:827:13:msdc_cmd_done	80	static
mtk-sdio.c:1078:13:msdc_data_xfer_done	80	static
mtk-sdio.c:1223:20:msdc_irq	80	static
mtk-sdio.c:1196:13:msdc_request_timeout	48	static
mtk-sdio.c:1287:6:smdc_mmc_card_detect	32	static
mtk-sdio.c:2030:5:msdc_autok_adjust_param	32	static
mtk-sdio.c:2269:12:autok_param_apply	64	static
mtk-sdio.c:2456:13:apply_tuned_vol_setting	48	static
mtk-sdio.c:2307:12:autok_path_sel	96	static
mtk-sdio.c:2388:12:autok_scan_cmd_param	96	static
mtk-sdio.c:2499:12:execute_online_tuning	384	static
mtk-sdio.c:3025:6:apply_sdio_setting	32	static
mtk-sdio.c:3035:12:msdc_execute_tuning	112	static
mtk-sdio.c:1376:13:msdc_ops_set_ios	80	static
mtk-sdio.c:3125:5:sdio_stop_transfer	32	static
mtk-sdio.c:3136:5:sdio_start_ot_transfer	32	static
