gpio_keys.c:573:13:gpio_keys_close	16	static
gpio_keys.c:851:20:gpio_keys_exit	16	static
gpio_keys.c:783:12:gpio_keys_suspend	32	static
gpio_keys.c:773:12:gpio_keys_remove	32	static
gpio_keys.c:205:16:gpio_keys_attr_store_helper	112	static
gpio_keys.c:300:1:gpio_keys_store_disabled_switches	32	static
gpio_keys.c:299:1:gpio_keys_store_disabled_keys	32	static
gpio_keys.c:161:16:gpio_keys_attr_show_helper	64	static
gpio_keys.c:271:1:gpio_keys_show_disabled_switches	16	static
gpio_keys.c:270:1:gpio_keys_show_disabled_keys	16	static
gpio_keys.c:269:1:gpio_keys_show_switches	16	static
gpio_keys.c:268:1:gpio_keys_show_keys	16	static
gpio_keys.c:428:13:gpio_keys_quiesce_key	32	static
gpio_keys.c:378:13:gpio_keys_irq_timer	48	static
gpio_keys.c:393:20:gpio_keys_irq_isr	64	static
gpio_keys.c:354:13:gpio_keys_gpio_timer	16	static
gpio_keys.c:686:12:gpio_keys_probe	192	static
gpio_keys.c:846:19:gpio_keys_init	16	static
gpio_keys.c:327:13:gpio_keys_gpio_report_event.isra.4	48	static
gpio_keys.c:361:20:gpio_keys_gpio_isr	32	static
gpio_keys.c:343:13:gpio_keys_gpio_work_func	32	static
gpio_keys.c:555:12:gpio_keys_open	48	static
gpio_keys.c:805:12:gpio_keys_resume	48	static
