mt_gpt.c:128:20:noop	0	static
mt_gpt.c:429:13:clkevt_handler	16	static
mt_gpt.c:166:13:task_sched	32	static
mt_gpt.c:548:19:gpt_mod_init	16	static
mt_gpt.c:203:20:gpt_handler	16	static
mt_gpt.c:219:13:__gpt_enable_irq.isra.1	0	static
mt_gpt.c:247:13:__gpt_clrcnt.isra.5	0	static
mt_gpt.c:254:13:__gpt_start.isra.6	0	static
mt_gpt.c:266:13:__gpt_stop.isra.7	0	static
mt_gpt.c:271:13:__gpt_set_mode.isra.8	0	static
mt_gpt.c:306:13:__gpt_get_cmp.isra.9	0	static
mt_gpt.c:313:13:__gpt_get_cnt.isra.11	0	static
mt_gpt.c:404:16:mt_gpt_read	32	static
mt_gpt.c:424:20:mt_read_sched_clock	32	static
mt_gpt.c:456:16:mt_read_sched_clock_cc	32	static
mt_gpt.c:371:13:mt_gpt_set_mode	32	static
mt_gpt.c:234:13:__gpt_reset	0	static
mt_gpt.c:337:13:setup_gpt_dev_locked	48	static
mt_gpt.c:558:20:mt_gpt_init	128	static
mt_gpt.c:359:12:mt_gpt_set_next_event	32	static
mt_gpt.c:631:5:request_gpt	96	static
mt_gpt.c:654:5:free_gpt	64	static
mt_gpt.c:673:5:start_gpt	48	static
mt_gpt.c:695:5:stop_gpt	32	static
mt_gpt.c:716:5:restart_gpt	32	static
mt_gpt.c:738:5:gpt_is_counting	48	static
mt_gpt.c:502:16:gpt_stat_read	96	static
mt_gpt.c:761:5:gpt_set_cmp	48	static
mt_gpt.c:780:5:gpt_get_cmp	64	static
mt_gpt.c:796:5:gpt_get_cnt	64	static
mt_gpt.c:816:5:gpt_check_irq	0	static
mt_gpt.c:826:5:gpt_check_and_ack_irq	0	static
mt_gpt.c:840:14:gpt_boot_time	0	static
