domain.c:724:19:pd_ignore_unused_setup	0	static
domain.c:1839:12:pm_genpd_default_save_state	16	static
domain.c:1862:12:pm_genpd_default_restore_state	16	static
domain.c:106:13:genpd_acquire_lock	96	static
domain.c:52:34:pm_genpd_lookup_name	48	static
domain.c:304:12:genpd_dev_pm_qos_notifier	64	static
domain.c:1230:12:pm_genpd_thaw	16	static
domain.c:1209:12:pm_genpd_thaw_early	16	static
domain.c:1145:12:pm_genpd_freeze_late	16	static
domain.c:1123:12:pm_genpd_freeze	16	static
domain.c:1102:12:pm_genpd_resume	16	static
domain.c:1081:12:pm_genpd_resume_early	16	static
domain.c:994:12:pm_genpd_suspend_late	16	static
domain.c:973:12:pm_genpd_suspend	16	static
domain.c:899:12:pm_genpd_prepare	48	static
domain.c:845:13:pm_genpd_sync_poweron.part.9	48	static
domain.c:84:12:genpd_start_dev.isra.10	48	static
domain.c:1250:12:pm_genpd_restore_noirq	48	static
domain.c:1187:12:pm_genpd_thaw_noirq	16	static
domain.c:1047:12:pm_genpd_resume_noirq	48	static
domain.c:78:12:genpd_stop_dev.isra.11	48	static
domain.c:1167:12:pm_genpd_freeze_noirq	16	static
domain.c:90:13:genpd_sd_counter_dec	16	static
domain.c:454:12:pm_genpd_poweroff	112	static
domain.c:599:13:genpd_power_off_work_fn	32	static
domain.c:618:12:pm_genpd_runtime_suspend	48	static
domain.c:1304:13:pm_genpd_complete	48	static
domain.c:1502:5:pm_genpd_remove_device.part.18	48	static
domain.c:2114:13:genpd_dev_pm_detach	48	static
domain.c:814:13:pm_genpd_sync_poweroff	48	static
domain.c:1014:12:pm_genpd_suspend_noirq	48	static
domain.c:70:27:dev_to_genpd	0	static
domain.c:261:5:pm_genpd_poweron	32	static
domain.c:161:12:__pm_genpd_poweron	128	static
domain.c:673:12:pm_genpd_runtime_resume	112	static
domain.c:275:5:pm_genpd_name_poweron	32	static
domain.c:734:6:pm_genpd_poweroff_unused	48	static
domain.c:751:19:genpd_poweroff_unused	16	static
domain.c:1355:6:pm_genpd_syscore_poweroff	16	static
domain.c:1361:6:pm_genpd_syscore_poweron	32	static
domain.c:1414:5:__pm_genpd_add_device	112	static
domain.c:1491:5:__pm_genpd_name_add_device	32	static
domain.c:1502:5:pm_genpd_remove_device	48	static
domain.c:1566:6:pm_genpd_dev_need_restore	48	static
domain.c:1586:5:pm_genpd_add_subdomain	64	static
domain.c:1644:5:pm_genpd_add_subdomain_names	80	static
domain.c:1673:5:pm_genpd_remove_subdomain	64	static
domain.c:1724:5:pm_genpd_attach_cpuidle	48	static
domain.c:1781:5:pm_genpd_name_attach_cpuidle	32	static
domain.c:1793:5:pm_genpd_detach_cpuidle	48	static
domain.c:1828:5:pm_genpd_name_detach_cpuidle	48	static
domain.c:1887:6:pm_genpd_init	80	static
domain.c:1983:27:__of_genpd_xlate_simple	0	static
domain.c:2003:27:__of_genpd_xlate_onecell	32	static
domain.c:2031:5:__of_genpd_add_provider	48	static
domain.c:2057:6:of_genpd_del_provider	48	static
domain.c:2165:5:genpd_dev_pm_attach	144	static
