clk.h:390:19:clk_prepare_enable	32	static
clk.h:405:20:clk_disable_unprepare	32	static
clkdbg.c:253:13:proc_all_fclk_freq	64	static
clkdbg.c:293:12:seq_print_fmeter_all	16	static
clkdbg.c:1777:13:clkdbg_syscore_resume	0	static
clkdbg.c:1795:12:clkdbg_suspend_ops_valid	0	static
clkdbg.c:1800:12:clkdbg_suspend_ops_begin	0	static
clkdbg.c:1805:12:clkdbg_suspend_ops_prepare	0	static
clkdbg.c:1818:13:clkdbg_suspend_ops_finish	0	static
clkdbg.c:1822:13:clkdbg_suspend_ops_end	0	static
clkdbg.c:275:13:print_fclk_freq	16	static
clkdbg.c:557:12:read_spm_pwr_status	32	static
clkdbg.c:1786:19:clkdbg_pm_init	32	static
clkdbg.c:81:12:clk_hw_is_on	32	static
clkdbg.c:1937:12:clkdbg_open	16	static
clkdbg.c:1911:12:clkdbg_show	224	static
clkdbg.c:1011:12:parse_val_from_cmd	192	static
clkdbg.c:541:12:dump_pwr_status	96	static
clkdbg.c:567:12:clkdbg_pwr_status	32	static
clkdbg.c:1065:12:clkdbg_clr_flag	48	static
clkdbg.c:1051:12:clkdbg_set_flag	48	static
clkdbg.c:1030:12:clkdbg_show_flags	80	static
clkdbg.c:748:13:clkpvdop	224	static
clkdbg.c:774:12:clkdbg_disable_unprepare_provider	16	static
clkdbg.c:768:12:clkdbg_prepare_enable_provider	16	static
clkdbg.c:285:13:seq_print_fclk_freq	16	static
clkdbg.c:1896:12:clkdbg_cmds	48	static
clkdbg.c:1694:13:dump_save_point	96	static
clkdbg.c:1722:12:clkdbg_dump_suspend_clks_3	16	static
clkdbg.c:1716:12:clkdbg_dump_suspend_clks_2	16	static
clkdbg.c:1710:12:clkdbg_dump_suspend_clks_1	16	static
clkdbg.c:1835:12:clkdbg_suspend_set_ops	16	static
clkdbg.c:828:12:clkdbg_set_rate	192	static
clkdbg.c:780:12:clkdbg_set_parent	192	static
clkdbg.c:384:12:clkdbg_dump_state_all	128	static
clkdbg.c:356:12:clkdbg_dump_regs2	32	static
clkdbg.c:1942:16:clkdbg_write	48	static
clkdbg.c:1975:19:clkdbg_debug_init	16	static
clkdbg.c:1728:12:clkdbg_dump_suspend_clks	16	static
clkdbg.c:478:13:dump_provider_clk.isra.8	128	static
clkdbg.c:427:22:get_all_provider_clks.part.10	176	static
clkdbg.c:724:6:prepare_enable_provider	64	static
clkdbg.c:736:6:disable_unprepare_provider	64	static
clkdbg.c:495:12:clkdbg_dump_provider_clks	48	static
clkdbg.c:653:12:clkdbg_clkop_void_ckname.isra.14	208	static
clkdbg.c:718:12:clkdbg_disable_unprepare	16	static
clkdbg.c:706:12:clkdbg_disable	16	static
clkdbg.c:694:12:clkdbg_unprepare	16	static
clkdbg.c:598:12:clkdbg_clkop_int_ckname.isra.15	224	static
clkdbg.c:712:12:clkdbg_prepare_enable	16	static
clkdbg.c:700:12:clkdbg_enable	16	static
clkdbg.c:688:12:clkdbg_prepare	16	static
clkdbg.c:338:12:seq_print_regs	48	static
clkdbg.c:1652:13:save_all_clks_state	48	static
clkdbg.c:1743:12:clkdbg_pm_event_handler	32	static
clkdbg.c:1769:12:clkdbg_syscore_suspend	32	static
clkdbg.c:1810:12:clkdbg_suspend_ops_enter	32	static
clkdbg.c:531:12:clkdbg_dump_muxes	112	static
clkdbg.c:122:6:set_clkdbg_ops	0	static
clkdbg.c:280:6:print_fmeter_all	16	static
clkdbg.c:322:6:print_regs	32	static
clkdbg.c:427:22:get_all_provider_clks	32	static
clkdbg.c:574:13:get_last_cmd	0	static
clkdbg.c:864:7:reg_from_str	48	static
clkdbg.c:917:12:parse_reg_val_from_cmd	208	static
clkdbg.c:994:12:clkdbg_reg_clr	48	static
clkdbg.c:977:12:clkdbg_reg_set	48	static
clkdbg.c:960:12:clkdbg_reg_write	48	static
clkdbg.c:944:12:clkdbg_reg_read	48	static
clkdbg.c:1605:6:reg_pdrv	0	static
clkdbg.c:1612:6:unreg_pdrv	0	static
clkdbg.c:1844:6:set_custom_cmds	0	static
