mmc_ops.c:294:1:mmc_send_cxd_data	352	static
mmc_ops.c:706:1:mmc_send_bus_test	352	static
mmc_ops.c:92:12:_mmc_select_card.part.2	16	static
mmc_ops.c:268:1:mmc_send_cxd_native.part.3	16	static
mmc_ops.c:87:5:mmc_send_status	96	static
mmc_ops.c:117:5:mmc_select_card	112	static
mmc_ops.c:125:5:mmc_deselect_cards	96	static
mmc_ops.c:138:5:mmc_set_dsr	80	static
mmc_ops.c:150:5:mmc_go_idle	96	static
mmc_ops.c:187:5:mmc_send_op_cond	112	static
mmc_ops.c:227:5:mmc_all_send_cid	96	static
mmc_ops.c:248:5:mmc_set_relative_addr	80	static
mmc_ops.c:362:5:mmc_send_csd	112	static
mmc_ops.c:387:5:mmc_send_cid	112	static
mmc_ops.c:415:5:mmc_send_ext_csd	16	static
mmc_ops.c:422:5:mmc_get_ext_csd	48	static
mmc_ops.c:451:5:mmc_spi_read_ocr	96	static
mmc_ops.c:466:5:mmc_spi_set_crc	96	static
mmc_ops.c:481:5:mmc_switch_status_error	32	static
mmc_ops.c:510:5:__mmc_switch	240	static
mmc_ops.c:628:5:mmc_switch	16	static
mmc_ops.c:636:5:mmc_send_tuning	336	static
mmc_ops.c:782:5:mmc_bus_test	32	static
mmc_ops.c:804:5:mmc_send_hpi_cmd	112	static
mmc_ops.c:838:5:mmc_can_ext_csd	0	static
