md32_helper.c:281:6:logger_ipi_handler	0	static
md32_helper.c:374:23:md32_log_len_show	16	static
md32_helper.c:389:16:md32_log_len_store	0	static
md32_helper.c:399:23:md32_boot_show	0	static
md32_helper.c:524:23:md32_mobile_log_show	0	static
md32_helper.c:304:6:buf_full_ipi_handler	16	static
md32_helper.c:542:16:md32_mobile_log_store	64	static
md32_helper.c:770:1:md32_driver_init	16	static
md32_helper.c:737:12:mtk_md32_resume	48	static
md32_helper.c:730:12:mtk_md32_suspend	32	static
md32_helper.c:724:12:md32_remove	16	static
md32_helper.c:207:12:md32_log_open	16	static
md32_helper.c:770:1:md32_driver_exit	16	static
md32_helper.c:239:21:md32_poll	32	static
md32_helper.c:87:6:memcpy_from_md32	0	static
md32_helper.c:97:5:get_md32_semaphore	16	static
md32_helper.c:130:5:release_md32_semaphore	16	static
md32_helper.c:155:15:md32_get_dtcm	0	static
md32_helper.c:160:9:md32_get_log_buf	80	static
md32_helper.c:212:16:md32_log_read	64	static
md32_helper.c:310:5:get_md32_img_sz	32	static
md32_helper.c:330:5:load_md32	64	static
md32_helper.c:369:6:boot_up_md32	0	static
md32_helper.c:412:5:reboot_load_md32	48	static
md32_helper.c:489:16:md32_boot_store	48	static
md32_helper.c:634:12:md32_pm_event	32	static
md32_helper.c:588:5:md32_dt_init	48	static
md32_helper.c:657:12:md32_probe	64	static
