md32_ocd.c:125:6:md32_ocd_iw	0	static
md32_ocd.c:155:5:md32_ocd_dr	0	static
md32_ocd.c:187:6:md32_ocd_dw	0	static
md32_ocd.c:291:12:md32_ocd_get_dm_word	48	static
md32_ocd.c:308:13:md32_ocd_put_dm_word	32	static
md32_ocd.c:225:5:md32_read_dmw	32	static
md32_ocd.c:241:6:md32_ocd_execute	32	static
md32_ocd.c:251:5:md32_ocd_read_pmw	16	static
md32_ocd.c:258:6:md32_ocd_write_pmw	32	static
md32_ocd.c:265:4:md32_ocd_read_dmb	16	static
md32_ocd.c:272:6:md32_ocd_write_dmb	32	static
md32_ocd.c:279:5:md32_ocd_add_sw_break	48	static
md32_ocd.c:355:12:md32_ocd_read_pc	16	static
md32_ocd.c:360:6:md32_ocd_write_pc	32	static
md32_ocd.c:370:5:md32_ocd_read_reg	48	static
md32_ocd.c:510:6:md32_ocd_write_reg	64	static
md32_ocd.c:650:5:md32_ocd_read_mmr	48	static
md32_ocd.c:674:6:md32_ocd_write_mmr	48	static
md32_ocd.c:694:5:md32_ocd_set_break	32	static
md32_ocd.c:748:9:md32_ocd_dump_all_cpu_reg	48	static
md32_ocd.c:1005:16:md32_ocd_show	64	static
md32_ocd.c:768:5:md32_ocd_execute_cmd	64	static
md32_ocd.c:855:13:md32_ocd_help_msg	0	static
md32_ocd.c:886:5:md32_ocd_input_parse	192	static
md32_ocd.c:1126:16:md32_ocd_store	64	static
md32_ocd.c:1157:6:md32_ocd_init	0	static
