kree_mem.c:125:11:kree_register_sharedmem	112	static
kree_mem.c:164:11:kree_unregister_sharedmem	80	static
kree_mem.c:208:11:KREE_RegisterSharedmem	112	static
kree_mem.c:215:11:KREE_RegisterSharedmemWithTag	112	static
kree_mem.c:223:11:KREE_UnregisterSharedmem	96	static
kree_mem.c:240:11:KREE_AllocSecuremem	96	static
kree_mem.c:253:11:KREE_AllocSecurememWithTag	96	static
kree_mem.c:266:11:KREE_ZallocSecurememWithTag	96	static
kree_mem.c:279:11:KREE_ReferenceSecuremem	96	static
kree_mem.c:295:11:KREE_UnreferenceSecuremem	96	static
kree_mem.c:311:11:KREE_AllocSecurechunkmem	96	static
kree_mem.c:325:11:KREE_AllocSecurechunkmemWithTag	96	static
kree_mem.c:339:11:KREE_ZallocSecurechunkmemWithTag	96	static
kree_mem.c:353:11:KREE_ReferenceSecurechunkmem	96	static
kree_mem.c:368:11:KREE_UnreferenceSecurechunkmem	96	static
kree_mem.c:384:11:KREE_ReadSecurechunkmem	96	static
kree_mem.c:410:11:KREE_WriteSecurechunkmem	96	static
kree_mem.c:437:11:KREE_GetSecurechunkReleaseSize	96	static
kree_mem.c:457:11:KREE_GetTEETotalSize	96	static
