tz_mod.c:1325:22:tz_cm_count	112	static
tz_mod.c:1535:19:rmem_tz_sec_setup	48	static
tz_mod.c:1657:19:tz_client_init	32	static
tz_mod.c:1183:12:tz_resume_early	16	static
tz_mod.c:1175:12:tz_suspend_late	16	static
tz_mod.c:1166:12:tz_resume	16	static
tz_mod.c:1158:12:tz_suspend	16	static
tz_mod.c:1341:22:tz_cm_scan	48	static
tz_mod.c:376:28:tz_client_get_session	64	static
tz_mod.c:180:12:tz_client_open	48	static
tz_mod.c:580:13:tz_client_open_session	144	static
tz_mod.c:653:13:tz_client_tee_service	272	static
tz_mod.c:1398:12:mtee_probe	128	static
tz_mod.c:285:13:_unmap_user_pages.isra.1	48	static
tz_mod.c:185:12:tz_client_release	64	static
tz_mod.c:1017:13:tz_client_unreg_sharedmem	80	static
tz_mod.c:861:13:__tz_reg_sharedmem	160	static
tz_mod.c:627:13:tz_client_close_session	80	static
tz_mod.c:1062:13:do_tz_client_ioctl	80	static
tz_mod.c:1119:13:tz_client_ioctl_compat	16	static
tz_mod.c:1112:13:tz_client_ioctl	16	static
tz_mod.c:1281:5:tz_cm_shrinker_thread	80	static
tz_mod.c:119:13:mtee_clk_get	64	static
tz_mod.c:1209:11:KREE_ServGetChunkmemPool	48	static
tz_mod.c:1240:11:KREE_ServReleaseChunkmemPool	64	static
tz_mod.c:1257:11:KREE_TeeReleseChunkmemPool	48	static
