hw_breakpoint.c:851:13:hw_breakpoint_reset	0	static
hw_breakpoint.c:144:13:write_wb_reg	16	static
hw_breakpoint.c:128:12:read_wb_reg	16	static
hw_breakpoint.c:228:12:hw_breakpoint_control	80	static
hw_breakpoint.c:913:19:arch_hw_breakpoint_init	32	static
hw_breakpoint.c:888:12:hw_breakpoint_reset_notify	16	static
hw_breakpoint.c:542:13:toggle_bp_registers	80	static
hw_breakpoint.c:657:12:watchpoint_handler	128	static
hw_breakpoint.c:581:12:breakpoint_handler	112	static
hw_breakpoint.c:65:5:hw_breakpoint_slots	16	static
hw_breakpoint.c:294:5:arch_install_hw_breakpoint	16	static
hw_breakpoint.c:299:6:arch_uninstall_hw_breakpoint	16	static
hw_breakpoint.c:329:5:arch_check_bp_in_kernelspace	0	static
hw_breakpoint.c:346:5:arch_bp_generic_fields	0	static
hw_breakpoint.c:474:5:arch_validate_hwbkpt_settings	32	static
hw_breakpoint.c:762:5:reinstall_suspended_bps	48	static
hw_breakpoint.c:819:6:hw_breakpoint_thread_switch	32	static
hw_breakpoint.c:948:6:hw_breakpoint_pmu_read	0	static
hw_breakpoint.c:955:5:hw_breakpoint_exceptions_notify	0	static
