ipi.h:18:1:ftrace_define_fields_ipi_raise	32	static
ipi.h:37:1:ftrace_define_fields_ipi_handler	16	static
ipi.h:37:1:perf_trace_ipi_handler	64	static
ipi.h:18:1:perf_trace_ipi_raise	80	static
ipi.h:18:1:ftrace_raw_event_ipi_raise	96	static
ipi.h:37:1:ftrace_raw_event_ipi_handler	96	static
ipi.h:18:1:ftrace_raw_output_ipi_raise	32	static
ipi.h:37:1:ftrace_raw_output_ipi_handler	32	static
smp.c:606:13:smp_cross_call	48	static
smp.c:109:5:__cpu_up	80	static
smp.c:170:17:secondary_start_kernel	64	static
smp.c:296:5:__cpu_disable	32	static
smp.c:351:6:__cpu_die	64	static
smp.c:388:6:cpu_die	32	static
smp.c:420:13:smp_cpus_done	32	static
smp.c:430:13:smp_prepare_boot_cpu	16	static
smp.c:440:13:smp_init_cpus	80	static
smp.c:543:13:smp_prepare_cpus	64	static
smp.c:591:13:set_smp_cross_call	0	static
smp.c:612:6:show_ipi_list	112	static
smp.c:626:5:smp_irq_stat_cpu	0	static
smp.c:637:6:arch_send_call_function_ipi_mask	16	static
smp.c:642:6:arch_send_call_function_single_ipi	16	static
smp.c:648:6:arch_irq_work_raise	16	static
smp.c:681:6:handle_IPI	96	static
smp.c:840:6:smp_send_reschedule	16	static
smp.c:846:6:tick_broadcast	16	static
smp.c:852:6:smp_send_stop	48	static
smp.c:877:5:setup_profiling_timer	0	static
