musb_gadget.c:1108:12:musb_gadget_set_wedge	16	static
musb_gadget.c:1212:12:musb_gadget_get_frame	0	static
musb_gadget.c:1257:12:musb_gadget_set_self_powered	0	static
musb_gadget.c:1280:12:musb_gadget_vbus_draw	16	static
musb_gadget.c:761:21:musb_alloc_request	32	static
musb_gadget.c:781:6:musb_free_request	16	static
musb_gadget.c:1219:12:musb_gadget_wakeup	64	static
musb_gadget.c:1120:12:musb_gadget_fifo_status	32	static
musb_gadget.c:1002:12:musb_gadget_set_halt	64	static
musb_gadget.c:1289:12:musb_gadget_pullup	48	static
musb_gadget.c:1492:12:musb_gadget_start	64	static
musb_gadget.c:1354:13:init_peripheral_ep	80	static
musb_gadget.c:1140:13:musb_gadget_fifo_flush	64	static
musb_gadget.c:525:12:musb_gadget_enable	128	static
musb_gadget.c:115:6:musb_g_giveback	64	static
musb_gadget.c:930:12:musb_gadget_dequeue	64	static
musb_gadget.c:817:12:musb_gadget_queue	96	static
musb_gadget.c:161:13:nuke.constprop	64	static
musb_gadget.c:697:12:musb_gadget_disable	64	static
musb_gadget.c:1584:12:musb_gadget_stop	64	static
musb_gadget.c:316:6:musb_g_tx	64	static
musb_gadget.c:481:6:musb_g_rx	96	static
musb_gadget.c:798:6:musb_ep_restart	0	static
musb_gadget.c:1429:5:musb_gadget_setup	64	static
musb_gadget.c:1474:6:musb_gadget_cleanup	16	static
musb_gadget.c:1627:6:musb_g_resume	32	static
musb_gadget.c:1649:6:musb_g_suspend	32	static
musb_gadget.c:1680:6:musb_g_wakeup	16	static
musb_gadget.c:1686:6:musb_g_disconnect	32	static
musb_gadget.c:1724:6:musb_conifg_ep0	48	static
musb_gadget.c:1750:6:musb_g_reset	32	static
