musb_init.c:897:6:mtu3d_musb_disable	32	static
musb_init.c:540:12:ssusb_clks_disable	32	static
musb_init.c:2157:1:mtu3d_driver_init	16	static
musb_init.c:951:12:mtu3d_musb_exit	16	static
musb_init.c:318:20:generic_interrupt	112	static
musb_init.c:912:12:mtu3d_musb_init	48	static
musb_init.c:1211:22:get_regs_base	48	static
musb_init.c:2157:1:mtu3d_driver_exit	16	static
musb_init.c:891:6:mtu3d_musb_enable	16	static
musb_init.c:945:12:mtu3d_set_power	16	static
musb_init.c:462:13:ssusb_xtal_clock_enable.isra.24	32	static
musb_init.c:501:12:ssusb_clks_enable	32	static
musb_init.c:615:12:ssusb_vusb10_enable	48	static
musb_init.c:650:12:ssusb_regulators_enable.isra.26	48	static
musb_init.c:2034:13:mtu3d_shutdown	32	static
musb_init.c:1353:12:get_one_resource	64	static
musb_init.c:1679:22:get_ref_node_regs_base	32	static
musb_init.c:1369:12:get_vbus_gpio	64	static
musb_init.c:737:13:ssusb_phy_exit	32	static
musb_init.c:1821:12:put_ssusb_rscs	32	static
musb_init.c:2012:12:mtu3d_remove	32	static
musb_init.c:746:12:low_power_enter	48	static
musb_init.c:2051:12:mtu3d_suspend	48	static
musb_init.c:774:12:low_power_exit	48	static
musb_init.c:2084:12:mtu3d_resume	48	static
musb_init.c:812:5:ssusb_power_save	16	static
musb_init.c:822:5:ssusb_power_restore	16	static
musb_init.c:1843:12:mt_get_chip_sw_ver	0	static
musb_init.c:1862:12:mtu3d_probe	112	static
