bq27x00_battery.c:2328:12:fgauge_read_current_sign	0	static
bq27x00_battery.c:1622:12:bq27x00_battery_read_dataflash_version	32	static
bq27x00_battery.c:2472:20:bq27x00_battery_exit	16	static
bq27x00_battery.c:2147:12:bq27x00_battery_remove	32	static
bq27x00_battery.c:1212:13:bq27x00_read_battery_current	32	static
bq27x00_battery.c:2320:13:fgauge_read_current	32	static
bq27x00_battery.c:2390:12:read_hw_ocv	48	static
bq27x00_battery.c:1673:16:show_battid	48	static
bq27x00_battery.c:1579:12:bq27xxx_write_i2c_blk	192	static
bq27x00_battery.c:1557:12:bq27xxx_read_i2c_blk	64	static
bq27x00_battery.c:1532:12:bq27xxx_write_i2c	48	static
bq27x00_battery.c:1503:12:bq27xxx_read_i2c	80	static
bq27x00_battery.c:717:12:read_dm_block	80	static
bq27x00_battery.c:1154:13:bq27520_dfdump_work	64	static
bq27x00_battery.c:1425:20:set_properties_array	48	static
bq27x00_battery.c:1418:13:bq27x00_external_power_changed	32	static
bq27x00_battery.c:2381:12:read_adc_v_charger	32	static
bq27x00_battery.c:2359:12:read_adc_v_i_sense	32	static
bq27x00_battery.c:2351:12:read_adc_v_bat_sense	32	static
bq27x00_battery.c:2458:19:bq27x00_battery_init	32	static
bq27x00_battery.c:746:12:bq27x00_battery_read_soc.part.6	16	static
bq27x00_battery.c:2333:12:fgauge_read_columb	48	static
bq27x00_battery.c:1021:13:copy_to_dm_buf_big_endian.isra.10	16	static
bq27x00_battery.c:2398:12:dump_register_fgadc.part.13	48	static
bq27x00_battery.c:1728:22:bq27x00_strtoul.constprop	0	static
bq27x00_battery.c:1741:12:bq27x00_firmware_program	816	static
bq27x00_battery.c:536:12:control_cmd_read.constprop	32	static
bq27x00_battery.c:2398:12:dump_register_fgadc	48	static
bq27x00_battery.c:684:12:update_dm_block	128	static
bq27x00_battery.c:2367:12:read_adc_v_bat_temp	48	static
bq27x00_battery.c:1656:16:show_device_type	32	static
bq27x00_battery.c:959:13:bq27x00_update	160	static
bq27x00_battery.c:2039:19:bq27x00_battery_probe	128	static
bq27x00_battery.c:1638:16:show_firmware_version	32	static
bq27x00_battery.c:1166:13:bq27x00_battery_poll	160	static
bq27x00_battery.c:1340:12:bq27x00_battery_get_property	64	static
bq27x00_battery.c:2304:13:fgauge_initialization	32	static
bq27x00_battery.c:1647:16:show_dataflash_version	32	static
bq27x00_battery.c:1976:13:bq27x00_dl_fw	96	static
bq27x00_battery.c:1600:6:bq27x00_battery_reset	32	static
bq27x00_battery.c:1665:16:show_reset	32	static
bq27x00_battery.c:2344:12:fgauge_hw_reset	16	static
bq27x00_battery.c:2198:27:bq27x00_battery_i2c_exit	16	static
bq27x00_battery.c:2446:5:bm_ctrl_cmd	16	static
