mt_battery_common.c:423:12:ac_get_property	0	static
mt_battery_common.c:440:12:usb_get_property	0	static
mt_battery_common.c:457:12:battery_get_property	0	static
mt_battery_common.c:2983:12:adc_cali_open	0	static
mt_battery_common.c:2988:12:adc_cali_release	0	static
mt_battery_common.c:3609:20:battery_exit	0	static
mt_battery_common.c:1920:12:mt_battery_average_method	80	static
mt_battery_common.c:3257:12:battery_remove	16	static
mt_battery_common.c:1359:16:store_FG_SW_CoulombCounter	32	static
mt_battery_common.c:1335:16:store_FG_Battery_CurrentConsumption	32	static
mt_battery_common.c:1312:16:store_Charger_TopOff_Value	32	static
mt_battery_common.c:1290:16:store_Power_Off_Voltage	32	static
mt_battery_common.c:1269:16:store_Power_On_Voltage	32	static
mt_battery_common.c:1247:16:store_ADC_Channel_Is_Calibration	32	static
mt_battery_common.c:1224:16:store_ADC_Channel_13_Offset	32	static
mt_battery_common.c:1201:16:store_ADC_Channel_12_Offset	32	static
mt_battery_common.c:1178:16:store_ADC_Channel_11_Offset	32	static
mt_battery_common.c:1155:16:store_ADC_Channel_10_Offset	32	static
mt_battery_common.c:1132:16:store_ADC_Channel_9_Offset	32	static
mt_battery_common.c:1109:16:store_ADC_Channel_8_Offset	32	static
mt_battery_common.c:1086:16:store_ADC_Channel_7_Offset	32	static
mt_battery_common.c:1063:16:store_ADC_Channel_6_Offset	32	static
mt_battery_common.c:1040:16:store_ADC_Channel_5_Offset	32	static
mt_battery_common.c:1017:16:store_ADC_Channel_4_Offset	32	static
mt_battery_common.c:994:16:store_ADC_Channel_3_Offset	32	static
mt_battery_common.c:971:16:store_ADC_Channel_2_Offset	32	static
mt_battery_common.c:948:16:store_ADC_Channel_1_Offset	32	static
mt_battery_common.c:925:16:store_ADC_Channel_0_Offset	32	static
mt_battery_common.c:901:16:store_ADC_Channel_13_Slope	32	static
mt_battery_common.c:878:16:store_ADC_Channel_12_Slope	32	static
mt_battery_common.c:855:16:store_ADC_Channel_11_Slope	32	static
mt_battery_common.c:832:16:store_ADC_Channel_10_Slope	32	static
mt_battery_common.c:810:16:store_ADC_Channel_9_Slope	32	static
mt_battery_common.c:788:16:store_ADC_Channel_8_Slope	32	static
mt_battery_common.c:766:16:store_ADC_Channel_7_Slope	32	static
mt_battery_common.c:744:16:store_ADC_Channel_6_Slope	32	static
mt_battery_common.c:722:16:store_ADC_Channel_5_Slope	32	static
mt_battery_common.c:700:16:store_ADC_Channel_4_Slope	32	static
mt_battery_common.c:678:16:store_ADC_Channel_3_Slope	32	static
mt_battery_common.c:656:16:store_ADC_Channel_2_Slope	32	static
mt_battery_common.c:634:16:store_ADC_Channel_1_Slope	32	static
mt_battery_common.c:612:16:store_ADC_Channel_0_Slope	32	static
mt_battery_common.c:590:16:store_ADC_Charger_Voltage	32	static
mt_battery_common.c:379:13:wake_up_bat_update_meter	16	static
mt_battery_common.c:3297:12:battery_suspend	32	static
mt_battery_common.c:3505:12:mt_batteryNotify_probe	48	static
mt_battery_common.c:3494:12:proc_utilization_open_cur_stop	16	static
mt_battery_common.c:3438:12:proc_utilization_open	16	static
mt_battery_common.c:3449:16:current_cmd_write	96	static
mt_battery_common.c:3399:16:battery_cmd_write	96	static
mt_battery_common.c:3429:12:proc_utilization_show	16	static
mt_battery_common.c:3353:16:store_BN_TestMode	48	static
mt_battery_common.c:3328:16:store_BatteryNotify	48	static
mt_battery_common.c:3347:16:show_BN_TestMode	48	static
mt_battery_common.c:3321:16:show_BatteryNotify	48	static
mt_battery_common.c:1458:16:show_Custom_Charging_Current	48	static
mt_battery_common.c:1394:16:show_Charging_Enable	48	static
mt_battery_common.c:1370:16:show_Charging_CallState	48	static
mt_battery_common.c:1325:16:show_FG_Battery_CurrentConsumption	48	static
mt_battery_common.c:1302:16:show_Charger_TopOff_Value	32	static
mt_battery_common.c:1281:16:show_Power_Off_Voltage	32	static
mt_battery_common.c:1260:16:show_Power_On_Voltage	32	static
mt_battery_common.c:1237:16:show_ADC_Channel_Is_Calibration	48	static
mt_battery_common.c:1214:16:show_ADC_Channel_13_Offset	48	static
mt_battery_common.c:1191:16:show_ADC_Channel_12_Offset	48	static
mt_battery_common.c:1168:16:show_ADC_Channel_11_Offset	48	static
mt_battery_common.c:1145:16:show_ADC_Channel_10_Offset	48	static
mt_battery_common.c:1122:16:show_ADC_Channel_9_Offset	48	static
mt_battery_common.c:1099:16:show_ADC_Channel_8_Offset	48	static
mt_battery_common.c:1076:16:show_ADC_Channel_7_Offset	48	static
mt_battery_common.c:1053:16:show_ADC_Channel_6_Offset	48	static
mt_battery_common.c:1030:16:show_ADC_Channel_5_Offset	48	static
mt_battery_common.c:1007:16:show_ADC_Channel_4_Offset	48	static
mt_battery_common.c:984:16:show_ADC_Channel_3_Offset	48	static
mt_battery_common.c:961:16:show_ADC_Channel_2_Offset	48	static
mt_battery_common.c:938:16:show_ADC_Channel_1_Offset	48	static
mt_battery_common.c:915:16:show_ADC_Channel_0_Offset	48	static
mt_battery_common.c:891:16:show_ADC_Channel_13_Slope	48	static
mt_battery_common.c:868:16:show_ADC_Channel_12_Slope	48	static
mt_battery_common.c:845:16:show_ADC_Channel_11_Slope	48	static
mt_battery_common.c:822:16:show_ADC_Channel_10_Slope	48	static
mt_battery_common.c:800:16:show_ADC_Channel_9_Slope	48	static
mt_battery_common.c:778:16:show_ADC_Channel_8_Slope	48	static
mt_battery_common.c:756:16:show_ADC_Channel_7_Slope	48	static
mt_battery_common.c:734:16:show_ADC_Channel_6_Slope	48	static
mt_battery_common.c:712:16:show_ADC_Channel_5_Slope	48	static
mt_battery_common.c:690:16:show_ADC_Channel_4_Slope	48	static
mt_battery_common.c:668:16:show_ADC_Channel_3_Slope	48	static
mt_battery_common.c:646:16:show_ADC_Channel_2_Slope	48	static
mt_battery_common.c:624:16:show_ADC_Channel_1_Slope	48	static
mt_battery_common.c:602:16:show_ADC_Channel_0_Slope	48	static
mt_battery_common.c:583:16:show_ADC_Charger_Voltage	48	static
mt_battery_common.c:3264:13:battery_shutdown	64	static
mt_battery_common.c:1376:16:store_Charging_CallState	48	static
mt_battery_common.c:1349:16:show_FG_SW_CoulombCounter	48	static
mt_battery_common.c:3031:13:bat_parse_node	48	static
mt_battery_common.c:386:16:bat_log_write	32	static
mt_battery_common.c:3486:12:current_cmd_read	16	static
mt_battery_common.c:3572:19:battery_init	32	static
mt_battery_common.c:1465:16:store_Custom_Charging_Current	48	static
mt_battery_common.c:1400:16:store_Charging_Enable	64	static
mt_battery_common.c:3306:12:battery_resume	48	static
mt_battery_common.c:312:5:read_tbat_value	0	static
mt_battery_common.c:320:29:mt_usb_pd_support	0	static
mt_battery_common.c:321:29:mt_is_power_sink	0	static
mt_battery_common.c:324:6:upmu_is_chr_det	64	static
mt_battery_common.c:370:6:wake_up_bat	16	static
mt_battery_common.c:2603:13:ops_chrdet_int_handler	32	static
mt_battery_common.c:2799:13:adc_cali_ioctl	80	static
mt_battery_common.c:411:5:init_proc_log	16	static
mt_battery_common.c:1801:6:pmic_chrdet_status	32	static
mt_battery_common.c:1813:6:bat_is_charger_exist	32	static
mt_battery_common.c:1819:6:bat_is_charging_full	0	static
mt_battery_common.c:1828:5:bat_get_ui_percentage	0	static
mt_battery_common.c:1838:5:bat_is_recharging_phase	0	static
mt_battery_common.c:1846:15:BAT_Get_Battery_Voltage	16	static
mt_battery_common.c:1953:6:mt_battery_GetBatteryData	160	static
mt_battery_common.c:2326:6:mt_battery_notify_check	48	static
mt_battery_common.c:2416:5:bat_charger_type_detection	48	static
mt_battery_common.c:2426:6:bat_update_charger_type	64	static
mt_battery_common.c:2612:6:BAT_thread	80	static
mt_battery_common.c:2651:5:bat_thread_kthread	192	static
mt_battery_common.c:2733:12:bat_setup_charger_locked.part.9	48	static
mt_battery_common.c:3086:12:battery_probe	112	static
mt_battery_common.c:2716:6:bat_detect_set_usb_host_mode	48	static
mt_battery_common.c:2783:5:bat_charger_register	80	static
mt_battery_common.c:3002:6:check_battery_exist	16	static
