mt_battery_meter.c:2559:16:store_FG_Current	0	static
mt_battery_meter.c:2575:16:store_FG_g_fg_dbg_bat_volt	0	static
mt_battery_meter.c:2591:16:store_FG_g_fg_dbg_bat_hwocv	0	static
mt_battery_meter.c:2607:16:store_FG_g_fg_dbg_bat_current	0	static
mt_battery_meter.c:2623:16:store_FG_g_fg_dbg_bat_zcv	0	static
mt_battery_meter.c:2638:16:store_FG_g_fg_dbg_bat_temp	0	static
mt_battery_meter.c:2653:16:store_FG_g_fg_dbg_bat_r	0	static
mt_battery_meter.c:3157:20:battery_meter_exit	0	static
mt_battery_meter.c:3093:12:battery_meter_resume	16	static
mt_battery_meter.c:2914:13:battery_meter_shutdown	16	static
mt_battery_meter.c:2908:12:battery_meter_remove	16	static
mt_battery_meter.c:2919:12:battery_meter_suspend	32	static
mt_battery_meter.c:2806:16:store_charging_current_limit	48	static
mt_battery_meter.c:2800:16:show_charging_current_limit	48	static
mt_battery_meter.c:2647:16:show_FG_g_fg_dbg_bat_r	48	static
mt_battery_meter.c:2631:16:show_FG_g_fg_dbg_bat_temp	48	static
mt_battery_meter.c:2616:16:show_FG_g_fg_dbg_bat_zcv	48	static
mt_battery_meter.c:2600:16:show_FG_g_fg_dbg_bat_current	48	static
mt_battery_meter.c:2584:16:show_FG_g_fg_dbg_bat_hwocv	48	static
mt_battery_meter.c:2568:16:show_FG_g_fg_dbg_bat_volt	48	static
mt_battery_meter.c:2538:16:show_FG_Current	64	static
mt_battery_meter.c:2208:16:fgadc_log_write	32	static
mt_battery_meter.c:3131:19:battery_meter_init	32	static
mt_battery_meter.c:233:5:set_rtc_spare_fg_value	0	static
mt_battery_meter.c:240:5:get_rtc_spare_fg_value	0	static
mt_battery_meter.c:247:6:mt_usb_is_device	0	static
mt_battery_meter.c:254:5:get_r_fg_value	0	static
mt_battery_meter.c:259:5:BattThermistorConverTemp	0	static
mt_battery_meter.c:294:5:fgauge_get_Q_max	32	static
mt_battery_meter.c:355:5:battery_meter_get_battery_voltage_OCV	32	static
mt_battery_meter.c:366:5:fgauge_get_Q_max_high_current	32	static
mt_battery_meter.c:426:5:BattVoltToTemp	16	static
mt_battery_meter.c:456:5:force_get_tbat	80	static
mt_battery_meter.c:557:5:fgauge_get_saddles	0	static
mt_battery_meter.c:565:5:fgauge_get_saddles_r_table	0	static
mt_battery_meter.c:573:32:fgauge_get_profile	0	static
mt_battery_meter.c:591:26:fgauge_get_profile_r_table	0	static
mt_battery_meter.c:609:5:fgauge_read_capacity_by_v	32	static
mt_battery_meter.c:649:5:fgauge_read_v_by_capacity	32	static
mt_battery_meter.c:688:5:fgauge_read_d_by_v	32	static
mt_battery_meter.c:727:5:fgauge_read_v_by_d	32	static
mt_battery_meter.c:766:5:fgauge_read_r_bat_by_v	32	static
mt_battery_meter.c:804:6:fgauge_construct_battery_profile	80	static
mt_battery_meter.c:897:6:fgauge_construct_r_table_profile	80	static
mt_battery_meter.c:1068:6:update_qmax_by_cycle	0	static
mt_battery_meter.c:1090:6:update_qmax_by_aging_factor	0	static
mt_battery_meter.c:1108:6:update_qmax_by_temp	48	static
mt_battery_meter.c:1124:6:dod_init	48	static
mt_battery_meter.c:1220:6:update_fg_dbg_tool_value	32	static
mt_battery_meter.c:1445:6:fg_voltage_mode	16	static
mt_battery_meter.c:1598:6:fgauge_initialization	64	static
mt_battery_meter.c:1649:5:get_dynamic_period	32	static
mt_battery_meter.c:1763:5:battery_meter_get_battery_voltage	48	static
mt_battery_meter.c:1468:6:fgauge_algo_run	96	static
mt_battery_meter.c:1544:6:fgauge_algo_run_init	80	static
mt_battery_meter.c:1788:5:battery_meter_get_battery_voltage_cached	0	static
mt_battery_meter.c:1793:5:battery_meter_get_average_battery_voltage	0	static
mt_battery_meter.c:1798:5:battery_meter_get_charging_current	0	static
mt_battery_meter.c:1898:5:battery_meter_get_battery_current	32	static
mt_battery_meter.c:1911:6:battery_meter_get_battery_current_sign	32	static
mt_battery_meter.c:1924:5:battery_meter_get_car	32	static
mt_battery_meter.c:1937:5:battery_meter_get_battery_temperature	32	static
mt_battery_meter.c:1959:5:battery_meter_get_charger_voltage	32	static
mt_battery_meter.c:1974:6:battery_meter_ocv2cv_trans_support	0	static
mt_battery_meter.c:1982:5:battery_meter_get_battery_soc	0	static
mt_battery_meter.c:2029:5:battery_meter_get_battery_percentage	16	static
mt_battery_meter.c:2055:5:battery_meter_initial	16	static
mt_battery_meter.c:2072:5:battery_meter_reset	0	static
mt_battery_meter.c:2104:5:battery_meter_sync	0	static
mt_battery_meter.c:2114:5:battery_meter_get_battery_zcv	0	static
mt_battery_meter.c:2123:5:battery_meter_get_battery_nPercent_zcv	0	static
mt_battery_meter.c:2132:5:battery_meter_get_battery_nPercent_UI_SOC	0	static
mt_battery_meter.c:2141:5:battery_meter_get_tempR	0	static
mt_battery_meter.c:2159:5:battery_meter_get_batteryR	48	static
mt_battery_meter.c:2173:5:battery_meter_get_tempV	32	static
mt_battery_meter.c:2190:5:battery_meter_get_VSense	32	static
mt_battery_meter.c:2234:5:init_proc_log_fg	16	static
mt_battery_meter.c:2835:12:battery_meter_probe	112	static
