mt_switch_charging.c:282:12:select_jeita_cv	0	static
mt_switch_charging.c:73:6:BATTERY_SetUSBState	32	static
mt_switch_charging.c:90:6:bat_charger_update_usb_state	32	static
mt_switch_charging.c:97:5:get_charging_setting_current	0	static
mt_switch_charging.c:302:5:do_jeita_state_machine	48	static
mt_switch_charging.c:417:6:select_charging_curret_bcct	0	static
mt_switch_charging.c:467:5:set_bat_charging_current_limit	0	static
mt_switch_charging.c:482:28:mt_usb_pd_get_current	0	static
mt_switch_charging.c:484:6:select_charging_curret	48	static
mt_switch_charging.c:607:13:pchr_turn_on_charging	64	static
mt_switch_charging.c:672:5:BAT_PreChargeModeAction	32	static
mt_switch_charging.c:703:5:BAT_ConstantCurrentModeAction	48	static
mt_switch_charging.c:739:5:BAT_BatteryFullAction	48	static
mt_switch_charging.c:777:5:BAT_BatteryHoldAction	48	static
mt_switch_charging.c:792:5:BAT_BatteryCmdHoldAction	48	static
mt_switch_charging.c:811:5:BAT_BatteryStatusFailAction	32	static
mt_switch_charging.c:839:6:mt_battery_charging_algorithm	32	static
