seq_clientmgr.c:2200:12:snd_seq_do_ioctl	16	static
seq_clientmgr.c:569:12:update_timestamp_of_queue	48	static
seq_clientmgr.c:220:31:seq_create_client1	48	static
seq_clientmgr.c:267:12:seq_free_client1	48	static
seq_clientmgr.c:290:13:seq_free_client	32	static
seq_clientmgr.c:1702:12:snd_seq_ioctl_get_queue_tempo	80	static
seq_clientmgr.c:1668:12:snd_seq_ioctl_get_queue_status	144	static
seq_clientmgr.c:1757:12:snd_seq_ioctl_get_queue_timer	144	static
seq_clientmgr.c:1836:12:snd_seq_ioctl_get_queue_client	112	static
seq_clientmgr.c:1645:12:snd_seq_ioctl_get_named_queue	176	static
seq_clientmgr.c:1582:12:snd_seq_ioctl_get_queue_info	176	static
seq_clientmgr.c:1535:12:snd_seq_ioctl_create_queue	192	static
seq_clientmgr.c:1258:12:snd_seq_ioctl_create_port	224	static
seq_clientmgr.c:1132:12:snd_seq_ioctl_system_info	80	static
seq_clientmgr.c:2463:13:snd_seq_info_dump_subscribers	112	static
seq_clientmgr.c:376:12:snd_seq_release	32	static
seq_compat.c:45:12:snd_seq_call_port_info_ioctl	80	static
seq_compat.c:90:13:snd_seq_ioctl_compat	16	static
seq_clientmgr.c:1099:21:snd_seq_poll	48	static
seq_clientmgr.c:398:16:snd_seq_read	144	static
seq_clientmgr.c:2226:13:snd_seq_ioctl	16	static
seq_clientmgr.c:1958:12:snd_seq_ioctl_remove_events.part.3	96	static
seq_clientmgr.c:1958:12:snd_seq_ioctl_remove_events	80	static
seq_clientmgr.c:1858:12:snd_seq_ioctl_set_queue_client.part.4	112	static
seq_clientmgr.c:1858:12:snd_seq_ioctl_set_queue_client	96	static
seq_clientmgr.c:1794:12:snd_seq_ioctl_set_queue_timer.part.5	144	static
seq_clientmgr.c:1794:12:snd_seq_ioctl_set_queue_timer	112	static
seq_clientmgr.c:1609:12:snd_seq_ioctl_set_queue_info.part.6	176	static
seq_clientmgr.c:1609:12:snd_seq_ioctl_set_queue_info	160	static
seq_clientmgr.c:1228:12:snd_seq_ioctl_set_client_info.part.7	224	static
seq_clientmgr.c:1228:12:snd_seq_ioctl_set_client_info	208	static
seq_clientmgr.c:1570:12:snd_seq_ioctl_delete_queue.part.8	176	static
seq_clientmgr.c:1570:12:snd_seq_ioctl_delete_queue	160	static
seq_clientmgr.c:1370:12:snd_seq_ioctl_set_port_info.part.9	208	static
seq_clientmgr.c:1370:12:snd_seq_ioctl_set_port_info	192	static
seq_clientmgr.c:1313:12:snd_seq_ioctl_delete_port.part.10	208	static
seq_clientmgr.c:1313:12:snd_seq_ioctl_delete_port	192	static
seq_clientmgr.c:318:12:snd_seq_open	64	static
seq_clientmgr.c:1742:12:snd_seq_ioctl_set_queue_tempo	80	static
seq_clientmgr.c:2098:12:snd_seq_ioctl_query_next_client	240	static
seq_clientmgr.c:598:12:snd_seq_deliver_single_event.constprop	112	static
seq_clientmgr.c:806:12:snd_seq_deliver_event	128	static
seq_clientmgr.c:919:12:snd_seq_client_enqueue_event	80	static
seq_clientmgr.c:1010:16:snd_seq_write	128	static
seq_clientmgr.c:2319:12:kernel_client_enqueue	80	static
seq_clientmgr.c:1152:12:snd_seq_ioctl_running_mode	48	static
seq_clientmgr.c:1988:12:snd_seq_ioctl_get_subscription	128	static
seq_clientmgr.c:1878:12:snd_seq_ioctl_get_client_pool	144	static
seq_clientmgr.c:1912:12:snd_seq_ioctl_set_client_pool.part.14	128	static
seq_clientmgr.c:1912:12:snd_seq_ioctl_set_client_pool	112	static
seq_clientmgr.c:1337:12:snd_seq_ioctl_get_port_info	224	static
seq_clientmgr.c:2130:12:snd_seq_ioctl_query_next_port	224	static
seq_clientmgr.c:134:24:snd_seq_client_use_ptr	32	static
seq_clientmgr.c:2028:12:snd_seq_ioctl_query_subs	160	static
seq_clientmgr.c:1204:12:snd_seq_ioctl_get_client_info	224	static
seq_clientmgr.c:211:12:client_init_data	32	static
seq_clientmgr.c:847:5:snd_seq_dispatch_event	96	static
seq_clientmgr.c:1430:5:snd_seq_client_notify_subscription	48	static
seq_clientmgr.c:1493:12:snd_seq_ioctl_unsubscribe_port.part.16	144	static
seq_clientmgr.c:1493:12:snd_seq_ioctl_unsubscribe_port	96	static
seq_clientmgr.c:1448:12:snd_seq_ioctl_subscribe_port.part.17	144	static
seq_clientmgr.c:1448:12:snd_seq_ioctl_subscribe_port	96	static
seq_clientmgr.c:1733:5:snd_seq_set_queue_tempo	48	static
seq_clientmgr.c:2246:5:snd_seq_create_kernel_client	176	static
seq_clientmgr.c:2298:5:snd_seq_delete_kernel_client	32	static
seq_clientmgr.c:2358:5:snd_seq_kernel_client_enqueue	16	static
seq_clientmgr.c:2371:5:snd_seq_kernel_client_enqueue_blocking	16	static
seq_clientmgr.c:2387:5:snd_seq_kernel_client_dispatch	64	static
seq_clientmgr.c:2422:5:snd_seq_kernel_client_ctl	32	static
seq_clientmgr.c:2440:5:snd_seq_kernel_client_write_poll	16	static
seq_clientmgr.c:2523:6:snd_seq_info_clients_read	112	static
seq_clientmgr.c:2586:12:snd_sequencer_device_init	32	static
seq_clientmgr.c:2609:13:snd_sequencer_device_done	16	static
