core.c:1146:13:update_event_times	0	static
core.c:1281:13:perf_event__header_size	0	static
core.c:1423:13:perf_group_detach	32	static
core.c:2157:13:__perf_event_mark_enabled	0	static
core.c:4330:13:perf_mmap_open	0	static
core.c:6106:13:perf_swevent_read	0	static
core.c:6132:13:perf_swevent_del	0	static
core.c:6137:13:perf_swevent_start	0	static
core.c:6142:13:perf_swevent_stop	0	static
core.c:6718:13:perf_pmu_nop_void	0	static
core.c:6722:12:perf_pmu_nop_int	0	static
core.c:6743:12:perf_event_idx_default	0	static
core.c:252:13:perf_duration_warn	48	static
core.c:5245:1:perf_event_aux_ctx	80	static
core.c:4305:28:ring_buffer_get	32	static
core.c:1506:19:perf_workqueue_init	32	static
core.c:6679:13:task_clock_event_read	32	static
core.c:3200:13:__perf_event_read	48	static
core.c:3840:13:perf_event_for_each_child	48	static
core.c:3804:21:perf_poll	64	static
core.c:112:12:cpu_function_call	48	static
core.c:4822:13:__perf_event__output_id_sample	48	static
core.c:850:13:perf_cpu_hrtimer_restart	16	static
core.c:1112:13:perf_unpin_context	32	static
core.c:4297:13:rb_free_rcu	16	static
core.c:6869:13:pmu_dev_release	16	static
core.c:3411:13:free_event_rcu	32	static
core.c:5261:1:perf_event_aux	96	static
core.c:5357:13:perf_event_task	96	static
core.c:1047:1:perf_lock_task_context	80	static
core.c:4784:13:__perf_event_header__init_id	48	static
core.c:5740:13:perf_log_throttle	272	static
core.c:5323:13:perf_event_task_output	256	static
core.c:4924:13:perf_output_read	144	static
core.c:5214:1:perf_event_read_event	240	static
core.c:5417:13:perf_event_comm_output	272	static
core.c:5530:13:perf_event_mmap_output	272	static
core.c:4673:13:perf_sample_regs_user	32	static
core.c:8346:13:perf_event_init_cpu	48	static
core.c:6874:12:pmu_dev_alloc	32	static
core.c:6822:1:perf_event_mux_interval_ms_store	112	static
core.c:6812:1:perf_event_mux_interval_ms_show	16	static
core.c:6803:1:type_show	16	static
core.c:8384:13:perf_event_exit_cpu_context	128	static
core.c:8410:1:perf_reboot	48	static
core.c:4559:12:perf_fasync	64	static
core.c:4203:12:perf_mmap_fault	64	static
core.c:6382:12:perf_tp_event_init	32	static
core.c:6377:13:tp_perf_event_destroy	16	static
core.c:8481:19:perf_event_sysfs_init	64	static
core.c:1313:13:perf_event__id_header_size.isra.37	0	static
core.c:2842:12:perf_calculate_period.isra.44	0	static
core.c:899:13:get_ctx	16	static
core.c:1495:13:schedule_orphans_remove.part.56	32	static
core.c:888:13:perf_pmu_rotate_start.isra.57	48	static
core.c:1998:13:add_event_to_ctx	48	static
core.c:904:13:put_ctx	32	static
core.c:956:35:perf_event_ctx_lock	48	static
core.c:60:13:remote_function	48	static
core.c:4320:13:ring_buffer_put	32	static
core.c:4238:13:ring_buffer_attach	64	static
core.c:7374:1:perf_event_set_output	64	static
core.c:6688:12:task_clock_event_init	32	static
core.c:6660:13:task_clock_event_stop	32	static
core.c:6248:12:perf_swevent_init	112	static
core.c:6586:13:cpu_clock_event_stop	32	static
core.c:6610:12:cpu_clock_event_init	32	static
core.c:3277:1:alloc_perf_context	48	static
core.c:3329:1:find_get_context	112	static
core.c:7088:13:account_event.part.54	32	static
core.c:3439:13:unaccount_event	48	static
core.c:8430:1:perf_cpu_notify	48	static
core.c:6592:12:cpu_clock_event_add	32	static
core.c:6605:13:cpu_clock_event_read	32	static
core.c:6600:13:cpu_clock_event_del	32	static
core.c:6238:13:sw_perf_event_destroy	80	static
core.c:6666:12:task_clock_event_add	16	static
core.c:6654:13:task_clock_event_start	16	static
core.c:6674:13:task_clock_event_del	32	static
core.c:6580:13:cpu_clock_event_start	32	static
core.c:3509:13:free_event	32	static
core.c:2101:1:perf_install_in_context	112	static
core.c:2258:13:_perf_event_enable	112	static
core.c:1185:13:update_group_times	32	static
core.c:1373:1:list_del_event	32	static
core.c:1636:13:perf_remove_from_context	144	static
core.c:3574:13:put_event	48	static
core.c:3611:12:perf_release	16	static
core.c:4346:13:perf_mmap_close	112	static
core.c:3620:13:orphans_remove_work	80	static
core.c:8001:13:perf_free_event	64	static
core.c:1741:13:_perf_event_disable	112	static
core.c:6738:13:perf_pmu_cancel_txn	32	static
core.c:6727:13:perf_pmu_start_txn	32	static
core.c:6732:12:perf_pmu_commit_txn	32	static
core.c:3232:12:perf_event_read	64	static
core.c:200:6:update_perf_cpu_limits	0	static
core.c:211:5:perf_proc_update_handler	32	static
core.c:229:5:perf_cpu_time_max_percent_handler	32	static
core.c:270:6:perf_sample_event_took	64	static
core.c:324:13:perf_event_print_debug	0	static
core.c:326:27:perf_pmu_name	0	static
core.c:741:1:perf_cgroup_switch	0	static
core.c:799:6:perf_cpu_hrtimer_cancel	80	static
core.c:867:6:perf_pmu_disable	32	static
core.c:874:6:perf_pmu_enable	32	static
core.c:1523:1:event_sched_out.isra.81	64	static
core.c:1571:1:group_sched_out	80	static
core.c:1690:5:__perf_event_disable	48	static
core.c:1601:12:__perf_remove_from_context	64	static
core.c:8371:13:__perf_event_exit_context	80	static
core.c:2358:13:ctx_sched_out	64	static
core.c:2595:13:task_ctx_sched_out	32	static
core.c:3874:12:__perf_event_period	48	static
core.c:3971:13:_perf_ioctl	144	static
core.c:4035:13:perf_ioctl	48	static
core.c:4049:13:perf_compat_ioctl	48	static
core.c:1837:1:event_sched_in.isra.85	64	static
core.c:1899:1:group_sched_in	112	static
core.c:2678:1:ctx_sched_in.isra.86	80	static
core.c:2017:13:perf_event_sched_in.isra.89	32	static
core.c:2173:12:__perf_event_enable	80	static
core.c:2714:13:perf_event_context_sched_in.isra.90	48	static
core.c:775:29:perf_cpu_hrtimer_handler	64	static
core.c:2034:13:__perf_install_in_context	80	static
core.c:2952:13:perf_adjust_freq_unthr_context.part.92	80	static
core.c:1787:6:perf_event_disable	32	static
core.c:2318:6:perf_event_enable	32	static
core.c:2345:5:perf_event_refresh	48	static
core.c:2816:6:__perf_event_task_sched_in	112	static
core.c:3091:6:perf_event_task_tick	48	static
core.c:3181:6:perf_event_exec	80	static
core.c:3604:5:perf_event_release_kernel	16	static
core.c:3653:5:perf_event_read_value	64	static
core.c:3727:12:perf_event_read_one	96	static
core.c:3791:1:perf_read	176	static
core.c:4068:5:perf_event_task_enable	80	static
core.c:4084:5:perf_event_task_disable	80	static
core.c:4144:13:arch_perf_update_userpage	0	static
core.c:4153:6:perf_event_update_userpage	80	static
core.c:2578:6:__perf_event_task_sched_out	112	static
core.c:4433:12:perf_mmap	80	static
core.c:3827:13:_perf_event_reset	32	static
core.c:4601:6:perf_event_wakeup	64	static
core.c:4611:13:perf_pending_event	64	static
core.c:4644:5:perf_register_guest_info_callbacks	0	static
core.c:4651:5:perf_unregister_guest_info_callbacks	0	static
core.c:4814:6:perf_event_header__init_id	16	static
core.c:4846:6:perf_event__output_id_sample	16	static
core.c:4948:6:perf_output_sample	128	static
core.c:5085:6:perf_prepare_sample	80	static
core.c:5781:12:__perf_event_overflow	144	static
core.c:6477:29:perf_swevent_hrtimer	208	static
core.c:5390:6:perf_event_fork	80	static
core.c:5469:6:perf_event_comm	96	static
core.c:5702:6:perf_event_mmap	208	static
core.c:5849:5:perf_event_overflow	16	static
core.c:5878:5:perf_swevent_set_period	0	static
core.c:5901:13:perf_swevent_overflow	48	static
core.c:5927:13:perf_swevent_event	16	static
core.c:6110:12:perf_swevent_add	64	static
core.c:6064:5:perf_swevent_get_recursion_context	32	static
core.c:6072:13:perf_swevent_put_recursion_context	32	static
core.c:6079:6:___perf_sw_event	208	static
core.c:6090:6:__perf_sw_event	96	static
core.c:6328:6:perf_tp_event	240	static
core.c:6461:6:perf_bp_event	160	static
core.c:6906:5:perf_pmu_register	96	static
core.c:7008:6:perf_pmu_unregister	64	static
core.c:7030:13:perf_init_event	80	static
core.c:7117:1:perf_event_alloc	96	static
core.c:8067:1:inherit_event.isra.94	64	static
core.c:8152:12:inherit_group.isra.95	64	static
core.c:7438:1:SyS_perf_event_open	224	static
core.c:7748:1:perf_event_create_kernel_counter	48	static
core.c:7794:6:perf_pmu_migrate_context	128	static
core.c:7977:6:perf_event_exit_task	112	static
core.c:8024:6:perf_event_free_task	80	static
core.c:8055:6:perf_event_delayed_put	32	static
core.c:8315:5:perf_event_init_task	144	static
core.c:8452:13:perf_event_init	96	static
