hwmsen_dev.c:835:16:hwmsen_store_active	0	static
hwmsen_dev.c:863:16:hwmsen_show_delay	0	static
hwmsen_dev.c:881:16:hwmsen_store_delay	0	static
hwmsen_dev.c:904:16:hwmsen_show_wake	0	static
hwmsen_dev.c:920:16:hwmsen_store_wake	0	static
hwmsen_dev.c:814:16:hwmsen_show_hwmdev	16	static
hwmsen_dev.c:1265:13:hwmsen_compat_ioctl	16	static
hwmsen_dev.c:1082:13:update_workqueue_polling_rate	80	static
hwmsen_dev.c:712:12:hwmsen_enable_nodata	96	static
hwmsen_dev.c:483:22:hwmsen_poll	16	static
hwmsen_dev.c:1073:12:hwmsen_release	32	static
hwmsen_dev.c:958:16:hwmsen_store_trace	64	static
hwmsen_dev.c:946:16:hwmsen_show_trace	48	static
hwmsen_dev.c:976:16:hwmsen_show_sensordevnum	64	static
hwmsen_dev.c:1063:12:hwmsen_open	32	static
hwmsen_dev.c:1668:19:hwmsen_init	80	static
hwmsen_dev.c:590:12:hwmsen_enable	80	static
hwmsen_dev.c:1154:13:hwmsen_unlocked_ioctl	64	static
hwmsen_dev.c:256:13:hwmsen_work_func	176	static
hwmsen_dev.c:169:5:hwmsen_aal_enable	64	static
hwmsen_dev.c:212:5:hwmsen_aal_get_data	96	static
hwmsen_dev.c:246:5:hwmsen_aal_get_status	0	static
hwmsen_dev.c:429:5:hwmsen_get_interrupt_data	80	static
hwmsen_dev.c:527:5:hwmsen_attach	64	static
hwmsen_dev.c:566:5:hwmsen_detach	48	static
hwmsen_dev.c:1702:20:hwmsen_exit	64	static
