mtk_disp_mgr.c:115:12:mtk_disp_mgr_open	0	static
mtk_disp_mgr.c:120:16:mtk_disp_mgr_read	0	static
mtk_disp_mgr.c:125:12:mtk_disp_mgr_release	0	static
mtk_disp_mgr.c:130:12:mtk_disp_mgr_flush	0	static
mtk_disp_mgr.c:2326:12:mtk_disp_mgr_remove	0	static
mtk_disp_mgr.c:2331:13:mtk_disp_mgr_shutdown	0	static
mtk_disp_mgr.c:2336:12:mtk_disp_mgr_suspend	0	static
mtk_disp_mgr.c:2341:12:mtk_disp_mgr_resume	0	static
mtk_disp_mgr.c:2358:13:mtk_disp_mgr_device_release	0	static
mtk_disp_mgr.c:2391:20:mtk_disp_mgr_exit	32	static
mtk_disp_mgr.c:2289:12:mtk_disp_mgr_probe	48	static
mtk_disp_mgr.c:2203:13:mtk_disp_mgr_compat_ioctl	48	static
mtk_disp_mgr.c:2376:19:mtk_disp_mgr_init	32	static
mtk_disp_mgr.c:995:12:_sync_convert_fb_layer_to_disp_input.isra.0.part.1	32	static
mtk_disp_mgr.c:1505:12:_sync_convert_fb_layer_to_disp_output.isra.3	32	static
mtk_disp_mgr.c:135:12:mtk_disp_mgr_mmap	16	static
mtk_disp_mgr.c:1344:12:set_primary_buffer	768	static
mtk_disp_mgr.c:179:5:_session_inited	0	static
mtk_disp_mgr.c:279:6:release_session_buffer	80	static
mtk_disp_mgr.c:1969:12:disp_switch_mode_kthread	128	static
mtk_disp_mgr.c:332:5:disp_destroy_session	48	static
mtk_disp_mgr.c:203:5:disp_create_session	64	static
mtk_disp_mgr.c:384:5:_ioctl_create_session	48	static
mtk_disp_mgr.c:416:5:_ioctl_destroy_session	48	static
mtk_disp_mgr.c:468:7:disp_session_mode_spy	0	static
mtk_disp_mgr.c:488:5:_ioctl_trigger_session	80	static
mtk_disp_mgr.c:622:5:_ioctl_prepare_present_fence	128	static
mtk_disp_mgr.c:703:5:_ioctl_prepare_buffer	112	static
mtk_disp_mgr.c:796:13:_disp_format_spy	0	static
mtk_disp_mgr.c:1234:12:set_external_buffer	848	static
mtk_disp_mgr.c:1155:12:set_memory_buffer	864	static
mtk_disp_mgr.c:1449:5:_ioctl_set_input_buffer	1360	static
mtk_disp_mgr.c:1634:5:_ioctl_set_output_buffer	496	static
mtk_disp_mgr.c:1780:5:_ioctl_get_info	112	static
mtk_disp_mgr.c:1819:5:_ioctl_wait_vsync	64	static
mtk_disp_mgr.c:1854:5:_ioctl_set_vsync	32	static
mtk_disp_mgr.c:1871:5:_ioctl_set_session_mode	64	static
mtk_disp_mgr.c:2084:6:mtk_disp_mgr_ioctl	32	static
mtk_disp_mgr.c:2008:13:_session_ioctl_spy	0	static
mtk_disp_mgr.c:2185:13:_session_compat_ioctl_spy	0	static
