mtkfb.c:1147:12:mtkfb_soft_cursor	0	static
mtkfb.c:3063:5:mtkfb_pm_restore_noirq	0	static
mtkfb.c:2990:12:mtkfb_resume	16	static
mtkfb.c:237:12:mtkfb_release	16	static
mtkfb.c:225:12:mtkfb_open	16	static
mtkfb.c:894:12:mtkfb_check_var	64	static
mtkfb.c:2848:12:mtkfb_suspend	16	static
mtkfb.c:2526:16:fb_get_panel_info	16	static
mtkfb.c:3191:12:mtkfb_init	32	static
mtkfb.c:2136:13:mtkfb_free_resources	64	static
mtkfb.c:2833:12:mtkfb_remove	16	static
mtkfb.c:733:12:mtkfb_pan_display_impl	192	static
mtkfb.c:2253:14:mtkfb_fm_auto_test	208	static
mtkfb.c:1889:12:mtkfb_pan_display_proxy	16	static
mtkfb.c:2538:16:fb_set_dispparam	64	static
mtkfb.c:3219:20:mtkfb_cleanup	16	static
mtkfb.c:443:12:_convert_fb_layer_to_disp_input	64	static
mtkfb.c:1029:12:mtkfb_set_par	368	static
mtkfb.c:1989:12:mtkfb_fbinfo_init	208	static
mtkfb.c:1209:12:mtkfb_ioctl	496	static
mtkfb.c:2865:5:mtkfb_ipoh_restore	32	static
mtkfb.c:3052:5:mtkfb_pm_resume	16	static
mtkfb.c:253:12:mtkfb_setcolreg	32	static
mtkfb.c:3041:5:mtkfb_pm_suspend	16	static
mtkfb.c:2884:13:mtkfb_shutdown	32	static
mtkfb.c:1901:12:mtkfb_blank	32	static
mtkfb.c:1654:12:mtkfb_compat_ioctl	592	static
mtkfb.c:131:6:mtkfb_log_enable	16	static
mtkfb.c:214:6:mtkfb_set_lcm_inited	0	static
mtkfb.c:341:5:mtkfb_set_backlight_level	48	static
mtkfb.c:351:5:mtkfb_set_backlight_mode	48	static
mtkfb.c:381:5:mtkfb_set_backlight_pwm	48	static
mtkfb.c:408:5:mtkfb_get_backlight_pwm	0	static
mtkfb.c:415:6:mtkfb_waitVsync	32	static
mtkfb.c:1201:6:mtkfb_dump_layer_info	0	static
mtkfb.c:2171:6:disp_get_fb_address	0	static
mtkfb.c:2182:6:disp_clear_current_fb_buffer	16	static
mtkfb.c:2211:7:mtkfb_find_lcm_driver	64	static
mtkfb.c:2403:5:_parse_tag_videolfb	32	static
mtkfb.c:2577:12:mtkfb_probe	96	static
mtkfb.c:2476:13:mtkfb_get_fb_base	16	static
mtkfb.c:2483:8:mtkfb_get_fb_size	16	static
mtkfb.c:2516:6:boot_up_with_facotry_mode	0	static
mtkfb.c:2859:6:mtkfb_is_suspend	16	static
mtkfb.c:2876:5:mtkfb_ipo_init	16	static
mtkfb.c:2905:6:mtkfb_clear_lcm	0	static
mtkfb.c:3130:5:mtkfb_get_debug_state	96	static
