mtkfb_fence.c:83:32:_get_session_sync_info	144	static
mtkfb_fence.c:303:27:mtkfb_ion_import_handle	112	static
mtkfb_fence.c:375:13:mtkfb_ion_cache_flush.part.0	144	static
mtkfb_fence.c:49:6:mtkfb_fence_log_enable	0	static
mtkfb_fence.c:224:25:disp_get_session_sync_info_for_debug	16	static
mtkfb_fence.c:229:17:_get_sync_info	48	static
mtkfb_fence.c:390:14:mtkfb_query_buf_mva	96	static
mtkfb_fence.c:443:14:mtkfb_query_buf_va	64	static
mtkfb_fence.c:479:14:mtkfb_query_release_idx	64	static
mtkfb_fence.c:530:14:mtkfb_update_buf_ticket	80	static
mtkfb_fence.c:567:14:mtkfb_query_idx_by_ticket	64	static
mtkfb_fence.c:596:6:mtkfb_update_buf_info	80	static
mtkfb_fence.c:688:5:disp_sync_init	48	static
mtkfb_fence.c:718:30:mtkfb_init_buf_info	0	static
mtkfb_fence.c:761:6:mtkfb_release_fence	176	static
mtkfb_fence.c:863:6:mtkfb_release_layer_fence	48	static
mtkfb_fence.c:886:5:disp_sync_get_ovl_timeline_id	0	static
mtkfb_fence.c:891:5:disp_sync_get_output_timeline_id	0	static
mtkfb_fence.c:896:5:disp_sync_get_output_interface_timeline_id	0	static
mtkfb_fence.c:901:5:disp_sync_get_present_timeline_id	0	static
mtkfb_fence.c:907:5:disp_sync_get_cached_layer_info	64	static
mtkfb_fence.c:940:5:disp_sync_put_cached_layer_info	176	static
mtkfb_fence.c:986:5:disp_sync_convert_input_to_fence_layer_info	0	static
mtkfb_fence.c:1011:30:disp_sync_prepare_buf	192	static
mtkfb_fence.c:1111:5:disp_sync_find_fence_idx_by_addr	112	static
mtkfb_fence.c:1174:14:disp_sync_query_buf_info	96	static
mtkfb_fence.c:1230:5:disp_sync_get_debug_info	96	static
