primary_display.c:2253:14:cmdqDdpClockOn	0	static
primary_display.c:2259:14:cmdqDdpClockOff	0	static
primary_display.c:2277:14:cmdqDdpResetEng	0	static
primary_display.c:1453:13:_cmdq_flush_config_handle_mira	32	static
primary_display.c:1504:12:_convert_disp_input_to_ovl	48	static
primary_display.c:1971:20:_esd_check_ext_te_irq_handler	32	static
primary_display.c:2722:13:_Interface_fence_release_callback	32	static
primary_display.c:1129:12:config_display_m4u_port	64	static
primary_display.c:183:38:_get_context.part.0	32	static
primary_display.c:1429:13:_cmdq_reset_config_handle	32	static
primary_display.c:213:13:_primary_path_lock	48	static
primary_display.c:1435:13:_cmdq_flush_config_handle	48	static
primary_display.c:931:29:_DISP_CmdModeTimer_handler	32	static
primary_display.c:3598:13:_wdma_fence_release_callback	48	static
primary_display.c:711:25:_get_dst_module_by_lcm	16	static
primary_display.c:1487:12:_convert_disp_input_to_rdma	48	static
primary_display.c:220:13:_primary_path_unlock.isra.3	32	static
primary_display.c:2597:12:_present_fence_release_worker_thread	112	static
primary_display.c:2416:13:disp_set_sodi	16	static
primary_display.c:2304:13:_WDMA0_INTERNAL_IRQ_Handler	16	static
primary_display.c:2317:13:_MUTEX_INTERNAL_IRQ_Handler	32	static
primary_display.c:2265:14:cmdqDdpDumpInfo.part.32	16	static
primary_display.c:1418:13:_cmdq_set_config_handle_dirty_mira	32	static
primary_display.c:1407:13:_cmdq_set_config_handle_dirty	32	static
primary_display.c:1465:13:_cmdq_insert_wait_frame_done_token	32	static
primary_display.c:2687:13:primary_display_frame_update_irq_callback	32	static
primary_display.c:1394:13:_cmdq_stop_trigger_loop	32	static
primary_display.c:384:12:_disp_primary_low_power_change_ddp_clock.part.11	48	static
primary_display.c:2284:13:_RDMA0_INTERNAL_IRQ_Handler	48	static
primary_display.c:535:6:disp_update_trigger_time	16	static
primary_display.c:749:5:_should_wait_path_idle	32	static
primary_display.c:768:5:_should_update_lcm	32	static
primary_display.c:787:5:_should_start_path	32	static
primary_display.c:806:5:_should_trigger_path	32	static
primary_display.c:829:5:_should_set_cmdq_dirty	32	static
primary_display.c:848:5:_should_flush_cmdq_config_handle	32	static
primary_display.c:867:5:_should_reset_cmdq_config_handle	32	static
primary_display.c:884:5:_should_insert_wait_frame_done_token	32	static
primary_display.c:903:5:_should_trigger_interface	32	static
primary_display.c:912:5:_should_config_ovl_input	32	static
primary_display.c:944:5:_init_vsync_fake_monitor	32	static
primary_display.c:1026:21:primary_display_secure_memory_session_handle	48	static
primary_display.c:1476:6:_cmdq_insert_wait_frame_done_token_mira	32	static
primary_display.c:303:5:_disp_primary_path_set_vfp	80	static
primary_display.c:344:5:_disp_primary_path_change_dst_clk	64	static
primary_display.c:2733:12:decouple_fence_release_kthread	160	static
primary_display.c:1610:5:_trigger_overlay_engine	32	static
primary_display.c:1639:14:_need_do_esd_check	32	static
primary_display.c:1655:14:_need_register_eint	32	static
primary_display.c:1695:5:_esd_check_config_handle_cmd	48	static
primary_display.c:1728:6:primary_display_esd_cust_bycmdq	0	static
primary_display.c:1733:5:primary_display_esd_cust_get	0	static
primary_display.c:1740:5:_esd_check_config_handle_vdo	48	static
primary_display.c:2138:6:primary_display_esd_check_enable	48	static
primary_display.c:2337:6:primary_display_sodi_rule_init	32	static
primary_display.c:2649:5:primary_display_set_frame_buffer_address	48	static
primary_display.c:2665:15:primary_display_get_frame_buffer_mva_address	32	static
primary_display.c:2670:15:primary_display_get_frame_buffer_va_address	32	static
primary_display.c:3108:5:primary_display_deinit	48	static
primary_display.c:3121:5:primary_display_wait_for_idle	48	static
primary_display.c:3134:5:primary_display_wait_for_dump	0	static
primary_display.c:3167:14:primary_display_get_ticket	16	static
primary_display.c:3172:5:primary_suspend_release_fence	32	static
primary_display.c:3452:5:primary_display_ipoh_restore	32	static
primary_display.c:3468:5:primary_display_start	64	static
primary_display.c:3488:5:primary_display_stop	48	static
primary_display.c:3512:6:primary_display_update_present_fence	0	static
primary_display.c:3904:5:primary_display_config_output	64	static
primary_display.c:4255:5:rdma2_config_input	64	static
primary_display.c:4617:13:session_mode_spy	0	static
primary_display.c:4815:5:primary_display_is_alive	48	static
primary_display.c:4830:5:primary_display_is_sleepd	48	static
primary_display.c:4847:5:primary_display_get_width	32	static
primary_display.c:4866:5:primary_display_get_height	32	static
primary_display.c:3784:12:primary_display_ovl2mem_callback	96	static
primary_display.c:4886:5:primary_display_get_original_width	32	static
primary_display.c:4901:5:primary_display_get_original_height	32	static
primary_display.c:4916:5:primary_display_get_bpp	0	static
primary_display.c:4921:6:primary_display_set_max_layer	48	static
primary_display.c:4926:5:primary_display_get_info	64	static
primary_display.c:5042:5:primary_display_get_pages	0	static
primary_display.c:5048:5:primary_display_is_video_mode	32	static
primary_display.c:4530:12:_DC_switch_to_DL_fast	624	static
primary_display.c:4413:12:_DL_switch_to_DC_fast	192	static
primary_display.c:4732:12:primary_display_switch_mode_nolock.isra.14	64	static
primary_display.c:446:5:primary_display_save_power_for_idle.part.15	48	static
primary_display.c:446:5:primary_display_save_power_for_idle	16	static
primary_display.c:521:6:_disp_primary_path_exit_idle.part.16	32	static
primary_display.c:540:6:disp_exit_idle_ex	32	static
primary_display.c:2195:12:_disp_primary_path_check_trigger	80	static
primary_display.c:4302:5:primary_display_user_cmd	80	static
primary_display.c:548:12:_disp_primary_path_idle_detect_thread	128	static
primary_display.c:521:6:_disp_primary_path_exit_idle	48	static
primary_display.c:1675:14:_need_wait_esd_eof	32	static
primary_display.c:1362:13:_cmdq_start_trigger_loop	32	static
primary_display.c:2058:5:primary_display_esd_recovery	64	static
primary_display.c:2442:5:primary_display_change_lcm_resolution	64	static
primary_display.c:2800:5:primary_display_init	256	static
primary_display.c:3290:5:primary_display_resume	64	static
primary_display.c:4633:5:primary_display_switch_mode	96	static
primary_display.c:650:5:primary_display_get_debug_state	112	static
primary_display.c:3811:5:primary_display_mem_out_trigger	48	static
primary_display.c:1550:5:_trigger_display_interface	96	static
primary_display.c:3709:5:primary_display_trigger	80	static
primary_display.c:1792:5:primary_display_esd_check	112	static
primary_display.c:1979:12:primary_display_esd_check_worker_kthread	96	static
primary_display.c:3139:5:primary_display_wait_for_vsync	64	static
primary_display.c:600:5:primary_display_cmdq_set_reg	64	static
primary_display.c:5054:5:primary_display_is_decouple_mode	32	static
primary_display.c:4082:5:primary_display_config_input_multiple	144	static
primary_display.c:5071:13:primary_display_cmdq_enabled	0	static
primary_display.c:5076:5:primary_display_switch_cmdq_cpu	48	static
primary_display.c:5088:5:primary_display_manual_lock	32	static
primary_display.c:5094:5:primary_display_manual_unlock	32	static
primary_display.c:5100:6:primary_display_reset	32	static
primary_display.c:5105:14:primary_display_get_fps	48	static
primary_display.c:5116:5:primary_display_force_set_vsync_fps	64	static
primary_display.c:5138:5:primary_display_enable_path_cg	32	static
primary_display.c:5205:5:_set_backlight_by_cmdq	64	static
primary_display.c:5244:5:_set_backlight_by_cpu	48	static
primary_display.c:5295:5:primary_display_setbacklight	48	static
primary_display.c:5333:10:DISP_GetScreenWidth	16	static
primary_display.c:5338:10:DISP_GetScreenHeight	16	static
primary_display.c:5343:10:DISP_GetActiveHeight	32	static
primary_display.c:5359:10:DISP_GetActiveWidth	32	static
primary_display.c:5374:13:DISP_GetLcmPara	32	static
primary_display.c:5387:13:DISP_GetLcmDrv	32	static
primary_display.c:5402:5:primary_display_capture_framebuffer_ovl	128	static
primary_display.c:5586:10:DISP_GetPanelBPP	0	static
primary_display.c:5620:10:DISP_GetScreenBpp	0	static
primary_display.c:5625:10:DISP_GetPages	0	static
primary_display.c:5630:10:DISP_GetFBRamSize	32	static
primary_display.c:5638:10:DISP_GetVRamSize	0	static
primary_display.c:5670:10:DISP_GetVRamSizeBoot	16	static
primary_display.c:5702:5:disp_hal_allocate_framebuffer	80	static
primary_display.c:5742:5:primary_display_remap_irq_event_map	0	static
primary_display.c:5747:14:primary_display_get_option	32	static
primary_display.c:3519:12:_ovl_fence_release_callback	96	static
primary_display.c:3701:21:_ovl_wdma_fence_release_callback	32	static
primary_display.c:4173:5:primary_display_config_input	64	static
primary_display.c:5540:5:primary_display_capture_framebuffer	112	static
primary_display.c:5759:5:primary_display_get_debug_info	0	static
primary_display.c:5785:5:primary_display_check_path	48	static
primary_display.c:5059:5:primary_display_diagnose	32	static
primary_display.c:3184:5:primary_display_suspend	48	static
primary_display.c:2265:14:cmdqDdpDumpInfo	544	static
primary_display.c:5925:5:primary_display_lcm_ATA	48	static
primary_display.c:5953:5:fbconfig_get_esd_check_test	64	static
primary_display.c:5991:5:Panel_Master_dsi_config_entry	80	static
primary_display.c:6071:5:primary_display_switch_dst_mode	16	static
primary_display.c:6157:5:primary_display_set_panel_param	48	static
