devicemem_server.c:493:13:DevmemIntFreeDummyPage.isra.1	32	static
devicemem_server.c:173:1:DevmemIntUnpin	16	static
devicemem_server.c:184:1:DevmemIntUnpinInvalidate	48	static
devicemem_server.c:207:1:DevmemIntPin	16	static
devicemem_server.c:218:1:DevmemIntPinValidate	48	static
devicemem_server.c:271:1:DevmemServerGetImportHandle	0	static
devicemem_server.c:295:1:DevmemServerGetHeapHandle	0	static
devicemem_server.c:311:1:DevmemIntCtxCreate	96	static
devicemem_server.c:396:1:DevmemIntHeapCreate	48	static
devicemem_server.c:533:1:DevmemIntMapPages	16	static
devicemem_server.c:555:1:DevmemIntUnmapPages	16	static
devicemem_server.c:572:1:DevmemIntMapPMR	160	static
devicemem_server.c:709:1:DevmemIntUnmapPMR	48	static
devicemem_server.c:795:1:DevmemIntReserveRange	64	static
devicemem_server.c:851:1:DevmemIntUnreserveRange	32	static
devicemem_server.c:870:1:DevmemIntHeapDestroy	32	static
devicemem_server.c:906:1:DeviceMemChangeSparseServer	96	static
devicemem_server.c:1064:1:DevmemIntCtxDestroy	32	static
devicemem_server.c:1082:14:DevmemIntIsVDevAddrValid	16	static
devicemem_server.c:1099:1:DevmemIntExportCtx	48	static
devicemem_server.c:1130:1:DevmemIntUnexportCtx	32	static
devicemem_server.c:1146:1:DevmemIntAcquireRemoteCtx	16	static
