mmu_common.c:453:13:_MMU_PhysMem_RAImportFree	32	static
mmu_common.c:388:21:_MMU_PhysMem_RAImportAlloc	80	static
mmu_common.c:555:13:_MMU_PhysMemFree	32	static
mmu_common.c:899:21:_SetupPxE	128	static
mmu_common.c:1099:17:_MMU_FreeLevel	224	static
mmu_common.c:668:21:_PxMemAlloc.isra.9	128	static
mmu_common.c:1280:21:_MMU_AllocLevel	240	static
mmu_common.c:1577:13:_MMU_GetLevelData.isra.5	112	static
mmu_common.c:1690:1:_AllocPageTables	224	static
mmu_common.c:1949:1:MMU_ContextCreate	128	static
mmu_common.c:2111:1:MMU_ContextDestroy	32	static
mmu_common.c:2154:1:MMU_Alloc	112	static
mmu_common.c:2229:1:MMU_Free	224	static
mmu_common.c:2596:1:MMU_UnmapPages	240	static
mmu_common.c:2257:1:MMU_MapPages	656	static
mmu_common.c:2974:1:MMU_UnmapPMRFast	192	static
mmu_common.c:2738:1:MMU_MapPMRFast	624	static
mmu_common.c:3131:1:MMU_ChangeValidity	176	static
mmu_common.c:3295:1:MMU_AcquireBaseAddr	0	static
mmu_common.c:3308:1:MMU_ReleaseBaseAddr	0	static
mmu_common.c:3316:6:MMU_SetDeviceData	0	static
mmu_common.c:3349:6:MMU_CheckFaultAddress	144	static
mmu_common.c:3542:10:MMU_IsVDevAddrValid	96	static
