physmem_lma.c:1249:14:PMRChangeSparseMemCPUMapLocalMem	112	static
physmem_lma.c:108:21:_MapAlloc	80	static
physmem_lma.c:784:1:PMRAcquireKernelMappingDataLocalMem	64	static
physmem_lma.c:982:13:WriteLocalMem	16	static
physmem_lma.c:960:13:ReadLocalMem	16	static
physmem_lma.c:736:1:PMRSysPhysAddrLocalMem	0	static
physmem_lma.c:859:1:CopyBytesLocalMem	112	static
physmem_lma.c:990:1:PMRWriteBytesLocalMem	16	static
physmem_lma.c:968:1:PMRReadBytesLocalMem	16	static
physmem_lma.c:151:1:_PoisonAlloc	64	static
physmem_lma.c:575:1:_FreeLMPages	96	static
physmem_lma.c:712:1:PMRUnlockSysPhysAddressesLocalMem	16	static
physmem_lma.c:198:1:_ZeroAlloc	48	static
physmem_lma.c:353:1:_AllocLMPages	144	static
physmem_lma.c:689:1:PMRLockSysPhysAddressesLocalMem	16	static
physmem_lma.c:1011:1:PMRChangeSparseMemLocalMem	128	static
physmem_lma.c:841:13:PMRReleaseKernelMappingDataLocalMem	16	static
physmem_lma.c:658:1:PMRFinalizeLocalMem	32	static
physmem_lma.c:1326:1:PhysmemNewLocalRamBackedPMR	224	static
