pmr.c:1180:1:_PMRLogicalOffsetToPhysicalOffset	112	static
pmr.c:453:17:_PMRIsSparse.isra.4	0	static
pmr.c:397:1:_UnrefAndMaybeDestroy	32	static
pmr.c:465:1:PMRCreatePMR	128	static
pmr.c:558:14:PMRLockSysPhysAddressesNested	32	static
pmr.c:609:1:PMRLockSysPhysAddresses	16	static
pmr.c:621:1:PMRUnlockSysPhysAddressesNested	32	static
pmr.c:615:1:PMRUnlockSysPhysAddresses	16	static
pmr.c:653:1:PMRUnpinPMR	48	static
pmr.c:687:1:PMRPinPMR	16	static
pmr.c:703:1:PMRMakeLocalImportHandle	48	static
pmr.c:712:1:PMRUnmakeLocalImportHandle	16	static
pmr.c:725:1:PMRLocalImportPMR	64	static
pmr.c:740:1:PMRGetUID	0	static
pmr.c:855:1:PMRExportPMR	0	static
pmr.c:872:1:PMRUnexportPMR	0	static
pmr.c:880:1:PMRImportPMR	0	static
pmr.c:900:1:PMRUnimportPMR	0	static
pmr.c:1078:1:PMRAcquireKernelMappingData	96	static
pmr.c:1095:1:PMRAcquireSparseKernelMappingData	80	static
pmr.c:1112:1:PMRReleaseKernelMappingData	16	static
pmr.c:1336:1:PMR_ReadBytes	160	static
pmr.c:1499:1:PMR_WriteBytes	160	static
pmr.c:1587:1:PMRMMapPMR	16	static
pmr.c:1598:1:PMRRefPMR	32	static
pmr.c:1605:1:PMRUnrefPMR	16	static
pmr.c:1612:1:PMRUnrefUnlockPMR	32	static
pmr.c:1622:1:PMR_DeviceNode	0	static
pmr.c:1630:1:PMR_Flags	0	static
pmr.c:1638:1:PMR_IsSparse	16	static
pmr.c:1647:1:PMR_LogicalSize	0	static
pmr.c:1657:1:PMR_IsOffsetValid	464	static
pmr.c:1712:1:PMR_GetMappigTable	0	static
pmr.c:1721:1:PMR_DevPhysAddr	352	static
pmr.c:1822:1:PMR_CpuPhysAddr	352	static
pmr.c:1867:14:PMR_ChangeSparseMem	16	static
pmr.c:1895:14:PMR_ChangeSparseMemCPUMap	16	static
pmr.c:2347:7:PMRGetPrivateDataHack	0	static
pmr.c:2354:1:PMRWritePMPageList	560	static
pmr.c:2634:1:PMRUnwritePMPageList	32	static
pmr.c:2646:1:PMRZeroingPMR	112	static
pmr.c:2733:1:PMRDumpPageList	288	static
pmr.c:2914:1:PMRInit	32	static
pmr.c:2942:1:PMRDeInit	32	static
