process_stats.c:521:1:_FindProcessStatsInLiveList	0	static
process_stats.c:546:1:_FindProcessStatsInDeadList	0	static
process_stats.c:571:1:_FindProcessStats	32	static
process_stats.c:3245:6:PowerStatsPrintElements	96	static
process_stats.c:3293:6:GlobalStatsPrintElements	48	static
process_stats.c:881:1:_RemoveOSStatisticEntries	32	static
process_stats.c:737:1:_RemoveProcessStatsFromList	48	static
process_stats.c:684:1:_AddProcessStatsToFrontOfLiveList	32	static
process_stats.c:806:1:_CreateOSStatisticEntries	48	static
process_stats.c:1144:13:_decrease_global_stat	48	static
process_stats.c:940:19:_PVRSRVIncrMemStatRefCount	32	static
process_stats.c:966:19:_PVRSRVDecrMemStatRefCount	32	static
process_stats.c:2712:1:ProcessStatsPrintElements	80	static
process_stats.c:445:6:InsertPowerTimeStatistic	0	static
process_stats.c:483:6:InsertPowerTimeStatisticExtraPre	32	static
process_stats.c:492:6:InsertPowerTimeStatisticExtraPost	0	static
process_stats.c:1003:1:PVRSRVStatsInitialise	48	static
process_stats.c:1076:1:PVRSRVStatsDestroy	48	static
process_stats.c:1269:1:PVRSRVStatsRegisterProcess	64	static
process_stats.c:1419:1:PVRSRVStatsDeregisterProcess	48	static
process_stats.c:1461:1:PVRSRVStatsAddMemAllocRecord	0	static
process_stats.c:1808:1:PVRSRVStatsRemoveMemAllocRecord	0	static
process_stats.c:2115:1:PVRSRVStatsIncrMemAllocStat	80	static
process_stats.c:2072:1:PVRSRVStatsIncrMemAllocStatAndTrack	64	static
process_stats.c:2322:1:PVRSRVStatsDecrMemKAllocStat	48	static
process_stats.c:2379:1:PVRSRVStatsDecrMemAllocStatAndUntrack	64	static
process_stats.c:2400:1:PVRSRVStatsDecrMemAllocStat	80	static
process_stats.c:2571:1:PVRSRVStatsIncrMemAllocPoolStat	48	static
process_stats.c:2577:1:PVRSRVStatsDecrMemAllocPoolStat	16	static
process_stats.c:2583:1:PVRSRVStatsUpdateRenderContextStats	80	static
process_stats.c:2625:1:PVRSRVStatsUpdateZSBufferStats	64	static
process_stats.c:2655:1:PVRSRVStatsUpdateFreelistStats	80	static
process_stats.c:3214:6:SetFirmwareStartTime	0	static
process_stats.c:3219:6:SetFirmwareHandshakeIdleTime	0	static
