pvrsrv.c:161:13:PVRSRVEnumerateDevicesKM_ForEachVaCb	0	static
pvrsrv.c:1879:14:LMA_PhyContigPagesClean	0	static
pvrsrv.c:2105:15:PVRSRVAcquireDeviceDataKM_Match_AnyVaCb	0	static
pvrsrv.c:2541:1:PVRSRVSystemInstallDeviceLISR_Match_AnyVaCb	0	static
pvrsrv.c:538:13:DevicesWatchdogThread	80	static
pvrsrv.c:499:13:DevicesWatchdogThread_ForEachVaCb	48	static
pvrsrv.c:471:17:DevicesWatchdogThread_Powered_Any	48	static
pvrsrv.c:414:13:CleanupThread	112	static
pvrsrv.c:1735:14:LMA_PhyContigPagesAlloc	96	static
pvrsrv.c:1808:6:LMA_PhyContigPagesFree	48	static
pvrsrv.c:1824:14:LMA_PhyContigPagesMap	64	static
pvrsrv.c:1860:6:LMA_PhyContigPagesUnmap	48	static
pvrsrv.c:2331:27:WaitForValueKM	96	static
pvrsrv.c:1053:13:_SysDebugRequestNotify	48	static
pvrsrv.c:224:27:PVRSRVEnumerateDevicesKM	48	static
pvrsrv.c:267:6:PVRSRVCleanupThreadAddWork	48	static
pvrsrv.c:616:14:PVRSRVGetPVRSRVData	0	static
pvrsrv.c:821:1:PVRSRVDriverDeInit	64	static
pvrsrv.c:622:1:PVRSRVDriverInit	64	static
pvrsrv.c:1082:27:PVRSRVDeviceCreate	160	static
pvrsrv.c:1538:27:PVRSRVDeviceDestroy	64	static
pvrsrv.c:2075:27:PVRSRVDevInitCompatCheck	16	static
pvrsrv.c:1903:27:PVRSRVDeviceFinalise	64	static
pvrsrv.c:1498:14:PVRSRVDeviceInitialise	32	static
pvrsrv.c:2148:27:PVRSRVAcquireDeviceDataKM	32	static
pvrsrv.c:2320:27:PVRSRVPollForValueKM	96	static
pvrsrv.c:2418:27:PVRSRVWaitForValueKM	16	static
pvrsrv.c:2430:27:PVRSRVWaitForValueKMAndHoldBridgeLockKM	16	static
pvrsrv.c:2437:5:PVRSRVGetDriverStatus	0	static
pvrsrv.c:2461:17:PVRSRVGetErrorStringKM	0	static
pvrsrv.c:2480:10:PVRSRVSystemHasCacheSnooping	0	static
pvrsrv.c:2489:10:PVRSRVSystemSnoopingOfCPUCache	0	static
pvrsrv.c:2499:10:PVRSRVSystemSnoopingOfDeviceCache	0	static
pvrsrv.c:2509:10:PVRSRVSystemHasNonMappableLocalMemory	0	static
pvrsrv.c:2517:6:PVRSRVSystemWaitCycles	32	static
pvrsrv.c:2554:14:PVRSRVSystemInstallDeviceLISR	80	static
pvrsrv.c:2584:14:PVRSRVSystemUninstallDeviceLISR	16	static
pvrsrv.c:2590:1:PVRSRVSystemBIFTilingHeapGetXStride	0	static
pvrsrv.c:2607:1:PVRSRVSystemBIFTilingGetConfig	0	static
