sync_checkpoint.c:139:1:_SyncCheckpointContextUnref	32	static
sync_checkpoint.c:865:13:_SyncCheckpointDebugRequest	64	static
sync_checkpoint.c:316:1:_SyncCheckpointBlockUnimport	48	static
sync_checkpoint.c:249:1:_SyncCheckpointBlockImport	112	static
sync_checkpoint.c:358:1:SyncCheckpointRegisterFunctions	0	static
sync_checkpoint.c:368:1:SyncCheckpointResolveFence	48	static
sync_checkpoint.c:385:1:SyncCheckpointCreateFence	48	static
sync_checkpoint.c:403:1:SyncCheckpointContextCreate	64	static
sync_checkpoint.c:519:27:SyncCheckpointContextDestroy	32	static
sync_checkpoint.c:545:1:SyncCheckpointAlloc	80	static
sync_checkpoint.c:654:19:SyncCheckpointFree	32	static
sync_checkpoint.c:690:1:SyncCheckpointSignal	32	static
sync_checkpoint.c:714:1:SyncCheckpointError	32	static
sync_checkpoint.c:737:10:SyncCheckpointIsSignalled	16	static
sync_checkpoint.c:753:1:SyncCheckpointIsErrored	16	static
sync_checkpoint.c:768:1:SyncCheckpointTakeRef	16	static
sync_checkpoint.c:781:1:SyncCheckpointDropRef	16	static
sync_checkpoint.c:794:1:SyncCheckpointCCBEnqueued	16	static
sync_checkpoint.c:807:1:SyncCheckpointGetFirmwareAddr	16	static
sync_checkpoint.c:822:6:SyncCheckpointErrorFromUFO	64	static
sync_checkpoint.c:1133:1:SyncCheckpointRecordAdd	0	static
sync_checkpoint.c:1150:1:SyncCheckpointRecordRemove	0	static
