sync_server.c:746:1:_ServerSyncUnref	64	static
sync_server.c:592:6:_SyncPrimitiveBlockUnref.part.6	48	static
sync_server.c:202:1:SyncPrimitiveBlockToFWAddr	16	static
sync_server.c:262:1:SyncAddrListInit	0	static
sync_server.c:279:1:SyncAddrListDeinit	16	static
sync_server.c:304:1:SyncAddrListPopulate	80	static
sync_server.c:447:1:PVRSRVSyncAllocEventKM	48	static
sync_server.c:459:1:PVRSRVSyncFreeEventKM	32	static
sync_server.c:467:1:PVRSRVSyncRecordAddKM	0	static
sync_server.c:490:1:PVRSRVSyncRecordRemoveByHandleKM	0	static
sync_server.c:621:1:PVRSRVAllocSyncPrimitiveBlockKM	80	static
sync_server.c:697:1:PVRSRVFreeSyncPrimitiveBlockKM	32	static
sync_server.c:705:1:PVRSRVSyncPrimSetKM	16	static
sync_server.c:725:1:PVRSRVServerSyncPrimSetKM	0	static
sync_server.c:784:1:PVRSRVServerSyncAllocKM	80	static
sync_server.c:877:1:PVRSRVServerSyncFreeKM	16	static
sync_server.c:884:1:PVRSRVServerSyncGetStatusKM	112	static
sync_server.c:1079:12:PVRSRVServerSyncRequesterRegisterKM	0	static
sync_server.c:1086:6:PVRSRVServerSyncRequesterUnregisterKM	0	static
sync_server.c:1145:1:PVRSRVServerSyncQueueSWOpKM	80	static
sync_server.c:1216:1:PVRSRVServerSyncQueueHWOpKM	64	static
sync_server.c:1281:10:ServerSyncFenceIsMet	0	static
sync_server.c:1289:1:ServerSyncCompleteOp	16	static
sync_server.c:1303:12:ServerSyncGetId	0	static
sync_server.c:1309:1:ServerSyncGetFWAddr	16	static
sync_server.c:1610:14:_SyncPrimOpComplete	480	static
sync_server.c:1354:13:_ServerSyncDebugRequest	96	static
sync_server.c:1314:12:ServerSyncGetValue	0	static
sync_server.c:1319:12:ServerSyncGetNextValue	0	static
sync_server.c:1375:1:PVRSRVSyncPrimOpCreateKM	128	static
sync_server.c:1495:1:PVRSRVSyncPrimOpTakeKM	80	static
sync_server.c:1560:1:PVRSRVSyncPrimOpReadyKM	32	static
sync_server.c:1662:1:PVRSRVSyncPrimOpCompleteKM	48	static
sync_server.c:1681:1:PVRSRVSyncPrimOpDestroyKM	48	static
sync_server.c:1824:14:SyncRegisterConnection	32	static
sync_server.c:1855:6:SyncUnregisterConnection	32	static
sync_server.c:1860:6:SyncConnectionPDumpSyncBlocks	32	static
sync_server.c:2081:14:ServerSyncInit	32	static
sync_server.c:2122:6:ServerSyncDeinit	32	static
