trace.c:91:1:dummy_set_flag	0	static
trace.c:170:19:stop_trace_on_warning	0	static
trace.c:177:19:boot_alloc_snapshot	0	static
trace.c:3203:5:tracing_open_generic	0	static
trace.c:3351:1:t_next	0	static
trace.c:3427:1:tracing_write_stub	0	static
trace.c:3887:14:saved_cmdlines_next	0	static
trace.c:5034:1:tracing_free_buffer_write	0	static
trace.c:5685:13:buffer_pipe_buf_get	0	static
trace.c:144:19:set_cmdline_ftrace	32	static
trace.c:190:19:set_trace_boot_options	32	static
trace.c:201:19:set_trace_boot_clock	32	static
trace.c:154:19:set_ftrace_dump_on_oops	16	static
trace.c:3364:14:t_start	48	static
trace.c:3379:13:t_stop	16	static
trace.c:781:19:set_buf_size	32	static
trace.c:796:19:set_tracing_thresh	32	static
trace.c:7132:19:clear_boot_tracer	32	static
trace.c:1337:12:allocate_cmdlines_buffer	48	static
trace.c:6427:1:rb_simple_write	64	static
trace.c:6181:1:trace_options_read	16	static
trace.c:3874:1:tracing_readme_read	16	static
trace.c:6233:1:trace_options_core_read	16	static
trace.c:3925:13:saved_cmdlines_stop	16	static
trace.c:2346:1:peek_next_entry	32	static
trace.c:2367:1:__find_next_entry	144	static
trace.c:3554:12:tracing_trace_options_show	96	static
trace.c:2617:13:print_lat_help_header	32	static
trace.c:3433:8:tracing_lseek	16	static
trace.c:3964:1:tracing_saved_cmdlines_size_read	128	static
trace.c:3948:12:tracing_saved_cmdlines_open	16	static
trace.c:3407:12:show_traces_open	32	static
trace.c:4059:1:tracing_saved_tgids_read	112	static
trace.c:6413:1:rb_simple_read	112	static
trace.c:5010:1:tracing_total_entries_read	176	static
trace.c:4928:1:tracing_entries_read	176	static
trace.c:4131:1:tracing_set_trace_read	176	static
trace.c:5168:12:tracing_clock_show	96	static
trace.c:3384:12:t_show	32	static
trace.c:4785:13:tracing_spd_release_pipe	16	static
trace.c:2573:13:s_stop	16	static
trace.c:4637:1:tracing_poll_pipe	16	static
trace.c:3496:1:tracing_cpumask_write	128	static
trace.c:3473:1:tracing_cpumask_read	64	static
trace.c:5857:1:tracing_stats_read	80	static
trace.c:5706:13:buffer_spd_release	48	static
trace.c:5672:13:buffer_pipe_buf_release	32	static
trace.c:5720:1:tracing_buffers_splice_read	592	static
trace.c:251:13:__trace_array_put.isra.24	32	static
trace.c:1603:13:__trace_find_cmdline	32	static
trace.c:3931:12:saved_cmdlines_show	48	static
trace.c:2590:1:get_total_entries.isra.32	96	static
trace.c:2629:13:print_event_info	64	static
trace.c:278:5:call_filter_check_discard.part.35	32	static
trace.c:4482:1:tracing_thresh_read	112	static
trace.c:1421:6:tracing_start.part.38	48	static
trace.c:2907:19:print_trace_line.part.42	96	static
trace.c:4489:1:tracing_thresh_write	80	static
trace.c:4029:1:tracing_saved_cmdlines_size_write	64	static
trace.c:6196:1:trace_options_write	96	static
trace.c:6480:1:allocate_trace_buffer	64	static
trace.c:6693:12:instance_rmdir	64	static
trace.c:5559:1:tracing_buffers_poll	16	static
trace.c:5648:12:tracing_buffers_release	48	static
trace.c:3907:14:saved_cmdlines_start	48	static
trace.c:3278:12:tracing_release_generic_tr	32	static
trace.c:3236:12:tracing_release	80	static
trace.c:6298:23:trace_options_init_dentry.part.45	32	static
trace.c:3286:12:tracing_single_release_tr	48	static
trace.c:5048:1:tracing_free_buffer_release	64	static
trace.c:4597:12:tracing_release_pipe	48	static
trace.c:3221:12:tracing_open_generic_tr	64	static
trace.c:210:20:ns2usecs	0	static
trace.c:233:5:trace_array_get	48	static
trace.c:4527:12:tracing_open_pipe	80	static
trace.c:257:6:trace_array_put	32	static
trace.c:5245:12:tracing_clock_open	64	static
trace.c:3718:12:tracing_trace_options_open	64	static
trace.c:5519:12:tracing_buffers_open	64	static
trace.c:264:5:filter_check_discard	32	static
trace.c:278:5:call_filter_check_discard	16	static
trace.c:306:9:ftrace_now	48	static
trace.c:320:5:tracing_is_enabled	0	static
trace.c:349:6:update_buf_size	0	static
trace.c:473:6:tracing_on	32	static
trace.c:700:6:tracing_snapshot	32	static
trace.c:705:5:tracing_alloc_snapshot	32	static
trace.c:711:6:tracing_snapshot_alloc	32	static
trace.c:744:6:tracing_off	32	static
trace.c:753:6:disable_trace_on_warning	32	static
trace.c:775:5:tracing_is_on	16	static
trace.c:811:15:nsecs_to_usecs	0	static
trace.c:865:5:trace_parser_get_init	32	static
trace.c:880:6:trace_parser_put	16	static
trace.c:896:5:trace_get_user	0	static
trace.c:1260:6:tracing_reset	32	static
trace.c:1276:6:tracing_reset_online_cpus	64	static
trace.c:5183:12:tracing_set_clock	48	static
trace.c:5217:16:tracing_clock_write	112	static
trace.c:1299:6:tracing_reset_all_online_cpus	32	static
trace.c:1410:5:is_tracing_stopped	0	static
trace.c:1421:6:tracing_start	16	static
trace.c:1505:6:tracing_stop	48	static
trace.c:1629:6:trace_find_cmdline	48	static
trace.c:1654:5:trace_find_tgid	32	static
trace.c:1669:6:tracing_record_cmdline	48	static
trace.c:1682:1:tracing_generic_entry_update	0	static
trace.c:1703:1:trace_buffer_lock_reserve	48	static
trace.c:1722:1:__buffer_unlock_commit	48	static
trace.c:1849:13:__ftrace_trace_stack	96	static
trace.c:5064:1:tracing_mark_write	128	static
trace.c:488:5:__trace_puts	96	static
trace.c:538:5:__trace_bputs	96	static
trace.c:2242:1:__trace_array_vprintk	128	static
trace.c:1979:1:ftrace_trace_userstack.part.39	64	static
trace.c:1739:6:trace_buffer_unlock_commit	64	static
trace.c:1750:1:trace_event_buffer_lock_reserve	80	static
trace.c:1776:1:trace_current_buffer_lock_reserve	48	static
trace.c:1786:6:trace_current_buffer_unlock_commit	64	static
trace.c:1794:6:trace_buffer_unlock_commit_regs	64	static
trace.c:1806:6:trace_current_buffer_discard_commit	16	static
trace.c:1814:1:trace_function	64	static
trace.c:1930:6:ftrace_trace_stack_regs	16	static
trace.c:1939:6:ftrace_trace_stack	16	static
trace.c:1948:6:__trace_stack	16	static
trace.c:1958:6:trace_dump_stack	16	static
trace.c:1979:1:ftrace_trace_userstack	16	static
trace.c:2122:6:trace_printk_init_buffers	48	static
trace.c:2162:6:trace_printk_start_comm	16	static
trace.c:2185:5:trace_vbprintk	144	static
trace.c:2294:5:trace_array_vprintk	48	static
trace.c:2300:5:trace_array_printk	160	static
trace.c:2315:5:trace_array_printk_buf	128	static
trace.c:2330:5:trace_vprintk	80	static
trace.c:2427:21:trace_find_next_entry	16	static
trace.c:2434:7:trace_find_next_entry_inc	32	static
trace.c:2451:14:s_next	64	static
trace.c:2478:6:tracing_iter_reset	80	static
trace.c:2512:14:s_start	96	static
trace.c:3295:12:tracing_open	112	static
trace.c:2682:1:print_trace_header	128	static
trace.c:2873:5:trace_empty	48	static
trace.c:4645:12:tracing_wait_pipe	64	static
trace.c:4833:16:tracing_splice_read_pipe	544	static
trace.c:5568:1:tracing_buffers_read	112	static
trace.c:4685:1:tracing_read_pipe	160	static
trace.c:2907:19:print_trace_line	32	static
trace.c:2949:6:trace_latency_header	32	static
trace.c:2964:6:trace_default_header	48	static
trace.c:3046:12:s_show	32	static
trace.c:3212:6:tracing_is_disabled	0	static
trace.c:3620:5:trace_keep_overwrite	0	static
trace.c:3628:5:set_tracer_flag	80	static
trace.c:3660:12:trace_set_options	96	static
trace.c:3693:1:tracing_trace_options_write	112	static
trace.c:6248:1:trace_options_core_write	64	static
trace.c:4145:5:tracer_init	48	static
trace.c:4253:9:tracing_resize_ring_buffer	80	static
trace.c:4976:1:tracing_entries_write	80	static
trace.c:4289:5:tracing_update_buffers	80	static
trace.c:6073:16:tracing_init_dentry_tr	32	static
trace.c:6090:16:tracing_init_dentry	48	static
trace.c:6282:16:trace_create_file	32	static
trace.c:4327:12:tracing_set_tracer	128	static
trace.c:1191:5:register_tracer	64	static
trace.c:7029:19:tracer_alloc_buffers	80	static
trace.c:4418:1:tracing_set_trace_write	176	static
trace.c:6741:1:init_tracer_debugfs	160	static
trace.c:6666:12:instance_mkdir	80	static
trace.c:6802:19:tracer_init_debugfs	64	static
trace.c:6886:1:trace_printk_seq	32	static
trace.c:6900:6:trace_init_global_iter	32	static
trace.c:6919:6:ftrace_dump.part.47	96	static
trace.c:6838:12:trace_panic_handler	16	static
trace.c:6852:12:trace_die_handler	16	static
trace.c:6919:6:ftrace_dump	16	static
