hid-roccat-isku.c:451:20:isku_exit	16	static
hid-roccat-isku.c:358:13:isku_remove	32	static
hid-roccat-isku.c:327:12:isku_probe	64	static
hid-roccat-isku.c:72:16:isku_sysfs_set_actual_profile	64	static
hid-roccat-isku.c:64:16:isku_sysfs_show_actual_profile	16	static
hid-roccat-isku.c:437:19:isku_init	32	static
hid-roccat-isku.c:400:12:isku_raw_event	32	static
hid-roccat-isku.c:225:1:isku_sysfs_read_info	48	static
hid-roccat-isku.c:212:1:isku_sysfs_write_keys_function	64	static
hid-roccat-isku.c:211:1:isku_sysfs_read_macro	48	static
hid-roccat-isku.c:212:1:isku_sysfs_read_keys_function	48	static
hid-roccat-isku.c:213:1:isku_sysfs_read_keys_easyzone	48	static
hid-roccat-isku.c:214:1:isku_sysfs_read_keys_media	48	static
hid-roccat-isku.c:215:1:isku_sysfs_read_keys_thumbster	48	static
hid-roccat-isku.c:216:1:isku_sysfs_read_keys_macro	48	static
hid-roccat-isku.c:217:1:isku_sysfs_read_keys_capslock	48	static
hid-roccat-isku.c:218:1:isku_sysfs_read_light	48	static
hid-roccat-isku.c:219:1:isku_sysfs_read_key_mask	48	static
hid-roccat-isku.c:220:1:isku_sysfs_read_last_set	48	static
hid-roccat-isku.c:220:1:isku_sysfs_write_last_set	64	static
hid-roccat-isku.c:221:1:isku_sysfs_write_talk	64	static
hid-roccat-isku.c:219:1:isku_sysfs_write_key_mask	64	static
hid-roccat-isku.c:224:1:isku_sysfs_write_reset	64	static
hid-roccat-isku.c:222:1:isku_sysfs_write_talkfx	64	static
hid-roccat-isku.c:223:1:isku_sysfs_write_control	64	static
hid-roccat-isku.c:217:1:isku_sysfs_write_keys_capslock	64	static
hid-roccat-isku.c:218:1:isku_sysfs_write_light	64	static
hid-roccat-isku.c:215:1:isku_sysfs_write_keys_thumbster	64	static
hid-roccat-isku.c:216:1:isku_sysfs_write_keys_macro	64	static
hid-roccat-isku.c:213:1:isku_sysfs_write_keys_easyzone	64	static
hid-roccat-isku.c:214:1:isku_sysfs_write_keys_media	64	static
hid-roccat-isku.c:211:1:isku_sysfs_write_macro	64	static
