hid-wiimote-core.c:1610:12:wiimote_hid_event	64	static
hid-wiimote-core.c:734:13:wiimote_ext_unload	48	static
hid-wiimote-core.c:750:13:wiimote_mp_load	48	static
hid-wiimote-core.c:73:13:wiimote_queue	64	static
hid-wiimote-core.c:1871:1:wiimote_hid_driver_init	16	static
hid-wiimote-core.c:1640:16:wiimote_ext_show	48	static
hid-wiimote-core.c:1688:16:wiimote_dev_show	48	static
hid-wiimote-core.c:44:13:wiimote_queue_worker	112	static
hid-wiimote-core.c:1871:1:wiimote_hid_driver_exit	16	static
hid-wiimote-core.c:1238:13:handler_keys	16	static
hid-wiimote-core.c:1259:13:handler_accel	16	static
hid-wiimote-core.c:1380:13:handler_ir	16	static
hid-wiimote-core.c:769:13:wiimote_mp_unload.part.10	48	static
hid-wiimote-core.c:1748:13:wiimote_destroy	48	static
hid-wiimote-core.c:1847:13:wiimote_hid_remove	32	static
hid-wiimote-core.c:1775:12:wiimote_hid_probe	96	static
hid-wiimote-core.c:1229:13:wiimote_init_timeout	48	static
hid-wiimote-core.c:1670:16:wiimote_ext_store	48	static
hid-wiimote-core.c:1556:13:handler_drm_SKAI2	48	static
hid-wiimote-core.c:1441:13:handler_generic_K	16	static
hid-wiimote-core.c:1467:13:handler_return	48	static
hid-wiimote-core.c:1446:13:handler_data	64	static
hid-wiimote-core.c:1544:13:handler_drm_SKAI1	48	static
hid-wiimote-core.c:1483:13:handler_drm_KA	48	static
hid-wiimote-core.c:1495:13:handler_drm_KAI	32	static
hid-wiimote-core.c:1292:13:handler_ext	64	static
hid-wiimote-core.c:1539:13:handler_drm_E	16	static
hid-wiimote-core.c:1528:13:handler_drm_KAIE	32	static
hid-wiimote-core.c:1511:13:handler_drm_KIE	32	static
hid-wiimote-core.c:1521:13:handler_drm_KAE	32	static
hid-wiimote-core.c:1505:13:handler_drm_KEE	32	static
hid-wiimote-core.c:1489:13:handler_drm_KE	32	static
hid-wiimote-core.c:133:6:wiiproto_req_rumble	32	static
hid-wiimote-core.c:153:6:wiiproto_req_leds	32	static
hid-wiimote-core.c:243:6:wiiproto_req_drm	32	static
hid-wiimote-core.c:1403:13:handler_status_K	32	static
hid-wiimote-core.c:1413:13:handler_status	48	static
hid-wiimote-core.c:261:6:wiiproto_req_status	32	static
hid-wiimote-core.c:272:6:wiiproto_req_accel	16	static
hid-wiimote-core.c:286:6:wiiproto_req_ir1	32	static
hid-wiimote-core.c:297:6:wiiproto_req_ir2	32	static
hid-wiimote-core.c:339:6:wiiproto_req_rmem	32	static
hid-wiimote-core.c:365:5:wiimote_cmd_write	128	static
hid-wiimote-core.c:414:12:wiimote_cmd_init_ext	80	static
hid-wiimote-core.c:463:12:wiimote_cmd_init_mp	80	static
hid-wiimote-core.c:384:9:wiimote_cmd_read	96	static
hid-wiimote-core.c:435:13:wiimote_cmd_read_ext	32	static
hid-wiimote-core.c:525:13:wiimote_cmd_read_mp_mapped	32	static
hid-wiimote-core.c:1196:13:wiimote_init_worker	144	static
hid-wiimote-core.c:1214:6:__wiimote_schedule	16	static
