hid-wiimote-modules.c:65:13:wiimod_keys_in_keys	32	static
hid-wiimote-modules.c:824:13:wiimod_nunchuk_in_ext	80	static
hid-wiimote-modules.c:1048:13:wiimod_classic_in_ext	80	static
hid-wiimote-modules.c:1294:13:wiimod_bboard_in_keys	32	static
hid-wiimote-modules.c:1301:13:wiimod_bboard_in_ext	48	static
hid-wiimote-modules.c:1608:13:wiimod_pro_in_ext	64	static
hid-wiimote-modules.c:2035:13:wiimod_mp_in_mp	48	static
hid-wiimote-modules.c:2160:13:wiimod_mp_remove	32	static
hid-wiimote-modules.c:788:13:wiimod_ir_remove	32	static
hid-wiimote-modules.c:526:13:wiimod_accel_remove	32	static
hid-wiimote-modules.c:1263:13:wiimod_classic_remove	32	static
hid-wiimote-modules.c:985:13:wiimod_nunchuk_remove	32	static
hid-wiimote-modules.c:92:12:wiimod_keys_probe	48	static
hid-wiimote-modules.c:2118:12:wiimod_mp_probe	32	static
hid-wiimote-modules.c:2008:13:wiimod_no_mp_remove	32	static
hid-wiimote-modules.c:1996:12:wiimod_no_mp_probe	32	static
hid-wiimote-modules.c:1972:13:wiimod_builtin_mp_remove	32	static
hid-wiimote-modules.c:1960:12:wiimod_builtin_mp_probe	32	static
hid-wiimote-modules.c:294:28:wiimod_led_get	48	static
hid-wiimote-modules.c:1762:13:wiimod_pro_close	48	static
hid-wiimote-modules.c:1749:12:wiimod_pro_open	48	static
hid-wiimote-modules.c:1387:13:wiimod_bboard_close	48	static
hid-wiimote-modules.c:1374:12:wiimod_bboard_open	48	static
hid-wiimote-modules.c:1196:13:wiimod_classic_close	48	static
hid-wiimote-modules.c:1183:12:wiimod_classic_open	48	static
hid-wiimote-modules.c:921:13:wiimod_nunchuk_close	48	static
hid-wiimote-modules.c:908:12:wiimod_nunchuk_open	48	static
hid-wiimote-modules.c:2106:13:wiimod_mp_close	48	static
hid-wiimote-modules.c:2092:12:wiimod_mp_open	48	static
hid-wiimote-modules.c:737:12:wiimod_ir_probe	32	static
hid-wiimote-modules.c:485:12:wiimod_accel_probe	32	static
hid-wiimote-modules.c:475:13:wiimod_accel_close	48	static
hid-wiimote-modules.c:463:12:wiimod_accel_open	48	static
hid-wiimote-modules.c:384:13:wiimod_led_remove	32	static
hid-wiimote-modules.c:316:13:wiimod_led_set	64	static
hid-wiimote-modules.c:342:12:wiimod_led_probe	80	static
hid-wiimote-modules.c:268:13:wiimod_battery_remove	32	static
hid-wiimote-modules.c:238:12:wiimod_battery_probe	48	static
hid-wiimote-modules.c:202:12:wiimod_battery_get_property	96	static
hid-wiimote-modules.c:170:13:wiimod_rumble_remove	48	static
hid-wiimote-modules.c:158:12:wiimod_rumble_probe	32	static
hid-wiimote-modules.c:133:12:wiimod_rumble_play	16	static
hid-wiimote-modules.c:1773:12:wiimod_pro_play	16	static
hid-wiimote-modules.c:123:13:wiimod_rumble_worker	32	static
hid-wiimote-modules.c:1926:13:wiimod_pro_remove	48	static
hid-wiimote-modules.c:1536:13:wiimod_bboard_remove	32	static
hid-wiimote-modules.c:1814:16:wiimod_pro_calib_store	64	static
hid-wiimote-modules.c:1798:16:wiimod_pro_calib_show	48	static
hid-wiimote-modules.c:1847:12:wiimod_pro_probe	64	static
hid-wiimote-modules.c:1398:16:wiimod_bboard_calib_show	128	static
hid-wiimote-modules.c:1452:12:wiimod_bboard_probe	80	static
hid-wiimote-modules.c:429:13:wiimod_accel_in_accel	48	static
hid-wiimote-modules.c:554:13:wiimod_ir_in_ir	48	static
hid-wiimote-modules.c:1207:12:wiimod_classic_probe	48	static
hid-wiimote-modules.c:932:12:wiimod_nunchuk_probe	32	static
hid-wiimote-modules.c:730:13:wiimod_ir_close	48	static
hid-wiimote-modules.c:723:12:wiimod_ir_open	96	static
