hid-roccat-koneplus.c:567:20:koneplus_exit	16	static
hid-roccat-koneplus.c:467:13:koneplus_remove	32	static
hid-roccat-koneplus.c:436:12:koneplus_probe	64	static
hid-roccat-koneplus.c:305:16:koneplus_sysfs_show_firmware_version	64	static
hid-roccat-koneplus.c:249:16:koneplus_sysfs_show_actual_profile	16	static
hid-roccat-koneplus.c:257:16:koneplus_sysfs_set_actual_profile	64	static
hid-roccat-koneplus.c:551:19:koneplus_init	32	static
hid-roccat-koneplus.c:514:12:koneplus_raw_event	32	static
hid-roccat-koneplus.c:192:16:koneplus_sysfs_read_profilex_settings	80	static
hid-roccat-koneplus.c:188:1:koneplus_sysfs_write_tcu	48	static
hid-roccat-koneplus.c:182:1:koneplus_sysfs_write_control	48	static
hid-roccat-koneplus.c:189:1:koneplus_sysfs_write_profile_settings	48	static
hid-roccat-koneplus.c:190:1:koneplus_sysfs_write_profile_buttons	48	static
hid-roccat-koneplus.c:183:1:koneplus_sysfs_write_talk	48	static
hid-roccat-koneplus.c:184:1:koneplus_sysfs_write_macro	48	static
hid-roccat-koneplus.c:186:1:koneplus_sysfs_write_info	48	static
hid-roccat-koneplus.c:187:1:koneplus_sysfs_write_sensor	48	static
hid-roccat-koneplus.c:186:1:koneplus_sysfs_read_info	48	static
hid-roccat-koneplus.c:187:1:koneplus_sysfs_read_sensor	48	static
hid-roccat-koneplus.c:189:1:koneplus_sysfs_read_profile_settings	48	static
hid-roccat-koneplus.c:185:1:koneplus_sysfs_read_tcu_image	48	static
hid-roccat-koneplus.c:190:1:koneplus_sysfs_read_profile_buttons	48	static
hid-roccat-koneplus.c:188:1:koneplus_sysfs_read_tcu	48	static
hid-roccat-koneplus.c:211:16:koneplus_sysfs_read_profilex_buttons	80	static
