hid-roccat-savu.c:218:20:savu_exit	16	static
hid-roccat-savu.c:145:13:savu_remove	32	static
hid-roccat-savu.c:114:12:savu_probe	48	static
hid-roccat-savu.c:36:1:roccat_common2_sysfs_write_sensor	16	static
hid-roccat-savu.c:35:1:roccat_common2_sysfs_write_info	16	static
hid-roccat-savu.c:34:1:roccat_common2_sysfs_write_macro	16	static
hid-roccat-savu.c:33:1:roccat_common2_sysfs_write_buttons	16	static
hid-roccat-savu.c:32:1:roccat_common2_sysfs_write_general	16	static
hid-roccat-savu.c:31:1:roccat_common2_sysfs_write_profile	16	static
hid-roccat-savu.c:30:1:roccat_common2_sysfs_write_control	16	static
hid-roccat-savu.c:36:1:roccat_common2_sysfs_read_sensor	16	static
hid-roccat-savu.c:35:1:roccat_common2_sysfs_read_info	16	static
hid-roccat-savu.c:34:1:roccat_common2_sysfs_read_macro	16	static
hid-roccat-savu.c:33:1:roccat_common2_sysfs_read_buttons	16	static
hid-roccat-savu.c:32:1:roccat_common2_sysfs_read_general	16	static
hid-roccat-savu.c:31:1:roccat_common2_sysfs_read_profile	16	static
hid-roccat-savu.c:203:19:savu_init	32	static
hid-roccat-savu.c:169:12:savu_raw_event	32	static
