hid-ntrig.c:862:12:ntrig_input_configured	0	static
hid-ntrig.c:1032:1:ntrig_driver_init	16	static
hid-ntrig.c:458:12:ntrig_input_mapping	32	static
hid-ntrig.c:570:12:ntrig_event	64	static
hid-ntrig.c:232:16:set_min_width	64	static
hid-ntrig.c:267:16:set_min_height	64	static
hid-ntrig.c:301:16:set_activate_slack	64	static
hid-ntrig.c:336:16:set_activation_width	64	static
hid-ntrig.c:372:16:set_activation_height	64	static
hid-ntrig.c:406:16:set_deactivate_slack	64	static
hid-ntrig.c:396:16:show_deactivate_slack	16	static
hid-ntrig.c:360:16:show_activation_height	16	static
hid-ntrig.c:324:16:show_activation_width	16	static
hid-ntrig.c:291:16:show_activate_slack	16	static
hid-ntrig.c:220:16:show_min_width	16	static
hid-ntrig.c:255:16:show_min_height	16	static
hid-ntrig.c:208:16:show_log_height	16	static
hid-ntrig.c:196:16:show_log_width	16	static
hid-ntrig.c:184:16:show_phys_height	16	static
hid-ntrig.c:172:16:show_phys_width	16	static
hid-ntrig.c:965:13:ntrig_remove	32	static
hid-ntrig.c:897:12:ntrig_probe	128	static
hid-ntrig.c:1032:1:ntrig_driver_exit	16	static
hid-ntrig.c:549:12:ntrig_input_mapped	16	static
