hid-roccat-konepure.c:221:20:konepure_exit	16	static
hid-roccat-konepure.c:171:12:konepure_raw_event	16	static
hid-roccat-konepure.c:165:13:konepure_remove	32	static
hid-roccat-konepure.c:134:12:konepure_probe	48	static
hid-roccat-konepure.c:47:1:roccat_common2_sysfs_write_profile_buttons	16	static
hid-roccat-konepure.c:46:1:roccat_common2_sysfs_write_profile_settings	16	static
hid-roccat-konepure.c:50:1:roccat_common2_sysfs_write_tcu	16	static
hid-roccat-konepure.c:52:1:roccat_common2_sysfs_write_sensor	16	static
hid-roccat-konepure.c:48:1:roccat_common2_sysfs_write_macro	16	static
hid-roccat-konepure.c:53:1:roccat_common2_sysfs_write_talk	16	static
hid-roccat-konepure.c:49:1:roccat_common2_sysfs_write_info	16	static
hid-roccat-konepure.c:44:1:roccat_common2_sysfs_write_control	16	static
hid-roccat-konepure.c:45:1:roccat_common2_sysfs_write_actual_profile	16	static
hid-roccat-konepure.c:47:1:roccat_common2_sysfs_read_profile_buttons	16	static
hid-roccat-konepure.c:46:1:roccat_common2_sysfs_read_profile_settings	16	static
hid-roccat-konepure.c:51:1:roccat_common2_sysfs_read_tcu_image	16	static
hid-roccat-konepure.c:50:1:roccat_common2_sysfs_read_tcu	16	static
hid-roccat-konepure.c:52:1:roccat_common2_sysfs_read_sensor	16	static
hid-roccat-konepure.c:49:1:roccat_common2_sysfs_read_info	16	static
hid-roccat-konepure.c:45:1:roccat_common2_sysfs_read_actual_profile	16	static
hid-roccat-konepure.c:206:19:konepure_init	32	static
