hid-roccat-ryos.c:230:20:ryos_exit	16	static
hid-roccat-ryos.c:179:12:ryos_raw_event	16	static
hid-roccat-ryos.c:173:13:ryos_remove	32	static
hid-roccat-ryos.c:142:12:ryos_probe	48	static
hid-roccat-ryos.c:53:1:roccat_common2_sysfs_write_light_macro	16	static
hid-roccat-ryos.c:52:1:roccat_common2_sysfs_write_custom_lights	16	static
hid-roccat-ryos.c:51:1:roccat_common2_sysfs_write_stored_lights	16	static
hid-roccat-ryos.c:50:1:roccat_common2_sysfs_write_talk	16	static
hid-roccat-ryos.c:49:1:roccat_common2_sysfs_write_light_control	16	static
hid-roccat-ryos.c:48:1:roccat_common2_sysfs_write_reset	16	static
hid-roccat-ryos.c:46:1:roccat_common2_sysfs_write_macro	16	static
hid-roccat-ryos.c:45:1:roccat_common2_sysfs_write_light	16	static
hid-roccat-ryos.c:44:1:roccat_common2_sysfs_write_key_mask	16	static
hid-roccat-ryos.c:43:1:roccat_common2_sysfs_write_keys_easyzone	16	static
hid-roccat-ryos.c:42:1:roccat_common2_sysfs_write_keys_extra	16	static
hid-roccat-ryos.c:41:1:roccat_common2_sysfs_write_keys_thumbster	16	static
hid-roccat-ryos.c:40:1:roccat_common2_sysfs_write_keys_macro	16	static
hid-roccat-ryos.c:39:1:roccat_common2_sysfs_write_keys_function	16	static
hid-roccat-ryos.c:38:1:roccat_common2_sysfs_write_keys_primary	16	static
hid-roccat-ryos.c:37:1:roccat_common2_sysfs_write_profile	16	static
hid-roccat-ryos.c:36:1:roccat_common2_sysfs_write_control	16	static
hid-roccat-ryos.c:53:1:roccat_common2_sysfs_read_light_macro	16	static
hid-roccat-ryos.c:51:1:roccat_common2_sysfs_read_stored_lights	16	static
hid-roccat-ryos.c:47:1:roccat_common2_sysfs_read_info	16	static
hid-roccat-ryos.c:46:1:roccat_common2_sysfs_read_macro	16	static
hid-roccat-ryos.c:45:1:roccat_common2_sysfs_read_light	16	static
hid-roccat-ryos.c:44:1:roccat_common2_sysfs_read_key_mask	16	static
hid-roccat-ryos.c:43:1:roccat_common2_sysfs_read_keys_easyzone	16	static
hid-roccat-ryos.c:42:1:roccat_common2_sysfs_read_keys_extra	16	static
hid-roccat-ryos.c:41:1:roccat_common2_sysfs_read_keys_thumbster	16	static
hid-roccat-ryos.c:40:1:roccat_common2_sysfs_read_keys_macro	16	static
hid-roccat-ryos.c:39:1:roccat_common2_sysfs_read_keys_function	16	static
hid-roccat-ryos.c:38:1:roccat_common2_sysfs_read_keys_primary	16	static
hid-roccat-ryos.c:37:1:roccat_common2_sysfs_read_profile	16	static
hid-roccat-ryos.c:215:19:ryos_init	32	static
