hid-roccat-kovaplus.c:654:20:kovaplus_exit	16	static
hid-roccat-kovaplus.c:535:13:kovaplus_remove	32	static
hid-roccat-kovaplus.c:349:16:kovaplus_sysfs_show_actual_sensitivity_y	16	static
hid-roccat-kovaplus.c:339:16:kovaplus_sysfs_show_actual_sensitivity_x	16	static
hid-roccat-kovaplus.c:277:16:kovaplus_sysfs_show_actual_profile	16	static
hid-roccat-kovaplus.c:359:16:kovaplus_sysfs_show_firmware_version	64	static
hid-roccat-kovaplus.c:330:16:kovaplus_sysfs_show_actual_cpi	16	static
hid-roccat-kovaplus.c:285:16:kovaplus_sysfs_set_actual_profile	64	static
hid-roccat-kovaplus.c:639:19:kovaplus_init	32	static
hid-roccat-kovaplus.c:603:12:kovaplus_raw_event	32	static
hid-roccat-kovaplus.c:218:1:kovaplus_sysfs_write_profile_buttons	48	static
hid-roccat-kovaplus.c:504:12:kovaplus_probe	112	static
hid-roccat-kovaplus.c:239:16:kovaplus_sysfs_read_profilex_buttons	80	static
hid-roccat-kovaplus.c:217:1:kovaplus_sysfs_write_profile_settings	48	static
hid-roccat-kovaplus.c:215:1:kovaplus_sysfs_write_control	48	static
hid-roccat-kovaplus.c:216:1:kovaplus_sysfs_write_info	48	static
hid-roccat-kovaplus.c:218:1:kovaplus_sysfs_read_profile_buttons	48	static
hid-roccat-kovaplus.c:216:1:kovaplus_sysfs_read_info	48	static
hid-roccat-kovaplus.c:217:1:kovaplus_sysfs_read_profile_settings	48	static
hid-roccat-kovaplus.c:220:16:kovaplus_sysfs_read_profilex_settings	80	static
