hid-roccat-kone.c:897:20:kone_exit	16	static
hid-roccat-kone.c:775:13:kone_remove	32	static
hid-roccat-kone.c:55:12:kone_receive	80	static
hid-roccat-kone.c:745:12:kone_probe	112	static
hid-roccat-kone.c:330:16:kone_sysfs_read_profilex	64	static
hid-roccat-kone.c:267:16:kone_sysfs_read_settings	64	static
hid-roccat-kone.c:113:12:kone_check_write	48	static
hid-roccat-kone.c:351:16:kone_sysfs_write_profilex	80	static
hid-roccat-kone.c:75:12:kone_send	64	static
hid-roccat-kone.c:549:16:kone_sysfs_show_startup_profile	16	static
hid-roccat-kone.c:448:16:kone_sysfs_show_tcu	16	static
hid-roccat-kone.c:438:16:kone_sysfs_show_firmware_version	16	static
hid-roccat-kone.c:416:16:kone_sysfs_show_weight	80	static
hid-roccat-kone.c:397:16:kone_sysfs_show_actual_profile	16	static
hid-roccat-kone.c:406:16:kone_sysfs_show_actual_dpi	16	static
hid-roccat-kone.c:881:19:kone_init	32	static
hid-roccat-kone.c:834:12:kone_raw_event	64	static
hid-roccat-kone.c:162:12:kone_set_settings	64	static
hid-roccat-kone.c:292:16:kone_sysfs_write_settings	80	static
hid-roccat-kone.c:557:16:kone_sysfs_set_startup_profile	64	static
hid-roccat-kone.c:467:16:kone_sysfs_set_tcu	96	static
