hid-roccat-pyra.c:604:20:pyra_exit	16	static
hid-roccat-pyra.c:485:13:pyra_remove	32	static
hid-roccat-pyra.c:247:16:pyra_sysfs_write_settings	64	static
hid-roccat-pyra.c:301:16:pyra_sysfs_show_actual_profile	64	static
hid-roccat-pyra.c:319:16:pyra_sysfs_show_firmware_version	64	static
hid-roccat-pyra.c:292:16:pyra_sysfs_show_actual_cpi	16	static
hid-roccat-pyra.c:588:19:pyra_init	32	static
hid-roccat-pyra.c:549:12:pyra_raw_event	32	static
hid-roccat-pyra.c:186:1:pyra_sysfs_write_info	48	static
hid-roccat-pyra.c:456:12:pyra_probe	112	static
hid-roccat-pyra.c:190:16:pyra_sysfs_read_profilex_settings	80	static
hid-roccat-pyra.c:187:1:pyra_sysfs_write_profile_settings	48	static
hid-roccat-pyra.c:188:1:pyra_sysfs_write_profile_buttons	48	static
hid-roccat-pyra.c:185:1:pyra_sysfs_write_control	48	static
hid-roccat-pyra.c:188:1:pyra_sysfs_read_profile_buttons	48	static
hid-roccat-pyra.c:186:1:pyra_sysfs_read_info	48	static
hid-roccat-pyra.c:286:1:pyra_sysfs_read_settings	48	static
hid-roccat-pyra.c:187:1:pyra_sysfs_read_profile_settings	48	static
hid-roccat-pyra.c:209:16:pyra_sysfs_read_profilex_buttons	80	static
