wacom_sys.c:70:12:wacom_open	16	static
wacom_sys.c:77:13:wacom_close	16	static
wacom_sys.c:950:12:wacom_ac_get_property	0	static
wacom_sys.c:1575:1:wacom_driver_init	16	static
wacom_sys.c:507:13:wacom_release_shared_data	32	static
wacom_sys.c:55:12:wacom_raw_event	32	static
wacom_sys.c:1028:16:wacom_show_speed	16	static
wacom_sys.c:1116:13:wacom_clean_inputs	32	static
wacom_sys.c:669:1:wacom_led0_select_show	16	static
wacom_sys.c:712:1:wacom_status0_luminance_show	16	static
wacom_sys.c:670:1:wacom_led1_select_show	16	static
wacom_sys.c:714:1:wacom_buttons_luminance_show	16	static
wacom_sys.c:713:1:wacom_status1_luminance_show	16	static
wacom_sys.c:87:12:wacom_calc_hid_res	128	static
wacom_sys.c:1575:1:wacom_driver_exit	16	static
wacom_sys.c:918:12:wacom_battery_get_property	0	static
wacom_sys.c:973:12:wacom_initialize_battery.part.12	80	static
wacom_sys.c:1522:13:wacom_remove	32	static
wacom_sys.c:1097:12:wacom_allocate_inputs	48	static
wacom_sys.c:307:12:wacom_bt_query_tablet_data.isra.7	64	static
wacom_sys.c:1038:16:wacom_store_speed	64	static
wacom_sys.c:530:12:wacom_led_control	80	static
wacom_sys.c:670:1:wacom_led1_select_store	64	static
wacom_sys.c:712:1:wacom_status0_luminance_store	64	static
wacom_sys.c:1135:12:wacom_register_inputs	64	static
wacom_sys.c:1184:13:wacom_wireless_work	80	static
wacom_sys.c:669:1:wacom_led0_select_store	64	static
wacom_sys.c:713:1:wacom_status1_luminance_store	64	static
wacom_sys.c:714:1:wacom_buttons_luminance_store	64	static
wacom_sys.c:367:12:wacom_query_tablet_data	64	static
wacom_sys.c:1540:12:wacom_resume	48	static
wacom_sys.c:1340:12:wacom_probe	160	static
wacom_sys.c:1556:12:wacom_reset_resume	48	static
wacom_sys.c:716:16:wacom_button_image_store	128	static
wacom_sys.c:761:1:wacom_btnimg7_store	16	static
wacom_sys.c:760:1:wacom_btnimg6_store	16	static
wacom_sys.c:759:1:wacom_btnimg5_store	16	static
wacom_sys.c:758:1:wacom_btnimg4_store	16	static
wacom_sys.c:757:1:wacom_btnimg3_store	16	static
wacom_sys.c:756:1:wacom_btnimg2_store	16	static
wacom_sys.c:755:1:wacom_btnimg1_store	16	static
wacom_sys.c:754:1:wacom_btnimg0_store	16	static
