accdet.c:230:13:disable_micbias	16	static
accdet.c:153:12:pmic_pwrap_read	32	static
accdet.c:1066:12:dbug_thread	32	static
accdet.c:416:13:send_key_event	32	static
accdet.c:566:12:sendKeyEvent	96	static
accdet.c:619:16:notify_sendKeyEvent	16	static
accdet.c:1055:16:show_pin_recognition_state	16	static
accdet.c:1025:16:accdet_store_call_state	32	static
accdet.c:1120:16:store_accdet_dump_register	48	static
accdet.c:1104:16:store_accdet_set_headset_mode	48	static
accdet.c:1078:16:store_accdet_start_debug_thread	64	static
accdet.c:314:20:accdet_eint_func	32	static
accdet.c:239:13:disable_micbias_callback	64	static
accdet.c:249:13:accdet_eint_work_callback	64	static
accdet.c:106:6:accdet_detect	16	static
accdet.c:119:6:accdet_state_reset	0	static
accdet.c:129:5:accdet_get_cable_type	0	static
accdet.c:134:6:accdet_auxadc_switch	16	static
accdet.c:928:13:accdet_work_callback	80	static
accdet.c:506:5:accdet_irq_handler	64	static
accdet.c:946:6:accdet_get_dts_data	80	static
accdet.c:1177:6:accdet_int_handler	16	static
accdet.c:1187:6:accdet_eint_int_handler	16	static
accdet.c:1197:5:mt_accdet_probe	288	static
accdet.c:1323:6:mt_accdet_remove	32	static
accdet.c:1341:6:mt_accdet_suspend	32	static
accdet.c:1352:6:mt_accdet_resume	32	static
accdet.c:1368:6:mt_accdet_pm_restore_noirq	64	static
accdet.c:1414:6:mt_accdet_unlocked_ioctl	0	static
