generic.c:464:13:usb_serial_generic_msr_changed.isra.1	128	static
generic.c:57:5:usb_serial_generic_register	0	static
generic.c:73:6:usb_serial_generic_deregister	0	static
generic.c:97:6:usb_serial_generic_close	32	static
generic.c:117:5:usb_serial_generic_prepare_write_buffer	64	static
generic.c:132:5:usb_serial_generic_write_start	96	static
generic.c:191:5:usb_serial_generic_write	64	static
generic.c:211:5:usb_serial_generic_write_room	32	static
generic.c:228:5:usb_serial_generic_chars_in_buffer	32	static
generic.c:246:6:usb_serial_generic_wait_until_sent	64	static
generic.c:302:5:usb_serial_generic_submit_read_urbs	64	static
generic.c:80:5:usb_serial_generic_open	32	static
generic.c:323:6:usb_serial_generic_process_read_urb	96	static
generic.c:348:6:usb_serial_generic_read_bulk_callback	48	static
generic.c:398:6:usb_serial_generic_write_bulk_callback	64	static
generic.c:438:6:usb_serial_generic_throttle	32	static
generic.c:449:6:usb_serial_generic_unthrottle	48	static
generic.c:493:5:usb_serial_generic_tiocmiwait	160	static
generic.c:513:5:usb_serial_generic_get_icount	112	static
generic.c:541:5:usb_serial_handle_sysrq_char	32	static
generic.c:561:5:usb_serial_handle_break	0	static
generic.c:578:6:usb_serial_handle_dcd_change	48	static
generic.c:602:5:usb_serial_generic_resume	64	static
