usb-serial.c:261:13:serial_port_shutdown	16	static
usb-serial.c:326:12:serial_write	16	static
usb-serial.c:344:12:serial_write_room	16	static
usb-serial.c:353:12:serial_chars_in_buffer	16	static
usb-serial.c:382:13:serial_throttle	16	static
usb-serial.c:392:13:serial_unthrottle	16	static
usb-serial.c:402:12:serial_ioctl	16	static
usb-serial.c:435:12:serial_break	16	static
usb-serial.c:495:12:serial_tiocmget	16	static
usb-serial.c:506:12:serial_tiocmset	16	static
usb-serial.c:518:12:serial_get_icount	16	static
usb-serial.c:670:12:serial_port_carrier_raised	16	static
usb-serial.c:681:13:serial_port_dtr_rts	16	static
usb-serial.c:222:12:serial_port_activate	64	static
usb-serial.c:366:13:serial_wait_until_sent	64	static
usb-serial.c:127:13:destroy_serial	64	static
usb-serial.c:1164:12:usb_serial_reset_resume	64	static
usb-serial.c:1284:20:usb_serial_exit	32	static
usb-serial.c:575:13:usb_serial_port_release	32	static
usb-serial.c:541:13:usb_serial_port_work	16	static
usb-serial.c:482:12:serial_proc_open	16	static
usb-serial.c:271:13:serial_hangup	16	static
usb-serial.c:423:13:serial_set_termios	16	static
usb-serial.c:280:13:serial_close	16	static
usb-serial.c:242:12:serial_open	16	static
usb-serial.c:1217:19:usb_serial_init	80	static
usb-serial.c:1147:5:usb_serial_resume	48	static
usb-serial.c:1112:5:usb_serial_suspend	64	static
usb-serial.c:298:13:serial_cleanup	32	static
usb-serial.c:65:25:usb_serial_port_get_by_minor	48	static
usb-serial.c:179:12:serial_install	64	static
usb-serial.c:156:6:usb_serial_put	16	static
usb-serial.c:1076:13:usb_serial_disconnect	64	static
usb-serial.c:697:12:usb_serial_probe	432	static
usb-serial.c:447:12:serial_proc_show	128	static
usb-serial.c:535:6:usb_serial_port_softint	16	static
usb-serial.c:1377:5:usb_serial_register_drivers	96	static
usb-serial.c:1452:6:usb_serial_deregister_drivers	64	static
