ping.c:82:5:ping_get_port	48	static
ping.c:148:6:ping_hash	16	static
ping.c:154:6:ping_unhash	32	static
ping.c:255:5:ping_init_sock	32	static
ping.c:292:6:ping_close	16	static
ping.c:414:5:ping_bind	96	static
ping.c:1101:6:ping_seq_stop	16	static
ping.c:606:5:ping_getfrag	48	static
ping.c:857:5:ping_recvmsg	96	static
ping.c:947:5:ping_queue_rcv_skb	32	static
ping.c:1151:12:ping_seq_open	48	static
ping.c:1200:24:ping_v4_proc_exit_net	16	static
ping.c:1128:12:ping_v4_seq_show	208	static
ping.c:1019:21:ping_get_first.isra.18	0	static
ping.c:172:21:ping_lookup.isra.20	64	static
ping.c:1087:7:ping_seq_next	32	static
ping.c:1195:23:ping_v4_proc_init_net	16	static
ping.c:1082:14:ping_v4_seq_start	48	static
ping.c:699:12:ping_v4_sendmsg	304	static
ping.c:485:6:ping_err	96	static
ping.c:658:5:ping_common_sendmsg	48	static
ping.c:965:6:ping_rcv	32	static
ping.c:1070:7:ping_seq_start	48	static
ping.c:1178:5:ping_proc_register	16	static
ping.c:1189:6:ping_proc_unregister	16	static
ping.c:1210:12:ping_proc_init	16	static
ping.c:1215:6:ping_proc_exit	16	static
ping.c:1222:13:ping_init	0	static
