dst.h:493:19:dst_output	16	static
raw.c:974:7:raw_seq_next	0	static
raw.c:87:6:raw_hash_sk	48	static
raw.c:101:6:raw_unhash_sk	32	static
raw.c:987:6:raw_seq_stop	16	static
raw.c:301:12:raw_rcv_skb	32	static
raw.c:671:12:raw_bind	32	static
raw.c:698:12:raw_recvmsg	96	static
raw.c:663:13:raw_destroy	32	static
raw.c:878:12:compat_raw_ioctl	16	static
raw.c:769:12:raw_geticmpfilter	16	static
raw.c:760:12:raw_seticmpfilter	32	static
raw.c:653:13:raw_close	32	static
raw.c:1048:12:raw_v4_seq_open	32	static
raw.c:1069:24:raw_exit_net	16	static
raw.c:1014:12:raw_seq_show	192	static
raw.c:1061:23:raw_init_net	16	static
raw.c:112:21:__raw_v4_lookup.isra.20	0	static
raw.c:751:12:raw_init	0	static
raw.c:839:12:compat_raw_getsockopt	16	static
raw.c:809:12:compat_raw_setsockopt	16	static
raw.c:830:12:raw_getsockopt	16	static
raw.c:800:12:raw_setsockopt	16	static
raw.c:848:12:raw_ioctl	48	static
raw.c:473:12:raw_sendmsg	288	static
raw.c:965:7:raw_seq_start	48	static
raw.c:275:6:raw_icmp_error	112	static
raw.c:314:5:raw_rcv	48	static
raw.c:196:5:raw_local_deliver	96	static
raw.c:1032:5:raw_seq_open	32	static
raw.c:1079:12:raw_proc_init	16	static
raw.c:1084:13:raw_proc_exit	16	static
