tcp.h:1611:20:tcp_stream_memory_free	0	static
tcp_ipv4.c:1762:6:inet_sk_rx_dst_set	0	static
tcp_ipv4.c:100:15:tcp_v4_init_sequence	16	static
tcp_ipv4.c:141:5:tcp_v4_connect	160	static
tcp_ipv4.c:857:13:tcp_v4_reqsk_destructor	16	static
tcp_ipv4.c:582:13:tcp_v4_send_reset	112	static
tcp_ipv4.c:1238:26:tcp_v4_route_req	48	static
tcp_ipv4.c:1227:13:tcp_v4_init_req	64	static
tcp_ipv4.c:1300:14:tcp_v4_syn_recv_sock	96	static
tcp_ipv4.c:1434:5:tcp_v4_do_rcv	96	static
tcp_ipv4.c:1820:6:tcp_v4_destroy_sock	32	static
tcp_ipv4.c:2258:5:tcp_seq_open	48	static
tcp_ipv4.c:2237:13:tcp_seq_stop	48	static
tcp_ipv4.c:2457:24:tcp4_proc_exit_net	16	static
tcp_ipv4.c:2404:12:tcp4_seq_show	304	static
tcp_ipv4.c:1805:12:tcp_v4_init_sock	32	static
tcp_ipv4.c:2563:24:tcp_sk_exit_batch	16	static
tcp_ipv4.c:2528:24:tcp_sk_exit	64	static
tcp_ipv4.c:2066:14:established_get_first.isra.31	48	static
tcp_ipv4.c:2097:14:established_get_next	32	static
tcp_ipv4.c:108:5:tcp_twsk_unique	32	static
tcp_ipv4.c:272:6:tcp_v4_mtu_reduced.part.33	48	static
tcp_ipv4.c:272:6:tcp_v4_mtu_reduced	16	static
tcp_ipv4.c:711:13:tcp_v4_send_ack.isra.34	144	static
tcp_ipv4.c:801:13:tcp_v4_reqsk_send_ack	32	static
tcp_ipv4.c:1280:5:tcp_v4_conn_request	16	static
tcp_ipv4.c:1959:14:listening_get_next.isra.36	80	static
tcp_ipv4.c:2537:23:tcp_sk_init	80	static
tcp_ipv4.c:2206:14:tcp_seq_next	48	static
tcp_ipv4.c:2184:14:tcp_seq_start	64	static
tcp_ipv4.c:2452:23:tcp4_proc_init_net	16	static
tcp_ipv4.c:332:6:tcp_v4_err	144	static
tcp_ipv4.c:544:6:__tcp_v4_send_check	64	static
tcp_ipv4.c:561:6:tcp_v4_send_check	16	static
tcp_ipv4.c:824:12:tcp_v4_send_synack	112	static
tcp_ipv4.c:865:6:tcp_syn_flood_action	64	static
tcp_ipv4.c:1496:6:tcp_v4_early_demux	32	static
tcp_ipv4.c:1540:6:tcp_prequeue	64	static
tcp_ipv4.c:1592:5:tcp_v4_rcv	144	static
tcp_ipv4.c:1860:6:tcp_v4_handle_retrans_time_by_uid	96	static
tcp_ipv4.c:1906:6:tcp_v4_reset_connections_by_uid	112	static
tcp_ipv4.c:2276:5:tcp_proc_register	16	static
tcp_ipv4.c:2293:6:tcp_proc_unregister	16	static
tcp_ipv4.c:2467:12:tcp4_proc_init	16	static
tcp_ipv4.c:2472:6:tcp4_proc_exit	16	static
tcp_ipv4.c:2574:13:tcp_v4_init	16	static
