ddp_dsi.c:2231:13:lcm_set_reset_pin	0	static
ddp_dsi.c:2600:5:ddp_dsi_deinit	0	static
ddp_dsi.c:222:19:DSI_Reset	96	static
ddp_dsi.c:3200:5:ddp_dsi_reset	16	static
ddp_dsi.c:247:19:DSI_SetMode	96	static
ddp_dsi.c:3319:5:ddp_dsi_is_busy	32	static
ddp_dsi.c:2331:5:ddp_dsi_set_lcm_utils	1072	static
ddp_dsi.c:2242:13:lcm_udelay	16	static
ddp_dsi.c:174:13:_DSI_INTERNAL_IRQ_Handler	96	static
ddp_dsi.c:2247:13:lcm_mdelay	32	static
ddp_dsi.c:3337:5:ddp_dsi_is_idle	32	static
ddp_dsi.c:304:12:DSI_DisableClk	96	static
ddp_dsi.c:315:6:DSI_lane0_ULP_mode	80	static
ddp_dsi.c:344:6:DSI_clk_ULP_mode	80	static
ddp_dsi.c:376:6:DSI_clk_HS_state	16	static
ddp_dsi.c:385:6:DSI_clk_HS_mode	96	static
ddp_dsi.c:401:13:_dsi_cmd_mode_parse_state	0	static
ddp_dsi.c:439:12:DSI_DumpRegisters	576	static
ddp_dsi.c:527:13:DSI_WaitForNotBusy.part.2	144	static
ddp_dsi.c:527:13:DSI_WaitForNotBusy	48	static
ddp_dsi.c:2865:5:ddp_dsi_stop	80	static
ddp_dsi.c:3401:5:ddp_dsi_build_cmdq	112	static
ddp_dsi.c:581:12:DSI_SleepOut	96	static
ddp_dsi.c:597:12:DSI_Wakeup	96	static
ddp_dsi.c:614:12:DSI_BackupRegisters	96	static
ddp_dsi.c:660:12:DSI_RestoreRegisters	96	static
ddp_dsi.c:705:12:DSI_BIST_Pattern_Test	128	static
ddp_dsi.c:746:6:DSI_Config_VDO_Timing	112	static
ddp_dsi.c:806:5:_dsi_ps_type_to_bpp	0	static
ddp_dsi.c:822:12:DSI_PS_Control	160	static
ddp_dsi.c:875:12:DSI_TXRX_Control	112	static
ddp_dsi.c:925:5:MIPITX_IsEnabled	32	static
ddp_dsi.c:2525:5:ddp_dsi_init	128	static
ddp_dsi.c:939:5:DSI_ClkIsEnabled	32	static
ddp_dsi.c:953:6:DSI_PHY_clk_setting	160	static
ddp_dsi.c:1251:6:DSI_PHY_TIMCONFIG	176	static
ddp_dsi.c:1454:6:DSI_PHY_clk_switch	96	static
ddp_dsi.c:3270:5:ddp_dsi_power_off	48	static
ddp_dsi.c:1527:12:DSI_EnableClk	96	static
ddp_dsi.c:3208:5:ddp_dsi_power_on	48	static
ddp_dsi.c:1539:12:DSI_Start	96	static
ddp_dsi.c:1558:6:DSI_Set_VM_CMD	112	static
ddp_dsi.c:2778:5:ddp_dsi_config	208	static
ddp_dsi.c:1580:12:DSI_EnableVM_CMD	96	static
ddp_dsi.c:1600:8:DSI_dcs_read_lcm_reg_v2	224	static
ddp_dsi.c:2311:14:DSI_dcs_read_lcm_reg_v2_wrapper_DSI0	16	static
ddp_dsi.c:2316:14:DSI_dcs_read_lcm_reg_v2_wrapper_DSI1	16	static
ddp_dsi.c:2321:14:DSI_dcs_read_lcm_reg_v2_wrapper_DSIDUAL	16	static
ddp_dsi.c:1760:6:DSI_set_cmdq_V2	144	static
ddp_dsi.c:2257:6:DSI_set_cmdq_V2_Wrapper_DSI0	16	static
ddp_dsi.c:2263:6:DSI_set_cmdq_V2_Wrapper_DSI1	16	static
ddp_dsi.c:2269:6:DSI_set_cmdq_V2_Wrapper_DSIDual	16	static
ddp_dsi.c:1971:6:DSI_set_cmdq_V3	0	static
ddp_dsi.c:2110:6:DSI_set_cmdq	112	static
ddp_dsi.c:2293:6:DSI_set_cmdq_wrapper_DSI0	16	static
ddp_dsi.c:2299:6:DSI_set_cmdq_wrapper_DSI1	16	static
ddp_dsi.c:2305:6:DSI_set_cmdq_wrapper_DSIDual	16	static
ddp_dsi.c:3183:5:ddp_dsi_trigger	96	static
ddp_dsi.c:2192:6:_copy_dsi_params	16	static
ddp_dsi.c:2197:5:DSI_Send_ROI	112	static
ddp_dsi.c:2840:5:ddp_dsi_start	64	static
ddp_dsi.c:2275:6:DSI_set_cmdq_V3_Wrapper_DSI0	0	static
ddp_dsi.c:2281:6:DSI_set_cmdq_V3_Wrapper_DSI1	0	static
ddp_dsi.c:2287:6:DSI_set_cmdq_V3_Wrapper_DSIDual	0	static
ddp_dsi.c:2392:6:DSI_PHY_clk_CHG	128	static
ddp_dsi.c:2508:6:DSI_ChangeClk	64	static
ddp_dsi.c:2605:6:_dump_dsi_params	0	static
ddp_dsi.c:2913:5:ddp_dsi_switch_lcm_mode	96	static
ddp_dsi.c:2954:5:ddp_dsi_switch_mode	128	static
ddp_dsi.c:3036:5:ddp_dsi_clk_on	48	static
ddp_dsi.c:3058:5:ddp_dsi_clk_off	32	static
ddp_dsi.c:3079:5:ddp_dsi_ioctl	80	static
ddp_dsi.c:3358:6:dsi_analysis	160	static
ddp_dsi.c:3389:5:ddp_dsi_dump	32	static
ddp_dsi.c:3711:7:get_dsi_params_handle	0	static
ddp_dsi.c:3719:8:PanelMaster_get_TE_status	0	static
ddp_dsi.c:3727:8:PanelMaster_get_CC	16	static
ddp_dsi.c:3735:6:PanelMaster_set_CC	48	static
ddp_dsi.c:4077:7:DSI_ssc_enable	16	static
ddp_dsi.c:3752:6:PanelMaster_DSI_set_timing	32	static
ddp_dsi.c:4100:8:PanelMaster_get_dsi_timing	32	static
ddp_dsi.c:4226:14:PanelMaster_set_PM_enable	0	static
