ddp_dump.c:513:13:gamma_dump_reg	544	static
ddp_dump.c:355:13:mmsys_config_dump_reg	544	static
ddp_dump.c:284:13:mutex_dump_reg	544	static
ddp_dump.c:546:13:merge_dump_reg	528	static
ddp_dump.c:561:13:split_dump_reg	544	static
ddp_dump.c:593:13:color_dump_reg	544	static
ddp_dump.c:632:13:aal_dump_reg	544	static
ddp_dump.c:667:13:pwm_dump_reg	544	static
ddp_dump.c:734:13:ufoe_dump_reg	528	static
ddp_dump.c:703:13:od_dump_reg	544	static
ddp_dump.c:747:13:dsi_dump_reg	560	static
ddp_dump.c:533:13:gamma_dump_analysis	544	static
ddp_dump.c:554:13:merge_dump_analysis	528	static
ddp_dump.c:576:13:split_dump_analysis	544	static
ddp_dump.c:614:13:color_dump_analysis	544	static
ddp_dump.c:658:13:aal_dump_analysis	528	static
ddp_dump.c:740:13:ufoe_dump_analysis	528	static
ddp_dump.c:725:13:od_dump_analysis	528	static
ddp_dump.c:686:13:pwm_dump_analysis	544	static
ddp_dump.c:816:13:dpi_dump_analysis	544	static
ddp_dump.c:23:14:ddp_signal_0	32	static
ddp_dump.c:96:14:ddp_signal_1	32	static
ddp_dump.c:440:13:mmsys_config_dump_analysis	1136	static
ddp_dump.c:191:7:ddp_mutex_sof_to_string.part.0	544	static
ddp_dump.c:191:7:ddp_mutex_sof_to_string	32	static
ddp_dump.c:323:13:mutex_dump_analysis	1136	static
ddp_dump.c:827:5:ddp_dump_reg	544	static
ddp_dump.c:888:5:ddp_dump_analysis	544	static
