ddp_ovl.c:261:14:ovl_intput_format_name	48	static
ddp_ovl.c:773:12:ovl_check_input_param	32	static
ddp_ovl.c:1015:5:ovl_build_cmdq	32	static
ddp_ovl.c:1206:13:ovl_print_ovl_rdma_status	544	static
ddp_ovl.c:1143:13:ovl_printf_status	544	static
ddp_ovl.c:295:21:ovl_index.part.0	48	static
ddp_ovl.c:313:5:ovl_start	48	static
ddp_ovl.c:347:5:ovl_reset	48	static
ddp_ovl.c:638:13:ovl_restore_regs	80	static
ddp_ovl.c:614:13:ovl_store_regs	32	static
ddp_ovl.c:651:5:ovl_clock_on	48	static
ddp_ovl.c:661:5:ovl_clock_off	48	static
ddp_ovl.c:671:5:ovl_resume	48	static
ddp_ovl.c:681:5:ovl_suspend	32	static
ddp_ovl.c:691:5:ovl_init	32	static
ddp_ovl.c:700:5:ovl_deinit	32	static
ddp_ovl.c:167:21:ovl_input_fmt_bpp	48	static
ddp_ovl.c:374:5:ovl_roi	80	static
ddp_ovl.c:392:5:ovl_layer_switch	80	static
ddp_ovl.c:325:5:ovl_stop	48	static
ddp_ovl.c:449:5:ovl_layer_config	240	static
ddp_ovl.c:813:12:ovl_config_l	240	static
ddp_ovl.c:709:14:ddp_ovl_get_cur_addr	0	static
ddp_ovl.c:720:6:ovl_get_address	16	static
ddp_ovl.c:738:6:ovl_get_info	112	static
ddp_ovl.c:1046:6:ovl_dump_reg	560	static
ddp_ovl.c:1219:6:ovl_dump_analysis	736	static
ddp_ovl.c:1275:5:ovl_dump	32	static
