ddp_dpi.c:112:13:lcm_set_reset_pin	0	static
ddp_dpi.c:117:13:lcm_send_cmd	0	static
ddp_dpi.c:122:13:lcm_send_data	0	static
ddp_dpi.c:782:5:ddp_dpi_start	0	static
ddp_dpi.c:819:5:ddp_dpi_is_busy	0	static
ddp_dpi.c:846:20:_DPI_InterruptHandler	0	static
ddp_dpi.c:973:5:ddp_dpi_build_cmdq	0	static
ddp_dpi.c:772:5:ddp_dpi_reset	48	static
ddp_dpi.c:107:13:lcm_mdelay	16	static
ddp_dpi.c:102:13:lcm_udelay	16	static
ddp_dpi.c:978:5:ddp_dpi_dump	560	static
ddp_dpi.c:787:5:ddp_dpi_trigger	48	static
ddp_dpi.c:441:5:ddp_dpi_power_on	48	static
ddp_dpi.c:863:5:ddp_dpi_init	64	static
ddp_dpi.c:494:5:ddp_dpi_power_off	48	static
ddp_dpi.c:951:5:ddp_dpi_set_lcm_utils	32	static
ddp_dpi.c:828:5:ddp_dpi_is_idle	0	static
ddp_dpi.c:152:5:Is_interlace_resolution	0	static
ddp_dpi.c:167:5:Is_3d_resolution	0	static
ddp_dpi.c:182:12:ddp_dpi_ConfigPclk	112	static
ddp_dpi.c:328:12:ddp_dpi_ConfigDE	16	static
ddp_dpi.c:338:12:ddp_dpi_ConfigVsync	80	static
ddp_dpi.c:363:12:ddp_dpi_ConfigHsync	64	static
ddp_dpi.c:381:12:ddp_dpi_ConfigDualEdge	64	static
ddp_dpi.c:396:12:ddp_dpi_ConfigBG	96	static
ddp_dpi.c:800:5:ddp_dpi_stop	48	static
ddp_dpi.c:930:5:ddp_dpi_deinit	48	static
ddp_dpi.c:418:12:ddp_dpi_ConfigSize	16	static
ddp_dpi.c:430:12:ddp_dpi_EnableColorBar	0	static
ddp_dpi.c:550:12:ddp_dpi_3d_ctrl	16	static
ddp_dpi.c:561:12:ddp_dpi_config_colorspace	64	static
ddp_dpi.c:607:12:ddp_dpi_yuv422_setting	16	static
ddp_dpi.c:617:12:ddp_dpi_clpf_setting	64	static
ddp_dpi.c:633:12:ddp_dpi_vsync_lr_enable	16	static
ddp_dpi.c:652:12:ddp_dpi_ConfigVsync_LEVEN	64	static
ddp_dpi.c:676:12:ddp_dpi_ConfigVsync_REVEN	64	static
ddp_dpi.c:697:12:ddp_dpi_ConfigVsync_RODD	64	static
ddp_dpi.c:833:14:ddp_dpi_get_cur_addr	0	static
ddp_dpi.c:1081:6:LVDS_Clk_Path_Config	0	static
ddp_dpi.c:1090:6:LVDS_ANA_Init	80	static
ddp_dpi.c:1189:6:LVDS_DIG_Init	64	static
ddp_dpi.c:1237:6:LVDS_PLL_Init	64	static
ddp_dpi.c:1302:6:ddp_dpi_lvds_config	48	static
ddp_dpi.c:713:5:ddp_dpi_config.part.5	64	static
ddp_dpi.c:713:5:ddp_dpi_config	16	static
ddp_dpi.c:1001:5:ddp_dpi_ioctl	80	static
ddp_dpi.c:1314:6:DPI0_IS_TOP_FIELD	0	static
