ddp_manager.c:144:29:_get_context.part.0	32	static
ddp_manager.c:1571:13:dpmgr_irq_handler	144	static
ddp_manager.c:158:12:path_top_clock_off	32	static
ddp_manager.c:1554:5:dpmgr_signal_event.part.3	32	static
ddp_manager.c:1685:5:ddp_regbase_init.part.4	112	static
ddp_manager.c:221:12:dpmgr_module_notify	64	static
ddp_manager.c:176:12:path_top_clock_on	32	static
ddp_manager.c:310:5:dpmgr_path_set_video_mode	48	static
ddp_manager.c:322:18:dpmgr_create_path	112	static
ddp_manager.c:356:5:dpmgr_modify_path	320	static
ddp_manager.c:417:5:dpmgr_destroy_path	64	static
ddp_manager.c:449:5:dpmgr_path_memout_clock	0	static
ddp_manager.c:481:5:dpmgr_path_add_memout	64	static
ddp_manager.c:521:5:dpmgr_path_remove_memout	64	static
ddp_manager.c:564:5:dpmgr_path_set_dst_module	48	static
ddp_manager.c:576:5:dpmgr_path_get_mutex	32	static
ddp_manager.c:585:18:dpmgr_path_get_dst_module	48	static
ddp_manager.c:599:5:dpmgr_path_connect	32	static
ddp_manager.c:615:5:dpmgr_path_disconnect	32	static
ddp_manager.c:630:5:dpmgr_path_init	128	static
ddp_manager.c:683:5:dpmgr_path_deinit	112	static
ddp_manager.c:721:5:dpmgr_path_start	96	static
ddp_manager.c:750:5:dpmgr_path_stop	96	static
ddp_manager.c:780:5:dpmgr_path_ioctl	112	static
ddp_manager.c:812:5:dpmgr_path_reset	112	static
ddp_manager.c:850:5:dpmgr_path_config	128	static
ddp_manager.c:883:23:dpmgr_path_get_last_config	32	static
ddp_manager.c:896:6:dpmgr_get_input_address	32	static
ddp_manager.c:910:5:dpmgr_path_build_cmdq	64	static
ddp_manager.c:938:5:dpmgr_path_trigger	80	static
ddp_manager.c:966:5:dpmgr_path_flush	48	static
ddp_manager.c:984:6:dpmgr_path_spare_module_clock_off	32	static
ddp_manager.c:998:5:dpmgr_path_power_off	80	static
ddp_manager.c:1027:5:dpmgr_path_power_on	80	static
ddp_manager.c:1056:5:dpmgr_path_dsi_off	48	static
ddp_manager.c:1083:5:dpmgr_path_dsi_on	48	static
ddp_manager.c:1108:5:dpmgr_path_idle_off	96	static
ddp_manager.c:1151:5:dpmgr_path_idle_on	96	static
ddp_manager.c:1204:5:dpmgr_path_user_cmd	80	static
ddp_manager.c:1305:5:dpmgr_path_set_parameter	0	static
ddp_manager.c:1310:5:dpmgr_path_get_parameter	0	static
ddp_manager.c:1321:5:dpmgr_path_is_busy	48	static
ddp_manager.c:1315:5:dpmgr_path_is_idle	32	static
ddp_manager.c:1349:5:dpmgr_set_lcm_utils	80	static
ddp_manager.c:1375:5:dpmgr_enable_event	80	static
ddp_manager.c:1395:5:dpmgr_map_event_to_irq	64	static
ddp_manager.c:1414:5:dpmgr_disable_event	48	static
ddp_manager.c:1429:5:dpmgr_check_status	64	static
ddp_manager.c:1462:6:dpmgr_debug_path_status	32	static
ddp_manager.c:1487:5:dpmgr_wait_event_timeout	128	static
ddp_manager.c:1523:5:dpmgr_wait_event	144	static
ddp_manager.c:1554:5:dpmgr_signal_event	64	static
ddp_manager.c:1605:13:dpmgr_module_name_spy	0	static
ddp_manager.c:1685:5:ddp_regbase_init	16	static
ddp_manager.c:1786:5:dpmgr_init	16	static
