display_recorder.c:1218:5:dprec_init	0	static
display_recorder.c:1223:6:dprec_event_op	0	static
display_recorder.c:1227:6:dprec_logger_trigger	0	static
display_recorder.c:1231:20:dprec_logger_get_current_hold_period	0	static
display_recorder.c:1236:6:dprec_logger_start	0	static
display_recorder.c:1240:6:dprec_logger_done	0	static
display_recorder.c:1244:6:dprec_logger_event_init	0	static
display_recorder.c:1249:6:dprec_logger_frame_seq_begin	0	static
display_recorder.c:1253:6:dprec_logger_frame_seq_end	0	static
display_recorder.c:1257:6:dprec_start	0	static
display_recorder.c:1261:6:dprec_done	0	static
display_recorder.c:1265:6:dprec_trigger	0	static
display_recorder.c:1269:6:dprec_submit	0	static
display_recorder.c:1273:6:dprec_logger_submit	0	static
display_recorder.c:1278:6:dprec_logger_reset_all	0	static
display_recorder.c:1282:6:dprec_logger_reset	0	static
display_recorder.c:1286:5:dprec_logger_get_result_string	0	static
display_recorder.c:1291:5:dprec_logger_get_result_string_all	0	static
display_recorder.c:1296:6:dprec_stub_irq	0	static
display_recorder.c:1300:6:dprec_stub_event	0	static
display_recorder.c:1304:14:dprec_get_vsync_count	0	static
display_recorder.c:1309:6:dprec_reg_op	0	static
display_recorder.c:1313:6:dprec_logger_dump	0	static
display_recorder.c:1317:6:dprec_logger_dump_reset	0	static
display_recorder.c:1321:7:dprec_logger_get_dump_addr	0	static
display_recorder.c:1326:14:dprec_logger_get_dump_len	0	static
display_recorder.c:1331:5:dprec_handle_option	0	static
display_recorder.c:1336:5:dprec_mmp_dump_ovl_layer	0	static
display_recorder.c:1342:5:dprec_mmp_dump_wdma_layer	0	static
display_recorder.c:1347:5:dprec_mmp_dump_rdma_layer	0	static
display_recorder.c:1352:5:dprec_logger_pr	48	static
display_recorder.c:1357:5:dprec_logger_get_buf	0	static
display_recorder.c:1362:9:dprec_read_from_buffer	48	static
