smi_variant.c:964:12:_mtk_smi_larb_get	80	static
smi_variant.c:1757:6:MTK_SMI_COMPAT_ioctl	48	static
smi_variant.c:234:13:backup_larb_smi	64	static
smi_variant.c:1352:13:smi_dumpCommonDebugMsg	64	static
smi_variant.c:1394:13:smi_dumpLarbDebugMsg	96	static
smi_variant.c:1336:20:smi_exit	32	static
smi_variant.c:310:12:larb_reg_backup	48	static
smi_variant.c:1122:12:mtk_smi_larb_remove	16	static
smi_variant.c:1211:12:mtk_smi_remove	16	static
smi_variant.c:1065:12:mtk_smi_larb_probe	80	static
smi_variant.c:1168:12:mtk_smi_probe	48	static
smi_variant.c:715:12:smi_release	32	static
smi_variant.c:701:12:smi_open	32	static
smi_variant.c:1295:19:smi_init	64	static
smi_variant.c:1003:13:_mtk_smi_larb_put	48	static
smi_variant.c:1015:12:mtk_smi_larb_runtime_suspend	32	static
smi_variant.c:168:15:mtk_smi_larb_get_base	0	static
smi_variant.c:184:5:mtk_smi_larb_clock_on	48	static
smi_variant.c:201:6:mtk_smi_larb_clock_off	48	static
smi_variant.c:451:12:smi_bwc_config.constprop	208	static
smi_variant.c:675:5:smi_common_init	64	static
smi_variant.c:1342:19:smi_init_late	16	static
smi_variant.c:727:6:smi_bwc_mm_info_set	0	static
smi_variant.c:764:13:smi_ioctl	96	static
smi_variant.c:1487:6:smi_dumpDebugMsg	32	static
smi_variant.c:366:5:larb_reg_restore	96	static
smi_variant.c:1037:12:mtk_smi_larb_runtime_resume	32	static
smi_variant.c:1262:12:mtk_smi_variant_event_notify	64	static
smi_variant.c:1499:5:smi_debug_bus_hanging_detect	112	static
