alsps.c:482:16:als_store_flush	0	static
alsps.c:634:16:ps_store_flush	0	static
alsps.c:663:12:als_ps_remove	16	static
alsps.c:669:12:als_ps_probe	32	static
alsps.c:428:16:als_show_delay	16	static
alsps.c:579:16:ps_show_delay	16	static
alsps.c:438:16:als_store_batch	64	static
alsps.c:589:16:ps_store_batch	64	static
alsps.c:383:16:als_show_active	32	static
alsps.c:476:16:als_show_batch	16	static
alsps.c:488:16:als_show_flush	16	static
alsps.c:532:16:ps_show_active	32	static
alsps.c:628:16:ps_show_batch	16	static
alsps.c:640:16:ps_show_flush	16	static
alsps.c:395:16:als_store_delay	80	static
alsps.c:544:16:ps_store_delay	80	static
alsps.c:494:16:als_show_devnum	80	static
alsps.c:646:16:ps_show_devnum	80	static
alsps.c:152:13:als_poll	16	static
alsps.c:160:13:ps_poll	16	static
alsps.c:1085:19:alsps_init	96	static
alsps.c:97:13:ps_work_func	64	static
alsps.c:51:13:als_work_func	80	static
alsps.c:511:16:ps_store_active	64	static
alsps.c:362:16:als_store_active	64	static
alsps.c:25:5:als_data_report	48	static
alsps.c:42:5:ps_data_report	32	static
alsps.c:721:5:alsps_driver_add	64	static
alsps.c:753:25:get_alsps_platformdev	0	static
alsps.c:759:5:ps_report_interrupt_data	32	static
alsps.c:856:5:als_register_data_path	32	static
alsps.c:872:5:ps_register_data_path	32	static
alsps.c:888:5:als_register_control_path	48	static
alsps.c:926:5:ps_register_control_path	48	static
alsps.c:969:5:alsps_aal_enable	16	static
alsps.c:996:5:alsps_aal_get_status	0	static
alsps.c:1001:5:alsps_aal_get_data	32	static
alsps.c:1097:20:alsps_exit	64	static
