backlight.c:442:12:devm_backlight_device_match	0	static
backlight.c:541:12:of_parent_match	0	static
backlight.c:40:12:fb_notifier_callback	64	static
backlight.c:251:12:backlight_resume	48	static
backlight.c:237:12:backlight_suspend	48	static
backlight.c:269:13:bl_device_release	16	static
backlight.c:569:20:backlight_class_exit	16	static
backlight.c:574:19:backlight_class_init	48	static
backlight.c:199:16:type_show	16	static
backlight.c:208:16:max_brightness_show	16	static
backlight.c:217:16:actual_brightness_show	48	static
backlight.c:159:16:brightness_show	16	static
backlight.c:124:16:bl_power_show	16	static
backlight.c:132:16:bl_power_store	80	static
backlight.c:167:16:brightness_store	96	static
backlight.c:435:13:devm_backlight_device_release	48	static
backlight.c:293:6:backlight_force_update	64	static
backlight.c:317:26:backlight_device_register	96	static
backlight.c:383:6:backlight_device_registered	48	static
backlight.c:407:6:backlight_device_unregister	48	static
backlight.c:459:5:backlight_register_notifier	16	static
backlight.c:474:5:backlight_unregister_notifier	16	static
backlight.c:495:26:devm_backlight_device_register	80	static
backlight.c:529:6:devm_backlight_device_unregister	16	static
backlight.c:558:26:of_find_backlight_by_node	16	static
