firmware_class.c:391:13:fw_name_devm_release	0	static
firmware_class.c:1486:12:devm_name_match	0	static
firmware_class.c:1647:12:fw_suspend	0	static
firmware_class.c:400:12:fw_devm_match	16	static
firmware_class.c:1404:31:alloc_fw_cache_entry	32	static
firmware_class.c:1473:13:dev_create_fw_entry	32	static
firmware_class.c:544:13:fw_dev_release	16	static
firmware_class.c:529:16:timeout_store	32	static
firmware_class.c:510:16:timeout_show	16	static
firmware_class.c:582:16:firmware_loading_show	64	static
firmware_class.c:238:13:__fw_free_buf	32	static
firmware_class.c:264:13:fw_free_buf	32	static
firmware_class.c:704:16:firmware_data_read	112	static
firmware_class.c:1694:20:firmware_class_exit	32	static
firmware_class.c:1683:19:firmware_class_init	32	static
firmware_class.c:1493:13:dev_cache_fw_image	128	static
firmware_class.c:1599:13:device_uncache_fw_images_work	96	static
firmware_class.c:494:12:fw_shutdown_notify	32	static
firmware_class.c:563:12:firmware_uevent	48	static
firmware_class.c:1111:1:_request_firmware	176	static
firmware_class.c:1455:13:__async_dev_cache_fw_image	48	static
firmware_class.c:1258:13:request_firmware_work_func	48	static
firmware_class.c:478:13:fw_load_abort.isra.12	32	static
firmware_class.c:628:16:firmware_loading_store	64	static
firmware_class.c:799:16:firmware_data_write	96	static
firmware_class.c:1617:12:fw_pm_notify	80	static
firmware_class.c:853:13:firmware_class_timeout_work	48	static
firmware_class.c:1196:1:request_firmware	16	static
firmware_class.c:1221:5:request_firmware_direct	16	static
firmware_class.c:1237:6:release_firmware	32	static
firmware_class.c:1298:1:request_firmware_nowait	80	static
