platform.c:548:12:platform_drv_probe_fail	0	static
platform.c:898:5:platform_pm_suspend	16	static
platform.c:916:5:platform_pm_resume	16	static
platform.c:208:13:platform_device_release	32	static
platform.c:565:13:platform_drv_shutdown	32	static
platform.c:553:12:platform_drv_remove	32	static
platform.c:523:12:platform_drv_probe	48	static
platform.c:743:16:driver_override_store	64	static
platform.c:776:16:driver_override_show	48	static
platform.c:843:12:platform_match	48	static
platform.c:797:12:platform_uevent	32	static
platform.c:723:16:modalias_show	32	static
platform.c:57:13:arch_setup_pdev_archdata	0	static
platform.c:67:18:platform_get_resource	0	static
platform.c:87:5:platform_get_irq	32	static
platform.c:126:18:platform_get_resource_byname	64	static
platform.c:150:5:platform_get_irq_byname	32	static
platform.c:201:6:platform_device_put	16	static
platform.c:229:25:platform_device_alloc	48	static
platform.c:257:5:platform_device_add_resources	48	static
platform.c:285:5:platform_device_add_data	32	static
platform.c:309:5:platform_device_add	64	static
platform.c:396:6:platform_device_del	32	static
platform.c:172:5:platform_add_devices	80	static
platform.c:429:5:platform_device_register	48	static
platform.c:454:6:platform_device_unregister	32	static
platform.c:469:25:platform_device_register_full	48	static
platform.c:579:5:__platform_driver_register	16	static
platform.c:599:6:platform_driver_unregister	16	static
platform.c:624:22:platform_driver_probe	48	static
platform.c:675:43:platform_create_bundle	96	static
platform.c:1043:5:dma_get_required_mask	0	static
platform.c:1074:12:early_platform_driver_register	96	static
platform.c:1131:13:early_platform_add_devices	0	static
platform.c:1157:13:early_platform_driver_register_all	16	static
platform.c:1312:12:early_platform_driver_probe	144	static
platform.c:1337:13:early_platform_cleanup	0	static
platform.c:1027:12:platform_bus_init	32	static
