devicemem.c:536:1:_SubAllocImportFree	32	static
devicemem.c:100:1:_AllocateDeviceMemory.isra.1	144	static
devicemem.c:286:1:_SubAllocImportAlloc	160	static
devicemem.c:787:1:DevmemAcquireDevPrivData	0	static
devicemem.c:807:1:DevmemReleaseDevPrivData	0	static
devicemem.c:825:1:DevmemFindHeapByName	64	static
devicemem.c:895:1:DevmemHeapConfigCount	16	static
devicemem.c:906:1:DevmemHeapCount	16	static
devicemem.c:919:1:DevmemHeapConfigName	16	static
devicemem.c:934:1:DevmemHeapDetails	32	static
devicemem.c:966:1:DevmemGetHeapInt	0	static
devicemem.c:980:1:DevmemCreateHeap	208	static
devicemem.c:1185:1:DevmemGetHeapBaseDevVAddr	0	static
devicemem.c:1199:1:DevmemExportalignAdjustSizeAndAlign	0	static
devicemem.c:1226:1:DevmemDestroyHeap	32	static
devicemem.c:847:1:DevmemDestroyContext	32	static
devicemem.c:569:1:_PopulateContextFromBlueprint.constprop	272	static
devicemem.c:710:1:DevmemCreateContext	80	static
devicemem.c:1542:1:DevmemAllocateExportable	144	static
devicemem.c:1662:1:DevmemAllocateSparse	144	static
devicemem.c:1800:1:DevmemMakeLocalImportHandle	16	static
devicemem.c:1810:1:DevmemUnmakeLocalImportHandle	16	static
devicemem.c:2050:1:DevmemUnpin	32	static
devicemem.c:2138:1:DevmemPin	32	static
devicemem.c:2200:1:DevmemFree	16	static
devicemem.c:2219:1:DevmemMapToDevice	80	static
devicemem.c:2316:1:DevmemMapToDeviceAddress	64	static
devicemem.c:2411:1:DevmemAcquireDevVirtAddr	32	static
devicemem.c:2450:1:DevmemReleaseDevVirtAddr	32	static
devicemem.c:2483:1:DevmemAcquireCpuVirtAddr	48	static
devicemem.c:2536:1:DevmemReleaseCpuVirtAddr	32	static
devicemem.c:184:1:DeviceMemChangeSparse	176	static
devicemem.c:1300:1:DevmemSubAllocate	160	static
devicemem.c:2562:1:DevmemLocalGetImportHandle	0	static
devicemem.c:2576:1:DevmemGetImportUID	16	static
devicemem.c:2590:1:DevmemGetReservation	0	static
devicemem.c:2605:1:DevmemGetPMRData	0	static
devicemem.c:2622:1:DevmemGetFlags	0	static
devicemem.c:2637:1:DevmemLocalImport	112	static
devicemem.c:2742:1:DevmemIsDevVirtAddrValid	16	static
devicemem.c:2751:1:DevmemGetHeapLog2PageSize	0	static
devicemem.c:2757:1:DevmemGetHeapLog2ImportAlignment	0	static
