sync.c:118:1:_SyncPrimContextUnref	32	static
sync.c:134:1:_SyncPrimContextRef	16	static
sync.c:241:1:SyncPrimBlockImport	128	static
sync.c:741:21:_SyncPrimAlloc	112	static
sync.c:418:13:SyncPrimLocalUnref	32	static
sync.c:312:1:SyncPrimBlockUnimport	48	static
sync.c:638:1:SyncPrimContextCreate	48	static
sync.c:722:19:SyncPrimContextDestroy	32	static
sync.c:831:27:SyncPrimAllocForServerSync	16	static
sync.c:842:27:SyncPrimAlloc	16	static
sync.c:880:27:SyncPrimFree	32	static
sync.c:943:1:SyncPrimSet	16	static
sync.c:972:27:SyncPrimLocalGetHandleAndOffset	16	static
sync.c:1006:1:SyncPrimGetFirmwareAddr	16	static
sync.c:1454:14:SyncPrimOpReady	32	static
sync.c:1514:14:SyncPrimOpComplete	16	static
sync.c:1525:14:SyncPrimOpDestroy	48	static
sync.c:1752:1:SyncPrimIsServerSync	16	static
sync.c:1168:14:SyncPrimOpCreate	144	static
sync.c:1394:14:SyncPrimOpTake	96	static
sync.c:1560:14:SyncPrimOpResolve	128	static
sync.c:1787:12:SyncPrimGetServerHandle	16	static
sync.c:1812:14:SyncPrimServerQueueOp	16	static
