wd_api.c:155:12:disable_local	0	static
wd_api.c:90:21:wd_get_kick_bit	16	static
wd_api.c:85:21:wd_get_check_bit	16	static
wd_api.c:199:13:resume_notify	16	static
wd_api.c:194:13:suspend_notify	16	static
wd_api.c:188:12:confirm_hwreboot	16	static
wd_api.c:148:12:disable_ext	16	static
wd_api.c:204:12:disable_all_wd	16	static
wd_api.c:135:12:mtk_wk_wdt_config	32	static
wd_api.c:129:12:wd_sw_reset	16	static
wd_api.c:121:12:wd_cpu_hot_plug_off_notify	16	static
wd_api.c:96:12:wd_restart	16	static
wd_api.c:110:12:wd_cpu_hot_plug_on_notify	16	static
wd_api.c:629:19:mtk_arch_reset_init	32	static
wd_api.c:328:12:debug_key_sysrst_config	32	static
wd_api.c:307:12:debug_key_eint_config	32	static
wd_api.c:265:12:thermal_direct_mode_config	32	static
wd_api.c:239:12:thermal_mode_config	32	static
wd_api.c:213:12:spmwdt_mode_config	32	static
wd_api.c:293:12:wd_dram_reserved_mode	16	static
wd_api.c:168:12:set_mode	16	static
wd_api.c:46:13:mtk_wd_suspend_sodi	0	static
wd_api.c:50:13:mtk_wd_resume_sodi	0	static
wd_api.c:543:5:wd_api_init	0	static
wd_api.c:567:5:get_wd_api	0	static
wd_api.c:584:6:arch_reset	48	static
wd_api.c:621:12:mtk_arch_reset_handle	32	static
