extents.c:59:15:ext4_extent_block_csum.part.20	16	static
extents.c:59:15:ext4_extent_block_csum	224	dynamic,bounded
extents.c:85:13:ext4_extent_block_csum_set	48	static
extents.c:3768:12:check_eofblocks_fl.part.27	32	static
extents.c:443:12:__ext4_ext_check	160	static
extents.c:503:1:__read_extent_tree_block	96	static
extents.c:3109:12:ext4_ext_zeroout.isra.32	16	static
extents.c:114:12:ext4_ext_truncate_extend_restart	48	static
extents.c:4671:12:ext4_alloc_file_blocks.isra.34	160	static
extents.c:5212:1:ext4_access_path	48	static
extents.c:158:5:__ext4_ext_dirty	64	static
extents.c:1661:12:ext4_ext_correct_indexes	96	static
extents.c:2361:12:ext4_ext_rm_idx	96	static
extents.c:311:5:ext4_ext_calc_metadata_amount	0	static
extents.c:497:5:ext4_ext_check_inode	16	static
extents.c:712:6:ext4_ext_drop_refs	48	static
extents.c:568:5:ext4_ext_precache.part.36	112	static
extents.c:568:5:ext4_ext_precache	16	static
extents.c:848:5:ext4_ext_tree_init	16	static
extents.c:862:1:ext4_find_extent	96	static
extents.c:1597:1:ext4_ext_next_allocated_block	16	static
extents.c:4186:12:get_implied_cluster_alloc	64	static
extents.c:1719:1:ext4_can_extents_be_merged	0	static
extents.c:1769:12:ext4_ext_try_to_merge_right	96	static
extents.c:1855:13:ext4_ext_try_to_merge	80	static
extents.c:1933:5:ext4_ext_insert_extent	224	static
extents.c:3149:12:ext4_split_extent_at	192	static
extents.c:3291:12:ext4_split_extent.isra.39	96	static
extents.c:3651:12:ext4_split_convert_extents	16	static
extents.c:2417:5:ext4_ext_calc_credits_for_single_extent	16	static
extents.c:2454:5:ext4_ext_index_trans_blocks	0	static
extents.c:2823:5:ext4_ext_remove_space	304	static
extents.c:3043:6:ext4_ext_init	0	static
extents.c:3074:6:ext4_ext_release	0	static
extents.c:3823:5:ext4_find_delalloc_range	80	static
extents.c:3887:1:get_reserved_cluster_alloc	80	static
extents.c:3841:5:ext4_find_delalloc_cluster	80	static
extents.c:4266:5:ext4_ext_map_blocks	336	static
extents.c:4637:6:ext4_ext_truncate	48	static
extents.c:5006:5:ext4_convert_unwritten_extents	112	static
extents.c:5153:5:ext4_fiemap	176	static
extents.c:5406:5:ext4_collapse_range	176	static
extents.c:4908:6:ext4_fallocate	144	static
extents.c:5542:1:ext4_swap_extents	160	static
