inode.c:3086:13:ext4_end_io_dio	16	static
inode.c:3264:16:ext4_direct_IO	128	static
inode.c:3048:12:ext4_releasepage	48	static
inode.c:3012:13:ext4_invalidatepage	48	static
inode.c:2928:17:ext4_bmap	48	static
inode.c:3000:1:ext4_readpages	16	static
inode.c:4714:12:ext4_meta_trans_blocks	48	static
inode.c:1408:13:mpage_release_unused_pages	208	static
inode.c:2983:12:ext4_readpage	48	static
inode.c:2627:12:ext4_nonda_switch	48	static
inode.c:3023:12:__ext4_journalled_invalidatepage	64	static
inode.c:3309:12:ext4_journalled_set_page_dirty	32	static
inode.c:3731:12:__ext4_get_inode_loc	112	static
inode.c:54:14:ext4_inode_csum.isra.42	256	dynamic,bounded
inode.c:1093:12:write_end_fn	48	static
inode.c:1889:12:mpage_submit_page	48	static
inode.c:1983:12:mpage_process_page_bufs	48	static
inode.c:2302:12:mpage_prepare_extent_to_map	256	static
inode.c:3041:13:ext4_journalled_invalidatepage	16	static
inode.c:1642:5:ext4_da_get_block_prep	144	static
inode.c:2852:13:ext4_da_invalidatepage	128	static
inode.c:146:5:ext4_inode_is_fast_symlink	0	static
inode.c:162:5:ext4_truncate_restart_trans	64	static
inode.c:330:6:ext4_da_update_reserve_space	64	static
inode.c:467:5:ext4_map_blocks	128	static
inode.c:673:12:_ext4_get_block	112	static
inode.c:717:5:ext4_get_block	16	static
inode.c:3391:12:ext4_block_zero_page_range	96	static
inode.c:3068:5:ext4_get_block_write	16	static
inode.c:3077:12:ext4_get_block_write_nolock	16	static
inode.c:727:21:ext4_getblk	96	static
inode.c:784:21:ext4_bread	32	static
inode.c:802:5:ext4_walk_page_buffers	96	static
inode.c:857:5:do_journal_get_write_access	48	static
inode.c:2873:5:ext4_alloc_da_blocks	32	static
inode.c:3363:6:ext4_set_aops	32	static
inode.c:3508:5:ext4_zero_partial_blocks	64	static
inode.c:3546:5:ext4_can_truncate	0	static
inode.c:3568:5:ext4_punch_hole	0	static
inode.c:3576:5:ext4_inode_attach_jinode	64	static
inode.c:3868:5:ext4_get_inode_loc	16	static
inode.c:3875:6:ext4_set_inode_flags	16	static
inode.c:3895:6:ext4_get_inode_flags	0	static
inode.c:4239:12:ext4_do_update_inode	112	static
inode.c:3955:15:ext4_iget	464	dynamic,bounded
inode.c:4186:15:ext4_iget_normal	16	static
inode.c:4403:5:ext4_write_inode	80	static
inode.c:4661:5:ext4_getattr	48	static
inode.c:4760:5:ext4_writepage_trans_blocks	48	static
inode.c:1817:12:ext4_writepage	144	static
inode.c:2406:12:__writepage	48	static
inode.c:4782:5:ext4_chunk_trans_blocks	32	static
inode.c:4791:5:ext4_mark_iloc_dirty	64	static
inode.c:4814:1:ext4_reserve_inode_write	64	static
inode.c:4879:5:ext4_mark_inode_dirty	96	static
inode.c:2415:12:ext4_writepages	496	static
inode.c:3629:6:ext4_truncate	64	static
inode.c:973:12:ext4_write_begin	176	static
inode.c:2675:12:ext4_da_write_begin	144	static
inode.c:1112:12:ext4_write_end	112	static
inode.c:2795:12:ext4_da_write_end	128	static
inode.c:1183:12:ext4_journalled_write_end	128	static
inode.c:186:6:ext4_evict_inode	48	static
inode.c:4514:5:ext4_setattr	96	static
inode.c:4938:6:ext4_dirty_inode	48	static
inode.c:4983:5:ext4_change_inode_journal_flag	64	static
inode.c:5065:5:ext4_page_mkwrite	96	static
