uart.c:315:9:mtk_uart_attr_show	16	static
uart.c:323:9:mtk_uart_attr_store	16	static
uart.c:2365:20:mtk_uart_type	0	static
uart.c:2372:13:mtk_uart_release_port	0	static
uart.c:2378:12:mtk_uart_request_port	0	static
uart.c:2387:13:mtk_uart_config_port	0	static
uart.c:331:9:mtk_uart_debug_show	48	static
uart.c:382:9:mtk_uart_sysrq_show	16	static
uart.c:404:9:mtk_uart_vffsz_show	64	static
uart.c:435:9:mtk_uart_conse_show	16	static
uart.c:741:9:mtk_uart_history_store	48	static
uart.c:390:9:mtk_uart_sysrq_store	48	static
uart.c:418:9:mtk_uart_vffsz_store	48	static
uart.c:2400:12:mtk_uart_verify_port	32	static
uart.c:2014:13:mtk_uart_enable_ms	32	static
uart.c:349:9:mtk_uart_debug_store	48	static
uart.c:443:9:mtk_uart_conse_store	48	static
uart.c:459:9:mtk_uart_vff_en_show	48	static
uart.c:480:9:mtk_uart_vff_en_store	80	static
uart.c:539:9:mtk_uart_lsr_status_show	48	static
uart.c:561:9:mtk_uart_lsr_status_store	48	static
uart.c:1226:19:mtk_late_console_init	16	static
uart.c:1163:19:mtk_uart_console_setup	64	static
uart.c:1113:13:mtk_uart_console_write	96	static
uart.c:1939:13:mtk_uart_stop_tx	32	static
uart.c:1214:19:mtk_uart_console_init	144	static
uart.c:2341:13:mtk_uart_wake_peer	32	static
uart.c:2799:12:mtk_uart_pm_restore_noirq	32	static
uart.c:1629:13:mtk_uart_set_baud	32	static
uart.c:2209:13:mtk_uart_set_termios	80	static
uart.c:1421:21:mtk_uart_vfifo_read_allow	16	static
uart.c:1435:29:mtk_uart_tx_vfifo_timeout	32	static
uart.c:1415:21:mtk_uart_vfifo_write_allow	16	static
uart.c:1470:20:mtk_vfifo_irq_handler	64	static
uart.c:1498:12:mtk_uart_dma_alloc	48	static
uart.c:1762:13:mtk_uart_tx_chars	48	static
uart.c:2655:13:mtk_uart_syscore_resume	48	static
uart.c:2636:12:mtk_uart_syscore_suspend	48	static
uart.c:2672:12:mtk_uart_suspend	48	static
uart.c:3089:20:mtk_uart_exit	32	static
uart.c:760:20:bluetooth_hostwake_irq_handler	32	static
uart.c:775:29:bt_wake_peer_timeout	32	static
uart.c:2423:12:mtk_uart_ioctl	16	static
uart.c:2167:13:mtk_uart_flush_buffer	16	static
uart.c:908:12:find_string.part.11	64	static
uart.c:1376:31:mtk_uart_vfifo_alloc.isra.13	64	static
uart.c:1994:13:mtk_uart_send_xchar	48	static
uart.c:2321:13:mtk_uart_power_mgnt	32	static
uart.c:1921:21:mtk_uart_tx_empty	32	static
uart.c:1587:13:mtk_uart_dma_free	64	static
uart.c:2141:13:mtk_uart_shutdown	32	static
uart.c:1281:12:mtk_uart_vfifo_create	112	static
uart.c:2702:12:mtk_uart_resume	48	static
uart.c:2777:12:mtk_uart_pm_restore	32	static
uart.c:2741:12:mtk_uart_pm_resume	16	static
uart.c:2753:12:mtk_uart_pm_freeze	32	static
uart.c:2729:12:mtk_uart_pm_suspend	16	static
uart.c:1960:13:mtk_uart_start_tx	32	static
uart.c:1318:12:mtk_uart_vfifo_delete.part.18	112	static
uart.c:1318:12:mtk_uart_vfifo_delete	32	static
uart.c:2509:12:mtk_uart_probe	80	static
uart.c:726:9:mtk_uart_history_show	32	static
uart.c:2615:12:mtk_uart_remove	32	static
uart.c:286:5:mtk_uart_sysfs	32	static
uart.c:3046:19:mtk_uart_init	48	static
uart.c:637:6:mtk_uart_dump_history	32	static
uart.c:657:6:mtk_uart_dump_reg	0	static
uart.c:667:5:mtk_uart_dump_timeout_cnt	0	static
uart.c:677:6:update_history_byte	0	static
uart.c:691:6:update_history_time	32	static
uart.c:701:6:update_history_bulk	64	static
uart.c:966:6:adjust_kernel_cmd_line_setting_for_console	64	static
uart.c:1045:14:mtk_uart_pdn_enable	32	static
uart.c:1077:14:mtk_uart_freeze_enable	32	static
uart.c:1344:5:mtk_uart_vfifo_prepare	48	static
uart.c:2024:12:mtk_uart_startup	48	static
uart.c:1575:6:mtk_uart_dma_stop	32	static
uart.c:1837:6:mtk_uart_tx_handler	48	static
uart.c:1870:20:mtk_uart_irq	128	static
uart.c:2181:6:mtk_uart_update_sysclk	64	static
uart.c:3097:5:request_uart_to_sleep	64	static
uart.c:3145:5:request_uart_to_wakeup	64	static
