mtk_mfgsys.c:787:12:mtk_mfg_async_probe	32	static
mtk_mfgsys.c:835:12:mtk_mfg_2d_probe	32	static
mtk_mfgsys.c:161:17:mtk_mfg_enable_clock	32	static
mtk_mfgsys.c:242:13:MTKEnableClock	32	static
mtk_mfgsys.c:135:28:MTKGetRGXDevNode	16	static
mtk_mfgsys.c:271:13:mtk_mfg_enable_hw_apm	48	static
mtk_mfgsys.c:801:12:mtk_mfg_async_remove	16	static
mtk_mfgsys.c:849:12:mtk_mfg_2d_remove	16	static
mtk_mfgsys.c:190:17:mtk_mfg_disable_clock	32	static
mtk_mfgsys.c:256:13:MTKDisableClock	32	static
mtk_mfgsys.c:546:17:MTKCalGpuLoading	112	static
mtk_mfgsys.c:821:19:mtk_mfg_async_init	32	static
mtk_mfgsys.c:869:19:mtk_mfg_2d_init	32	static
mtk_mfgsys.c:592:13:MTKCommitFreqIdx	80	static
mtk_mfgsys.c:219:12:mfg_notify_handler	48	static
mtk_mfgsys.c:381:5:MTKMFGBaseInit	80	static
mtk_mfgsys.c:403:5:MTKMFGBaseDeInit	32	static
mtk_mfgsys.c:657:14:MTKDevPrePowerState	64	static
mtk_mfgsys.c:684:14:MTKDevPostPowerState	64	static
mtk_mfgsys.c:715:14:MTKSystemPrePowerState	0	static
mtk_mfgsys.c:720:14:MTKSystemPostPowerState	0	static
mtk_mfgsys.c:727:6:mt_gpucore_ready	0	static
mtk_mfgsys.c:734:14:MTKMFGSystemInit	32	static
mtk_mfgsys.c:768:10:MTKMFGSystemDeInit	32	static
