sysctl.c:2016:12:proc_put_char	0	static
sysctl.c:1998:12:proc_put_long	80	static
sysctl.c:1801:12:_proc_do_string	64	static
sysctl.c:2028:12:do_proc_dointvec_conv	0	static
sysctl.c:2229:12:do_proc_dointvec_minmax_conv	0	static
sysctl.c:2466:12:do_proc_dointvec_jiffies_conv	0	static
sysctl.c:1868:13:warn_sysctl_write.isra.5.part.6	16	static
sysctl.c:1893:5:proc_dostring	64	static
sysctl.c:2489:12:do_proc_dointvec_userhz_jiffies_conv	32	static
sysctl.c:2512:12:do_proc_dointvec_ms_jiffies_conv	32	static
sysctl.c:1939:12:proc_get_long.constprop	128	static
sysctl.c:2049:12:__do_proc_dointvec	144	static
sysctl.c:2604:12:proc_do_cad_pid	96	static
sysctl.c:2171:5:proc_dointvec	16	static
sysctl.c:2269:5:proc_dointvec_minmax	32	static
sysctl.c:2552:5:proc_dointvec_jiffies	16	static
sysctl.c:205:12:sysrq_sysctl_handler	32	static
sysctl.c:2292:12:proc_dointvec_minmax_coredump	48	static
sysctl.c:2214:12:proc_dointvec_minmax_sysadmin	80	static
sysctl.c:2302:12:proc_dostring_coredump	64	static
sysctl.c:2312:12:__do_proc_doulongvec_minmax	192	static
sysctl.c:2434:5:proc_doulongvec_minmax	16	static
sysctl.c:2182:12:proc_taint	144	static
sysctl.c:1784:12:sysctl_init	16	static
sysctl.c:2457:5:proc_doulongvec_ms_jiffies_minmax	16	static
sysctl.c:2574:5:proc_dointvec_userhz_jiffies	16	static
sysctl.c:2597:5:proc_dointvec_ms_jiffies	16	static
sysctl.c:2643:5:proc_do_large_bitmap	176	static
