mtk_rtc_common.c:781:12:rtc_pdrv_remove	0	static
mtk_rtc_common.c:800:19:rtc_device_init	32	static
mtk_rtc_common.c:659:12:rtc_ops_set_alarm	144	static
mtk_rtc_common.c:635:12:rtc_ops_read_alarm	48	static
mtk_rtc_common.c:756:12:rtc_pdrv_probe	48	static
mtk_rtc_common.c:585:12:rtc_ops_read_time	112	static
mtk_rtc_common.c:725:12:rtc_ops_ioctl	32	static
mtk_rtc_common.c:613:12:rtc_ops_set_time	48	static
mtk_rtc_common.c:854:19:rtc_late_init	48	static
mtk_rtc_common.c:179:15:rtc_read_hw_time	96	static
mtk_rtc_common.c:199:5:get_rtc_spare_fg_value	48	static
mtk_rtc_common.c:212:5:set_rtc_spare_fg_value	48	static
mtk_rtc_common.c:227:6:crystal_exist_status	48	static
mtk_rtc_common.c:248:6:rtc_low_power_detected	48	static
mtk_rtc_common.c:264:6:rtc_gpio_enable_32k	48	static
mtk_rtc_common.c:279:6:rtc_gpio_disable_32k	48	static
mtk_rtc_common.c:294:6:rtc_gpio_32k_status	48	static
mtk_rtc_common.c:310:6:rtc_enable_abb_32k	48	static
mtk_rtc_common.c:319:6:rtc_disable_abb_32k	48	static
mtk_rtc_common.c:328:6:rtc_enable_writeif	48	static
mtk_rtc_common.c:337:6:rtc_disable_writeif	48	static
mtk_rtc_common.c:346:6:rtc_mark_recovery	32	static
mtk_rtc_common.c:357:6:rtc_mark_kpoc	32	static
mtk_rtc_common.c:366:6:rtc_mark_fast	32	static
mtk_rtc_common.c:377:6:rtc_mark_kernel_panic	32	static
mtk_rtc_common.c:387:6:rtc_mark_kernel_restart	32	static
mtk_rtc_common.c:397:6:rtc_mark_wdt_aee	32	static
mtk_rtc_common.c:408:5:rtc_rdwr_uart_bits	48	static
mtk_rtc_common.c:420:6:rtc_bbpu_power_down	48	static
mtk_rtc_common.c:429:6:mt_power_off	48	static
mtk_rtc_common.c:454:6:rtc_read_pwron_alarm	64	static
mtk_rtc_common.c:547:6:rtc_irq_handler	128	static
mtk_rtc_common.c:703:6:rtc_pwm_enable_check	0	static
