m4u.c:1380:12:MTK_M4U_flush	0	static
m4u.c:1770:12:compat_get_m4u_module_struct	0	static
m4u.c:2100:12:m4u_pm_restore_noirq	0	static
m4u.c:90:12:m4u_buf_show	48	static
m4u.c:352:20:m4u_user_v2p	32	static
m4u.c:332:12:m4u_dump_mmaps	32	static
m4u.c:411:12:m4u_fill_sgtable_user	144	static
m4u.c:1866:6:MTK_M4U_COMPAT_ioctl	48	static
m4u.c:2073:12:m4u_resume	16	static
m4u.c:2065:12:m4u_suspend	16	static
m4u.c:2260:20:MTK_M4U_Exit	16	static
m4u.c:2048:12:m4u_remove	32	static
m4u.c:2166:19:MTK_M4U_Init	48	static
m4u.c:2222:19:mtk_m4u_late_init	64	static
m4u.c:172:24:m4u_alloc_buf_info	16	static
m4u.c:1985:12:m4u_probe	128	static
m4u.c:2092:12:m4u_pm_resume	16	static
m4u.c:2084:12:m4u_pm_suspend	16	static
m4u.c:225:24:m4u_client_find_buf	48	static
m4u.c:1357:12:MTK_M4U_open	32	static
m4u.c:104:5:m4u_dump_buf_info	32	static
m4u.c:146:5:m4u_get_sgtable_pages	0	static
m4u.c:152:5:m4u_put_sgtable_pages	48	static
m4u.c:278:15:m4u_create_client	32	static
m4u.c:533:18:m4u_create_sgtable	128	static
m4u.c:612:5:m4u_destroy_sgtable	32	static
m4u.c:623:5:m4u_alloc_mva	256	static
m4u.c:755:5:m4u_alloc_mva_sg	96	static
m4u.c:789:5:m4u_alloc_mva_fix	96	static
m4u.c:813:5:m4u_dealloc_mva	208	static
m4u.c:296:5:m4u_destroy_client	96	static
m4u.c:1372:12:MTK_M4U_release	16	static
m4u.c:777:5:m4u_dealloc_mva_sg	128	static
m4u.c:899:5:m4u_dma_cache_flush_all	16	static
m4u.c:1027:5:m4u_cache_sync_by_range	112	static
m4u.c:1066:5:m4u_cache_sync	96	static
m4u.c:1134:6:m4u_dma_map_area	16	static
m4u.c:1144:6:m4u_dma_unmap_area	16	static
m4u.c:1154:6:m4u_dma_op	128	static
m4u.c:1570:13:MTK_M4U_ioctl	128	static
m4u.c:1236:5:m4u_dump_info	0	static
m4u.c:1241:6:m4u_get_pgd	48	static
m4u.c:1252:15:m4u_mva_to_pa	32	static
m4u.c:1268:5:m4u_mva_map_kernel	112	static
m4u.c:1348:5:m4u_mva_unmap_kernel	32	static
m4u.c:1434:5:m4u_larb_restore_sec	80	static
m4u.c:1458:5:m4u_larb_backup_sec	80	static
m4u.c:1482:5:smi_reg_backup_sec	80	static
m4u.c:1498:5:smi_reg_restore_sec	80	static
m4u.c:1515:5:m4u_dump_secpgd	80	static
m4u.c:1534:5:m4u_config_port_tee	128	static
