m4u_pgtable.c:980:5:m4u_debug_pgtable_open	16	static
m4u_pgtable.c:115:7:__m4u_print_pte	32	static
m4u_pgtable.c:147:5:m4u_get_pte_info	0	static
m4u_pgtable.c:974:5:m4u_debug_pgtable_show	112	static
m4u_pgtable.c:211:7:m4u_for_each_pte	112	static
m4u_pgtable.c:241:15:m4u_dump_pte_nolock	64	static
m4u_pgtable.c:252:6:m4u_dump_pte	96	static
m4u_pgtable.c:259:15:m4u_get_pte	96	static
m4u_pgtable.c:278:6:m4u_dump_pgtable	112	static
m4u_pgtable.c:371:5:m4u_clean_pte	64	static
m4u_pgtable.c:413:5:m4u_pte_allocator_init	16	static
m4u_pgtable.c:441:5:m4u_alloc_pte	176	static
m4u_pgtable.c:478:5:m4u_free_pte	16	static
m4u_pgtable.c:502:5:m4u_map_16M	224	static
m4u_pgtable.c:551:5:m4u_map_1M	192	static
m4u_pgtable.c:587:5:m4u_map_64K	240	static
m4u_pgtable.c:658:5:m4u_map_4K	256	static
m4u_pgtable.c:898:5:m4u_check_free_pte	32	static
m4u_pgtable.c:917:5:m4u_unmap	224	static
m4u_pgtable.c:764:5:m4u_map_phys_range	208	static
m4u_pgtable.c:831:5:m4u_map_sgtable	144	static
m4u_pgtable.c:993:5:m4u_pgtable_init	80	static
