bcmsdh_sdmmc.c:920:1:sdioh_request_packet_chain	384	static
bcmsdh_sdmmc.c:1046:1:sdioh_buffer_tofrom_bus	80	static
bcmsdh_sdmmc.c:205:21:sdioh_detach	32	static
bcmsdh_sdmmc.c:235:21:sdioh_enable_func_intr	48	static
bcmsdh_sdmmc.c:268:21:sdioh_disable_func_intr	48	static
bcmsdh_sdmmc.c:305:1:sdioh_interrupt_register	16	static
bcmsdh_sdmmc.c:337:21:sdioh_interrupt_deregister	16	static
bcmsdh_sdmmc.c:366:21:sdioh_interrupt_query	0	static
bcmsdh_sdmmc.c:374:13:sdioh_interrupt_pending	0	static
bcmsdh_sdmmc.c:380:6:sdioh_query_iofnum	0	static
bcmsdh_sdmmc.c:429:1:sdioh_iovar_op	80	static
bcmsdh_sdmmc.c:731:1:sdioh_request_byte	160	static
bcmsdh_sdmmc.c:640:14:sdioh_enable_hw_oob_intr	32	static
bcmsdh_sdmmc.c:658:1:sdioh_cfg_read	16	static
bcmsdh_sdmmc.c:667:1:sdioh_cfg_write	16	static
bcmsdh_sdmmc.c:844:1:sdioh_request_word	160	static
bcmsdh_sdmmc.c:697:1:sdioh_cis_read	80	static
bcmsdh_sdmmc.c:1101:1:sdioh_request_buffer	160	static
bcmsdh_sdmmc.c:1164:12:sdioh_abort	32	static
bcmsdh_sdmmc.c:1182:5:sdioh_sdio_reset	0	static
bcmsdh_sdmmc.c:1190:6:sdioh_sdmmc_devintr_off	0	static
bcmsdh_sdmmc.c:1197:6:sdioh_sdmmc_devintr_on	0	static
bcmsdh_sdmmc.c:1205:1:sdioh_sdmmc_card_regread	48	static
bcmsdh_sdmmc.c:97:12:sdioh_sdmmc_card_enablefuncs	96	static
bcmsdh_sdmmc.c:139:22:sdioh_attach	48	static
bcmsdh_sdmmc.c:1289:5:sdioh_start	48	static
bcmsdh_sdmmc.c:1380:5:sdioh_stop	32	static
bcmsdh_sdmmc.c:1407:5:sdioh_waitlockfree	0	static
bcmsdh_sdmmc.c:1412:14:sdioh_gpioouten	0	static
bcmsdh_sdmmc.c:1417:14:sdioh_gpioout	0	static
bcmsdh_sdmmc.c:1422:6:sdioh_gpioin	0	static
bcmsdh_sdmmc.c:1427:14:sdioh_gpio_init	0	static
