bcmsdh.c:57:6:bcmsdh_enable_hw_oob_intr	16	static
bcmsdh.c:75:16:bcmsdh_attach	48	static
bcmsdh.c:98:5:bcmsdh_detach	16	static
bcmsdh.c:112:1:bcmsdh_iovar_op	16	static
bcmsdh.c:119:6:bcmsdh_intr_query	48	static
bcmsdh.c:133:5:bcmsdh_intr_enable	32	static
bcmsdh.c:143:5:bcmsdh_intr_disable	32	static
bcmsdh.c:153:5:bcmsdh_intr_reg	48	static
bcmsdh.c:163:5:bcmsdh_intr_dereg	32	static
bcmsdh.c:174:6:bcmsdh_intr_pending	32	static
bcmsdh.c:183:5:bcmsdh_devremove_reg	16	static
bcmsdh.c:199:7:bcmsdh_cfg_read	80	static
bcmsdh.c:235:1:bcmsdh_cfg_write	80	static
bcmsdh.c:267:8:bcmsdh_cfg_read_word	80	static
bcmsdh.c:292:1:bcmsdh_cfg_write_word	64	static
bcmsdh.c:314:5:bcmsdh_cis_read	112	static
bcmsdh.c:357:5:bcmsdhsdio_set_sbaddr_window	80	static
bcmsdh.c:388:8:bcmsdh_reg_read	64	static
bcmsdh.c:436:8:bcmsdh_reg_write	64	static
bcmsdh.c:470:6:bcmsdh_regfail	0	static
bcmsdh.c:476:1:bcmsdh_recv_buf	96	static
bcmsdh.c:516:1:bcmsdh_send_buf	96	static
bcmsdh.c:555:5:bcmsdh_rwdata	80	static
bcmsdh.c:575:5:bcmsdh_abort	16	static
bcmsdh.c:582:5:bcmsdh_start	16	static
bcmsdh.c:589:5:bcmsdh_stop	16	static
bcmsdh.c:596:5:bcmsdh_waitlockfree	16	static
bcmsdh.c:603:5:bcmsdh_query_device	0	static
bcmsdh.c:610:6:bcmsdh_query_iofnum	16	static
bcmsdh.c:620:5:bcmsdh_reset	16	static
bcmsdh.c:627:7:bcmsdh_get_sdioh	32	static
bcmsdh.c:634:8:bcmsdh_get_dstatus	0	static
bcmsdh.c:639:8:bcmsdh_cur_sbwad	0	static
bcmsdh.c:649:6:bcmsdh_chipinfo	0	static
bcmsdh.c:654:5:bcmsdh_sleep	0	static
bcmsdh.c:666:5:bcmsdh_gpio_init	16	static
bcmsdh.c:674:6:bcmsdh_gpioin	16	static
bcmsdh.c:682:5:bcmsdh_gpioouten	16	static
bcmsdh.c:690:5:bcmsdh_gpioout	16	static
