dhd_sdio.c:6453:6:dhdsdio_isr	48	static
dhd_sdio.c:4733:13:dhdsdio_rxfail	128	static
dhd_sdio.c:1313:12:dhdsdio_sdclk	80	static
dhd_sdio.c:7862:12:dhdsdio_suspend	96	static
dhd_sdio.c:963:14:dhdsdio_sleepcsr_get.isra.1	48	static
dhd_sdio.c:673:12:dhdsdio_set_siaddr_window.isra.3	64	static
dhd_sdio.c:2877:1:dhdsdio_membytes	112	static
dhd_sdio.c:2952:12:dhdsdio_readshared	96	static
dhd_sdio.c:3020:12:dhdsdio_readconsole	240	static
dhd_sdio.c:4056:12:dhdsdio_write_vars	96	static
dhd_sdio.c:612:13:dhdsdio_tune_fifoparam	64	static
dhd_sdio.c:7609:13:dhdsdio_probe_init	80	static
dhd_sdio.c:982:12:dhdsdio_devcap_set.isra.5	32	static
dhd_sdio.c:7332:1:dhdsdio_probe_attach	224	static
dhd_sdio.c:871:12:dhdsdio_clk_kso_enab.isra.7	96	static
dhd_sdio.c:1153:12:dhdsdio_htclk.isra.9	144	static
dhd_sdio.c:1398:12:dhdsdio_clkctl.isra.10	64	static
dhd_sdio.c:994:12:dhdsdio_clk_devsleep_iovar	128	static
dhd_sdio.c:1469:12:dhdsdio_bussleep	80	static
dhd_sdio.c:3314:12:dhdsdio_mem_dump	96	static
dhd_sdio.c:3409:1:dhd_serialconsole.isra.11	80	static
dhd_sdio.c:2649:1:dhd_dump_pct	16	static
dhd_sdio.c:7884:12:dhdsdio_resume	32	static
dhd_sdio.c:7818:1:dhdsdio_release_dongle.isra.22	48	static
dhd_sdio.c:7746:13:dhdsdio_release	48	static
dhd_sdio.c:7160:14:dhdsdio_probe	96	static
dhd_sdio.c:7848:13:dhdsdio_disconnect	32	static
dhd_sdio.c:8260:1:dhd_bcmsdh_recv_buf.isra.19.constprop	48	static
dhd_sdio.c:4814:1:dhdsdio_read_control	80	static
dhd_sdio.c:4921:14:dhdsdio_rxglom	496	static
dhd_sdio.c:3100:12:dhdsdio_checkdied.part.15.constprop	544	static
dhd_sdio.c:3100:12:dhdsdio_checkdied.constprop	32	static
dhd_sdio.c:8279:1:dhd_bcmsdh_send_buf.part.8.constprop	144	static
dhd_sdio.c:2249:13:dhdsdio_sendpendctl	48	static
dhd_sdio.c:2038:12:dhdsdio_txpkt.constprop	736	static
dhd_sdio.c:2160:13:dhdsdio_sendfromq	656	static
dhd_sdio.c:5383:13:dhdsdio_readframes	208	static
dhd_sdio.c:4155:12:dhdsdio_download_state	64	static
dhd_sdio.c:976:7:dhdsdio_devcap_get	16	static
dhd_sdio.c:1576:6:dhd_enable_oob_intr	16	static
dhd_sdio.c:1605:5:dhd_bus_txdata	80	static
dhd_sdio.c:2277:5:dhd_bus_txctl	112	static
dhd_sdio.c:2446:5:dhd_bus_rxctl	80	static
dhd_sdio.c:2662:6:dhd_bus_dump	96	static
dhd_sdio.c:2793:6:dhd_bus_clearcounts	0	static
dhd_sdio.c:3359:5:dhd_socram_dump	32	static
dhd_sdio.c:3368:5:dhdsdio_downloadvars	48	static
dhd_sdio.c:8171:12:_dhdsdio_download_firmware	96	static
dhd_sdio.c:4447:6:dhd_bus_stop	96	static
dhd_sdio.c:4560:6:dhd_txglom_enable	320	static
dhd_sdio.c:4600:5:dhd_bus_init	112	static
dhd_sdio.c:6442:6:dhd_bus_dpc	176	static
dhd_sdio.c:6829:5:dhd_bus_oob_intr_register	16	static
dhd_sdio.c:6839:6:dhd_bus_oob_intr_unregister	16	static
dhd_sdio.c:6846:6:dhd_bus_oob_intr_set	16	static
dhd_sdio.c:6853:6:dhd_bus_dev_pm_stay_awake	16	static
dhd_sdio.c:6858:6:dhd_bus_dev_pm_relax	16	static
dhd_sdio.c:6863:6:dhd_bus_dev_pm_enabled	16	static
dhd_sdio.c:6871:13:dhd_bus_watchdog	48	static
dhd_sdio.c:7004:12:dhd_bus_console_in	80	static
dhd_sdio.c:7712:1:dhd_bus_download_firmware	32	static
dhd_sdio.c:7907:5:dhd_bus_register	16	static
dhd_sdio.c:7914:6:dhd_bus_unregister	16	static
dhd_sdio.c:7923:5:dhd_bus_reg_sdio_notify	16	static
dhd_sdio.c:7928:6:dhd_bus_unreg_sdio_notify	16	static
dhd_sdio.c:8097:6:dhd_bus_set_nvram_params	0	static
dhd_sdio.c:8332:6:dhd_bus_chip	32	static
dhd_sdio.c:8338:6:dhd_bus_chiprev	32	static
dhd_sdio.c:8345:7:dhd_bus_pub	0	static
dhd_sdio.c:8350:7:dhd_bus_sih	0	static
dhd_sdio.c:8355:7:dhd_bus_txq	0	static
dhd_sdio.c:8360:6:dhd_bus_hdrlen	0	static
dhd_sdio.c:8365:6:dhd_bus_set_dotxinrx	0	static
dhd_sdio.c:8370:5:dhd_bus_devreset	64	static
dhd_sdio.c:4328:1:dhd_bus_iovar_op	144	static
dhd_sdio.c:8489:5:dhd_bus_suspend	16	static
dhd_sdio.c:8494:5:dhd_bus_resume	16	static
dhd_sdio.c:8500:6:dhd_bus_chip_id	0	static
dhd_sdio.c:8508:6:dhd_bus_chiprev_id	0	static
dhd_sdio.c:8516:6:dhd_bus_chippkg_id	0	static
dhd_sdio.c:8523:5:dhd_bus_get_ids	0	static
dhd_sdio.c:8533:1:dhd_bus_membytes	16	static
dhd_sdio.c:8543:1:dhd_bus_update_fw_nv_path	0	static
dhd_sdio.c:8549:5:dhd_enableOOB	48	static
dhd_sdio.c:8583:6:dhd_bus_pktq_flush	48	static
dhd_sdio.c:8605:5:dhd_sr_config	16	static
dhd_sdio.c:8615:8:dhd_get_chipid	0	static
