dhd_linux.c:722:12:dhd_pm_callback	0	static
dhd_linux.c:3750:1:dhd_ethtool_get_drvinfo	16	static
dhd_linux.c:6792:12:dhd_inet6addr_notifier_call	48	static
dhd_linux.c:6714:13:dhd_inet6_work_handler	48	static
dhd_linux.c:3765:12:dhd_ethtool	304	static
dhd_linux.c:3304:12:dhd_watchdog_thread	144	static
dhd_linux.c:3358:13:dhd_watchdog	48	static
dhd_linux.c:7277:20:dhd_module_exit	16	static
dhd_linux.c:8857:13:dhd_hang_process	32	static
dhd_linux.c:7334:1:dhd_reboot_callback	16	static
dhd_linux.c:7286:19:dhd_module_init	96	static
dhd_linux.c:4706:5:dhd_init_logstrs_array.part.23	208	static
dhd_linux.c:5544:8:dhd_get_concurrent_capabilites.part.24	304	static
dhd_linux.c:2329:13:dhd_set_multicast_list	32	static
dhd_linux.c:3278:33:dhd_get_stats	48	static
dhd_linux.c:2303:12:dhd_set_mac_address	48	static
dhd_linux.c:1301:12:dhd_findadd_sta	0	static
dhd_linux.c:1306:6:dhd_del_sta	0	static
dhd_linux.c:1312:5:dhd_bssidx2idx	48	static
dhd_linux.c:1400:5:dhd_process_cid_mac	0	static
dhd_linux.c:1434:6:dhd_set_packet_filter	48	static
dhd_linux.c:1448:6:dhd_enable_packet_filter	80	static
dhd_linux.c:1749:6:dhd_timeout_start	32	static
dhd_linux.c:1757:5:dhd_timeout_expired	96	static
dhd_linux.c:1790:5:dhd_net2idx	32	static
dhd_linux.c:1805:20:dhd_idx2net	0	static
dhd_linux.c:1818:5:dhd_ifname2idx	48	static
dhd_linux.c:1837:5:dhd_ifidx2hostidx	32	static
dhd_linux.c:1858:7:dhd_ifname	32	static
dhd_linux.c:1880:8:dhd_bssidx2bssid	32	static
dhd_linux.c:2038:5:_dhd_set_mac_address	112	static
dhd_linux.c:2367:6:dhd_tx_dump	16	static
dhd_linux.c:2381:17:dhd_sendpkt	64	static
dhd_linux.c:2765:6:dhd_txflowcontrol	64	static
dhd_linux.c:3256:6:dhd_event	0	static
dhd_linux.c:3262:6:dhd_txcomplete	32	static
dhd_linux.c:4465:1:dhd_event_ifadd	64	static
dhd_linux.c:4499:1:dhd_event_ifdel	64	static
dhd_linux.c:4529:20:dhd_allocate_if	96	static
dhd_linux.c:4628:5:dhd_remove_if	48	static
dhd_linux.c:4706:5:dhd_init_logstrs_array	16	static
dhd_linux.c:5150:5:dhd_get_fw_mode	32	static
dhd_linux.c:5164:6:dhd_update_fw_nv_path	80	static
dhd_linux.c:5377:5:_dhd_tdls_enable	336	static
dhd_linux.c:5452:5:dhd_tdls_enable	16	static
dhd_linux.c:5524:6:dhd_is_concurrent_mode	0	static
dhd_linux.c:5544:8:dhd_get_concurrent_capabilites	16	static
dhd_linux.c:6433:1:dhd_iovar	112	dynamic
dhd_linux.c:6458:1:dhd_getiovar	112	static
dhd_linux.c:6485:1:dhd_wl_ioctl_get_intiovar	336	static
dhd_linux.c:6510:1:dhd_wl_ioctl_set_intiovar	336	static
dhd_linux.c:6534:5:dhd_change_mtu	48	static
dhd_linux.c:6562:6:aoe_update_host_ipv4_table	128	static
dhd_linux.c:6617:12:dhd_inetaddr_notifier_call	64	static
dhd_linux.c:6972:6:dhd_bus_detach	32	static
dhd_linux.c:7000:6:dhd_detach	80	static
dhd_linux.c:7235:6:dhd_clear	32	static
dhd_linux.c:7361:5:dhd_os_proto_block	16	static
dhd_linux.c:7377:5:dhd_os_proto_unblock	16	static
dhd_linux.c:7389:14:dhd_os_get_ioctl_resp_timeout	0	static
dhd_linux.c:7394:6:dhd_os_set_ioctl_resp_timeout	0	static
dhd_linux.c:7399:5:dhd_os_ioctl_resp_wait	96	static
dhd_linux.c:7421:5:dhd_os_ioctl_resp_wake	16	static
dhd_linux.c:7429:5:dhd_os_d3ack_wait	96	static
dhd_linux.c:7448:5:dhd_os_d3ack_wake	16	static
dhd_linux.c:7510:7:dhd_os_open_image	32	static
dhd_linux.c:7528:5:dhd_os_get_image_block_seek	32	static
dhd_linux.c:7548:5:dhd_os_get_image_block	32	static
dhd_linux.c:7563:6:dhd_os_close_image	16	static
dhd_linux.c:7569:6:dhd_os_sdlock	16	static
dhd_linux.c:7581:6:dhd_os_sdunlock	16	static
dhd_linux.c:7593:6:dhd_os_sdlock_txq	16	static
dhd_linux.c:7601:6:dhd_os_sdunlock_txq	16	static
dhd_linux.c:7609:6:dhd_os_sdlock_rxq	0	static
dhd_linux.c:7613:6:dhd_os_sdunlock_rxq	0	static
dhd_linux.c:7635:6:dhd_os_tcpacklock	16	static
dhd_linux.c:7644:6:dhd_os_tcpackunlock	16	static
dhd_linux.c:7653:8:dhd_os_prealloc	48	static
dhd_linux.c:7195:6:dhd_free	64	static
dhd_linux.c:4856:12:dhd_attach	128	static
dhd_linux.c:7668:6:dhd_os_prefree	0	static
dhd_linux.c:7735:6:dhd_sendup_event	0	static
dhd_linux.c:7802:6:dhd_wait_for_event	96	static
dhd_linux.c:7820:6:dhd_wait_event_wakeup	16	static
dhd_linux.c:7831:5:dhd_net_bus_devreset	32	static
dhd_linux.c:6838:5:dhd_register_if	96	static
dhd_linux.c:7874:5:dhd_net_bus_suspend	16	static
dhd_linux.c:7880:5:dhd_net_bus_resume	16	static
dhd_linux.c:7889:5:net_os_set_suspend_disable	0	static
dhd_linux.c:7919:5:net_os_set_suspend_bcn_li_dtim	0	static
dhd_linux.c:7930:5:net_os_rxfilter_add_remove	32	static
dhd_linux.c:7975:5:dhd_os_enable_packet_filter	16	static
dhd_linux.c:7994:5:net_os_enable_packet_filter	16	static
dhd_linux.c:8002:5:dhd_dev_init_ioctl	16	static
dhd_linux.c:8015:5:dhd_dev_get_feature_set	48	static
dhd_linux.c:8069:6:dhd_dev_get_feature_set_matrix	48	static
dhd_linux.c:8124:5:dhd_dev_set_nodfs	0	static
dhd_linux.c:8138:5:dhd_dev_pno_stop_for_ssid	16	static
dhd_linux.c:8147:1:dhd_dev_pno_set_for_ssid	16	static
dhd_linux.c:8160:5:dhd_dev_pno_enable	16	static
dhd_linux.c:8169:1:dhd_dev_pno_set_for_hotlist	16	static
dhd_linux.c:8178:5:dhd_dev_pno_stop_for_batch	16	static
dhd_linux.c:8186:1:dhd_dev_pno_set_for_batch	16	static
dhd_linux.c:8194:5:dhd_dev_pno_get_for_batch	16	static
dhd_linux.c:8203:1:dhd_dev_set_epno	16	static
dhd_linux.c:8213:1:dhd_dev_flush_fw_epno	16	static
dhd_linux.c:8224:1:dhd_dev_pno_set_cfg_gscan	16	static
dhd_linux.c:8233:7:dhd_dev_pno_get_gscan	16	static
dhd_linux.c:8243:5:dhd_dev_wait_batch_results_complete	16	static
dhd_linux.c:8251:5:dhd_dev_pno_lock_access_batch_results	16	static
dhd_linux.c:8259:6:dhd_dev_pno_unlock_access_batch_results	16	static
dhd_linux.c:8267:5:dhd_dev_pno_run_gscan	16	static
dhd_linux.c:8275:5:dhd_dev_pno_enable_full_scan_result	16	static
dhd_linux.c:8284:7:dhd_dev_hotlist_scan_event	16	static
dhd_linux.c:8294:7:dhd_dev_process_full_gscan_result	16	static
dhd_linux.c:8302:6:dhd_dev_gscan_hotlist_cache_cleanup	16	static
dhd_linux.c:8312:5:dhd_dev_gscan_batch_cache_cleanup	16	static
dhd_linux.c:8320:5:dhd_dev_retrieve_batch_scan	16	static
dhd_linux.c:8328:7:dhd_dev_process_epno_result	16	static
dhd_linux.c:8337:5:dhd_dev_set_lazy_roam_cfg	64	static
dhd_linux.c:8372:5:dhd_dev_lazy_roam_enable	64	static
dhd_linux.c:8396:5:dhd_dev_set_lazy_roam_bssid_pref	32	static
dhd_linux.c:8421:5:dhd_dev_set_blacklist_bssid	64	static
dhd_linux.c:8451:5:dhd_dev_set_whitelist_ssid	80	static
dhd_linux.c:8480:7:dhd_dev_process_anqpo_result	16	static
dhd_linux.c:8491:5:dhd_dev_set_rssi_monitor_cfg	48	static
dhd_linux.c:8511:6:dhd_dev_is_legacy_pno_enabled	16	static
dhd_linux.c:8518:5:dhd_dev_cfg_rand_mac_oui	32	static
dhd_linux.c:8539:5:dhd_set_rand_mac_oui	48	static
dhd_linux.c:8567:5:dhd_dev_rtt_set_cfg	16	static
dhd_linux.c:8575:1:dhd_dev_rtt_cancel_cfg	16	static
dhd_linux.c:8584:1:dhd_dev_rtt_register_noti_callback	16	static
dhd_linux.c:8593:1:dhd_dev_rtt_unregister_noti_callback	16	static
dhd_linux.c:8601:5:dhd_dev_rtt_capability	16	static
dhd_linux.c:8613:1:dhd_dev_start_mkeep_alive	144	static
dhd_linux.c:8757:5:dhd_dev_stop_mkeep_alive	112	static
dhd_linux.c:8880:5:dhd_os_send_hang_message	16	static
dhd_linux.c:8896:5:net_os_send_hang_message	32	static
dhd_linux.c:8919:5:dhd_net_wifi_platform_set_power	16	static
dhd_linux.c:8926:6:dhd_force_country_change	0	static
dhd_linux.c:8935:6:dhd_get_customized_country_code	16	static
dhd_linux.c:8944:6:dhd_bus_country_set	16	static
dhd_linux.c:8957:6:dhd_bus_band_set	16	static
dhd_linux.c:8967:5:dhd_net_set_fw_path	32	static
dhd_linux.c:8989:6:dhd_net_if_lock	16	static
dhd_linux.c:8995:6:dhd_net_if_unlock	16	static
dhd_linux.c:9035:15:dhd_os_general_spin_lock	16	static
dhd_linux.c:9046:6:dhd_os_general_spin_unlock	16	static
dhd_linux.c:9055:7:dhd_os_spin_lock_init	16	static
dhd_linux.c:9066:6:dhd_os_spin_lock_deinit	16	static
dhd_linux.c:9071:15:dhd_os_spin_lock	16	static
dhd_linux.c:9081:6:dhd_os_spin_unlock	16	static
dhd_linux.c:9094:5:dhd_wait_pend8021x	64	static
dhd_linux.c:9120:5:write_to_file	80	static
dhd_linux.c:10162:13:dhd_mem_dump_to_file	32	static
dhd_linux.c:9155:5:dhd_os_wake_lock_timeout	32	static
dhd_linux.c:9185:5:net_os_wake_lock_timeout	32	static
dhd_linux.c:9195:5:dhd_os_wake_lock_rx_timeout_enable	48	static
dhd_linux.c:9209:5:dhd_os_wake_lock_ctrl_timeout_enable	48	static
dhd_linux.c:9223:5:dhd_os_wake_lock_ctrl_timeout_cancel	32	static
dhd_linux.c:9240:5:net_os_wake_lock_rx_timeout_enable	48	static
dhd_linux.c:9250:5:net_os_wake_lock_ctrl_timeout_enable	48	static
dhd_linux.c:9260:5:dhd_os_wake_lock	64	static
dhd_linux.c:2837:1:dhd_rx_frame	240	static
dhd_linux.c:9282:5:net_os_wake_lock	64	static
dhd_linux.c:9292:5:dhd_os_wake_unlock	64	static
dhd_linux.c:2540:17:dhd_start_xmit	112	static
dhd_linux.c:3600:6:dhd_sched_dpc	64	static
dhd_linux.c:4196:12:dhd_stop	80	static
dhd_linux.c:2074:13:dhd_ifadd_event_handler	96	static
dhd_linux.c:2160:13:dhd_ifdel_event_handler	48	static
dhd_linux.c:2197:13:dhd_set_mac_addr_handler	80	static
dhd_linux.c:2250:13:dhd_set_mcast_list_handler	160	static
dhd_linux.c:3476:12:dhd_rxf_thread	128	static
dhd_linux.c:3577:13:dhd_dpc	32	static
dhd_linux.c:9317:5:dhd_os_check_wakelock	16	static
dhd_linux.c:9340:5:dhd_os_check_wakelock_all	16	static
dhd_linux.c:9366:5:net_os_wake_unlock	16	static
dhd_linux.c:9376:5:dhd_os_wd_wake_lock	48	static
dhd_linux.c:9396:5:dhd_os_wd_wake_unlock	32	static
dhd_linux.c:7467:6:dhd_os_wd_timer	48	static
dhd_linux.c:7456:6:dhd_os_wd_timer_extend	16	static
dhd_linux.c:3422:12:dhd_dpc_thread	80	static
dhd_linux.c:5251:5:dhd_bus_start	64	static
dhd_linux.c:4319:12:dhd_open	64	static
dhd_linux.c:4437:5:dhd_do_driver_init	32	static
dhd_linux.c:9418:5:dhd_os_wake_lock_waive	32	static
dhd_linux.c:9438:5:dhd_os_wake_lock_restore	64	static
dhd_linux.c:9477:6:dhd_os_check_if_up	0	static
dhd_linux.c:9484:5:dhd_os_get_wake_irq	16	static
dhd_linux.c:9492:6:dhd_set_version_info	64	static
dhd_linux.c:9554:5:dhd_get_instance	0	static
dhd_linux.c:9559:6:dhd_set_short_dwell_time	48	static
dhd_linux.c:5593:5:dhd_preinit_ioctls	1040	static
dhd_linux.c:7901:5:net_os_set_suspend	144	static
dhd_linux.c:9586:6:net_set_short_dwell_time	16	static
dhd_linux.c:10135:5:dhd_get_ap_isolate	32	static
dhd_linux.c:10148:5:dhd_set_ap_isolate	48	static
dhd_linux.c:10189:6:dhd_schedule_memdump	48	static
dhd_linux.c:10207:5:dhd_os_socram_dump	32	static
dhd_linux.c:3884:13:dhd_check_hang	80	static
dhd_linux.c:3918:5:dhd_ioctl_process	80	static
dhd_linux.c:4039:12:dhd_ioctl_entry	160	static
dhd_linux.c:9507:5:dhd_ioctl_entry_local	48	static
dhd_linux.c:9540:6:dhd_os_check_hang	32	static
dhd_linux.c:10223:5:dhd_os_get_socram_dump	48	static
dhd_linux.c:10252:5:dhd_os_get_version	48	static
dhd_linux.c:10468:20:dhd_linux_get_primary_netdev	0	static
