dhd_pno.c:686:12:_dhd_pno_cmpfunc	0	static
dhd_pno.c:692:1:_dhd_pno_chan_merge	16	static
dhd_pno.c:326:12:_dhd_pno_enable	64	static
dhd_pno.c:982:12:_dhd_pno_cfg	192	static
dhd_pno.c:940:1:_dhd_pno_clear_all_batch_results	96	static
dhd_pno.c:1016:1:_dhd_pno_reinitialize_prof	80	static
dhd_pno.c:733:1:_dhd_pno_get_channels	336	static
dhd_pno.c:373:1:_dhd_pno_set	112	static
dhd_pno.c:274:1:_dhd_pno_gscan_cfg	48	static
dhd_pno.c:1107:1:_dhd_pno_add_bssid	32	static
dhd_pno.c:634:1:_dhd_pno_add_ssid	128	static
dhd_pno.c:1728:13:dhd_pno_reset_cfg_gscan.isra.8	64	static
dhd_pno.c:120:5:dhd_pno_clean	64	static
dhd_pno.c:146:6:dhd_is_pno_supported	32	static
dhd_pno.c:158:6:dhd_is_legacy_pno_enabled	32	static
dhd_pno.c:208:6:dhd_pno_translate_epno_fw_flags	0	static
dhd_pno.c:233:6:dhd_pno_set_epno_auth_flag	32	static
dhd_pno.c:1236:5:dhd_pno_enable	32	static
dhd_pno.c:1502:1:dhd_pno_set_for_batch	224	static
dhd_pno.c:1684:1:dhd_pno_flush_fw_epno	112	static
dhd_pno.c:1699:1:dhd_pno_set_epno	80	static
dhd_pno.c:1778:5:dhd_pno_lock_batch_results	16	static
dhd_pno.c:1790:6:dhd_pno_unlock_batch_results	16	static
dhd_pno.c:1873:7:dhd_pno_get_gscan	224	static
dhd_pno.c:2006:5:dhd_pno_set_cfg_gscan	144	static
dhd_pno.c:2686:5:dhd_pno_enable_full_scan_result	96	static
dhd_pno.c:2745:5:dhd_gscan_batch_cache_cleanup	32	static
dhd_pno.c:2220:1:dhd_pno_set_for_gscan	384	static
dhd_pno.c:3268:13:_dhd_pno_get_batch_handler	272	static
dhd_pno.c:3458:1:dhd_pno_set_for_hotlist	240	static
dhd_pno.c:3696:5:dhd_retreive_batch_scan_results	48	static
dhd_pno.c:1798:5:dhd_wait_batch_results_complete	112	static
dhd_pno.c:3294:5:dhd_pno_get_for_batch	128	static
dhd_pno.c:1124:5:dhd_pno_stop_for_ssid	80	static
dhd_pno.c:1324:1:dhd_pno_set_legacy_pno	256	static
dhd_pno.c:1286:1:dhd_pno_set_for_ssid	128	static
dhd_pno.c:2585:12:dhd_pno_stop_for_gscan	192	static
dhd_pno.c:2654:5:dhd_pno_initiate_gscan_request	64	static
dhd_pno.c:3359:5:dhd_pno_stop_for_batch	80	static
dhd_pno.c:3622:5:dhd_pno_stop_for_hotlist	48	static
dhd_pno.c:3729:6:dhd_gscan_hotlist_cache_cleanup	32	static
dhd_pno.c:3757:7:dhd_process_full_gscan_result	64	static
dhd_pno.c:3826:7:dhd_pno_process_epno_result	208	static
dhd_pno.c:3899:7:dhd_pno_process_anqpo_result	80	static
dhd_pno.c:3957:7:dhd_handle_hotlist_scan_evt	144	static
dhd_pno.c:4056:1:dhd_pno_event_handler	32	static
dhd_pno.c:4111:5:dhd_pno_init	48	static
dhd_pno.c:4143:5:dhd_pno_deinit	48	static
