dhd_common.c:1863:12:wl_pattern_atoh	64	static
dhd_common.c:436:1:dhd_iovar_parse_bssidx	64	static
dhd_common.c:1085:1:dhd_iovar_op	176	static
dhd_common.c:1229:1:wl_show_host_event.isra.2	400	static
dhd_common.c:286:6:dhd_save_fwdump	48	static
dhd_common.c:305:5:dhd_common_socram_dump	16	static
dhd_common.c:383:1:dhd_wl_ioctl	80	static
dhd_common.c:369:1:dhd_wl_ioctl_cmd	48	static
dhd_common.c:424:6:wl_get_port_num	0	static
dhd_common.c:929:6:dhd_store_conn_status	0	static
dhd_common.c:943:6:dhd_prec_enq	80	static
dhd_common.c:1001:1:dhd_prec_drop_pkts	112	static
dhd_common.c:1139:5:dhd_ioctl	64	static
dhd_common.c:1574:5:wl_host_event_get_data	32	static
dhd_common.c:1587:5:wl_host_event	176	static
dhd_common.c:1819:6:wl_event_to_host_order	0	static
dhd_common.c:1833:6:dhd_print_buf	96	static
dhd_common.c:1886:1:dhd_pktfilter_offload_enable	160	static
dhd_common.c:1960:6:dhd_pktfilter_offload_set	208	static
dhd_common.c:2099:6:dhd_pktfilter_offload_delete	112	static
dhd_common.c:2120:6:dhd_arp_offload_set	208	static
dhd_common.c:2145:6:dhd_arp_offload_enable	208	static
dhd_common.c:2186:6:dhd_aoe_arp_clr	192	static
dhd_common.c:2209:6:dhd_aoe_hostip_clr	192	static
dhd_common.c:2233:6:dhd_arp_offload_add_ip	208	static
dhd_common.c:2261:1:dhd_arp_get_arp_hostip_table	80	static
dhd_common.c:2305:5:dhd_ndo_enable	208	static
dhd_common.c:2337:5:dhd_ndo_add_ip	192	static
dhd_common.c:2369:5:dhd_ndo_remove_ip	192	static
dhd_common.c:2399:1:dhd_sendup_event_common	16	static
dhd_common.c:2413:6:dhd_is_associated	112	static
dhd_common.c:2453:1:dhd_get_suspend_bcn_li_dtim	80	static
dhd_common.c:2530:6:dhd_support_sta_mode	0	static
dhd_common.c:2542:5:dhd_keep_alive_onoff	112	static
dhd_common.c:2589:1:wl_iw_parse_data_tlv	64	static
dhd_common.c:2640:1:wl_iw_parse_channel_list_tlv	96	static
dhd_common.c:2690:1:wl_iw_parse_ssid_list_tlv	128	static
dhd_common.c:2766:5:wl_iw_parse_ssid_list	80	static
dhd_common.c:2810:1:wl_iw_parse_channel_list	112	static
