dhd_linux_platdev.c:342:12:wifi_plat_dev_drv_resume	16	static
dhd_linux_platdev.c:331:12:wifi_plat_dev_drv_suspend	16	static
dhd_linux_platdev.c:373:12:wifi_platdev_match	32	static
dhd_linux_platdev.c:69:22:dhd_wifi_platform_get_adapter	32	static
dhd_linux_platdev.c:91:7:wifi_platform_prealloc	48	static
dhd_linux_platdev.c:115:7:wifi_platform_get_prealloc_func_ptr	0	static
dhd_linux_platdev.c:125:5:wifi_platform_get_irq_number	0	static
dhd_linux_platdev.c:135:5:wifi_platform_set_power	48	static
dhd_linux_platdev.c:301:12:wifi_plat_dev_drv_remove	32	static
dhd_linux_platdev.c:496:12:bcmdhd_wifi_plat_dev_drv_remove	64	static
dhd_linux_platdev.c:181:5:wifi_platform_bus_enumerate	32	static
dhd_linux_platdev.c:660:12:dhd_wifi_platform_load_sdio	144	static
dhd_linux_platdev.c:488:12:bcmdhd_wifi_plat_dev_drv_probe	32	static
dhd_linux_platdev.c:267:12:wifi_plat_dev_drv_probe	48	static
dhd_linux_platdev.c:204:5:wifi_platform_get_wake_irq	16	static
dhd_linux_platdev.c:216:6:wifi_process_partial_resume	0	static
dhd_linux_platdev.c:232:5:wifi_platform_get_mac_addr	32	static
dhd_linux_platdev.c:247:7:wifi_platform_get_country_code	48	static
dhd_linux_platdev.c:451:6:wifi_ctrlfunc_unregister_drv	48	static
dhd_linux_platdev.c:519:5:dhd_wifi_platform_register_drv	64	static
dhd_linux_platdev.c:644:6:dhd_wifi_platform_unregister_drv	16	static
