linux_osl.c:233:5:osl_error	0	static
linux_osl.c:314:5:osl_static_mem_init	0	static
linux_osl.c:367:6:osl_set_bus_handle	0	static
linux_osl.c:372:7:osl_get_bus_handle	0	static
linux_osl.c:390:5:osl_static_mem_deinit	0	static
linux_osl.c:663:29:osl_pkt_tonative	0	static
linux_osl.c:683:19:osl_pkt_frmnative	0	static
linux_osl.c:700:19:osl_pktget	32	static
linux_osl.c:766:18:osl_pktfree	48	static
linux_osl.c:1104:6:osl_pcmcia_read_attr	0	static
linux_osl.c:1109:6:osl_pcmcia_write_attr	0	static
linux_osl.c:1238:6:osl_dma_consistent_align	0	static
linux_osl.c:1368:6:osl_assert	304	static
linux_osl.c:248:8:osl_attach	64	static
linux_osl.c:377:6:osl_detach	32	static
linux_osl.c:1013:8:osl_pci_read_config	32	static
linux_osl.c:1052:6:osl_pci_bus	32	static
linux_osl.c:1064:6:osl_pci_slot	32	static
linux_osl.c:1076:6:osl_pcie_domain	16	static
linux_osl.c:1084:6:osl_pcie_bus	32	static
linux_osl.c:1092:17:osl_pci_device	32	static
linux_osl.c:1114:7:osl_malloc	32	static
linux_osl.c:1167:7:osl_mallocz	32	static
linux_osl.c:1217:6:osl_check_memleak	32	static
linux_osl.c:1226:6:osl_malloced	32	static
linux_osl.c:1232:6:osl_malloc_failed	32	static
linux_osl.c:1243:7:osl_dma_alloc_consistent	80	static
linux_osl.c:1268:6:osl_dma_free_consistent	64	static
linux_osl.c:1280:1:osl_dma_map	64	static
linux_osl.c:1327:18:osl_dma_unmap	64	static
linux_osl.c:1032:6:osl_pci_write_config	80	static
linux_osl.c:1180:6:osl_mfree	48	static
linux_osl.c:1390:6:osl_delay	48	static
linux_osl.c:1401:6:osl_sleep	16	static
linux_osl.c:1414:7:osl_pktdup	32	static
linux_osl.c:1477:6:osl_pktalloced	0	static
linux_osl.c:1485:8:osl_rand	32	static
linux_osl.c:1495:7:osl_os_open_image	16	static
linux_osl.c:1512:5:osl_os_get_image_block	32	static
linux_osl.c:1527:6:osl_os_close_image	16	static
linux_osl.c:1533:5:osl_os_image_size	48	static
linux_osl.c:1551:6:osl_flag_set	0	static
linux_osl.c:1556:6:osl_is_flag_set	0	static
