sbutils.c:62:15:sb_read_sbreg	64	static
sbutils.c:92:13:sb_write_sbreg	80	static
sbutils.c:677:14:_sb_setcoreidx	64	static
sbutils.c:129:6:sb_coreid	16	static
sbutils.c:141:6:sb_intflag	64	static
sbutils.c:161:6:sb_flag	16	static
sbutils.c:172:6:sb_setint	16	static
sbutils.c:244:6:sb_corevendor	16	static
sbutils.c:256:6:sb_corerev	16	static
sbutils.c:533:1:_sb_scan	160	static
sbutils.c:270:6:sb_core_cflags_wo	48	static
sbutils.c:288:8:sb_core_cflags	48	static
sbutils.c:313:8:sb_core_sflags	48	static
sbutils.c:336:6:sb_iscoreup	16	static
sbutils.c:468:9:sb_corereg_addr	48	static
sbutils.c:654:7:sb_setcoreidx	32	static
sbutils.c:359:6:sb_corereg	112	static
sbutils.c:766:5:sb_numaddrspaces	16	static
sbutils.c:800:6:sb_commit	64	static
sbutils.c:829:6:sb_core_disable	96	static
sbutils.c:890:6:sb_core_reset	80	static
sbutils.c:965:8:sb_set_initiator_to	96	static
sbutils.c:1017:8:sb_base	32	static
sbutils.c:629:6:sb_scan	64	static
sbutils.c:780:8:sb_addrspace	16	static
sbutils.c:1040:8:sb_size	32	static
sbutils.c:790:8:sb_addrspacesize	16	static
