wl_cfgp2p.c:1017:1:wl_cfgp2p_parse_vndr_ies	96	static
wl_cfgp2p.c:1680:6:wl_cfgp2p_listen_expired	80	static
wl_cfgp2p.c:2457:1:wl_cfgp2p_ethtool_get_drvinfo	16	static
wl_cfgp2p.c:544:12:wl_cfgp2p_set_discovery.isra.2	48	static
wl_cfgp2p.c:1438:1:wl_cfgp2p_vndr_ie.isra.3	128	static
wl_cfgp2p.c:81:6:wl_cfgp2p_is_pub_action	16	static
wl_cfgp2p.c:101:6:wl_cfgp2p_is_p2p_action	16	static
wl_cfgp2p.c:125:6:wl_cfgp2p_find_gas_subtype	32	static
wl_cfgp2p.c:153:6:wl_cfgp2p_is_gas_action	0	static
wl_cfgp2p.c:176:6:wl_cfgp2p_print_actframe	48	static
wl_cfgp2p.c:290:5:wl_cfgp2p_init_priv	48	static
wl_cfgp2p.c:335:6:wl_cfgp2p_deinit_priv	32	static
wl_cfgp2p.c:348:5:wl_cfgp2p_set_firm_p2p	80	static
wl_cfgp2p.c:397:1:wl_cfgp2p_ifadd	112	static
wl_cfgp2p.c:436:5:wl_cfgp2p_ifdisable	48	static
wl_cfgp2p.c:457:5:wl_cfgp2p_ifdel	48	static
wl_cfgp2p.c:479:1:wl_cfgp2p_ifchange	112	static
wl_cfgp2p.c:522:1:wl_cfgp2p_ifidx	128	static
wl_cfgp2p.c:569:1:wl_cfgp2p_set_p2p_mode	96	static
wl_cfgp2p.c:616:5:wl_cfgp2p_init_discovery	64	static
wl_cfgp2p.c:764:5:wl_cfgp2p_disable_discovery	48	static
wl_cfgp2p.c:794:1:wl_cfgp2p_escan	160	static
wl_cfgp2p.c:956:1:wl_cfgp2p_act_frm_search	96	static
wl_cfgp2p.c:1389:17:wl_cfgp2p_find_wpaie	64	static
wl_cfgp2p.c:1401:17:wl_cfgp2p_find_wpsie	64	static
wl_cfgp2p.c:1413:16:wl_cfgp2p_find_p2pie	64	static
wl_cfgp2p.c:1425:16:wl_cfgp2p_find_wfdie	64	static
wl_cfgp2p.c:1500:1:wl_cfgp2p_find_idx	32	static
wl_cfgp2p.c:1534:20:wl_cfgp2p_find_ndev	32	static
wl_cfgp2p.c:1563:5:wl_cfgp2p_find_type	32	static
wl_cfgp2p.c:1086:1:wl_cfgp2p_set_management_ie	416	static
wl_cfgp2p.c:703:1:wl_cfgp2p_enable_discovery	96	static
wl_cfgp2p.c:1325:5:wl_cfgp2p_clear_management_ie	112	static
wl_cfgp2p.c:1594:1:wl_cfgp2p_listen_complete	80	static
wl_cfgp2p.c:1744:1:wl_cfgp2p_discover_listen	80	static
wl_cfgp2p.c:1803:5:wl_cfgp2p_discover_enable_search	64	static
wl_cfgp2p.c:1835:1:wl_cfgp2p_action_tx_complete	64	static
wl_cfgp2p.c:1878:1:wl_cfgp2p_tx_action_frame	160	static
wl_cfgp2p.c:1963:1:wl_cfgp2p_generate_bss_mac	0	static
wl_cfgp2p.c:1987:1:wl_cfg80211_change_ifaddr	112	static
wl_cfgp2p.c:2049:6:wl_cfgp2p_bss_isup	128	static
wl_cfgp2p.c:2076:1:wl_cfgp2p_bss	96	static
wl_cfgp2p.c:2102:5:wl_cfgp2p_supported	48	static
wl_cfgp2p.c:2126:5:wl_cfgp2p_down	48	static
wl_cfgp2p.c:2151:1:wl_cfgp2p_set_p2p_noa	112	static
wl_cfgp2p.c:2236:1:wl_cfgp2p_get_p2p_noa	304	static
wl_cfgp2p.c:2281:1:wl_cfgp2p_set_p2p_ps	80	static
wl_cfgp2p.c:2329:5:wl_cfgp2p_retreive_p2pattrib	32	static
wl_cfgp2p.c:2381:5:wl_cfgp2p_find_attrib_in_all_p2p_Ies	80	static
wl_cfgp2p.c:2412:5:wl_cfgp2p_retreive_p2p_dev_addr	32	static
wl_cfgp2p.c:2684:5:wl_cfgp2p_start_p2p_device	48	static
wl_cfgp2p.c:2715:6:wl_cfgp2p_stop_p2p_device	48	static
wl_cfgp2p.c:2746:1:wl_cfgp2p_del_p2p_disc_if	48	static
wl_cfgp2p.c:2646:22:wl_cfgp2p_add_p2p_disc_if	80	static
