wl_cfgvendor.c:1425:6:wl_cfgvendor_rtt_evt	128	static
wl_cfgvendor.c:2322:13:wl_cfgvendor_dbg_send_urgent_evt	80	static
wl_cfgvendor.c:2293:13:wl_cfgvendor_dbg_ring_send_evt	64	static
wl_cfgvendor.c:2422:12:wl_cfgvendor_stop_mkeep_alive	80	static
wl_cfgvendor.c:1111:29:create_bssid_pref_cfg	16	static
wl_cfgvendor.c:2349:12:wl_cfgvendor_start_mkeep_alive	128	static
wl_cfgvendor.c:2241:12:wl_cfgvendor_dbg_get_ring_data	96	static
wl_cfgvendor.c:2194:12:wl_cfgvendor_dbg_get_ring_status	400	static
wl_cfgvendor.c:2055:12:wl_cfgvendor_dbg_get_mem_dump	96	static
wl_cfgvendor.c:2022:12:wl_cfgvendor_dbg_trigger_mem_dump	48	static
wl_cfgvendor.c:1960:12:wl_cfgvendor_dbg_start_logging	144	static
wl_cfgvendor.c:1062:12:wl_cfgvendor_set_lazy_roam_cfg	48	static
wl_cfgvendor.c:330:12:wl_cfgvendor_gscan_get_channel_list	64	static
wl_cfgvendor.c:653:12:wl_cfgvendor_hotlist_cfg	64	static
wl_cfgvendor.c:999:12:wl_cfgvendor_set_batch_scan_cfg	48	static
wl_cfgvendor.c:552:12:wl_cfgvendor_set_scan_cfg	64	static
wl_cfgvendor.c:733:12:wl_cfgvendor_epno_cfg	144	static
wl_cfgvendor.c:1931:12:wl_cfgvendor_set_country	96	static
wl_cfgvendor.c:151:12:wl_cfgvendor_get_feature_set_matrix	64	static
wl_cfgvendor.c:1495:1:wl_cfgvendor_rtt_set_config	208	static
wl_cfgvendor.c:1393:12:wl_cfgvendor_set_rssi_monitor	32	static
wl_cfgvendor.c:113:12:wl_cfgvendor_send_cmd_reply.isra.5.part.6	16	static
wl_cfgvendor.c:113:12:wl_cfgvendor_send_cmd_reply.isra.5	48	static
wl_cfgvendor.c:2147:12:wl_cfgvendor_dbg_get_version	80	static
wl_cfgvendor.c:1813:12:wl_cfgvendor_lstats_get_info	80	static
wl_cfgvendor.c:2006:12:wl_cfgvendor_dbg_reset_logging	32	static
wl_cfgvendor.c:866:12:wl_cfgvendor_gscan_anqpo_config	160	static
wl_cfgvendor.c:1217:12:wl_cfgvendor_set_bssid_blacklist	112	static
wl_cfgvendor.c:1123:12:wl_cfgvendor_set_bssid_pref	112	static
wl_cfgvendor.c:1038:12:wl_cfgvendor_enable_lazy_roam	32	static
wl_cfgvendor.c:1312:12:wl_cfgvendor_set_ssid_whitelist	112	static
wl_cfgvendor.c:222:12:wl_cfgvendor_set_nodfs_flag	16	static
wl_cfgvendor.c:194:12:wl_cfgvendor_set_rand_mac_oui	48	static
wl_cfgvendor.c:1687:1:wl_cfgvendor_rtt_cancel_config	64	static
wl_cfgvendor.c:381:12:wl_cfgvendor_gscan_get_batch_results	144	static
wl_cfgvendor.c:524:12:wl_cfgvendor_enable_full_scan_result	32	static
wl_cfgvendor.c:491:12:wl_cfgvendor_initiate_gscan	32	static
wl_cfgvendor.c:132:12:wl_cfgvendor_get_feature_set	48	static
wl_cfgvendor.c:1751:1:wl_cfgvendor_rtt_get_capability	48	static
wl_cfgvendor.c:2272:12:wl_cfgvendor_dbg_get_feature	48	static
wl_cfgvendor.c:302:12:wl_cfgvendor_gscan_get_capabilities	64	static
wl_cfgvendor.c:1774:12:wl_cfgvendor_priv_string_handler	64	static
wl_cfgvendor.c:89:5:wl_cfgvendor_send_async_event	48	static
wl_cfgvendor.c:242:5:wl_cfgvendor_send_hotlist_event	96	static
wl_cfgvendor.c:2701:5:wl_cfgvendor_attach	48	static
wl_cfgvendor.c:2721:5:wl_cfgvendor_detach	32	static
