kd_sensorlist.c:3160:12:compat_get_acdk_sensor_resolution_info_struct	0	static
kd_sensorlist.c:3513:12:CAMERA_HW_Open	0	static
kd_sensorlist.c:3539:12:CAMERA_HW_Release	0	static
kd_sensorlist.c:3666:12:CAMERA_HW_i2c_remove	0	static
kd_sensorlist.c:3687:12:CAMERA_HW_Open2	0	static
kd_sensorlist.c:3707:12:CAMERA_HW_Release2	0	static
kd_sensorlist.c:3834:12:CAMERA_HW_i2c_remove2	0	static
kd_sensorlist.c:4330:12:CAMERA_HW_suspend	0	static
kd_sensorlist.c:4339:12:CAMERA_HW_resume	0	static
kd_sensorlist.c:4357:12:CAMERA_HW_suspend2	0	static
kd_sensorlist.c:4366:12:CAMERA_HW_resume2	0	static
kd_sensorlist.c:4520:16:CAMERA_HW_DumpReg_To_Proc	0	static
kd_sensorlist.c:4526:16:CAMERA_HW_DumpReg_To_Proc2	0	static
kd_sensorlist.c:4532:16:CAMERA_HW_DumpReg_To_Proc3	0	static
kd_sensorlist.c:925:9:kd_MultiSensorGetResolution	48	static
kd_sensorlist.c:958:1:kd_MultiSensorFeatureControl	80	static
kd_sensorlist.c:1016:1:kd_MultiSensorControl	96	static
kd_sensorlist.c:208:16:front_camera_module_name_store	32	static
kd_sensorlist.c:201:16:back_camera_module_name_store	32	static
kd_sensorlist.c:1096:9:kd_MultiSensorClose	80	static
kd_sensorlist.c:800:9:kd_MultiSensorOpen	80	static
kd_sensorlist.c:874:1:kd_MultiSensorGetInfo	496	static
kd_sensorlist.c:195:16:front_camera_module_name_show	16	static
kd_sensorlist.c:189:16:back_camera_module_name_show	16	static
kd_sensorlist.c:3194:13:CAMERA_HW_Ioctl_Compat	96	static
kd_sensorlist.c:3636:12:CAMERA_HW_i2c_probe	64	static
kd_sensorlist.c:3804:12:CAMERA_HW_i2c_probe2	48	static
kd_sensorlist.c:4896:20:CAMERA_HW_i2C_exit	32	static
kd_sensorlist.c:4632:16:CAMERA_HW_Reg_Debug3	128	static
kd_sensorlist.c:4593:16:CAMERA_HW_Reg_Debug2	112	static
kd_sensorlist.c:4542:16:CAMERA_HW_Reg_Debug	112	static
kd_sensorlist.c:4769:19:CAMERA_HW_i2C_init	48	static
kd_sensorlist.c:4317:12:CAMERA_HW_remove	80	static
kd_sensorlist.c:4347:12:CAMERA_HW_remove2	80	static
kd_sensorlist.c:252:13:KD_IMGSENSOR_PROFILE_INIT	16	static
kd_sensorlist.c:260:13:KD_IMGSENSOR_PROFILE	48	static
kd_sensorlist.c:358:8:kdGetSensorInitFuncList	0	static
kd_sensorlist.c:372:5:iMultiReadReg	80	static
kd_sensorlist.c:426:5:iReadReg	64	static
kd_sensorlist.c:476:5:iReadRegI2C	80	static
kd_sensorlist.c:522:5:iWriteReg	96	static
kd_sensorlist.c:577:5:kdSetI2CBusNum	48	static
kd_sensorlist.c:591:6:kdSetI2CSpeed	0	static
kd_sensorlist.c:610:5:kdReleaseI2CTriggerLock	0	static
kd_sensorlist.c:627:5:iBurstWriteReg	96	static
kd_sensorlist.c:723:5:iMultiWriteReg	16	static
kd_sensorlist.c:745:5:iWriteRegI2C	64	static
kd_sensorlist.c:786:9:kdSetI2CSlaveID	64	static
kd_sensorlist.c:1166:1:kdModulePowerOn	64	static
kd_sensorlist.c:1187:5:kdSetDriver	96	static
kd_sensorlist.c:1281:5:kdSetCurrentSensorIdx	0	static
kd_sensorlist.c:1290:5:kdGetSocketPostion	0	static
kd_sensorlist.c:1313:5:kdSetSensorSyncFlag	48	static
kd_sensorlist.c:1329:5:kdCheckSensorPowerOn	0	static
kd_sensorlist.c:1342:5:kdSensorSyncFunctionPtr	64	static
kd_sensorlist.c:1389:5:kdGetRawGainInfoPtr	32	static
kd_sensorlist.c:1414:5:kdSetExpGain	80	static
kd_sensorlist.c:1452:5:kdSensorSetExpGainWaitDone	112	static
kd_sensorlist.c:3369:13:CAMERA_HW_Ioctl	1408	static
kd_sensorlist.c:3893:6:CAMERA_Regulator_PowerOnOFF	48	static
kd_sensorlist.c:3976:6:CAMERA_Regulator_poweron	32	static
kd_sensorlist.c:4023:6:CAMERA_Regulator_powerdown	16	static
kd_sensorlist.c:4096:5:mtkcam_gpio_init	80	static
kd_sensorlist.c:4245:12:CAMERA_HW_probe2	64	static
kd_sensorlist.c:4171:12:CAMERA_HW_probe	64	static
kd_sensorlist.c:4118:5:mtkcam_gpio_uninit	64	static
kd_sensorlist.c:4138:5:mtkcam_gpio_set	32	static
