videocodec_kernel_driver.c:2330:6:vcodec_vma_open	0	static
videocodec_kernel_driver.c:2336:6:vcodec_vma_close	0	static
videocodec_kernel_driver.c:2669:12:vcodec_remove	0	static
videocodec_kernel_driver.c:2225:12:vcodec_flush	16	static
videocodec_kernel_driver.c:2166:12:vcodec_open	32	static
videocodec_kernel_driver.c:2909:20:vcodec_driver_exit	48	static
videocodec_kernel_driver.c:2347:12:vcodec_mmap	32	static
videocodec_kernel_driver.c:2455:12:vcodec_probe	96	static
videocodec_kernel_driver.c:2742:19:vcodec_driver_init	112	static
videocodec_kernel_driver.c:93:14:TimeDiffMs	0	static
videocodec_kernel_driver.c:100:6:SendDvfsRequest	32	static
videocodec_kernel_driver.c:115:6:VdecDvfsBegin	16	static
videocodec_kernel_driver.c:126:14:VdecDvfsGetMonitorDuration	32	static
videocodec_kernel_driver.c:132:6:VdecDvfsEnd	32	static
videocodec_kernel_driver.c:142:14:VdecDvfsStep	32	static
videocodec_kernel_driver.c:336:6:vdec_power_on	32	static
videocodec_kernel_driver.c:358:6:vdec_power_off	32	static
videocodec_kernel_driver.c:621:13:vcodec_unlocked_ioctl	256	static
videocodec_kernel_driver.c:2030:13:vcodec_unlocked_compat_ioctl	224	static
videocodec_kernel_driver.c:380:6:venc_power_on	32	static
videocodec_kernel_driver.c:408:6:venc_power_off	32	static
videocodec_kernel_driver.c:2233:12:vcodec_release	128	static
videocodec_kernel_driver.c:439:6:dec_isr	48	static
videocodec_kernel_driver.c:609:20:video_intr_dlr	16	static
videocodec_kernel_driver.c:498:6:enc_isr	48	static
videocodec_kernel_driver.c:615:20:video_intr_dlr2	16	static
