mt_freqhopping.c:574:21:__freq_to_index	0	static
mt_freqhopping.c:1070:12:fh_dramc_proc_read	0	static
mt_freqhopping.c:1075:12:fh_dramc_proc_write	0	static
mt_freqhopping.c:1400:12:mt_fh_hal_get_init	0	static
mt_freqhopping.c:1405:12:mt_fh_hal_is_support_DFS_mode	0	static
mt_freqhopping.c:1081:12:fh_dvfs_proc_read	48	static
mt_freqhopping.c:1192:12:fh_dumpregs_proc_read	96	static
mt_freqhopping.c:462:13:mt_fh_hal_default_conf	16	static
mt_freqhopping.c:990:12:mt_fh_hal_get_dramc	16	static
mt_freqhopping.c:984:12:mt_fh_hal_dram_overclock	16	static
mt_freqhopping.c:978:12:mt_fh_hal_h2l_dvfs_mempll	16	static
mt_freqhopping.c:972:12:mt_fh_hal_l2h_dvfs_mempll	16	static
mt_freqhopping.c:1390:13:mt_fh_hal_lock	32	static
mt_freqhopping.c:479:13:fh_switch2fhctl	32	static
mt_freqhopping.c:1395:13:mt_fh_hal_unlock	16	static
mt_freqhopping.c:1496:19:mt_freqhopping_drv_init	16	static
mt_freqhopping.c:1437:13:__ioctl	144	static
mt_freqhopping.c:503:13:fh_sync_ncpo_to_fhctl_dds	16	static
mt_freqhopping.c:1032:13:mt_fh_hal_popod_restore.part.4	64	static
mt_freqhopping.c:1032:13:mt_fh_hal_popod_restore	16	static
mt_freqhopping.c:554:13:__disable_ssc.isra.5	48	static
mt_freqhopping.c:591:12:__freqhopping_ctrl	96	static
mt_freqhopping.c:663:13:wait_dds_stable.constprop	48	static
mt_freqhopping.c:996:13:mt_fh_hal_popod_save.part.3	48	static
mt_freqhopping.c:996:13:mt_fh_hal_popod_save	16	static
mt_freqhopping.c:683:12:mt_fh_hal_dvfs	80	static
mt_freqhopping.c:797:12:mt_fh_hal_dfs_mmpll	128	static
mt_freqhopping.c:760:12:mt_fh_hal_dfs_armpll	96	static
mt_freqhopping.c:892:12:mt_fh_hal_dfs_vencpll	48	static
mt_freqhopping.c:1096:12:fh_dvfs_proc_write	352	static
mt_freqhopping.c:1245:6:mt_fh_init_register	0	static
mt_freqhopping.c:1328:13:mt_fh_hal_init	96	static
mt_freqhopping.c:1491:26:mt_get_fh_hal_drv	0	static
