mtk_ts_abb.c:224:12:mtktsabb_get_mode	0	static
mtk_ts_abb.c:230:12:mtktsabb_set_mode	0	static
mtk_ts_abb.c:236:12:mtktsabb_get_trip_type	0	static
mtk_ts_abb.c:243:12:mtktsabb_get_trip_temp	0	static
mtk_ts_abb.c:250:12:mtktsabb_get_crit_temp	0	static
mtk_ts_abb.c:269:12:tsabb_sysrst_get_max_state	0	static
mtk_ts_abb.c:275:12:tsabb_sysrst_get_cur_state	0	static
mtk_ts_abb.c:79:12:mtktsabb_get_temp	32	static
mtk_ts_abb.c:178:12:mtktsabb_unbind	48	static
mtk_ts_abb.c:131:12:mtktsabb_bind	48	static
mtk_ts_abb.c:479:20:mtktsabb_exit	32	static
mtk_ts_abb.c:432:12:mtktsabb_open	16	static
mtk_ts_abb.c:310:12:mtktsabb_read	48	static
mtk_ts_abb.c:281:12:tsabb_sysrst_set_cur_state	32	static
mtk_ts_abb.c:446:19:mtktsabb_init	32	static
mtk_ts_abb.c:328:5:mtktsabb_register_thermal	32	static
mtk_ts_abb.c:365:16:mtktsabb_write	1184	static
mtk_ts_abb.c:339:5:mtktsabb_register_cooler	16	static
mtk_ts_abb.c:347:6:mtktsabb_unregister_cooler	32	static
mtk_ts_abb.c:355:6:mtktsabb_unregister_thermal	32	static
