mtk_ts_battery.c:302:12:mtktsbattery_get_mode	0	static
mtk_ts_battery.c:309:12:mtktsbattery_set_mode	0	static
mtk_ts_battery.c:315:12:mtktsbattery_get_trip_type	0	static
mtk_ts_battery.c:322:12:mtktsbattery_get_trip_temp	0	static
mtk_ts_battery.c:329:12:mtktsbattery_get_crit_temp	0	static
mtk_ts_battery.c:372:12:tsbat_sysrst_get_max_state	0	static
mtk_ts_battery.c:378:12:tsbat_sysrst_get_cur_state	0	static
mtk_ts_battery.c:666:20:mtktsbattery_exit	32	static
mtk_ts_battery.c:618:12:mtkts_battery_open	16	static
mtk_ts_battery.c:416:12:mtktsbattery_read	48	static
mtk_ts_battery.c:441:16:mtktsbattery_write	288	static
mtk_ts_battery.c:255:12:mtktsbattery_unbind	48	static
mtk_ts_battery.c:207:12:mtktsbattery_bind	48	static
mtk_ts_battery.c:384:12:tsbat_sysrst_set_cur_state	32	static
mtk_ts_battery.c:632:19:mtktsbattery_init	32	static
mtk_ts_battery.c:41:1:read_tbat_value	16	static
mtk_ts_battery.c:193:12:mtktsbattery_get_temp	64	static
mtk_ts_battery.c:555:6:mtkts_battery_cancel_thermal_timer	0	static
mtk_ts_battery.c:569:6:mtkts_battery_start_thermal_timer	0	static
mtk_ts_battery.c:581:5:mtktsbattery_register_cooler	16	static
mtk_ts_battery.c:600:6:mtktsbattery_unregister_cooler	32	static
