mtk_ts_wmt.c:402:12:wmt_thz_get_mode	0	static
mtk_ts_wmt.c:423:12:wmt_thz_set_mode	0	static
mtk_ts_wmt.c:445:12:wmt_thz_get_trip_type	0	static
mtk_ts_wmt.c:453:12:wmt_thz_get_trip_temp	0	static
mtk_ts_wmt.c:460:12:wmt_thz_get_crit_temp	0	static
mtk_ts_wmt.c:470:12:wmt_cl_get_max_state	0	static
mtk_ts_wmt.c:477:12:wmt_cl_get_cur_state	0	static
mtk_ts_wmt.c:735:12:wmt_cl_pa1_get_max_state	0	static
mtk_ts_wmt.c:742:12:wmt_cl_pa1_get_cur_state	0	static
mtk_ts_wmt.c:778:12:wmt_cl_pa2_get_max_state	0	static
mtk_ts_wmt.c:785:12:wmt_cl_pa2_get_cur_state	0	static
mtk_ts_wmt.c:858:5:wmt_wifi_tx_thro_read	16	static
mtk_ts_wmt.c:929:5:wmt_wifi_algo_read	32	static
mtk_ts_wmt.c:972:5:wmt_tm_wfd_read	16	static
mtk_ts_wmt.c:1012:5:wmt_tm_pid_read	16	static
mtk_ts_wmt.c:1034:12:wmt_tm_read	128	static
mtk_ts_wmt.c:873:9:wmt_wifi_algo_write	336	static
mtk_ts_wmt.c:955:9:wmt_tm_wfd_write	288	static
mtk_ts_wmt.c:993:9:wmt_tm_pid_write	288	static
mtk_ts_wmt.c:1463:20:wmt_tm_deinit	32	static
mtk_ts_wmt.c:208:22:get_tx_bytes	288	static
mtk_ts_wmt.c:230:12:wmt_cal_stats	64	static
mtk_ts_wmt.c:988:12:wmt_tm_wfd_open	32	static
mtk_ts_wmt.c:867:12:wmt_wifi_tx_thro_open	32	static
mtk_ts_wmt.c:948:12:wmt_wifi_algo_open	32	static
mtk_ts_wmt.c:1027:12:wmt_tm_pid_open	32	static
mtk_ts_wmt.c:1069:12:wmt_tm_open	32	static
mtk_ts_wmt.c:1074:16:wmt_tm_write	1200	static
mtk_ts_wmt.c:319:12:wmt_thz_unbind	48	static
mtk_ts_wmt.c:278:12:wmt_thz_bind	48	static
mtk_ts_wmt.c:1395:19:wmt_tm_init	32	static
mtk_ts_wmt.c:506:12:wmt_send_signal.part.1	144	static
mtk_ts_wmt.c:506:12:wmt_send_signal	32	static
mtk_ts_wmt.c:555:12:wmt_judge_throttling	48	static
mtk_ts_wmt.c:792:12:wmt_cl_pa2_set_cur_state	16	static
mtk_ts_wmt.c:749:12:wmt_cl_pa1_set_cur_state	16	static
mtk_ts_wmt.c:484:12:wmt_cl_set_cur_state	16	static
mtk_ts_wmt.c:32:1:mtk_wcn_cmb_stub_query_ctrl	0	static
mtk_ts_wmt.c:364:12:wmt_thz_get_temp	48	static
