mtk_ts_cpu.c:1351:12:raw_to_temperature_roomt	0	static
mtk_ts_cpu.c:1921:12:tscpu_get_mode	0	static
mtk_ts_cpu.c:1927:12:tscpu_set_mode	0	static
mtk_ts_cpu.c:1933:12:tscpu_get_trip_type	0	static
mtk_ts_cpu.c:1940:12:tscpu_get_trip_temp	0	static
mtk_ts_cpu.c:1946:12:tscpu_get_crit_temp	0	static
mtk_ts_cpu.c:2403:12:dtm_cpu_get_max_state	0	static
mtk_ts_cpu.c:2441:12:sysrst_cpu_get_max_state	0	static
mtk_ts_cpu.c:2448:12:sysrst_cpu_get_cur_state	0	static
mtk_ts_cpu.c:2479:12:adp_cpu_get_max_state	0	static
mtk_ts_cpu.c:2486:12:adp_cpu_get_cur_state	0	static
mtk_ts_cpu.c:2782:12:tscpu_read_cal	0	static
mtk_ts_cpu.c:3829:12:mtktscpu_switch_bank	0	static
mtk_ts_cpu.c:1650:12:tscpu_get_temp	64	static
mtk_ts_cpu.c:1291:12:temperature_to_raw_room	96	static
mtk_ts_cpu.c:879:13:thermal_config_Bank0_TS	32	static
mtk_ts_cpu.c:2410:12:dtm_cpu_get_cur_state	64	static
mtk_ts_cpu.c:1873:12:tscpu_unbind	64	static
mtk_ts_cpu.c:3883:13:tscpu_config_all_tc_hw_protect	112	static
mtk_ts_cpu.c:1817:12:tscpu_bind	64	static
mtk_ts_cpu.c:3962:13:tscpu_fast_initial_sw_workaround	96	static
mtk_ts_cpu.c:3350:13:thermal_pause_all_periodoc_temp_sensing	64	static
mtk_ts_cpu.c:3395:13:thermal_disable_all_periodoc_temp_sensing	64	static
mtk_ts_cpu.c:3856:13:thermal_initial_all_bank	96	static
mtk_ts_cpu.c:3372:13:thermal_release_all_periodoc_temp_sensing	64	static
mtk_ts_cpu.c:1632:13:read_all_bank_temperature	80	static
mtk_ts_cpu.c:473:13:set_static_gpu_power_limit	32	static
mtk_ts_cpu.c:424:13:set_adaptive_cpu_power_limit	48	static
mtk_ts_cpu.c:441:13:set_static_cpu_power_limit	48	static
mtk_ts_cpu.c:2422:12:dtm_cpu_set_cur_state	80	static
mtk_ts_cpu.c:676:13:thermal_interrupt_handler	80	static
mtk_ts_cpu.c:736:20:thermal_all_bank_interrupt_handler	32	static
mtk_ts_cpu.c:3797:12:tscpu_debug_open	16	static
mtk_ts_cpu.c:3781:12:tscpu_thp_open	16	static
mtk_ts_cpu.c:3735:12:tscpu_open_atm	16	static
mtk_ts_cpu.c:3644:12:tscpu_Tj_out	16	static
mtk_ts_cpu.c:3813:12:tscpu_fastpoll_open	16	static
mtk_ts_cpu.c:3766:12:tscpu_gpu_threshold_open	16	static
mtk_ts_cpu.c:3751:12:tscpu_dtm_setting_open	16	static
mtk_ts_cpu.c:3718:12:tscpu_set_temperature_open	16	static
mtk_ts_cpu.c:3703:12:tscpu_read_temperature_open	16	static
mtk_ts_cpu.c:3689:12:tscpu_cal_open	16	static
mtk_ts_cpu.c:3660:12:tscpu_open_opp	16	static
mtk_ts_cpu.c:3673:12:tscpu_open	16	static
mtk_ts_cpu.c:3055:12:tscpu_read_debug	16	static
mtk_ts_cpu.c:3019:12:tscpu_read_thp	32	static
mtk_ts_cpu.c:2829:12:tscpu_read_atm	32	static
mtk_ts_cpu.c:2537:12:tscpu_read_Tj_out	16	static
mtk_ts_cpu.c:3079:12:tscpu_read_fastpoll	16	static
mtk_ts_cpu.c:2974:12:tscpu_read_gpu_threshold	16	static
mtk_ts_cpu.c:2891:12:tscpu_read_dtm_setting	128	static
mtk_ts_cpu.c:2745:12:tscpu_set_temperature_read	16	static
mtk_ts_cpu.c:2721:12:tscpu_read_temperature_info	32	static
mtk_ts_cpu.c:2692:12:tscpu_read_opp	96	static
mtk_ts_cpu.c:2793:12:tscpu_read	272	static
mtk_ts_cpu.c:3061:16:tscpu_write_debug	160	static
mtk_ts_cpu.c:3028:16:tscpu_write_thp	192	static
mtk_ts_cpu.c:2848:16:tscpu_write_atm	256	static
mtk_ts_cpu.c:3092:16:tscpu_write_fastpoll	192	static
mtk_ts_cpu.c:2986:16:tscpu_write_gpu_threshold	192	static
mtk_ts_cpu.c:2911:16:tscpu_write_dtm_setting	256	static
mtk_ts_cpu.c:2552:16:tscpu_write_Tj_out	96	static
mtk_ts_cpu.c:2755:16:tscpu_set_temperature_write	96	static
mtk_ts_cpu.c:3538:12:ktp_thread	112	static
mtk_ts_cpu.c:4260:12:of_get_phys_base	48	static
mtk_ts_cpu.c:4008:29:tscpu_update_tempinfo	64	static
mtk_ts_cpu.c:4564:19:tscpu_init	16	static
mtk_ts_cpu.c:2083:12:P_adaptive	80	static
mtk_ts_cpu.c:2494:12:adp_cpu_set_cur_state	64	static
mtk_ts_cpu.c:3947:13:tscpu_reset_thermal	32	static
mtk_ts_cpu.c:3478:12:tscpu_thermal_resume	48	static
mtk_ts_cpu.c:385:6:mt_thermalsampler_registerCB	0	static
mtk_ts_cpu.c:392:6:tscpu_met_lock	32	static
mtk_ts_cpu.c:398:6:tscpu_met_unlock	16	static
mtk_ts_cpu.c:414:6:set_taklking_flag	16	static
mtk_ts_cpu.c:488:6:tscpu_thermal_clock_on	32	static
mtk_ts_cpu.c:497:6:tscpu_thermal_clock_off	32	static
mtk_ts_cpu.c:3428:12:tscpu_thermal_suspend	48	static
mtk_ts_cpu.c:506:6:get_thermal_all_register	32	static
mtk_ts_cpu.c:571:6:get_thermal_slope_intercept	48	static
mtk_ts_cpu.c:1062:5:mtk_cpufreq_register	64	static
mtk_ts_cpu.c:1140:5:mtk_gpufreq_register	64	static
mtk_ts_cpu.c:1162:6:mtkts_dump_cali_info	32	static
mtk_ts_cpu.c:2455:12:sysrst_cpu_set_cur_state	32	static
mtk_ts_cpu.c:1452:5:get_immediate_temp2_wrap	32	static
mtk_ts_cpu.c:1481:5:get_immediate_ts1_wrap	32	static
mtk_ts_cpu.c:1506:5:get_immediate_ts2_wrap	32	static
mtk_ts_cpu.c:1538:5:get_immediate_ts3_wrap	32	static
mtk_ts_cpu.c:1560:5:get_immediate_ts4_wrap	32	static
mtk_ts_cpu.c:1764:5:tscpu_get_bL_temp	32	static
mtk_ts_cpu.c:3126:5:tscpu_register_thermal	32	static
mtk_ts_cpu.c:3138:6:tscpu_unregister_thermal	32	static
mtk_ts_cpu.c:3149:16:tscpu_write	1216	static
mtk_ts_cpu.c:3287:5:tscpu_register_DVFS_hotplug_cooler	80	static
mtk_ts_cpu.c:3314:6:tscpu_unregister_DVFS_hotplug_cooler	48	static
mtk_ts_cpu.c:4569:20:tscpu_exit	32	static
mtk_ts_cpu.c:4314:12:tscpu_thermal_probe	64	static
mtk_ts_cpu.c:3980:5:tscpu_get_cpu_temp_met	48	static
mtk_ts_cpu.c:4077:6:tscpu_cancel_thermal_timer	32	static
mtk_ts_cpu.c:4088:6:tscpu_start_thermal_timer	48	static
