mt_dramc.c:755:16:complex_mem_test_store	0	static
mt_dramc.c:768:16:DFS_APDMA_TEST_store	0	static
mt_dramc.c:885:16:read_dram_temp_store	0	static
mt_dramc.c:896:16:read_dram_data_rate_store	0	static
mt_dramc.c:280:6:vcore_dvfs_ipi_handler	80	static
mt_dramc.c:808:12:mpll_probe	16	static
mt_dramc.c:761:16:DFS_APDMA_TEST_show	16	static
mt_dramc.c:84:6:enter_pasr_dpd_config	0	static
mt_dramc.c:98:6:exit_pasr_dpd_config	0	static
mt_dramc.c:121:6:store_vcore_dvfs_setting	48	static
mt_dramc.c:367:6:get_freq_table_info	0	static
mt_dramc.c:392:6:get_mempll_table_info	0	static
mt_dramc.c:414:5:Binning_DRAM_complex_mem_test	32	static
mt_dramc.c:743:16:complex_mem_test_show	32	static
mt_dramc.c:774:14:ucDram_Register_Read	0	static
mt_dramc.c:785:6:ucDram_Register_Write	0	static
mt_dramc.c:794:6:pasr_is_valid	0	static
mt_dramc.c:817:14:get_dram_data_rate	32	static
mt_dramc.c:891:16:read_dram_data_rate_show	32	static
mt_dramc.c:943:19:dram_test_init	48	static
mt_dramc.c:848:14:DRAM_MRR	0	static
mt_dramc.c:880:16:read_dram_temp_show	32	static
mt_dramc.c:871:14:read_dram_temperature	16	static
mt_dramc.c:1046:5:DFS_APDMA_early_init	32	static
mt_dramc.c:1078:5:DFS_APDMA_Init	0	static
mt_dramc.c:1084:5:DFS_APDMA_Enable	0	static
mt_dramc.c:1135:5:DFS_APDMA_END	0	static
mt_dramc.c:1142:6:dma_dummy_read_for_vcorefs	0	static
mt_dramc.c:1170:6:DFS_Reserved_Memory	48	static
mt_dramc.c:1224:6:sync_hw_gating_value	0	static
mt_dramc.c:1244:6:disable_MR4_enable_manual_ref_rate	16	static
mt_dramc.c:1261:6:enable_MR4_disable_manual_ref_rate	16	static
