dcache.c:1251:24:check_mount	0	static
dcache.c:2082:37:slow_dentry_cmp	16	static
dcache.c:2906:12:prepend_path	176	static
dcache.c:1139:13:d_walk	144	static
dcache.c:381:13:d_shrink_del	32	static
dcache.c:389:13:d_shrink_add	48	static
dcache.c:989:1:dentry_lru_isolate	64	static
dcache.c:258:13:__d_free_external	32	static
dcache.c:251:13:__d_free	16	static
dcache.c:3382:19:set_dhash_entries	32	static
dcache.c:3345:24:d_genocide_kill	0	static
dcache.c:2426:13:__d_rehash.part.13	48	static
dcache.c:2426:13:__d_rehash	48	static
dcache.c:1386:24:umount_check	16	static
dcache.c:373:13:d_lru_del	32	static
dcache.c:1332:24:select_collect	48	static
dcache.c:1440:24:detach_and_collect	16	static
dcache.c:270:13:dentry_free	32	static
dcache.c:3155:14:__dentry_path.part.17	128	static
dcache.c:1071:24:dentry_lru_isolate_shrink	64	static
dcache.c:1695:13:__d_instantiate	48	static
dcache.c:1752:23:__d_instantiate_unique	32	static
dcache.c:152:5:proc_nr_dentry	112	static
dcache.c:442:6:__d_drop	48	static
dcache.c:473:13:__dentry_kill	48	static
dcache.c:908:13:shrink_dentry_list	64	static
dcache.c:1453:13:check_and_drop	16	static
dcache.c:2606:13:__d_move	80	static
dcache.c:465:6:d_drop	32	static
dcache.c:722:6:dput	64	static
dcache.c:780:16:dget_parent	64	static
dcache.c:868:16:d_find_alias	64	static
dcache.c:885:6:d_prune_aliases	64	static
dcache.c:1059:6:prune_dcache_sb	64	static
dcache.c:1099:6:shrink_dcache_sb	96	static
dcache.c:1268:5:have_submounts	32	static
dcache.c:1286:5:d_set_mounted	48	static
dcache.c:1367:6:shrink_dcache_parent	80	static
dcache.c:1420:6:shrink_dcache_for_umount	48	static
dcache.c:1471:6:d_invalidate	96	static
dcache.c:1638:6:d_set_d_op	48	static
dcache.c:1525:16:__d_alloc	48	static
dcache.c:1593:16:d_alloc	48	static
dcache.c:1621:16:d_alloc_pseudo	16	static
dcache.c:1884:23:__d_obtain_alias	80	static
dcache.c:1627:16:d_alloc_name	64	static
dcache.c:1724:6:d_instantiate	48	static
dcache.c:1787:16:d_instantiate_unique	48	static
dcache.c:1820:5:d_instantiate_no_diralias	48	static
dcache.c:1838:16:d_make_root	48	static
dcache.c:1873:16:d_find_any_alias	32	static
dcache.c:1958:16:d_obtain_alias	16	static
dcache.c:1979:16:d_obtain_root	16	static
dcache.c:2129:16:__d_lookup_rcu	96	static
dcache.c:2247:16:__d_lookup	96	static
dcache.c:2217:16:d_lookup	48	static
dcache.c:2325:16:d_hash_and_lookup	48	static
dcache.c:2353:5:d_validate	64	static
dcache.c:2394:6:d_delete	48	static
dcache.c:2446:6:d_rehash	48	static
dcache.c:2468:6:dentry_update_name_case	48	static
dcache.c:2678:6:d_move	64	static
dcache.c:2691:6:d_exchange	48	static
dcache.c:2713:16:d_ancestor	0	static
dcache.c:2785:16:d_splice_alias	80	static
dcache.c:2001:16:d_add_ci	64	static
dcache.c:3005:7:__d_path	48	static
dcache.c:3022:7:d_absolute_path	64	static
dcache.c:3087:7:d_path	64	static
dcache.c:3122:7:dynamic_dname	192	static
dcache.c:3140:7:simple_dname	32	static
dcache.c:3200:7:dentry_path_raw	16	static
dcache.c:3206:7:dentry_path	48	static
dcache.c:3255:1:SyS_getcwd	128	static
dcache.c:3319:5:is_subdir	64	static
dcache.c:3360:6:d_genocide	16	static
dcache.c:3365:6:d_tmpfile	48	static
dcache.c:3453:13:vfs_caches_init_early	48	static
dcache.c:3459:13:vfs_caches_init	64	static
dcache.c:3480:6:take_dentry_name_snapshot	64	static
dcache.c:3496:6:release_dentry_name_snapshot	16	static
