posix_acl.c:380:12:posix_acl_create_masq	0	static
posix_acl.c:862:1:posix_acl_xattr_list	32	static
posix_acl.c:24:20:acl_by_type.part.6	16	static
posix_acl.c:24:20:acl_by_type	16	static
posix_acl.c:37:19:get_cached_acl	48	static
posix_acl.c:52:19:get_cached_acl_rcu	16	static
posix_acl.c:58:6:set_cached_acl	64	static
posix_acl.c:71:6:forget_cached_acl	48	static
posix_acl.c:84:6:forget_all_cached_acls	48	static
posix_acl.c:99:19:get_acl	64	static
posix_acl.c:798:1:posix_acl_xattr_get	32	static
posix_acl.c:130:1:posix_acl_init	0	static
posix_acl.c:141:1:posix_acl_alloc	32	static
posix_acl.c:174:1:posix_acl_valid	0	static
posix_acl.c:243:1:posix_acl_equiv_mode	0	static
posix_acl.c:289:1:posix_acl_from_mode	32	static
posix_acl.c:312:1:posix_acl_permission	80	static
posix_acl.c:483:1:__posix_acl_create	48	static
posix_acl.c:501:1:__posix_acl_chmod	48	static
posix_acl.c:519:1:posix_acl_chmod	48	static
posix_acl.c:546:1:posix_acl_create	64	static
posix_acl.c:609:5:posix_acl_update_mode	64	static
posix_acl.c:670:6:posix_acl_fix_xattr_from_user	0	static
posix_acl.c:678:6:posix_acl_fix_xattr_to_user	0	static
posix_acl.c:690:1:posix_acl_from_xattr	32	static
posix_acl.c:759:1:posix_acl_to_xattr	0	static
posix_acl.c:822:1:set_posix_acl	48	static
posix_acl.c:844:1:posix_acl_xattr_set	48	static
posix_acl.c:902:5:simple_set_acl	48	static
posix_acl.c:919:5:simple_acl_create	48	static
