jhash.h:70:19:jhash	0	static
af_netlink.c:117:12:lockdep_nl_sk_hash_is_held	0	static
af_netlink.c:417:13:netlink_compare	0	static
af_netlink.c:457:1:netlink_update_listeners	0	static
af_netlink.c:835:13:netlink_unbind	64	static
af_netlink.c:951:12:netlink_getname	0	static
af_netlink.c:1510:12:netlink_getsockopt	0	static
af_netlink.c:288:13:netlink_overrun	32	static
af_netlink.c:324:13:netlink_skb_set_owner_r	32	static
af_netlink.c:311:13:netlink_skb_destructor	32	static
af_netlink.c:1107:24:netlink_trim	48	static
af_netlink.c:2279:13:netlink_seq_stop	16	static
af_netlink.c:1744:13:netlink_data_ready	16	static
af_netlink.c:530:12:__netlink_create	48	static
af_netlink.c:333:13:netlink_sock_destruct	32	static
af_netlink.c:558:12:netlink_create	80	static
af_netlink.c:480:12:netlink_insert	96	static
af_netlink.c:2386:24:netlink_net_exit	16	static
af_netlink.c:2322:12:netlink_seq_open	16	static
af_netlink.c:2287:12:netlink_seq_show	144	static
af_netlink.c:2377:23:netlink_net_init	16	static
af_netlink.c:2197:21:netlink_seq_socket_idx.isra.31	0	static
af_netlink.c:2227:14:netlink_seq_start	48	static
af_netlink.c:2235:14:netlink_seq_next	16	static
af_netlink.c:256:13:__netlink_deliver_tap	112	static
af_netlink.c:1082:12:__netlink_sendskb	48	static
af_netlink.c:1424:13:netlink_update_socket_mc	16	static
af_netlink.c:154:5:netlink_add_tap	48	static
af_netlink.c:195:5:netlink_remove_tap	48	static
af_netlink.c:363:6:netlink_table_grab	112	static
af_netlink.c:802:12:netlink_realloc_groups	64	static
af_netlink.c:388:6:netlink_table_ungrab	16	static
af_netlink.c:681:12:netlink_autobind.isra.34	112	static
af_netlink.c:915:12:netlink_connect	48	static
af_netlink.c:1440:12:netlink_setsockopt	48	static
af_netlink.c:848:12:netlink_bind	96	static
af_netlink.c:617:12:netlink_release	80	static
af_netlink.c:2418:19:netlink_proto_init	176	static
af_netlink.c:727:6:__netlink_ns_capable	32	static
af_netlink.c:746:6:netlink_ns_capable	32	static
af_netlink.c:762:6:netlink_capable	32	static
af_netlink.c:778:6:netlink_net_capable	32	static
af_netlink.c:991:14:netlink_getsockbyfilp	0	static
af_netlink.c:1042:5:netlink_attachskb	112	static
af_netlink.c:1093:5:netlink_sendskb	48	static
af_netlink.c:1101:6:netlink_detachskb	32	static
af_netlink.c:1151:5:netlink_unicast	144	static
af_netlink.c:1187:17:netlink_alloc_skb	16	static
af_netlink.c:1194:5:netlink_has_listeners	32	static
af_netlink.c:1299:5:netlink_broadcast_filtered	160	static
af_netlink.c:1570:12:netlink_sendmsg	144	static
af_netlink.c:1350:5:netlink_broadcast	16	static
af_netlink.c:1401:5:netlink_set_err	112	static
af_netlink.c:1756:1:__netlink_kernel_create	112	static
af_netlink.c:1838:1:netlink_kernel_release	16	static
af_netlink.c:1844:5:__netlink_change_ngroups	48	static
af_netlink.c:1879:5:netlink_change_ngroups	48	static
af_netlink.c:1890:6:__netlink_clear_multicast_users	32	static
af_netlink.c:1900:1:__nlmsg_put	96	static
af_netlink.c:1922:12:netlink_dump	48	static
af_netlink.c:1652:12:netlink_recvmsg	144	static
af_netlink.c:2009:5:__netlink_dump_start	96	static
af_netlink.c:2073:6:netlink_ack	144	static
af_netlink.c:2109:5:netlink_rcv_skb	48	static
af_netlink.c:2160:5:nlmsg_notify	48	static
af_netlink.c:2338:5:netlink_register_notifier	16	static
af_netlink.c:2344:5:netlink_unregister_notifier	16	static
