migrate.h:23:1:perf_trace_mm_migrate_pages	96	static
migrate.h:23:1:ftrace_raw_event_mm_migrate_pages	112	static
migrate.h:23:1:ftrace_raw_output_mm_migrate_pages	80	static
migrate.h:51:1:ftrace_raw_output_mm_numa_migrate_ratelimit	32	static
migrate.h:51:1:perf_trace_mm_numa_migrate_ratelimit	80	static
migrate.h:51:1:ftrace_raw_event_mm_numa_migrate_ratelimit	112	static
migrate.c:309:13:remove_migration_ptes	64	static
migrate.c:198:12:remove_migration_pte	96	static
migrate.c:287:12:remove_linear_migration_ptes_from_nonlinear	64	static
migrate.h:23:1:ftrace_define_fields_mm_migrate_pages	32	static
migrate.h:51:1:ftrace_define_fields_mm_numa_migrate_ratelimit	32	static
migrate.c:377:13:buffer_migrate_lock_buffers.part.36	48	static
migrate.c:56:5:migrate_prep	16	static
migrate.c:70:5:migrate_prep_local	16	static
migrate.c:77:6:isolate_movable_page	48	static
migrate.c:139:6:putback_movable_page	32	static
migrate.c:160:6:putback_movable_pages	48	static
migrate.c:325:6:__migration_entry_wait	48	static
migrate.c:360:6:migration_entry_wait	16	static
migrate.c:368:6:migration_entry_wait_huge	16	static
migrate.c:433:5:migrate_page_move_mapping	80	static
migrate.c:523:5:migrate_huge_page_move_mapping	64	static
migrate.c:613:6:migrate_page_copy	48	static
migrate.c:689:5:migrate_page	48	static
migrate.c:843:12:move_to_new_page	160	static
migrate.c:924:12:__unmap_and_move	96	static
migrate.c:713:5:buffer_migrate_page	48	static
migrate.c:1284:5:migrate_pages	144	static
migrate.c:1361:5:migrate_replace_page	64	static
