page_alloc.c:1852:13:__zone_watermark_ok	0	static
page_alloc.c:4005:13:build_zonelists	0	static
page_alloc.c:323:13:bad_page	64	static
page_alloc.c:840:13:free_pages_prepare	64	static
page_alloc.c:407:12:destroy_compound_page	64	static
page_alloc.c:3277:22:nr_free_zone_pages	48	static
page_alloc.c:4073:12:__build_all_zonelists	48	static
page_alloc.c:4588:5:zone_wait_table_init	64	static
page_alloc.c:5867:13:calculate_totalreserve_pages	32	static
page_alloc.c:5912:13:setup_per_zone_lowmem_reserve	32	static
page_alloc.c:4429:12:zone_batchsize.isra.71	0	static
page_alloc.c:145:6:pm_restore_gfp_mask	16	static
page_alloc.c:155:6:pm_restrict_gfp_mask	32	static
page_alloc.c:164:6:pm_suspended_storage	0	static
page_alloc.c:388:6:prep_compound_page	0	static
page_alloc.c:1121:5:move_freepages	0	static
page_alloc.c:1165:5:move_freepages_block	16	static
page_alloc.c:1458:6:drain_all_pages	80	static
page_alloc.c:1601:6:split_page	0	static
page_alloc.c:1892:6:zone_watermark_ok	16	static
page_alloc.c:1899:6:zone_watermark_ok_safe	96	static
page_alloc.c:2300:6:warn_alloc_failed	160	static
page_alloc.c:2684:6:gfp_pfmemalloc_allowed	32	static
page_alloc.c:3324:15:nr_free_buffer_pages	16	static
page_alloc.c:3333:15:nr_unallocated_buffer_pages	48	static
page_alloc.c:3345:15:nr_free_pagecache_pages	16	static
page_alloc.c:3356:6:si_meminfo	32	static
page_alloc.c:3397:6:skip_free_areas_node	0	static
page_alloc.c:3449:6:show_free_areas	576	static
page_alloc.c:4132:12:build_all_zonelists	32	static
page_alloc.c:4579:13:setup_per_cpu_pageset	96	static
page_alloc.c:4645:15:init_currently_empty_zone	48	static
page_alloc.c:5054:19:set_pageblock_order	0	static
page_alloc.c:5696:6:adjust_managed_page_count	64	static
page_alloc.c:5741:13:mem_init_print_info	128	static
page_alloc.c:5818:13:set_dma_reserve	0	static
page_alloc.c:5858:13:page_alloc_init	16	static
page_alloc.c:6188:5:lowmem_reserve_ratio_sysctl_handler	16	static
page_alloc.c:6201:5:percpu_pagelist_fraction_sysctl_handler	128	static
page_alloc.c:6381:15:get_pfnblock_flags_mask	0	static
page_alloc.c:821:13:free_one_page	80	static
page_alloc.c:869:13:__free_pages_ok	48	static
page_alloc.c:383:13:free_compound_page	16	static
page_alloc.c:768:13:free_pcppages_bulk	128	static
page_alloc.c:1420:13:drain_pages	64	static
page_alloc.c:1444:6:drain_local_pages	16	static
page_alloc.c:5829:12:page_alloc_cpu_notify	32	static
page_alloc.c:1533:6:free_hot_cold_page	80	static
page_alloc.c:1583:6:free_hot_cold_page_list	80	static
page_alloc.c:3118:6:__free_pages	16	static
page_alloc.c:886:13:__free_pages_bootmem	16	static
page_alloc.c:3256:6:free_pages_exact	48	static
page_alloc.c:3189:14:make_alloc_exact	64	static
page_alloc.c:3175:6:__free_kmem_pages	16	static
page_alloc.c:5709:15:free_reserved_area	112	static
page_alloc.c:3130:6:free_pages	16	static
page_alloc.c:3181:6:free_kmem_pages	16	static
page_alloc.c:6450:6:has_unmovable_pages.part.77	48	static
page_alloc.c:6409:6:set_pfnblock_flags_mask	0	static
page_alloc.c:259:6:set_pageblock_migratetype	16	static
page_alloc.c:909:13:init_cma_reserved_pageblock	32	static
page_alloc.c:937:13:free_cma_reserved_pageblock	32	static
page_alloc.c:1625:5:__isolate_free_page	96	static
page_alloc.c:1675:5:split_free_page	32	static
page_alloc.c:1316:21:__rmqueue	128	static
page_alloc.c:2089:1:get_page_from_freelist	256	static
page_alloc.c:2446:1:__alloc_pages_direct_compact	112	static
page_alloc.c:2950:1:__alloc_pages_nodemask	256	static
page_alloc.c:3095:15:__get_free_pages	16	static
page_alloc.c:3147:14:alloc_kmem_pages	16	static
page_alloc.c:3159:14:alloc_kmem_pages_node	16	static
page_alloc.c:3240:18:alloc_pages_exact_nid	32	static
page_alloc.c:3112:15:get_zeroed_page	16	static
page_alloc.c:3218:7:alloc_pages_exact	32	static
page_alloc.c:6258:14:alloc_large_system_hash	112	static
page_alloc.c:4356:16:memmap_init_zone	80	static
page_alloc.c:5233:19:free_area_init_node	144	static
page_alloc.c:5823:13:free_area_init	16	static
page_alloc.c:6024:6:setup_per_zone_wmarks	128	static
page_alloc.c:6098:15:init_per_zone_wmark_min	32	static
page_alloc.c:6129:5:min_free_kbytes_sysctl_handler	48	static
page_alloc.c:6450:6:has_unmovable_pages	16	static
page_alloc.c:6525:6:is_pageblock_removable_nolock	16	static
page_alloc.c:6748:6:free_contig_range	48	static
page_alloc.c:6627:5:alloc_contig_range	208	static
page_alloc.c:6778:6:zone_pcp_reset	80	static
