vmscan.c:163:22:zone_reclaimable_pages	0	static
vmscan.c:1502:12:current_may_throttle	16	static
vmscan.h:39:1:ftrace_define_fields_mm_vmscan_kswapd_sleep	16	static
vmscan.h:144:1:ftrace_define_fields_mm_vmscan_direct_reclaim_end_template	16	static
vmscan.h:39:1:perf_trace_mm_vmscan_kswapd_sleep	64	static
vmscan.h:56:1:perf_trace_mm_vmscan_kswapd_wake	80	static
vmscan.h:75:1:perf_trace_mm_vmscan_wakeup_kswapd	80	static
vmscan.h:99:1:perf_trace_mm_vmscan_direct_reclaim_begin_template	80	static
vmscan.h:144:1:perf_trace_mm_vmscan_direct_reclaim_end_template	64	static
vmscan.h:182:1:perf_trace_mm_shrink_slab_start	112	static
vmscan.h:230:1:perf_trace_mm_shrink_slab_end	112	static
vmscan.h:267:1:perf_trace_mm_vmscan_lru_isolate_template	112	static
vmscan.h:331:1:perf_trace_mm_vmscan_writepage	80	static
vmscan.h:354:1:perf_trace_mm_vmscan_lru_shrink_inactive	112	static
vmscan.h:39:1:ftrace_raw_event_mm_vmscan_kswapd_sleep	96	static
vmscan.h:56:1:ftrace_raw_event_mm_vmscan_kswapd_wake	96	static
vmscan.h:75:1:ftrace_raw_event_mm_vmscan_wakeup_kswapd	112	static
vmscan.h:99:1:ftrace_raw_event_mm_vmscan_direct_reclaim_begin_template	112	static
vmscan.h:144:1:ftrace_raw_event_mm_vmscan_direct_reclaim_end_template	96	static
vmscan.h:182:1:ftrace_raw_event_mm_shrink_slab_start	144	static
vmscan.h:230:1:ftrace_raw_event_mm_shrink_slab_end	128	static
vmscan.h:267:1:ftrace_raw_event_mm_vmscan_lru_isolate_template	128	static
vmscan.h:331:1:ftrace_raw_event_mm_vmscan_writepage	96	static
vmscan.h:354:1:ftrace_raw_event_mm_vmscan_lru_shrink_inactive	128	static
vmscan.h:39:1:ftrace_raw_output_mm_vmscan_kswapd_sleep	32	static
vmscan.h:56:1:ftrace_raw_output_mm_vmscan_kswapd_wake	32	static
vmscan.h:75:1:ftrace_raw_output_mm_vmscan_wakeup_kswapd	32	static
vmscan.h:144:1:ftrace_raw_output_mm_vmscan_direct_reclaim_end_template	32	static
vmscan.h:230:1:ftrace_raw_output_mm_shrink_slab_end	48	static
vmscan.h:267:1:ftrace_raw_output_mm_vmscan_lru_isolate_template	32	static
vmscan.h:99:1:ftrace_raw_output_mm_vmscan_direct_reclaim_begin_template	48	static
vmscan.h:182:1:ftrace_raw_output_mm_shrink_slab_start	96	static
vmscan.h:331:1:ftrace_raw_output_mm_vmscan_writepage	48	static
vmscan.h:354:1:ftrace_raw_output_mm_vmscan_lru_shrink_inactive	80	static
vmscan.c:255:19:add_shrinker_debug	16	static
vmscan.c:214:12:debug_shrinker_open	16	static
vmscan.c:193:12:debug_shrinker_show	96	static
vmscan.c:279:1:shrink_slab_node	144	static
vmscan.c:584:12:__remove_mapping	64	static
vmscan.c:1676:13:move_active_pages_to_lru	96	static
vmscan.c:2835:13:pfmemalloc_watermark_ok	16	static
vmscan.c:2877:13:throttle_direct_reclaim	112	static
vmscan.h:56:1:ftrace_define_fields_mm_vmscan_kswapd_wake	32	static
vmscan.h:75:1:ftrace_define_fields_mm_vmscan_wakeup_kswapd	32	static
vmscan.h:99:1:ftrace_define_fields_mm_vmscan_direct_reclaim_begin_template	32	static
vmscan.h:182:1:ftrace_define_fields_mm_shrink_slab_start	32	static
vmscan.h:230:1:ftrace_define_fields_mm_shrink_slab_end	48	static
vmscan.h:267:1:ftrace_define_fields_mm_vmscan_lru_isolate_template	48	static
vmscan.h:331:1:ftrace_define_fields_mm_vmscan_writepage	32	static
vmscan.h:354:1:ftrace_define_fields_mm_vmscan_lru_shrink_inactive	48	static
vmscan.c:3093:13:zone_balanced	32	static
vmscan.c:3767:12:cpu_callback	32	static
vmscan.c:3144:13:pgdat_balanced	96	static
vmscan.c:3824:19:kswapd_init	32	static
vmscan.c:177:6:zone_reclaimable	0	static
vmscan.c:229:5:register_shrinker	32	static
vmscan.c:267:6:unregister_shrinker	32	static
vmscan.c:408:15:shrink_slab	80	static
vmscan.c:668:5:remove_mapping	32	static
vmscan.c:1229:5:__isolate_lru_page	48	static
vmscan.c:1313:22:isolate_lru_pages.isra.62	96	static
vmscan.c:1380:5:isolate_lru_page	64	static
vmscan.c:691:6:putback_lru_page	32	static
vmscan.c:1442:1:putback_inactive_pages	112	static
vmscan.c:1717:13:shrink_active_list	192	static
vmscan.c:3690:6:wakeup_kswapd	64	static
vmscan.c:3791:5:kswapd_run	48	static
vmscan.c:3814:6:kswapd_stop	32	static
vmscan.c:4059:5:page_evictable	32	static
vmscan.c:848:22:shrink_page_list	288	static
vmscan.c:1191:15:reclaim_clean_pages_from_list	208	static
vmscan.c:1514:1:shrink_inactive_list	192	static
vmscan.c:2328:13:shrink_lruvec.isra.65	240	static
vmscan.c:2523:13:shrink_zone	80	static
vmscan.c:2767:22:do_try_to_free_pages.part.66	192	static
vmscan.c:2961:15:try_to_free_pages	144	static
vmscan.c:3726:15:shrink_memory_mask	96	static
vmscan.c:3757:15:shrink_all_memory	16	static
vmscan.c:3332:22:balance_pgdat	272	static
vmscan.c:3591:12:kswapd	176	static
vmscan.c:4074:6:check_move_unevictable_pages	112	static
