bmi160_gyro.c:826:16:store_firlen_value	0	static
bmi160_gyro.c:1033:12:bmg_release	0	static
bmi160_gyro.c:1148:12:bmi160_gyro_suspend	0	static
bmi160_gyro.c:1157:12:bmi160_gyro_resume	0	static
bmi160_gyro.c:1172:12:bmi160_gyro_open_report_data	0	static
bmi160_gyro.c:1402:20:bmi160_gyro_exit	0	static
bmi160_gyro.c:1388:19:bmi160_gyro_init	32	static
bmi160_gyro.c:1360:12:bmi160_gyro_remove	16	static
bmi160_gyro.c:1165:12:bmi160_gyro_i2c_detect	16	static
bmi160_gyro.c:1023:12:bmg_open	16	static
bmi160_gyro.c:932:16:show_datarate_value	16	static
bmi160_gyro.c:901:16:show_range_value	16	static
bmi160_gyro.c:832:16:show_trace_value	16	static
bmi160_gyro.c:721:16:show_chipinfo_value	16	static
bmi160_gyro.c:1318:12:bmi160_gyro_i2c_remove	64	static
bmi160_gyro.c:840:16:store_trace_value	64	static
bmi160_gyro.c:852:16:show_status_value	48	static
bmi160_gyro.c:821:16:show_firlen_value	0	static
bmi160_gyro.c:1366:12:bmi160_gyro_local_init	32	static
bmi160_gyro.c:174:12:bmg_i2c_write_block.constprop	32	static
bmi160_gyro.c:499:12:bmg_set_powermode	64	static
bmi160_gyro.c:1177:12:bmi160_gyro_enable_nodata	48	static
bmi160_gyro.c:606:12:bmg_set_datarate	112	static
bmi160_gyro.c:940:16:store_datarate_value	48	static
bmi160_gyro.c:1198:12:bmi160_gyro_set_delay	32	static
bmi160_gyro.c:797:16:store_cali_value	64	static
bmi160_gyro.c:759:16:show_cali_value	112	static
bmi160_gyro.c:869:16:show_power_mode_value	80	static
bmi160_gyro.c:204:12:bmg_read_raw_data	96	static
bmi160_gyro.c:672:12:bmg_read_sensor_data.isra.7	80	static
bmi160_gyro.c:730:16:show_sensordata_value	160	static
bmi160_gyro.c:1224:12:bmi160_gyro_get_data	192	static
bmi160_gyro.c:741:16:show_rawdata_value	64	static
bmi160_gyro.c:537:12:bmg_set_range	128	static
bmi160_gyro.c:909:16:store_range_value	48	static
bmi160_gyro.c:636:12:bmg_init_client	112	static
bmi160_gyro.c:1233:12:bmi160_gyro_i2c_probe	160	static
bmi160_gyro.c:881:16:store_power_mode_value	64	static
bmi160_gyro.c:1039:13:bmg_unlocked_ioctl	224	static
bmi160_gyro.c:487:5:bmg_get_powermode	80	static
