cifs_debug.c:432:16:cifsFYI_proc_write	0	static
cifs_debug.c:471:16:cifs_linux_ext_proc_write	0	static
cifs_debug.c:508:16:cifs_lookup_cache_proc_write	0	static
cifs_debug.c:545:16:traceSMB_proc_write	0	static
cifs_debug.c:503:12:cifs_lookup_cache_proc_open	16	static
cifs_debug.c:577:12:cifs_security_flags_proc_open	16	static
cifs_debug.c:466:12:cifs_linux_ext_proc_open	16	static
cifs_debug.c:540:12:traceSMB_proc_open	16	static
cifs_debug.c:427:12:cifsFYI_proc_open	16	static
cifs_debug.c:241:12:cifs_debug_data_proc_open	16	static
cifs_debug.c:497:12:cifs_lookup_cache_proc_show	16	static
cifs_debug.c:571:12:cifs_security_flags_proc_show	16	static
cifs_debug.c:460:12:cifs_linux_ext_proc_show	16	static
cifs_debug.c:534:12:traceSMB_proc_show	16	static
cifs_debug.c:421:12:cifsFYI_proc_show	16	static
cifs_debug.c:110:12:cifs_debug_data_proc_show	192	static
cifs_debug.c:35:1:cifs_dump_mem	16	static
cifs_debug.c:43:6:cifs_vfs_err	128	static
cifs_debug.c:608:16:cifs_security_flags_proc_write	64	static
cifs_debug.c:59:6:cifs_dump_detail	0	static
cifs_debug.c:71:6:cifs_dump_mids	0	static
cifs_debug.c:382:1:cifs_proc_init	32	static
cifs_debug.c:404:1:cifs_proc_clean	32	static
