cifssmb.c:5966:1:cifs_fill_unix_set_info	0	static
cifssmb.c:695:1:cifs_echo_callback	32	static
cifssmb.c:1400:1:discard_remaining_data	48	static
cifssmb.c:1421:1:cifs_readv_discard	48	static
cifssmb.c:1434:1:cifs_readv_receive	80	static
cifssmb.c:1550:1:cifs_readv_callback	96	static
cifssmb.c:1903:1:cifs_writedata_release	32	static
cifssmb.c:2053:1:cifs_writev_callback	48	static
cifssmb.c:334:12:validate_t2	16	static
cifssmb.c:94:1:cifs_mark_open_files_invalid	32	static
cifssmb.c:116:1:cifs_reconnect_tcon	128	static
cifssmb.c:259:1:small_smb_init_no_tc	48	static
cifssmb.c:404:1:cifs_enable_signing	16	static
cifssmb.c:545:1:CIFSSMBNegotiate	96	static
cifssmb.c:650:1:CIFSSMBTDis	48	static
cifssmb.c:704:1:CIFSSMBEcho	112	static
cifssmb.c:742:1:CIFSSMBLogoff	48	static
cifssmb.c:788:1:CIFSPOSIXDelFile	112	static
cifssmb.c:864:1:CIFSSMBDelFile	96	static
cifssmb.c:910:1:CIFSSMBRmDir	96	static
cifssmb.c:955:1:CIFSSMBMkDir	96	static
cifssmb.c:1000:1:CIFSPOSIXCreate	128	static
cifssmb.c:1167:1:SMBLegacyOpen	144	static
cifssmb.c:1274:1:CIFS_open	160	static
cifssmb.c:1603:1:cifs_async_readv	112	static
cifssmb.c:1667:1:CIFSSMBRead	144	static
cifssmb.c:1776:1:CIFSSMBWrite	128	static
cifssmb.c:2032:1:cifs_writedata_alloc	32	static
cifssmb.c:2001:1:cifs_writev_complete	144	static
cifssmb.c:2099:1:cifs_async_writev	144	static
cifssmb.c:2182:1:CIFSSMBWrite2	128	static
cifssmb.c:2285:5:cifs_lockv	128	static
cifssmb.c:2328:1:CIFSSMBLock	128	static
cifssmb.c:2399:1:CIFSSMBPosixLock	128	static
cifssmb.c:2532:1:CIFSSMBClose	48	static
cifssmb.c:2565:1:CIFSSMBFlush	64	static
cifssmb.c:2586:1:CIFSSMBRename	128	static
cifssmb.c:2655:5:CIFSSMBRenameOpenFile	128	static
cifssmb.c:2738:1:CIFSSMBCopy	144	static
cifssmb.c:2806:1:CIFSUnixCreateSymLink	128	static
cifssmb.c:2896:1:CIFSUnixCreateHardLink	128	static
cifssmb.c:2982:1:CIFSCreateHardLink	128	static
cifssmb.c:3056:1:CIFSSMBUnixQuerySymLink	96	static
cifssmb.c:3160:1:CIFSSMBQuerySymLink	80	static
cifssmb.c:3283:1:CIFSSMB_set_compression	64	static
cifssmb.c:3978:1:SMBQueryInformation	112	static
cifssmb.c:4046:1:CIFSSMBQFileInfo	96	static
cifssmb.c:4114:1:CIFSSMBQPathInfo	112	static
cifssmb.c:4215:1:CIFSSMBUnixQFileInfo	96	static
cifssmb.c:4283:1:CIFSSMBUnixQPathInfo	112	static
cifssmb.c:4367:1:CIFSFindFirst	144	static
cifssmb.c:4521:5:CIFSFindNext	112	static
cifssmb.c:4657:1:CIFSFindClose	48	static
cifssmb.c:4689:1:CIFSGetSrvInodeNumber	96	static
cifssmb.c:4893:1:CIFSGetDFSRefer	144	static
cifssmb.c:5003:1:SMBOldQFSInfo	96	static
cifssmb.c:5083:1:CIFSSMBQFSInfo	96	static
cifssmb.c:5163:1:CIFSSMBQFSAttributeInfo	80	static
cifssmb.c:5233:1:CIFSSMBQFSDeviceInfo	96	static
cifssmb.c:5304:1:CIFSSMBQFSUnixInfo	96	static
cifssmb.c:5374:1:CIFSSMBSetFSUnixInfo	96	static
cifssmb.c:5448:1:CIFSSMBQFSPosixInfo	96	static
cifssmb.c:5541:1:CIFSSMBSetEOF	112	static
cifssmb.c:5632:1:CIFSSMBSetFileSize	64	static
cifssmb.c:5715:1:CIFSSMBSetFileInfo	64	static
cifssmb.c:5779:1:CIFSSMBSetFileDisposition	64	static
cifssmb.c:5835:1:CIFSSMBSetPathInfo	112	static
cifssmb.c:6013:1:CIFSSMBUnixSetFileInfo	64	static
cifssmb.c:6078:1:CIFSSMBUnixSetPathInfo	112	static
