connect.c:1990:1:match_address	16	static
connect.c:1960:1:match_port	16	static
connect.c:410:1:cifs_echo_request	48	static
connect.c:1054:12:cifs_parse_security_flavors	80	static
connect.c:1112:1:cifs_parse_cache_flavor	80	static
connect.c:1004:12:get_option_ul	48	static
connect.c:3884:13:delayed_free	32	static
connect.c:2256:12:match_session.part.28	48	static
connect.c:1137:1:cifs_parse_smb_version.isra.30	96	static
connect.c:2886:13:rfc1002mangle.constprop	0	static
connect.c:3000:1:generic_ip_connect	80	static
connect.c:1036:12:get_option_gid	64	static
connect.c:1018:12:get_option_uid	64	static
connect.c:304:1:cifs_reconnect	96	static
connect.c:560:1:cifs_readv_from_socket	176	static
connect.c:619:1:cifs_read_from_socket	32	static
connect.c:675:1:dequeue_mid	48	static
connect.c:854:1:cifs_demultiplex_thread	112	static
connect.c:2094:1:cifs_put_tcp_session	32	static
connect.c:2310:1:cifs_put_smb_ses	48	static
connect.c:2634:1:cifs_get_tcon	80	static
connect.c:2608:1:cifs_put_tcon	48	static
connect.c:2710:1:cifs_put_tlink	32	static
connect.c:4181:1:cifs_prune_tlinks	64	static
connect.c:2773:1:cifs_match_super	96	static
connect.c:2812:1:get_dfs_path	96	static
connect.c:3115:6:reset_cifs_unix_caps	64	static
connect.c:3215:6:cifs_setup_cifs_sb	32	static
connect.c:3323:1:cifs_cleanup_volume_info	32	static
connect.c:3460:1:cifs_get_volume_info	224	static
connect.c:3729:1:CIFSTCon	112	static
connect.c:3892:1:cifs_umount	48	static
connect.c:3920:1:cifs_negotiate_protocol	48	static
connect.c:3948:1:cifs_setup_session	32	static
connect.c:2478:1:cifs_get_smb_ses	80	static
connect.c:3517:1:cifs_mount	112	static
connect.c:4041:1:cifs_sb_master_tcon	0	static
connect.c:4104:1:cifs_sb_tlink	80	static
