file.c:3784:12:cifs_release_page	0	static
file.c:3792:13:cifs_invalidate_page	0	static
file.c:3887:1:cifs_direct_io	0	static
file.c:176:1:cifs_nt_open	176	static
file.c:1131:1:cifs_push_posix_locks	128	static
file.c:2777:1:cifs_readdata_alloc	32	static
file.c:2399:1:cifs_uncached_writedata_release	32	static
file.c:2411:1:cifs_uncached_writev_complete	48	static
file.c:2881:1:cifs_uncached_read_into_pages	112	static
file.c:2854:1:cifs_readdata_to_iov	64	static
file.c:3240:1:cifs_page_mkwrite	32	static
file.c:3822:6:cifs_oplock_break	80	static
file.c:3328:1:cifs_readpages_read_into_pages	112	static
file.c:113:5:cifs_posix_open	240	static
file.c:598:1:cifs_reopen_file	192	static
file.c:2472:1:cifs_write_from_iter.isra.25	224	static
file.c:2570:1:cifs_iovec_write	224	static
file.c:1641:1:cifs_write	208	static
file.c:2202:12:cifs_write_end	112	static
file.c:3596:12:cifs_readpage_worker	176	static
file.c:3707:12:cifs_write_begin	128	static
file.c:3639:12:cifs_readpage	64	static
file.c:272:1:cifs_new_fileinfo	128	static
file.c:345:1:cifsFileInfo_get	32	static
file.c:438:5:cifs_open	240	static
file.c:757:5:cifs_closedir	64	static
file.c:825:1:cifs_del_lock_waiters	32	static
file.c:358:6:cifsFileInfo_put	160	static
file.c:746:5:cifs_close	32	static
file.c:2794:1:cifs_readdata_release	32	static
file.c:3295:1:cifs_readv_complete	80	static
file.c:3464:12:cifs_readpages	192	static
file.c:2831:1:cifs_uncached_readdata_release	48	static
file.c:2931:1:cifs_send_async_read.isra.26	176	static
file.c:2871:1:cifs_uncached_readv_complete	48	static
file.c:871:1:cifs_find_lock_conflict	128	static
file.c:1488:1:cifs_setlk	208	static
file.c:1046:1:cifs_push_mandatory_locks	112	static
file.c:1362:1:cifs_move_llist	0	static
file.c:1370:1:cifs_free_llist	48	static
file.c:1381:1:cifs_unlock_range	192	static
file.c:1567:5:cifs_lock	160	static
file.c:1631:1:cifs_update_eof	0	static
file.c:1725:22:find_readable_file	48	static
file.c:1759:22:find_writable_file	96	static
file.c:2043:12:cifs_writepages	192	static
file.c:2157:1:cifs_writepage_locked	128	static
file.c:3801:12:cifs_launder_page	80	static
file.c:2195:12:cifs_writepage	32	static
file.c:2263:5:cifs_strict_fsync	64	static
file.c:2306:5:cifs_fsync	64	static
file.c:2344:5:cifs_flush	16	static
file.c:2666:9:cifs_user_writev	64	static
file.c:2729:1:cifs_strict_writev	112	static
file.c:3000:9:cifs_user_readv	160	static
file.c:3105:1:cifs_strict_readv	64	static
file.c:3255:5:cifs_file_strict_mmap	48	static
file.c:3275:5:cifs_file_mmap	48	static
file.c:3683:6:is_size_safe_to_change	48	static
