smb1ops.c:77:1:cifs_compare_fids	0	static
smb1ops.c:83:1:cifs_read_data_offset	0	static
smb1ops.c:90:1:cifs_read_data_length	0	static
smb1ops.c:137:1:cifs_get_credits_field	0	static
smb1ops.c:143:1:cifs_get_credits	0	static
smb1ops.c:418:1:cifs_need_neg	0	static
smb1ops.c:439:1:cifs_negotiate_wsize	0	static
smb1ops.c:474:1:cifs_negotiate_rsize	0	static
smb1ops.c:622:1:cifs_clear_stats	0	static
smb1ops.c:650:1:cifs_print_stats	0	static
smb1ops.c:1005:1:cifs_is_read_op	0	static
smb1ops.c:1011:1:cifs_wp_retry_size	0	static
smb1ops.c:1017:1:cifs_dir_needs_close	0	static
smb1ops.c:1023:1:cifs_can_echo	0	static
smb1ops.c:918:1:cifs_mand_lock	48	static
smb1ops.c:877:1:cifs_oplock_response	48	static
smb1ops.c:886:1:cifs_queryfs	48	static
smb1ops.c:870:1:cifs_close_dir	16	static
smb1ops.c:862:1:cifs_query_dir_next	16	static
smb1ops.c:847:1:cifs_query_dir_first	16	static
smb1ops.c:755:1:cifs_sync_write	16	static
smb1ops.c:746:1:cifs_sync_read	16	static
smb1ops.c:739:1:cifs_flush_file	16	static
smb1ops.c:732:1:cifs_close_file	16	static
smb1ops.c:723:1:cifs_set_fid	32	static
smb1ops.c:377:1:cifs_downgrade_oplock	16	static
smb1ops.c:708:1:cifs_open_file	128	static
smb1ops.c:954:1:cifs_query_symlink	160	static
smb1ops.c:688:1:cifs_mkdir_setinfo	128	static
smb1ops.c:840:1:cifs_set_compression	16	static
smb1ops.c:765:1:smb_set_file_info	192	static
smb1ops.c:594:1:cifs_get_srv_inum	64	static
smb1ops.c:615:1:cifs_query_file_info	16	static
smb1ops.c:544:1:cifs_query_path_info	192	static
smb1ops.c:522:1:cifs_is_path_accessible	80	static
smb1ops.c:515:1:cifs_qfs_tcon	32	static
smb1ops.c:98:1:cifs_find_mid	64	static
smb1ops.c:128:1:cifs_set_credits	48	static
smb1ops.c:170:1:cifs_get_next_mid	48	static
smb1ops.c:117:1:cifs_add_credits	48	static
smb1ops.c:39:1:send_nt_cancel	64	static
smb1ops.c:424:1:cifs_negotiate	32	static
smb1ops.c:387:1:cifs_check_trans2	48	static
