aiptek.c:1931:1:aiptek_driver_init	16	static
aiptek.c:860:13:aiptek_close	16	static
aiptek.c:1903:13:aiptek_disconnect	32	static
aiptek.c:1583:16:show_tabletExecute	0	static
aiptek.c:1563:1:store_tabletWheel	64	static
aiptek.c:1311:1:store_tabletProgrammableDelay	64	static
aiptek.c:1281:1:store_tabletJitterDelay	64	static
aiptek.c:1520:16:show_tabletMouseRight	16	static
aiptek.c:1490:16:show_tabletMouseMiddle	16	static
aiptek.c:1460:16:show_tabletMouseLeft	16	static
aiptek.c:1391:16:show_tabletStylusUpper	16	static
aiptek.c:1422:16:show_tabletStylusLower	16	static
aiptek.c:1642:16:show_firmwareCode	16	static
aiptek.c:1629:16:show_tabletModelCode	16	static
aiptek.c:1616:16:show_tabletODMCode	16	static
aiptek.c:1345:16:show_tabletDiagnosticMessage	16	static
aiptek.c:1332:16:show_tabletEventsReceived	16	static
aiptek.c:1302:16:show_tabletProgrammableDelay	16	static
aiptek.c:1273:16:show_tabletJitterDelay	16	static
aiptek.c:1159:16:show_tabletToolMode	16	static
aiptek.c:1117:16:show_tabletCoordinateMode	16	static
aiptek.c:1080:16:show_tabletPointerMode	16	static
aiptek.c:1052:16:show_tabletSize	16	static
aiptek.c:374:12:map_str_to_val	48	static
aiptek.c:1530:1:store_tabletMouseRight	48	static
aiptek.c:1500:1:store_tabletMouseMiddle	48	static
aiptek.c:1470:1:store_tabletMouseLeft	48	static
aiptek.c:1401:1:store_tabletStylusUpper	48	static
aiptek.c:1432:1:store_tabletStylusLower	48	static
aiptek.c:1169:1:store_tabletToolMode	48	static
aiptek.c:1127:1:store_tabletCoordinateMode	48	static
aiptek.c:1090:1:store_tabletPointerMode	48	static
aiptek.c:1244:1:store_tabletYtilt	64	static
aiptek.c:1202:1:store_tabletXtilt	64	static
aiptek.c:846:12:aiptek_open	16	static
aiptek.c:433:13:aiptek_irq	112	static
aiptek.c:1931:1:aiptek_driver_exit	16	static
aiptek.c:1550:16:show_tabletWheel	16	static
aiptek.c:1231:16:show_tabletYtilt	16	static
aiptek.c:1189:16:show_tabletXtilt	16	static
aiptek.c:901:1:aiptek_command	64	static
aiptek.c:931:1:aiptek_query	80	static
aiptek.c:968:12:aiptek_program_tablet.part.8	32	static
aiptek.c:1685:1:aiptek_probe	112	static
aiptek.c:1593:1:store_tabletExecute	64	static
