mtk_wdt.c:699:19:mtk_wdt_get_base_addr	48	static
mtk_wdt.c:722:1:mtk_wdt_driver_init	16	static
mtk_wdt.c:625:12:mtk_wdt_remove	16	static
mtk_wdt.c:524:20:mtk_wdt_isr	48	static
mtk_wdt.c:100:12:toprgu_reset_deassert	48	static
mtk_wdt.c:81:12:toprgu_reset_assert	48	static
mtk_wdt.c:119:12:toprgu_reset	32	static
mtk_wdt.c:722:1:mtk_wdt_driver_exit	16	static
mtk_wdt.c:635:13:mtk_wdt_shutdown	32	static
mtk_wdt.c:169:6:mtk_wdt_set_time_out_value	48	static
mtk_wdt.c:194:6:mtk_wdt_mode_config	64	static
mtk_wdt.c:542:12:mtk_wdt_probe	64	static
mtk_wdt.c:248:5:mtk_wdt_enable	32	static
mtk_wdt.c:270:5:mtk_wdt_confirm_hwreboot	16	static
mtk_wdt.c:279:6:mtk_wdt_restart	32	static
mtk_wdt.c:293:6:wdt_dump_reg	32	static
mtk_wdt.c:310:6:wdt_arch_reset	48	static
mtk_wdt.c:360:5:mtk_rgu_dram_reserved	0	static
mtk_wdt.c:366:5:mtk_wdt_swsysret_config	48	static
mtk_wdt.c:396:5:mtk_wdt_request_en_set	64	static
mtk_wdt.c:428:5:mtk_wdt_request_mode_set	64	static
mtk_wdt.c:647:6:mtk_wd_suspend	32	static
mtk_wdt.c:657:6:mtk_wd_resume	64	static
mtk_wdt.c:669:5:mtk_wd_SetNonResetReg2	48	static
