km_apphint.c:958:14:apphint_seq_start	0	static
km_apphint.c:970:13:apphint_seq_stop	0	static
km_apphint.c:976:14:apphint_seq_next	0	static
km_apphint.c:1021:16:apphint_set	656	static
km_apphint.c:365:12:action_device_flag.isra.1	64	static
km_apphint.c:1059:12:apphint_debugfs_init.part.3	96	static
km_apphint.c:566:13:apphint_action_worker	112	static
km_apphint.c:803:12:apphint_write.constprop	80	static
km_apphint.c:1143:13:apphint_dump_values	592	static
km_apphint.c:1170:13:apphint_dump_state.part.6	48	static
km_apphint.c:1170:13:apphint_dump_state	16	static
km_apphint.c:984:12:apphint_seq_show	544	static
km_apphint.c:1198:5:pvr_apphint_init	48	static
km_apphint.c:1234:6:pvr_apphint_deinit	48	static
km_apphint.c:1249:6:pvr_apphint_device_register	16	static
km_apphint.c:1259:6:pvr_apphint_device_unregister	32	static
km_apphint.c:1268:6:pvr_apphint_dump_state	16	static
km_apphint.c:1279:5:pvr_apphint_get_uint64	0	static
km_apphint.c:1290:5:pvr_apphint_get_uint32	0	static
km_apphint.c:1301:5:pvr_apphint_get_bool	0	static
