osfunc.c:626:13:MISRWrapper	16	static
osfunc.c:1117:13:OSTimerCallbackWrapper	16	static
osfunc.c:871:12:OSThreadRun	32	static
osfunc.c:1140:13:OSTimerWorkQueueCallBack	32	static
osfunc.c:120:14:OSPhyContigPagesAlloc	80	static
osfunc.c:167:6:OSPhyContigPagesFree	32	static
osfunc.c:187:14:OSPhyContigPagesMap	16	static
osfunc.c:219:6:OSPhyContigPagesUnmap	16	static
osfunc.c:236:14:OSPhyContigPagesClean	32	static
osfunc.c:285:12:OSCPUCacheAttributeSize	16	static
osfunc.c:305:9:OSMemCmp	16	static
osfunc.c:310:11:OSStringNCopy	16	static
osfunc.c:315:11:OSSNPrintf	128	static
osfunc.c:327:8:OSStringLength	16	static
osfunc.c:332:8:OSStringNLength	16	static
osfunc.c:337:11:OSStringCompare	16	static
osfunc.c:342:11:OSStringNCompare	16	static
osfunc.c:348:14:OSStringToUINT32	16	static
osfunc.c:357:14:OSInitEnvData	16	static
osfunc.c:374:6:OSDeInitEnvData	32	static
osfunc.c:387:14:OSGetGlobalBridgeBuffers	0	static
osfunc.c:404:10:OSSetDriverSuspended	0	static
osfunc.c:410:10:OSClearDriverSuspended	0	static
osfunc.c:416:10:OSGetDriverSuspended	0	static
osfunc.c:421:6:OSReleaseThreadQuanta	16	static
osfunc.c:449:12:OSClockns64	32	static
osfunc.c:454:12:OSClockus64	32	static
osfunc.c:462:12:OSClockus	16	static
osfunc.c:467:12:OSClockms	32	static
osfunc.c:482:14:OSClockMonotonicns64	32	static
osfunc.c:488:14:OSClockMonotonicus64	32	static
osfunc.c:500:6:OSWaitus	16	static
osfunc.c:509:6:OSSleepms	16	static
osfunc.c:515:16:OSGetCurrentProcessID	0	static
osfunc.c:525:18:OSGetCurrentProcessName	0	static
osfunc.c:530:18:OSGetCurrentThreadID	0	static
osfunc.c:540:9:OSGetCurrentClientProcessIDKM	0	static
osfunc.c:545:11:OSGetCurrentClientProcessNameKM	0	static
osfunc.c:550:11:OSGetCurrentClientThreadIDKM	0	static
osfunc.c:555:8:OSGetPageSize	0	static
osfunc.c:560:8:OSGetPageShift	0	static
osfunc.c:565:8:OSGetPageMask	0	static
osfunc.c:570:8:OSGetOrder	0	static
osfunc.c:600:5:PVRSRVToNativeError	0	static
osfunc.c:636:14:OSInstallMISR	48	static
osfunc.c:671:14:OSUninstallMISR	32	static
osfunc.c:686:14:OSScheduleMISR	16	static
osfunc.c:900:14:OSThreadCreatePriority	80	static
osfunc.c:892:14:OSThreadCreate	16	static
osfunc.c:938:14:OSThreadDestroy	32	static
osfunc.c:956:6:OSPanic	16	static
osfunc.c:966:14:OSSetThreadPriority	0	static
osfunc.c:979:1:OSMapPhysToLin	16	static
osfunc.c:1048:1:OSUnMapPhysToLin	16	static
osfunc.c:1148:12:OSAddTimer	80	static
osfunc.c:1221:14:OSRemoveTimer	0	static
osfunc.c:1234:14:OSEnableTimer	16	static
osfunc.c:1254:14:OSDisableTimer	48	static
osfunc.c:1293:14:OSEventObjectCreate	16	static
osfunc.c:1316:14:OSEventObjectDestroy	16	static
osfunc.c:1355:14:OSEventObjectWaitTimeout	16	static
osfunc.c:1360:14:OSEventObjectWait	16	static
osfunc.c:1365:14:OSEventObjectWaitTimeoutAndHoldBridgeLock	16	static
osfunc.c:1370:14:OSEventObjectWaitAndHoldBridgeLock	16	static
osfunc.c:1375:14:OSEventObjectOpen	16	static
osfunc.c:1397:14:OSEventObjectClose	16	static
osfunc.c:1419:14:OSEventObjectSignal	16	static
osfunc.c:1436:10:OSProcHasPrivSrvInit	16	static
osfunc.c:1441:14:OSCopyToUser	16	static
osfunc.c:1454:14:OSCopyFromUser	16	static
osfunc.c:1467:10:OSAccessOK	0	static
osfunc.c:1484:12:OSDivide64r64	0	static
osfunc.c:1491:12:OSDivide64	0	static
osfunc.c:1499:14:PVROSFuncInit	16	static
osfunc.c:1533:6:PVROSFuncDeInit	32	static
osfunc.c:1544:6:OSDumpStack	16	static
osfunc.c:1554:6:OSAcquireBridgeLock	16	static
osfunc.c:1563:6:OSReleaseBridgeLock	16	static
osfunc.c:1571:21:OSGetBridgeLockOwner	0	static
osfunc.c:1576:10:OSBridgeIsLocked	0	static
osfunc.c:1583:7:OSGetBridgeLockOwnerID	0	static
osfunc.c:1609:7:OSCreateStatisticEntry	16	static
osfunc.c:1625:6:OSRemoveStatisticEntry	16	static
osfunc.c:1640:7:OSCreateStatisticFolder	32	static
osfunc.c:1659:6:OSRemoveStatisticFolder	16	static
osfunc.c:1665:14:OSChangeSparseMemCPUAddrMap	144	static
