physmem_osmem_linux.c:563:13:EnableOOMKiller	0	static
physmem_osmem_linux.c:2352:1:PMRSysPhysAddrOSMem	0	static
physmem_osmem_linux.c:765:1:_FreePagesFromPoolUnlocked	128	static
physmem_osmem_linux.c:869:1:_GetPagesFromPoolUnlocked	80	static
physmem_osmem_linux.c:1198:1:_PoisonPages	112	static
physmem_osmem_linux.c:305:1:_RemoveUnpinListEntryUnlocked	32	static
physmem_osmem_linux.c:2505:14:PMRUnpinOSMem	48	static
physmem_osmem_linux.c:2824:14:PMRChangeSparseMemCPUMapOSMem	32	static
physmem_osmem_linux.c:2488:13:PMRReleaseKernelMappingDataOSMem	32	static
physmem_osmem_linux.c:2389:1:PMRAcquireKernelMappingDataOSMem	80	static
physmem_osmem_linux.c:568:13:DisableOOMKiller	16	static
physmem_osmem_linux.c:378:1:_CountObjectsInPagePool	32	static
physmem_osmem_linux.c:1075:1:_PutPagesToPoolUnlocked	64	static
physmem_osmem_linux.c:1024:1:_SignalDeferFree	64	static
physmem_osmem_linux.c:2203:1:_FreeOSPages	112	static
physmem_osmem_linux.c:397:1:_ScanObjectsInPagePool	112	static
physmem_osmem_linux.c:2321:1:PMRUnlockSysPhysAddressesOSMem	16	static
physmem_osmem_linux.c:1002:1:_CleanupThread_FreePoolPages	144	static
physmem_osmem_linux.c:1861:1:_AllocOSPages	176	static
physmem_osmem_linux.c:2620:1:PMRChangeSparseMemOSMem	144	static
physmem_osmem_linux.c:2537:14:PMRPinOSMem	48	static
physmem_osmem_linux.c:2298:1:PMRLockSysPhysAddressesOSMem	16	static
physmem_osmem_linux.c:2256:1:PMRFinalizeOSMem	32	static
physmem_osmem_linux.c:526:6:LinuxInitPhysmem	48	static
physmem_osmem_linux.c:541:6:LinuxDeinitPhysmem	48	static
physmem_osmem_linux.c:2866:1:PhysmemNewOSRamBackedPMR	240	static
