pvr_debugfs.c:190:14:_DebugFSStatisticSeqNext	0	static
pvr_debugfs.c:224:12:_DebugFSStatisticSeqShow	16	static
pvr_debugfs.c:333:16:_DebugFSFileWrite	16	static
pvr_debugfs.c:726:13:_UnrefAndMaybeDestroyDirEntryWhileLocked	32	static
pvr_debugfs.c:778:13:_UnrefAndMaybeDestroyDebugFSEntry	48	static
pvr_debugfs.c:315:12:_DebugFSFileClose	48	static
pvr_debugfs.c:113:13:_StatsSeqPrintf	656	static
pvr_debugfs.c:254:12:_DebugFSFileOpen	48	static
pvr_debugfs.c:850:17:_UnrefAndMaybeDestroyStatEntry	48	static
pvr_debugfs.c:157:13:_DebugFSStatisticSeqStop	16	static
pvr_debugfs.c:124:14:_DebugFSStatisticSeqStart	48	static
pvr_debugfs.c:372:5:PVRDebugFSInit	48	static
pvr_debugfs.c:399:6:PVRDebugFSDeInit	32	static
pvr_debugfs.c:425:5:PVRDebugFSCreateEntryDir	80	static
pvr_debugfs.c:490:6:PVRDebugFSRemoveEntryDir	32	static
pvr_debugfs.c:512:5:PVRDebugFSCreateEntry	96	static
pvr_debugfs.c:601:6:PVRDebugFSRemoveEntry	16	static
pvr_debugfs.c:629:26:PVRDebugFSCreateStatisticEntry	112	static
pvr_debugfs.c:694:6:PVRDebugFSRemoveStatisticEntry	16	static
