pvr_debug.c:538:14:_DebugVersionCompare_AnyVaCb	0	static
pvr_debug.c:567:13:_DebugVersionSeqStop	0	static
pvr_debug.c:653:14:_DebugStatusCompare_AnyVaCb	0	static
pvr_debug.c:682:13:_DebugStatusSeqStop	0	static
pvr_debug.c:886:14:_DebugDumpDebugCompare_AnyVaCb	0	static
pvr_debug.c:913:13:_DebugDumpDebugSeqStop	0	static
pvr_debug.c:976:14:_DebugFWTraceCompare_AnyVaCb	0	static
pvr_debug.c:1003:13:_DebugFWTraceSeqStop	0	static
pvr_debug.c:1026:13:_FWTraceSeqPrintf	656	static
pvr_debug.c:936:13:_DumpDebugSeqPrintf	656	static
pvr_debug.c:1009:14:_DebugFWTraceSeqNext	32	static
pvr_debug.c:987:14:_DebugFWTraceSeqStart	32	static
pvr_debug.c:919:14:_DebugDumpDebugSeqNext	32	static
pvr_debug.c:897:14:_DebugDumpDebugSeqStart	32	static
pvr_debug.c:688:14:_DebugStatusSeqNext	32	static
pvr_debug.c:665:14:_DebugStatusSeqStart	32	static
pvr_debug.c:573:14:_DebugVersionSeqNext	32	static
pvr_debug.c:550:14:_DebugVersionSeqStart	32	static
pvr_debug.c:705:12:_DebugStatusSeqShow	128	static
pvr_debug.c:590:12:_DebugVersionSeqShow	64	static
pvr_debug.c:271:17:VBAppend	96	static
pvr_debug.c:834:16:DebugStatusSet	48	static
pvr_debug.c:1039:12:_DebugFWTraceSeqShow	16	static
pvr_debug.c:949:12:_DebugDumpDebugSeqShow	16	static
pvr_debug.c:374:17:BAppend.constprop	128	static
pvr_debug.c:174:17:PVRSRVDebugPrintfDumpCCB	0	static
pvr_debug.c:294:6:PVRSRVReleasePrintf	176	static
pvr_debug.c:397:6:PVRSRVDebugPrintf	160	static
pvr_debug.c:1170:5:PVRDebugCreateDebugFSEntries	80	static
pvr_debug.c:1270:6:PVRDebugRemoveDebugFSEntries	32	static
