pvr_gputrace.c:92:14:GpuTracingSeqStart	0	static
pvr_gputrace.c:104:13:GpuTracingSeqStop	0	static
pvr_gputrace.c:110:14:GpuTracingSeqNext	0	static
rogue_trace_events.h:139:1:ftrace_define_fields_rogue_create_fw_context	32	static
rogue_trace_events.h:168:1:perf_trace_rogue_ufo_update	112	static
rogue_trace_events.h:206:1:perf_trace_rogue_ufo_check_fail	112	static
rogue_trace_events.h:244:1:perf_trace_rogue_ufo_pr_check_fail	112	static
rogue_trace_events.h:282:1:perf_trace_rogue_ufo_check_success	96	static
rogue_trace_events.h:315:1:perf_trace_rogue_ufo_pr_check_success	96	static
rogue_trace_events.h:348:1:perf_trace_rogue_events_lost	80	static
gpu.h:58:1:perf_trace_gpu_sched_switch	112	static
gpu.h:113:1:perf_trace_gpu_job_enqueue	96	static
rogue_trace_events.h:65:1:perf_trace_rogue_fence_update	144	static
rogue_trace_events.h:102:1:perf_trace_rogue_fence_check	144	static
rogue_trace_events.h:139:1:perf_trace_rogue_create_fw_context	112	static
rogue_trace_events.h:375:1:perf_trace_rogue_firmware_activity	96	static
gpu.h:58:1:ftrace_raw_event_gpu_sched_switch	128	static
gpu.h:113:1:ftrace_raw_event_gpu_job_enqueue	112	static
rogue_trace_events.h:65:1:ftrace_raw_event_rogue_fence_update	160	static
rogue_trace_events.h:102:1:ftrace_raw_event_rogue_fence_check	160	static
rogue_trace_events.h:139:1:ftrace_raw_event_rogue_create_fw_context	128	static
rogue_trace_events.h:168:1:ftrace_raw_event_rogue_ufo_update	128	static
rogue_trace_events.h:206:1:ftrace_raw_event_rogue_ufo_check_fail	128	static
rogue_trace_events.h:244:1:ftrace_raw_event_rogue_ufo_pr_check_fail	128	static
rogue_trace_events.h:282:1:ftrace_raw_event_rogue_ufo_check_success	128	static
rogue_trace_events.h:315:1:ftrace_raw_event_rogue_ufo_pr_check_success	128	static
rogue_trace_events.h:348:1:ftrace_raw_event_rogue_events_lost	112	static
rogue_trace_events.h:375:1:ftrace_raw_event_rogue_firmware_activity	112	static
gpu.h:58:1:ftrace_raw_output_gpu_sched_switch	32	static
gpu.h:113:1:ftrace_raw_output_gpu_job_enqueue	32	static
rogue_trace_events.h:65:1:ftrace_raw_output_rogue_fence_update	48	static
rogue_trace_events.h:102:1:ftrace_raw_output_rogue_fence_check	48	static
rogue_trace_events.h:139:1:ftrace_raw_output_rogue_create_fw_context	32	static
rogue_trace_events.h:168:1:ftrace_raw_output_rogue_ufo_update	48	static
rogue_trace_events.h:206:1:ftrace_raw_output_rogue_ufo_check_fail	48	static
rogue_trace_events.h:244:1:ftrace_raw_output_rogue_ufo_pr_check_fail	48	static
rogue_trace_events.h:282:1:ftrace_raw_output_rogue_ufo_check_success	32	static
rogue_trace_events.h:315:1:ftrace_raw_output_rogue_ufo_pr_check_success	32	static
rogue_trace_events.h:348:1:ftrace_raw_output_rogue_events_lost	32	static
rogue_trace_events.h:375:1:ftrace_raw_output_rogue_firmware_activity	64	static
pvr_gputrace.c:117:12:GpuTracingSeqShow	16	static
gpu.h:58:1:ftrace_define_fields_gpu_sched_switch	32	static
gpu.h:113:1:ftrace_define_fields_gpu_job_enqueue	32	static
rogue_trace_events.h:65:1:ftrace_define_fields_rogue_fence_update	32	static
rogue_trace_events.h:102:1:ftrace_define_fields_rogue_fence_check	32	static
rogue_trace_events.h:168:1:ftrace_define_fields_rogue_ufo_update	32	static
rogue_trace_events.h:206:1:ftrace_define_fields_rogue_ufo_check_fail	32	static
rogue_trace_events.h:244:1:ftrace_define_fields_rogue_ufo_pr_check_fail	32	static
rogue_trace_events.h:282:1:ftrace_define_fields_rogue_ufo_check_success	32	static
rogue_trace_events.h:315:1:ftrace_define_fields_rogue_ufo_pr_check_success	32	static
rogue_trace_events.h:348:1:ftrace_define_fields_rogue_events_lost	32	static
rogue_trace_events.h:375:1:ftrace_define_fields_rogue_firmware_activity	32	static
pvr_gputrace.c:144:16:GpuTracingSet	48	static
pvr_gputrace.c:196:6:PVRGpuTraceClientWork	48	static
pvr_gputrace.c:213:6:PVRGpuTraceWorkSwitch	64	static
pvr_gputrace.c:227:6:PVRGpuTraceUfo	16	static
pvr_gputrace.c:262:6:PVRGpuTraceFirmware	48	static
pvr_gputrace.c:270:6:PVRGpuTraceEventsLost	48	static
pvr_gputrace.c:278:14:PVRGpuTraceInit	48	static
pvr_gputrace.c:298:6:PVRGpuTraceDeInit	32	static
pvr_gputrace.c:313:10:PVRGpuTraceEnabled	0	static
pvr_gputrace.c:318:6:PVRGpuTraceSetEnabled	0	static
pvr_gputrace.c:323:10:PVRGpuTracePreEnabled	0	static
pvr_gputrace.c:328:6:PVRGpuTraceSetPreEnabled	0	static
