ppp_generic.c:514:21:ppp_poll	32	static
ppp_generic.c:1085:12:ppp_dev_init	0	static
ppp_generic.c:1098:13:ppp_setup	0	static
ppp_generic.c:2444:1:ppp_ccp_peek	64	static
ppp_generic.c:1742:1:ppp_receive_nonmp_frame	64	static
ppp_generic.c:1715:1:ppp_receive_frame	144	static
ppp_generic.c:1061:1:ppp_get_stats64	64	static
ppp_generic.c:2529:1:ppp_ccp_closed	64	static
ppp_generic.c:2960:13:ppp_destroy_channel	32	static
ppp_generic.c:916:24:ppp_exit_net	48	static
ppp_generic.c:2977:20:ppp_cleanup	32	static
ppp_generic.c:2782:13:ppp_shutdown_interface	64	static
ppp_generic.c:377:12:ppp_open	16	static
ppp_generic.c:2373:1:ppp_set_compress	112	static
ppp_generic.c:1018:1:ppp_net_ioctl	112	static
ppp_generic.c:413:16:ppp_read	176	static
ppp_generic.c:934:19:ppp_init	48	static
ppp_generic.c:2811:13:ppp_destroy_interface	32	static
ppp_generic.c:2934:1:ppp_disconnect_channel	48	static
ppp_generic.c:387:12:ppp_release	32	static
ppp_generic.c:1314:1:ppp_push	176	static
ppp_generic.c:1120:1:ppp_xmit_process	128	static
ppp_generic.c:975:1:ppp_start_xmit	48	static
ppp_generic.c:1599:1:ppp_channel_push	64	static
ppp_generic.c:476:16:ppp_write	48	static
ppp_generic.c:901:23:ppp_init_net	48	static
ppp_generic.c:539:12:get_filter	48	static
ppp_generic.c:563:13:ppp_ioctl	144	static
ppp_generic.c:1651:1:ppp_input	64	static
ppp_generic.c:1690:1:ppp_input_error	64	static
ppp_generic.c:2236:5:ppp_register_net_channel	80	static
ppp_generic.c:2230:5:ppp_register_channel	16	static
ppp_generic.c:2272:5:ppp_channel_index	0	static
ppp_generic.c:2284:5:ppp_unit_number	32	static
ppp_generic.c:2301:7:ppp_dev_name	32	static
ppp_generic.c:2321:1:ppp_unregister_channel	48	static
ppp_generic.c:2358:1:ppp_output_wakeup	16	static
ppp_generic.c:2579:1:ppp_register_compressor	48	static
ppp_generic.c:2601:1:ppp_unregister_compressor	32	static
