pmic_battery_protect.c:236:16:store_low_battery_protect_level	0	static
pmic_battery_protect.c:229:16:show_low_battery_protect_level	16	static
pmic_battery_protect.c:196:16:show_low_battery_protect_stop	16	static
pmic_battery_protect.c:166:16:show_low_battery_protect_ut	16	static
pmic_battery_protect.c:203:16:store_low_battery_protect_stop	48	static
pmic_battery_protect.c:43:6:register_low_battery_notify	0	static
pmic_battery_protect.c:50:6:exec_low_battery_callback	48	static
pmic_battery_protect.c:173:16:store_low_battery_protect_ut	48	static
pmic_battery_protect.c:104:6:lbat_min_en_setting_nolock	32	static
pmic_battery_protect.c:110:6:lbat_max_en_setting_nolock	32	static
pmic_battery_protect.c:116:6:lbat_min_en_setting	32	static
pmic_battery_protect.c:122:6:lbat_max_en_setting	32	static
pmic_battery_protect.c:128:13:bat_l_int_handler	16	static
pmic_battery_protect.c:150:13:bat_h_int_handler	16	static
pmic_battery_protect.c:248:6:toggle_lbat_irq_src	16	static
pmic_battery_protect.c:273:6:low_battery_protect_enable	32	static
pmic_battery_protect.c:291:6:low_battery_protect_disable	16	static
pmic_battery_protect.c:297:6:low_battery_protect_init	32	static
