ion.c:1068:13:ion_unmap_dma_buf	0	static
ion.c:1237:14:ion_dma_buf_kmap	0	static
ion.c:1244:13:ion_dma_buf_kunmap	0	static
ion.c:1771:12:debug_shrink_get	32	static
ion.c:1167:13:ion_vm_close	48	static
ion.c:1721:12:ion_debug_heap_pool_show	16	static
ion.c:507:12:ion_handle_add	80	static
ion.c:884:12:ion_debug_client_open	16	static
ion.c:1737:12:ion_debug_heap_pool_open	16	static
ion.c:1709:12:ion_debug_heap_open	16	static
ion.c:818:12:ion_debug_client_show	96	static
ion.c:1636:12:ion_debug_heap_show	128	static
ion.c:1128:12:ion_vm_fault	64	static
ion.c:1785:1:debug_shrink_fops_open	16	static
ion.c:423:13:ion_handle_get	32	static
ion.c:736:13:ion_buffer_kmap_put.part.7	32	static
ion.c:1268:13:ion_dma_buf_end_cpu_access	32	static
ion.c:697:14:ion_buffer_kmap_get	32	static
ion.c:1150:13:ion_vm_open	48	static
ion.c:1191:12:ion_mmap	64	static
ion.c:1249:12:ion_dma_buf_begin_cpu_access	32	static
ion.c:1750:12:debug_shrink_set	32	static
ion.c:372:27:ion_handle_create	48	static
ion.c:136:6:ion_buffer_fault_user_mappings	0	static
ion.c:142:6:ion_buffer_cached	0	static
ion.c:304:6:ion_buffer_destroy	32	static
ion.c:315:13:_ion_buffer_destroy	48	static
ion.c:336:12:ion_buffer_put	48	static
ion.c:394:13:ion_handle_destroy	48	static
ion.c:437:12:ion_handle_put_nolock	16	static
ion.c:1230:13:ion_dma_buf_release	48	static
ion.c:418:20:ion_handle_buffer	0	static
ion.c:446:5:ion_handle_put	48	static
ion.c:488:20:ion_handle_get_by_id	48	static
ion.c:540:20:__ion_alloc	160	static
ion.c:630:20:ion_alloc	16	static
ion.c:653:6:ion_free	48	static
ion.c:665:5:ion_phys	64	static
ion.c:760:7:ion_map_kernel	48	static
ion.c:790:6:ion_unmap_kernel	48	static
ion.c:913:20:ion_client_create	336	static
ion.c:1589:12:ion_open	96	static
ion.c:1002:6:ion_client_destroy	80	static
ion.c:1580:12:ion_release	16	static
ion.c:1034:18:ion_sg_table	48	static
ion.c:1074:6:ion_pages_sync_for_device	80	static
ion.c:1058:25:ion_map_dma_buf	64	static
ion.c:1292:17:ion_share_dma_buf	48	static
ion.c:1322:5:ion_share_dma_buf_fd	32	static
ion.c:1343:20:ion_import_dma_buf	64	static
ion.c:1445:13:ion_ioctl	128	static
ion.c:1789:6:ion_device_add_heap	384	static
ion.c:1855:20:ion_device_create	48	static
ion.c:1905:6:ion_device_destroy	32	static
ion.c:1913:13:ion_reserve	64	static
ion.c:1952:20:ion_drv_get_handle	48	static
ion.c:1983:5:ion_drv_put_kernel_handle	48	static
ion.c:1988:18:ion_drv_get_heap	64	static
