bmi160_acc.c:2148:16:store_firlen_value	0	static
bmi160_acc.c:2192:16:show_power_status_value	0	static
bmi160_acc.c:3198:12:bmi160_acc_release	0	static
bmi160_acc.c:3347:12:bmi160_acc_suspend	0	static
bmi160_acc.c:3355:12:bmi160_acc_resume	0	static
bmi160_acc.c:3413:12:bmi160_acc_open_report_data	0	static
bmi160_acc.c:3799:20:bmi160_acc_exit	16	static
bmi160_acc.c:2830:16:bmi160_store_reg_val	128	static
bmi160_acc.c:218:12:bma_i2c_read_block	96	static
bmi160_acc.c:3774:12:bmi160_acc_remove	16	static
bmi160_acc.c:2143:16:show_firlen_value	0	static
bmi160_acc.c:2764:16:bmi160_show_reg_sel	16	static
bmi160_acc.c:2703:16:bmi160_delay_show	16	static
bmi160_acc.c:2527:16:show_layout_value	48	static
bmi160_acc.c:2908:16:show_selftest	16	static
bmi160_acc.c:2154:16:show_trace_value	16	static
bmi160_acc.c:1950:16:show_chipinfo_value	272	static
bmi160_acc.c:2798:16:bmi160_show_reg_val	224	static
bmi160_acc.c:3738:12:bmi160_acc_i2c_remove	64	static
bmi160_acc.c:2777:16:bmi160_store_reg_sel	32	static
bmi160_acc.c:2162:16:store_trace_value	64	static
bmi160_acc.c:2379:16:bmi160_fifo_bytecount_store	48	static
bmi160_acc.c:2709:16:bmi160_delay_store	48	static
bmi160_acc.c:2538:16:store_layout_value	64	static
bmi160_acc.c:3535:20:bmi_irq_handler	16	static
bmi160_acc.c:250:12:bma_i2c_write_block	48	static
bmi160_acc.c:287:4:bmi_i2c_write_wrapper	32	static
bmi160_acc.c:3787:19:bmi160_acc_init	32	static
bmi160_acc.c:3188:12:bmi160_acc_open	16	static
bmi160_acc.c:2562:13:bmi_dump_reg.isra.14	592	static
bmi160_acc.c:2590:16:bmi_register_show	32	static
bmi160_acc.c:2175:16:show_status_value	16	static
bmi160_acc.c:3757:5:bmi160_acc_local_init	32	static
bmi160_acc.c:296:13:bmi_delay	16	static
bmi160_acc.c:2069:16:show_cali_value	96	static
bmi160_acc.c:2121:16:store_cali_value	64	static
bmi160_acc.c:2597:16:bmi_register_store	96	static
bmi160_acc.c:701:12:bmi160_acc_set_odr	112	static
bmi160_acc.c:3450:12:bmi160_acc_set_delay	32	static
bmi160_acc.c:667:12:bmi160_acc_set_data_range	128	static
bmi160_acc.c:2004:16:store_acc_range_value	48	static
bmi160_acc.c:2684:16:bmi160_fifo_watermark_store	80	static
bmi160_acc.c:3515:13:bmi_irq_work_func	64	static
bmi160_acc.c:2725:16:bmi160_fifo_flush_store	80	static
bmi160_acc.c:2888:16:bmi160_fifo_header_en_store	96	static
bmi160_acc.c:2434:16:bmi160_fifo_data_sel_store	144	static
bmi160_acc.c:278:4:bmi_i2c_read_wrapper	96	static
bmi160_acc.c:2674:16:bmi160_fifo_watermark_show	80	static
bmi160_acc.c:2754:16:bmi160_fifo_header_en_show	80	static
bmi160_acc.c:1992:16:show_acc_range_value	80	static
bmi160_acc.c:2021:16:show_acc_odr_value	80	static
bmi160_acc.c:1958:16:show_acc_op_mode_value	80	static
bmi160_acc.c:2495:16:bmi160_fifo_data_out_frame_show	96	static
bmi160_acc.c:2359:16:bmi160_fifo_bytecount_show	80	static
bmi160_acc.c:2627:16:bmi160_bmi_value_show	112	static
bmi160_acc.c:2423:16:bmi160_fifo_data_sel_show	128	static
bmi160_acc.c:2034:16:store_acc_odr_value	144	static
bmi160_acc.c:2053:16:show_cpsdata_value	368	static
bmi160_acc.c:549:4:bmi160_get_significant_motion_en	80	static
bmi160_acc.c:567:4:bmi160_get_step_detector_en	80	static
bmi160_acc.c:584:4:bmi160_get_step_counter_en	80	static
bmi160_acc.c:610:12:bmi160_acc_set_power_mode	112	static
bmi160_acc.c:1736:12:bmi160_acc_init_client	144	static
bmi160_acc.c:1825:12:bmi160_acc_read_sensor_data.isra.20	128	static
bmi160_acc.c:3204:13:bmi160_acc_unlocked_ioctl	384	static
bmi160_acc.c:2061:16:show_sensordata_value	288	static
bmi160_acc.c:3482:12:bmi160_acc_get_data	320	static
bmi160_acc.c:1970:16:store_acc_op_mode_value	48	static
bmi160_acc.c:3425:12:bmi160_acc_enable_nodata	32	static
bmi160_acc.c:825:29:bmi160_get_step_config	64	static
bmi160_acc.c:882:29:bmi160_set_step_config	64	static
bmi160_acc.c:954:29:bmi160_set_step_mode	32	static
bmi160_acc.c:2740:16:bmi160_step_counter_mode_store	48	static
bmi160_acc.c:1001:29:bmi160_set_accel_under_sampling_parameter	48	static
bmi160_acc.c:1065:29:bmi160_set_accel_output_data_rate	48	static
bmi160_acc.c:1119:29:bmi160_set_accel_range	48	static
bmi160_acc.c:1175:29:bmi160_set_accel_selftest_amp	48	static
bmi160_acc.c:1233:29:bmi160_get_accel_output_data_rate	48	static
bmi160_acc.c:1270:29:bmi160_get_accel_range	48	static
bmi160_acc.c:1304:29:bmi160_get_accel_selftest_amp	48	static
bmi160_acc.c:1339:29:bmi160_read_accel_x	48	static
bmi160_acc.c:1380:29:bmi160_read_accel_y	48	static
bmi160_acc.c:1421:29:bmi160_read_accel_z	48	static
bmi160_acc.c:1460:29:bmi160_set_gyro_selftest_start	48	static
bmi160_acc.c:1507:29:bmi160_get_gyro_selftest	48	static
bmi160_acc.c:1540:29:bmi160_get_error_status	80	static
bmi160_acc.c:1610:29:bmi160_set_accel_selftest_axis	48	static
bmi160_acc.c:1658:29:bmi160_set_accel_selftest_sign	48	static
bmi160_acc.c:1706:29:bmi160_get_accel_selftest_sign	48	static
bmi160_acc.c:2921:16:store_selftest	176	static
bmi160_acc.c:1891:5:bmi160_acc_get_mode	80	static
bmi160_acc.c:2223:5:bmi160_set_fifo_time_enable	96	static
bmi160_acc.c:2252:5:bmi160_set_fifo_header_enable	96	static
bmi160_acc.c:2293:29:bmi160_read_reg	16	static
bmi160_acc.c:2311:29:bmi160_write_reg	16	static
bmi160_acc.c:2329:29:bmi160_init	48	static
bmi160_acc.c:3567:12:bmi160_acc_i2c_probe	176	static
