cmdq_sec.c:1150:9:cmdqSecServiceCall.part.3	16	static
cmdq_sec.c:66:6:cmdq_sec_lock_secure_path	16	static
cmdq_sec.c:76:6:cmdq_sec_unlock_secure_path	16	static
cmdq_sec.c:85:9:cmdq_sec_create_shared_memory	48	static
cmdq_sec.c:106:9:cmdq_sec_destroy_shared_memory	32	static
cmdq_sec.c:131:21:cmdq_session_handle	48	static
cmdq_sec.c:152:21:cmdq_mem_session_handle	48	static
cmdq_sec.c:383:6:dump_message	16	static
cmdq_sec.c:523:18:cmdq_sec_get_iwc_msg_fill_cb_by_iwc_command	0	static
cmdq_sec.c:889:22:cmdq_sec_find_context_handle_unlocked	32	static
cmdq_sec.c:916:9:cmdq_sec_release_context_handle_unlocked	16	static
cmdq_sec.c:940:9:cmdq_sec_release_context_handle	48	static
cmdq_sec.c:967:22:cmdq_sec_context_handle_create	32	static
cmdq_sec.c:989:22:cmdq_sec_acquire_context_handle	48	static
cmdq_sec.c:1024:6:cmdq_sec_dump_context_list	48	static
cmdq_sec.c:1045:6:cmdqSecDeInitialize	48	static
cmdq_sec.c:1104:9:cmdqSecRegisterSecureBuffer	48	static
cmdq_sec.c:1150:9:cmdqSecServiceCall	112	static
cmdq_sec.c:1182:9:cmdqSecUnRegisterSecureBuffer	32	static
cmdq_sec.c:1201:6:cmdq_sec_register_secure_irq	80	static
cmdq_sec.c:1233:6:cmdqSecInitialize	0	static
cmdq_sec.c:1281:6:cmdqSecEnableProfile	16	static
cmdq_sec.c:1289:6:cmdq_sec_set_commandId	0	static
cmdq_sec.c:1294:16:cmdq_sec_get_commandId	0	static
cmdq_sec.c:1299:6:cmdq_debug_set_sw_copy	0	static
cmdq_sec.c:1304:9:cmdq_debug_get_sw_copy	0	static
cmdq_sec.c:1309:6:cmdq_sec_set_sec_print_count	32	static
cmdq_sec.c:1316:10:cmdq_sec_get_sec_print_count	0	static
cmdq_sec.c:1321:9:cmdq_sec_get_log_level	32	static
cmdq_sec.c:227:16:cmdq_sec_fill_iwc_command_basic_unlocked	32	static
cmdq_sec.c:277:16:cmdq_sec_fill_iwc_command_msg_unlocked	96	static
cmdq_sec.c:249:16:cmdq_sec_fill_iwc_cancel_msg_unlocked	48	static
cmdq_sec.c:548:9:cmdq_sec_send_context_session_message	176	static
cmdq_sec.c:674:9:cmdq_sec_submit_to_secure_world_async_unlocked	176	static
cmdq_sec.c:784:9:cmdq_sec_exec_task_async_unlocked	32	static
cmdq_sec.c:806:9:cmdq_sec_cancel_error_task_unlocked	64	static
cmdq_sec.c:836:9:cmdq_sec_allocate_path_resource_unlocked	48	static
cmdq_sec.c:866:9:cmdq_sec_init_share_memory	32	static
cmdq_sec.c:1260:5:cmdq_sec_init_secure_path	48	static
