timer.c:137:26:snd_timer_find	0	static
timer.c:646:13:snd_timer_reschedule	0	static
timer.c:2013:21:snd_timer_user_poll	32	static
timer.c:1096:13:snd_timer_free_system	16	static
timer.c:106:35:snd_timer_instance_new	48	static
timer.c:873:12:snd_timer_free	48	static
timer.c:898:12:snd_timer_dev_free	16	static
timer.c:904:12:snd_timer_dev_register	48	static
timer.c:410:13:snd_timer_notify1	80	static
timer.c:677:13:snd_timer_tasklet	80	static
timer.c:494:12:snd_timer_start_slave	64	static
timer.c:442:12:snd_timer_start1	80	static
timer.c:566:12:snd_timer_stop_slave	64	static
timer.c:518:12:snd_timer_stop1	64	static
timer.c:949:12:snd_timer_dev_disconnect	64	static
timer.c:1206:13:snd_timer_user_interrupt	48	static
timer.c:1935:12:snd_timer_user_fasync	16	static
timer_compat.c:35:12:snd_timer_user_info_compat	256	static
timer.c:1789:12:snd_timer_user_status	144	static
timer.c:1397:12:snd_timer_user_next_device	80	static
timer.c:1943:16:snd_timer_user_read	176	static
timer.c:1071:12:snd_timer_s_stop	32	static
timer.c:1052:12:snd_timer_s_start	16	static
timer.c:1130:13:snd_timer_proc_read	112	static
timer.c:1238:13:snd_timer_user_append_to_tqueue.part.4	0	static
timer.c:1250:13:snd_timer_user_ccallback	80	static
timer.c:1275:13:snd_timer_user_tinterrupt	96	static
timer.c:1334:12:snd_timer_user_open	48	static
timer.c:717:6:snd_timer_interrupt.part.11	96	static
timer.c:1042:13:snd_timer_s_function	16	static
timer.c:1811:12:snd_timer_user_start	32	static
timer.c:1564:12:snd_timer_user_gstatus.isra.3	160	static
timer.c:239:5:snd_timer_open	112	static
timer.c:396:15:snd_timer_resolution	16	static
timer.c:591:5:snd_timer_start	16	static
timer.c:606:5:snd_timer_stop	16	static
timer.c:328:5:snd_timer_close	64	static
timer.c:1361:12:snd_timer_user_release	32	static
timer.c:1600:12:snd_timer_user_tselect	144	static
timer.c:1686:12:snd_timer_user_params	160	static
timer.c:617:5:snd_timer_continue	16	static
timer.c:632:5:snd_timer_pause	16	static
timer.c:1923:13:snd_timer_user_ioctl	160	static
timer_compat.c:109:13:snd_timer_user_ioctl_compat	160	static
timer.c:717:6:snd_timer_interrupt	16	static
timer.c:825:5:snd_timer_new	64	static
timer.c:970:6:snd_timer_notify	96	static
timer.c:1005:5:snd_timer_global_new	48	static
timer.c:1017:5:snd_timer_global_free	16	static
timer.c:1022:5:snd_timer_global_register	64	static
timer.c:2054:19:alsa_timer_init	64	static
timer.c:1193:20:snd_timer_proc_done	16	static
timer.c:2072:20:alsa_timer_exit	32	static
