cmdq_mdp.c:1066:10:cmdq_mdp_rdma_get_reg_offset_src_addr	0	static
cmdq_mdp.c:1071:10:cmdq_mdp_wrot_get_reg_offset_dst_addr	0	static
cmdq_mdp.c:1076:10:cmdq_mdp_wdma_get_reg_offset_dst_addr	0	static
cmdq_mdp.c:550:6:cmdq_mdp_enable_clock_mutex32k	16	static
cmdq_mdp.c:190:6:cmdq_mdp_dump_mmsys_config	64	static
cmdq_mdp.c:650:6:cmdq_mdp_dump_tdshp	96	static
cmdq_mdp.c:407:6:cmdq_mdp_clock_is_on	16	static
cmdq_mdp.c:451:6:cmdq_mdp_enable_clock	32	static
cmdq_mdp.c:354:6:cmdq_mdp_init_module_base_VA	32	static
cmdq_mdp.c:378:6:cmdq_mdp_deinit_module_base_VA	32	static
cmdq_mdp.c:399:6:cmdq_mdp_get_module_PA	16	static
cmdq_mdp.c:557:6:cmdq_mdp_init_module_clk	32	static
cmdq_mdp.c:592:6:cmdq_mdp_init_module_clk_MUTEX_32K	16	static
cmdq_mdp.c:611:6:cmdq_mdp_dump_rsz	112	static
cmdq_mdp.c:671:9:cmdqMdpClockOn	32	static
cmdq_mdp.c:709:9:cmdqMdpDumpInfo	336	static
cmdq_mdp.c:1081:6:testcase_clkmgr_mdp	32	static
cmdq_mdp.c:599:6:cmdq_mdp_smi_larb_enable_clock	16	static
cmdq_mdp.c:86:1:cmdq_mdp_enable_clock_CAM_MDP	16	static
cmdq_mdp.c:87:1:cmdq_mdp_enable_clock_MDP_RDMA0	16	static
cmdq_mdp.c:88:1:cmdq_mdp_enable_clock_MDP_RDMA1	16	static
cmdq_mdp.c:89:1:cmdq_mdp_enable_clock_MDP_RSZ0	16	static
cmdq_mdp.c:90:1:cmdq_mdp_enable_clock_MDP_RSZ1	16	static
cmdq_mdp.c:91:1:cmdq_mdp_enable_clock_MDP_RSZ2	16	static
cmdq_mdp.c:92:1:cmdq_mdp_enable_clock_MDP_TDSHP0	16	static
cmdq_mdp.c:93:1:cmdq_mdp_enable_clock_MDP_TDSHP1	16	static
cmdq_mdp.c:94:1:cmdq_mdp_enable_clock_MDP_WROT0	16	static
cmdq_mdp.c:95:1:cmdq_mdp_enable_clock_MDP_WROT1	16	static
cmdq_mdp.c:96:1:cmdq_mdp_enable_clock_MDP_WDMA	16	static
cmdq_mdp.c:97:1:cmdq_mdp_enable_clock_DISP0_MUTEX_32K	16	static
cmdq_mdp.c:98:1:cmdq_mdp_clock_is_enable_CAM_MDP	16	static
cmdq_mdp.c:99:1:cmdq_mdp_clock_is_enable_MDP_RDMA0	16	static
cmdq_mdp.c:100:1:cmdq_mdp_clock_is_enable_MDP_RDMA1	16	static
cmdq_mdp.c:101:1:cmdq_mdp_clock_is_enable_MDP_RSZ0	16	static
cmdq_mdp.c:102:1:cmdq_mdp_clock_is_enable_MDP_RSZ1	16	static
cmdq_mdp.c:103:1:cmdq_mdp_clock_is_enable_MDP_RSZ2	16	static
cmdq_mdp.c:104:1:cmdq_mdp_clock_is_enable_MDP_TDSHP0	16	static
cmdq_mdp.c:105:1:cmdq_mdp_clock_is_enable_MDP_TDSHP1	16	static
cmdq_mdp.c:106:1:cmdq_mdp_clock_is_enable_MDP_WROT0	16	static
cmdq_mdp.c:107:1:cmdq_mdp_clock_is_enable_MDP_WROT1	16	static
cmdq_mdp.c:108:1:cmdq_mdp_clock_is_enable_MDP_WDMA	16	static
cmdq_mdp.c:109:1:cmdq_mdp_clock_is_enable_DISP0_MUTEX_32K	16	static
cmdq_mdp.c:113:6:cmdq_mdp_get_module_base_VA_MDP_RDMA0	0	static
cmdq_mdp.c:118:6:cmdq_mdp_get_module_base_VA_MDP_RDMA1	0	static
cmdq_mdp.c:123:6:cmdq_mdp_get_module_base_VA_MDP_RSZ0	0	static
cmdq_mdp.c:128:6:cmdq_mdp_get_module_base_VA_MDP_RSZ1	0	static
cmdq_mdp.c:133:6:cmdq_mdp_get_module_base_VA_MDP_RSZ2	0	static
cmdq_mdp.c:138:6:cmdq_mdp_get_module_base_VA_MDP_TDSHP0	0	static
cmdq_mdp.c:143:6:cmdq_mdp_get_module_base_VA_MDP_TDSHP1	0	static
cmdq_mdp.c:148:6:cmdq_mdp_get_module_base_VA_MDP_WROT0	0	static
cmdq_mdp.c:153:6:cmdq_mdp_get_module_base_VA_MDP_WROT1	0	static
cmdq_mdp.c:158:6:cmdq_mdp_get_module_base_VA_MDP_WDMA	0	static
cmdq_mdp.c:262:9:cmdq_mdp_reset_with_mmsys	32	static
cmdq_mdp.c:784:9:cmdqMdpResetEng	128	static
cmdq_mdp.c:949:9:cmdqMdpClockOff	32	static
cmdq_mdp.c:1054:6:cmdqMdpInitialSetting	0	static
cmdq_mdp.c:1141:6:cmdq_mdp_platform_function_setting	16	static
