ipanic_rom.c:35:12:ipanic_atflog_buffer	0	static
ipanic_rom.c:270:12:ipanic_mem_write	144	static
ipanic_rom.c:51:12:panic_dump_disp_log	16	static
ipanic_rom.c:107:12:ipanic_current_task_info	16	static
ipanic_rom.c:72:13:ipanic_kick_wdt	32	static
ipanic_rom.c:114:12:ipanic_mmprofile	64	static
ipanic_rom.c:695:12:aee_ipanic_init	32	static
ipanic_rom.c:40:12:panic_dump_android_log	0	static
ipanic_rom.c:208:12:ipanic_alog_buffer	16	static
ipanic_rom.c:45:12:has_mt_dump_support	16	static
ipanic_rom.c:58:6:ipanic_block_scramble	0	static
ipanic_rom.c:82:6:register_ipanic_ops	0	static
ipanic_rom.c:89:18:ipanic_oops_copy	16	static
ipanic_rom.c:98:6:ipanic_oops_free	16	static
ipanic_rom.c:218:12:ipanic_func_write	128	static
ipanic_rom.c:265:12:ipanic_next_write	128	static
ipanic_rom.c:366:7:ipanic_data_from_sd	32	static
ipanic_rom.c:377:23:ipanic_header_from_sd	384	static
ipanic_rom.c:411:18:ipanic_oops_from_sd	80	static
ipanic_rom.c:577:23:ipanic_header	128	static
ipanic_rom.c:280:12:ipanic_header_to_sd	128	static
ipanic_rom.c:312:5:ipanic_data_to_sd	144	static
ipanic_rom.c:343:6:ipanic_mrdump_mini	144	static
ipanic_rom.c:544:6:ipanic_recursive_ke	112	static
ipanic_rom.c:636:12:ipanic_die	96	static
ipanic_rom.c:477:5:ipanic	128	static
