camera_isp.c:3708:6:ISP_ScheduleWork_VD	16	static
camera_isp.c:3722:6:ISP_ScheduleWork_EXPDONE	16	static
camera_isp.c:7179:15:ISP_ED_BufQue_Erase	0	static
camera_isp.c:9714:13:ISP_TaskletFunc	0	static
camera_isp.c:10366:12:compat_get_isp_read_register_data	0	static
camera_isp.c:11820:5:ISP_pm_restore_noirq	0	static
camera_isp.c:12387:9:ISP_BeginGCECallback	0	static
camera_isp.c:12399:9:ISP_EndGCECallback	0	static
camera_isp.c:12430:20:ISP_M4U_TranslationFault_callback	0	static
camera_isp.c:12238:9:ISP_MDPResetCallback	32	static
camera_isp.c:3402:15:ISP_WriteRegToHw	80	static
camera_isp.c:3680:13:ISP_BufWrite_WriteToHw	48	static
camera_isp.c:3736:6:ISP_Tasklet_VD	32	static
camera_isp.c:3755:6:ISP_Tasklet_EXPDONE	32	static
camera_isp.c:3471:13:ISP_BufWrite_Free	48	static
camera_isp.c:11650:15:ISP_remove	48	static
camera_isp.c:6579:15:ISP_CAMSV_SOF_Buf_Get	192	static
camera_isp.c:6145:15:ISP_SOF_Buf_Get	240	static
camera_isp.c:11115:15:ISP_release	64	static
camera_isp.c:10394:12:compat_get_isp_waitirq_data	112	static
camera_isp.c:10434:12:compat_put_isp_waitirq_data	112	static
camera_isp.c:10620:13:ISP_ioctl_compat	80	static
camera_isp.c:3870:15:ISP_EnableHoldReg	128	static
camera_isp.c:7695:15:ISP_REGISTER_IRQ_USERKEY	208	static
camera_isp.c:11416:15:ISP_probe	128	static
camera_isp.c:13228:20:ISP_Exit	64	static
camera_isp.c:12017:12:CAMIO_DumpRegOpen	16	static
camera_isp.c:11956:12:ISP_DumpRegOpen	16	static
camera_isp.c:12009:12:CAMIO_DumpRegToProc	48	static
camera_isp.c:12025:16:CAMIO_RegDebug	128	static
camera_isp.c:11964:16:ISP_RegDebug	112	static
camera_isp.c:11886:12:ISP_DumpRegToProc	96	static
camera_isp.c:13083:22:ISP_Init	80	static
camera_isp.c:3162:13:ISP_EnableClock.part.1	64	static
camera_isp.c:11725:15:ISP_suspend.part.2	48	static
camera_isp.c:11725:15:ISP_suspend	16	static
camera_isp.c:11761:15:ISP_resume.part.3	48	static
camera_isp.c:11761:15:ISP_resume	16	static
camera_isp.c:11795:5:ISP_pm_suspend	16	static
camera_isp.c:11806:5:ISP_pm_resume	16	static
camera_isp.c:6700:15:ISP_CAMSV_DONE_Buf_Time.isra.7	160	static
camera_isp.c:6801:15:ISP_DONE_Buf_Time.isra.8	240	static
camera_isp.c:8846:30:ISP_Irq_CAMSV2	176	static
camera_isp.c:8663:30:ISP_Irq_CAMSV	176	static
camera_isp.c:9036:30:ISP_Irq_CAM	368	static
camera_isp.c:11247:15:ISP_mmap	16	static
camera_isp.c:4245:13:ISP_FBC_DUMP.isra.13	256	static
camera_isp.c:4587:13:ISP_Buf_CTRL_FUNC	496	static
camera_isp.c:7065:15:ISP_ED_BufQue_Update_GPtr.constprop	0	static
camera_isp.c:12220:9:ISP_MDPClockOnCallback	16	static
camera_isp.c:10944:15:ISP_open	64	static
camera_isp.c:12247:9:ISP_MDPClockOffCallback	48	static
camera_isp.c:7403:15:ISP_ED_BufQue_CTRL_FUNC	240	static
camera_isp.c:1219:5:getTaskInfo	48	static
camera_isp.c:1244:5:sendSignal	16	static
camera_isp.c:1480:7:ISP_chkModuleSetting	48	static
camera_isp.c:2621:15:ISP_DumpReg	144	static
camera_isp.c:12229:9:ISP_MDPDumpCallback	16	static
camera_isp.c:8236:15:ISP_WaitIrq_v3	192	static
camera_isp.c:9744:13:ISP_ioctl	416	static
camera_isp.c:12091:7:ISP_RegCallback	16	static
camera_isp.c:12114:7:ISP_UnregCallback	16	static
camera_isp.c:12129:6:ISP_MCLK1_EN	48	static
camera_isp.c:12162:6:ISP_MCLK2_EN	32	static
camera_isp.c:12192:6:ISP_MCLK3_EN	32	static
