ehci-timer.c:20:13:ehci_set_command_bit	0	static
ehci-timer.c:30:13:ehci_clear_command_bit	0	static
ehci-timer.c:143:13:ehci_disable_ASE	16	static
ehci-timer.c:189:13:ehci_disable_PSE	16	static
ehci-hub.c:36:12:persist_enabled_on_companion	0	static
ehci-hub.c:1293:12:ehci_port_handed_over	0	static
ehci-hcd.c:1379:20:ehci_hcd_cleanup	16	static
ehci-sched.c:273:13:compute_tt_budget	0	static
ehci-hub.c:529:13:set_owner	80	static
ehci-hub.c:1284:13:ehci_relinquish_port	16	static
ehci-hub.c:610:1:ehci_hub_status_data	96	static
ehci-q.c:249:1:ehci_urb_done	48	static
ehci-sched.c:1250:1:iso_sched_free	16	static
ehci-sched.c:1194:1:iso_sched_alloc	16	static
ehci-sched.c:114:24:find_tt	64	static
ehci-sched.c:218:13:reserve_release_intr_bandwidth	48	static
ehci-sched.c:1331:13:reserve_release_iso_bandwidth	48	static
ehci-timer.c:84:13:ehci_enable_event	48	static
ehci-sysfs.c:94:16:store_uframe_periodic_max	80	static
ehci-sysfs.c:81:16:show_uframe_periodic_max	16	static
ehci-sysfs.c:23:16:show_companion	80	static
ehci-sysfs.c:50:16:store_companion	80	static
ehci-hcd.c:566:12:ehci_run	48	static
ehci-q.c:122:1:qh_refresh.isra.30	48	static
ehci-q.c:553:13:qtd_list_free.isra.31	48	static
ehci-sched.c:378:12:tt_available.isra.35	112	static
ehci-hcd.c:122:17:ehci_moschip_read_frame_index.isra.51	0	static
ehci-hcd.c:1047:12:ehci_get_frame	32	static
ehci-sched.c:1495:1:iso_stream_schedule	128	static
ehci-hcd.c:1057:13:ehci_remove_device	64	static
ehci-mem.c:67:13:qh_destroy	32	static
ehci-mem.c:120:13:ehci_mem_cleanup	64	static
ehci-timer.c:150:13:ehci_poll_PSS.part.60	16	static
ehci-timer.c:150:13:ehci_poll_PSS	16	static
ehci-timer.c:104:13:ehci_poll_ASS.part.65	16	static
ehci-timer.c:104:13:ehci_poll_ASS	16	static
ehci-mem.c:49:25:ehci_qtd_alloc.isra.71	32	static
ehci-hub.c:160:13:ehci_adjust_port_wakeup_flags.part.72	48	static
ehci-hcd.c:1301:19:ehci_hcd_init	32	static
ehci-sched.c:1154:1:iso_stream_find	112	static
ehci-sched.c:860:12:qh_schedule	112	static
ehci-q.c:976:13:qh_link_async	48	static
ehci-q.c:145:13:ehci_clear_tt_buffer_complete	48	static
ehci-timer.c:298:13:end_free_itds	64	static
ehci-timer.c:405:29:ehci_hrtimer_func	112	static
ehci-mem.c:80:24:ehci_qh_alloc	64	static
ehci-q.c:1015:24:qh_append_tds	144	static
ehci-q.c:1275:13:start_iaa_cycle.part.66	32	static
ehci-hcd.c:242:12:ehci_reset	48	static
ehci-sched.c:515:13:enable_periodic.part.62	32	static
ehci-sched.c:545:13:qh_link_periodic	16	static
ehci-hcd.c:192:12:ehci_halt	32	static
ehci-hcd.c:341:13:ehci_silence_controller	32	static
ehci-hcd.c:361:13:ehci_shutdown	48	static
ehci-hcd.c:651:5:ehci_setup	96	static
ehci-hcd.c:283:13:ehci_quiesce.part.77	48	static
ehci-hcd.c:416:13:ehci_stop	48	static
ehci-q.c:573:1:qh_urb_transaction	144	static
ehci-hcd.c:845:12:ehci_urb_enqueue	144	static
ehci-hub.c:862:5:ehci_hub_control	144	static
ehci-hub.c:376:12:ehci_bus_resume	96	static
ehci-q.c:287:1:qh_completions	128	static
ehci-timer.c:251:13:ehci_handle_intr_unlinks	96	static
ehci-sched.c:673:13:start_unlink_intr	32	static
ehci-timer.c:220:13:ehci_handle_start_intr_unlinks	48	static
ehci-q.c:1301:13:end_unlink_async	80	static
ehci-timer.c:328:13:ehci_iaa_watchdog	16	static
ehci-q.c:1420:13:start_unlink_async.part.67	16	static
ehci-q.c:1375:13:unlink_empty_async	32	static
ehci-hcd.c:1008:1:ehci_endpoint_reset	64	static
ehci-hcd.c:937:1:ehci_endpoint_disable	80	static
ehci-hcd.c:382:13:ehci_work.part.68	144	static
ehci-hcd.c:382:13:ehci_work	16	static
ehci-timer.c:196:13:ehci_handle_controller_death	32	static
ehci-hcd.c:683:20:ehci_irq	128	static
ehci-hcd.c:886:12:ehci_urb_dequeue	80	static
ehci-hub.c:226:12:ehci_bus_suspend	128	static
ehci-hcd.c:160:5:ehci_handshake	48	static
ehci-hcd.c:1108:5:ehci_resume	48	static
ehci-hcd.c:1074:5:ehci_suspend	48	static
ehci-hcd.c:1226:6:ehci_init_driver	32	static
