xhci-trace.h:45:1:trace_xhci_dbg_quirks	32	static
xhci-trace.h:50:1:trace_xhci_dbg_reset_ep	32	static
xhci-trace.h:55:1:trace_xhci_dbg_cancel_urb	32	static
xhci-trace.h:65:1:trace_xhci_dbg_ring_expansion	32	static
xhci-ring.c:145:13:inc_deq	0	static
xhci-ring.c:194:13:inc_enq	0	static
xhci-ring.c:360:13:ring_doorbell_for_active_rings	0	static
xhci-ring.c:2965:13:check_trb_math	32	static
xhci-ring.c:606:13:xhci_giveback_urb_in_irq.isra.24	80	static
xhci-ring.c:771:13:xhci_kill_ring_urbs	48	static
xhci-ring.c:2793:12:prepare_ring.part.29	64	static
xhci-ring.c:78:12:xhci_trb_virt_to_dma.part.30	0	static
xhci-ring.c:541:13:td_to_noop	96	static
xhci-ring.c:282:6:xhci_ring_cmd_db.part.31	0	static
xhci-ring.c:1213:13:xhci_handle_stopped_cmd_ring	32	static
xhci-ring.c:3987:12:queue_command	80	static
xhci-ring.c:2881:12:prepare_transfer	96	static
xhci-ring.c:421:26:xhci_urb_to_transfer_ring	48	static
xhci-ring.c:78:12:xhci_trb_virt_to_dma	0	static
xhci-ring.c:282:6:xhci_ring_cmd_db	0	static
xhci-ring.c:335:6:xhci_ring_ep_doorbell	0	static
xhci-ring.c:446:6:xhci_find_new_dequeue_state	128	static
xhci-ring.c:844:6:xhci_stop_endpoint_command_watchdog	128	static
xhci-ring.c:1201:6:xhci_cleanup_command_queue	48	static
xhci-ring.c:1259:6:xhci_handle_command_timeout	48	static
xhci-ring.c:1689:22:trb_in_td	112	static
xhci-ring.c:1801:5:xhci_is_vendor_info_code	0	static
xhci-ring.c:3304:5:xhci_queue_bulk_tx	208	static
xhci-ring.c:3003:5:xhci_queue_intr_tx	64	static
xhci-ring.c:3491:5:xhci_queue_ctrl_tx	112	static
xhci-ring.c:3915:5:xhci_queue_isoc_tx_prepare	240	static
xhci-ring.c:4029:5:xhci_queue_slot_control	16	static
xhci-ring.c:4037:5:xhci_queue_address_device	16	static
xhci-ring.c:4046:5:xhci_queue_vendor_command	16	static
xhci-ring.c:4053:5:xhci_queue_reset_device	16	static
xhci-ring.c:4062:5:xhci_queue_configure_endpoint	16	static
xhci-ring.c:4073:5:xhci_queue_evaluate_context	16	static
xhci-ring.c:4086:5:xhci_queue_stop_endpoint	16	static
xhci-ring.c:4099:6:xhci_queue_new_dequeue_state	128	static
xhci-ring.c:1307:13:handle_cmd_completion	160	static
xhci-ring.c:4166:5:xhci_queue_reset_ep	16	static
xhci-ring.c:1819:12:finish_td.isra.40	112	static
xhci-ring.c:2675:13:xhci_irq	192	static
xhci-ring.c:2761:13:xhci_msi_irq	16	static
