bmi160_stc.c:977:12:step_c_release	0	static
bmi160_stc.c:983:13:stc_c_unlocked_ioctl	0	static
bmi160_stc.c:1001:12:bmi160_step_c_open_report_data	0	static
bmi160_stc.c:1298:12:bmi160_stc_remove	0	static
bmi160_stc.c:1326:20:stc_exit	16	static
bmi160_stc.c:1190:12:bmi160_stc_get_data_step_d	16	static
bmi160_stc.c:1183:12:bmi160_stc_get_data_significant	16	static
bmi160_stc.c:1319:19:stc_init	16	static
bmi160_stc.c:75:12:stc_i2c_read_block	96	static
bmi160_stc.c:967:12:step_c_open	16	static
bmi160_stc.c:1118:12:bmi160_stc_get_mode	96	static
bmi160_stc.c:1140:12:bmi160_step_c_get_data	128	static
bmi160_stc.c:900:12:step_c_set_powermode.constprop	64	static
bmi160_stc.c:110:12:stc_i2c_write_block.constprop	32	static
bmi160_stc.c:927:12:step_c_set_datarate	80	static
bmi160_stc.c:1023:12:bmi160_step_c_set_delay	48	static
bmi160_stc.c:1006:12:bmi160_step_c_enable_nodata	128	static
bmi160_stc.c:1089:12:bmi160_step_c_enable_step_detect	112	static
bmi160_stc.c:135:29:bmi160_set_step_counter_enable	96	static
bmi160_stc.c:314:29:bmi160_read_step_count	80	static
bmi160_stc.c:352:29:bmi160_set_intr_edge_ctrl	112	static
bmi160_stc.c:417:29:bmi160_set_intr_level	112	static
bmi160_stc.c:484:29:bmi160_set_output_enable	112	static
bmi160_stc.c:541:29:bmi160_get_intr_significant_motion_select	80	static
bmi160_stc.c:570:29:bmi160_set_intr_significant_motion_select	96	static
bmi160_stc.c:1048:12:bmi160_step_c_enable_significant	80	static
bmi160_stc.c:622:29:bmi160_set_intr_low_g	112	static
bmi160_stc.c:669:29:bmi160_get_step_detector_enable	80	static
bmi160_stc.c:693:29:bmi160_set_step_detector_enable	96	static
bmi160_stc.c:725:29:bmi160_map_step_detector_intr	96	static
bmi160_stc.c:803:29:bmi160_map_significant_motion_intr	96	static
bmi160_stc.c:1303:12:bmi160_stc_local_init	176	static
