mt_hotplug_strategy_procfs.c:738:1:hps_num_limit_power_serv_proc_open	32	static
mt_hotplug_strategy_procfs.c:642:1:hps_num_limit_ultra_power_saving_proc_open	32	static
mt_hotplug_strategy_procfs.c:536:1:hps_num_limit_low_battery_proc_open	32	static
mt_hotplug_strategy_procfs.c:441:1:hps_num_limit_thermal_proc_open	32	static
mt_hotplug_strategy_procfs.c:350:1:hps_num_base_perf_serv_proc_open	32	static
mt_hotplug_strategy_procfs.c:222:1:hps_tlp_times_proc_open	16	static
mt_hotplug_strategy_procfs.c:218:1:hps_rush_boost_times_proc_open	16	static
mt_hotplug_strategy_procfs.c:214:1:hps_rush_boost_threshold_proc_open	16	static
mt_hotplug_strategy_procfs.c:210:1:hps_rush_boost_enabled_proc_open	16	static
mt_hotplug_strategy_procfs.c:206:1:hps_input_boost_cpu_num_proc_open	16	static
mt_hotplug_strategy_procfs.c:202:1:hps_input_boost_enabled_proc_open	16	static
mt_hotplug_strategy_procfs.c:198:1:hps_down_times_proc_open	16	static
mt_hotplug_strategy_procfs.c:194:1:hps_down_threshold_proc_open	16	static
mt_hotplug_strategy_procfs.c:190:1:hps_up_times_proc_open	16	static
mt_hotplug_strategy_procfs.c:186:1:hps_up_threshold_proc_open	16	static
mt_hotplug_strategy_procfs.c:168:1:hps_log_mask_proc_open	16	static
mt_hotplug_strategy_procfs.c:164:1:hps_suspend_enabled_proc_open	16	static
mt_hotplug_strategy_procfs.c:160:1:hps_early_suspend_enabled_proc_open	16	static
mt_hotplug_strategy_procfs.c:156:1:hps_enabled_proc_open	16	static
mt_hotplug_strategy_procfs.c:147:1:hps_state_proc_open	16	static
mt_hotplug_strategy_procfs.c:146:1:hps_init_state_proc_open	16	static
mt_hotplug_strategy_procfs.c:30:12:hps_proc_uint_show	16	static
mt_hotplug_strategy_procfs.c:74:13:lock_hps_ctxt	16	static
mt_hotplug_strategy_procfs.c:79:13:unlock_hps_ctxt	16	static
mt_hotplug_strategy_procfs.c:659:16:hps_num_limit_power_serv_proc_write	96	static
mt_hotplug_strategy_procfs.c:556:16:hps_num_limit_ultra_power_saving_proc_write	96	static
mt_hotplug_strategy_procfs.c:458:16:hps_num_limit_low_battery_proc_write	96	static
mt_hotplug_strategy_procfs.c:367:16:hps_num_limit_thermal_proc_write	96	static
mt_hotplug_strategy_procfs.c:242:16:hps_num_base_perf_serv_proc_write	96	static
mt_hotplug_strategy_procfs.c:84:13:reset_unlock_hps_ctxt	16	static
mt_hotplug_strategy_procfs.c:649:12:hps_num_limit_power_serv_proc_show	16	static
mt_hotplug_strategy_procfs.c:543:12:hps_num_limit_ultra_power_saving_proc_show	16	static
mt_hotplug_strategy_procfs.c:448:12:hps_num_limit_low_battery_proc_show	16	static
mt_hotplug_strategy_procfs.c:357:12:hps_num_limit_thermal_proc_show	16	static
mt_hotplug_strategy_procfs.c:232:12:hps_num_base_perf_serv_proc_show	16	static
mt_hotplug_strategy_procfs.c:38:16:hps_proc_uint_write.isra.5.constprop	96	static
mt_hotplug_strategy_procfs.c:90:16:hps_proc_uint_write_with_lock	16	static
mt_hotplug_strategy_procfs.c:98:16:hps_proc_uint_write_with_lock_reset	16	static
mt_hotplug_strategy_procfs.c:746:5:hps_procfs_init	400	static
