zram_drv.c:584:16:comp_algorithm_store	64	static
zram_drv.c:571:16:comp_algorithm_show	48	static
zram_drv.c:542:16:max_comp_streams_store	64	static
zram_drv.c:461:16:max_comp_streams_show	48	static
zram_drv.c:505:16:mem_used_max_show	64	static
zram_drv.c:474:16:mem_limit_show	48	static
zram_drv.c:444:16:mem_used_total_show	64	static
zram_drv.c:1525:1:zram_attr_compr_data_size_show	16	static
zram_drv.c:435:16:orig_data_size_show	16	static
zram_drv.c:1524:1:zram_attr_zero_pages_show	16	static
zram_drv.c:1523:1:zram_attr_notify_free_show	16	static
zram_drv.c:1522:1:zram_attr_invalid_io_show	16	static
zram_drv.c:1521:1:zram_attr_failed_writes_show	16	static
zram_drv.c:1520:1:zram_attr_failed_reads_show	16	static
zram_drv.c:1519:1:zram_attr_num_writes_show	16	static
zram_drv.c:1518:1:zram_attr_num_reads_show	16	static
zram_drv.c:422:16:initstate_show	48	static
zram_drv.c:414:16:disksize_show	16	static
zram_drv.c:519:16:mem_used_max_store	64	static
zram_drv.c:487:16:mem_limit_store	80	static
zram_drv.c:395:16:compact_store	48	static
zram_drv.c:1301:16:disksize_store	80	static
zram_drv.c:753:13:zram_free_page	48	static
zram_drv.c:1719:12:zraminfo_proc_open	16	static
zram_drv.c:1482:13:zram_slot_free_notify	80	static
zram_drv.c:1732:19:zram_init	112	static
zram_drv.c:1661:12:zraminfo_proc_show	144	static
zram_drv.c:843:12:zram_decompress_page.isra.15	96	static
zram_drv.c:1190:12:zram_bvec_rw.isra.17	128	static
zram_drv.c:1459:13:zram_make_request	160	static
zram_drv.c:1253:13:zram_reset_device	64	static
zram_drv.c:1781:20:zram_exit	64	static
zram_drv.c:1362:16:reset_store	80	static
zram_drv.c:1650:15:zram_mlog	16	static
