dm-bufio.c:430:13:__link_buffer	0	static
dm-bufio.c:498:13:dmio_complete	16	static
dm-bufio.c:281:13:__cache_size_refresh	16	static
dm-bufio.c:393:26:alloc_buffer	64	static
dm-bufio.c:733:13:__wait_for_free_buffer	96	static
dm-bufio.c:1520:1:dm_bufio_shrink_count	48	static
dm-bufio.c:536:13:inline_endio	48	static
dm-bufio.c:505:13:use_dmio	112	static
dm-bufio.c:595:13:submit_io	96	static
dm-bufio.c:661:13:__flush_write_list	80	static
dm-bufio.c:1802:20:dm_bufio_exit	48	static
dm-bufio.c:1755:19:dm_bufio_init	32	static
dm-bufio.c:913:26:__find.isra.3	0	static
dm-bufio.c:445:13:__unlink_buffer	16	static
dm-bufio.c:459:13:__relink_lru	16	static
dm-bufio.c:1001:13:read_endio	32	static
dm-bufio.c:618:13:write_endio	32	static
dm-bufio.c:1268:5:dm_bufio_issue_flush.part.15	16	static
dm-bufio.c:417:13:free_buffer	80	static
dm-bufio.c:820:13:__free_buffer_wake	32	static
dm-bufio.c:680:13:__make_buffer_clean	32	static
dm-bufio.c:696:26:__get_unclaimed_buffer	32	static
dm-bufio.c:1503:1:dm_bufio_shrink_scan	112	static
dm-bufio.c:1739:13:work_fn	80	static
dm-bufio.c:834:13:__write_dirty_buffers_async	80	static
dm-bufio.c:931:26:__bufio_new	80	static
dm-bufio.c:1128:6:dm_bufio_release	32	static
dm-bufio.c:1022:14:new_read	96	static
dm-bufio.c:1057:7:dm_bufio_get	16	static
dm-bufio.c:1064:7:dm_bufio_read	16	static
dm-bufio.c:1073:7:dm_bufio_new	16	static
dm-bufio.c:1082:6:dm_bufio_prefetch	160	static
dm-bufio.c:1158:6:dm_bufio_mark_buffer_dirty	32	static
dm-bufio.c:1173:6:dm_bufio_write_dirty_buffers_async	48	static
dm-bufio.c:1268:5:dm_bufio_issue_flush	96	static
dm-bufio.c:1193:5:dm_bufio_write_dirty_buffers	80	static
dm-bufio.c:1300:6:dm_bufio_release_move	64	static
dm-bufio.c:1368:6:dm_bufio_forget	48	static
dm-bufio.c:1384:6:dm_bufio_set_minimum_buffers	0	static
dm-bufio.c:1390:10:dm_bufio_get_block_size	0	static
dm-bufio.c:1396:10:dm_bufio_get_device_size	0	static
dm-bufio.c:1403:10:dm_bufio_get_block_number	0	static
dm-bufio.c:1409:7:dm_bufio_get_block_data	0	static
dm-bufio.c:1415:7:dm_bufio_get_aux_data	0	static
dm-bufio.c:1421:25:dm_bufio_get_client	0	static
dm-bufio.c:1539:25:dm_bufio_client_create	80	static
dm-bufio.c:1667:6:dm_bufio_client_destroy	64	static
