dm-table.c:1165:12:count_device	0	static
dm-table.c:1281:12:device_flush_capable	0	static
dm-table.c:1334:12:device_is_nonrot	0	static
dm-table.c:1342:12:device_is_not_random	0	static
dm-table.c:1350:12:queue_supports_sg_merge	0	static
dm-table.c:1375:12:device_not_write_same_capable	0	static
dm-table.c:1402:12:device_discard_capable	0	static
dm-table.c:510:15:realloc_argv	48	static
dm-table.c:276:12:device_area_is_invalid	96	static
dm-table.c:423:12:dm_set_device_limits	96	static
dm-table.c:603:12:validate_hardware_logical_block_alignment.isra.9	176	static
dm-table.c:1290:13:dm_table_supports_flush.isra.11	80	static
dm-table.c:1358:13:dm_table_all_devices_attribute.isra.14	64	static
dm-table.c:133:7:dm_vcalloc	16	static
dm-table.c:182:5:dm_table_create	80	static
dm-table.c:228:6:dm_table_destroy	64	static
dm-table.c:370:5:dm_get_device	112	static
dm-table.c:461:6:dm_put_device	32	static
dm-table.c:536:5:dm_split_args	96	static
dm-table.c:670:5:dm_table_add_target	96	static
dm-table.c:784:5:dm_read_arg	64	static
dm-table.c:791:5:dm_read_arg_group	64	static
dm-table.c:798:13:dm_shift_arg	0	static
dm-table.c:813:6:dm_consume_args	16	static
dm-table.c:893:10:dm_table_get_type	0	static
dm-table.c:898:21:dm_table_get_immutable_target_type	0	static
dm-table.c:903:6:dm_table_request_based	0	static
dm-table.c:933:6:dm_table_free_md_mempools	32	static
dm-table.c:939:24:dm_table_get_md_mempools	0	static
dm-table.c:1074:5:dm_table_complete	32	static
dm-table.c:1104:6:dm_table_event_callback	48	static
dm-table.c:1113:6:dm_table_event	32	static
dm-table.c:1128:10:dm_table_get_size	0	static
dm-table.c:1134:19:dm_table_get_target	0	static
dm-table.c:1148:19:dm_table_find_target	0	static
dm-table.c:1181:6:dm_table_has_no_data_devices	80	static
dm-table.c:1203:5:dm_calculate_queue_limits	160	static
dm-table.c:1439:6:dm_table_set_restrictions	80	static
dm-table.c:1503:14:dm_table_get_num_targets	0	static
dm-table.c:1508:19:dm_table_get_devices	0	static
dm-table.c:1513:9:dm_table_get_mode	0	static
dm-table.c:1535:6:dm_table_presuspend_targets	32	static
dm-table.c:1543:6:dm_table_postsuspend_targets	32	static
dm-table.c:1551:5:dm_table_resume_targets	64	static
dm-table.c:1579:6:dm_table_add_target_callbacks	0	static
dm-table.c:1585:5:dm_table_any_congested	112	static
dm-table.c:1611:5:dm_table_any_busy_target	48	static
dm-table.c:1625:23:dm_table_get_md	0	static
dm-table.c:1631:6:dm_table_run_md_queue_async	48	static
