arp_tables.c:722:13:get_counters	80	static
arp_tables.c:620:12:translate_table	176	static
arp_tables.c:1800:20:arp_tables_fini	32	static
arp_tables.c:1761:24:arp_tables_net_exit	16	static
arp_tables.c:1756:23:arp_tables_net_init	16	static
arp_tables.c:823:13:compat_standard_from_user	32	static
arp_tables.c:832:12:compat_standard_to_user	48	static
arp_tables.c:870:12:compat_table_info	64	static
arp_tables.c:1771:19:arp_tables_init	48	static
arp_tables.c:223:1:arpt_error	32	static
arp_tables.c:1287:12:translate_compat_table	208	static
arp_tables.c:1120:12:do_add_counters.constprop	128	static
arp_tables.c:894:12:get_info.constprop	240	static
arp_tables.c:1620:12:do_arpt_get_ctl	160	static
arp_tables.c:995:12:__do_replace.constprop	128	static
arp_tables.c:1380:12:compat_do_replace.isra.15.constprop	176	static
arp_tables.c:1430:12:compat_do_arpt_set_ctl	48	static
arp_tables.c:1071:12:do_replace.isra.16.constprop	176	static
arp_tables.c:1596:12:do_arpt_set_ctl	48	static
arp_tables.c:1526:12:compat_get_entries.constprop	256	static
arp_tables.c:1574:12:compat_do_arpt_get_ctl	48	static
arp_tables.c:58:7:arpt_alloc_initial_table	96	static
arp_tables.c:249:14:arpt_do_table	176	static
arp_tables.c:1663:18:arpt_register_table	128	static
arp_tables.c:1701:6:arpt_unregister_table	80	static
