ip_tables.c:764:1:cleanup_entry	96	static
ip_tables.c:2019:12:icmp_checkentry	0	static
ip_tables.c:618:12:check_target	64	static
ip_tables.c:887:1:get_counters	80	static
ip_tables.c:2123:20:ip_tables_fini	32	static
ip_tables.c:2079:24:ip_tables_net_exit	16	static
ip_tables.c:2074:23:ip_tables_net_init	16	static
ip_tables.c:1009:13:compat_standard_from_user	32	static
ip_tables.c:1018:12:compat_standard_to_user	48	static
ip_tables.c:1992:1:icmp_match	48	static
ip_tables.c:1058:12:compat_table_info	80	static
ip_tables.c:2089:19:ip_tables_init	48	static
ip_tables.c:155:1:ipt_error	32	static
ip_tables.c:1308:1:do_add_counters.constprop	128	static
ip_tables.c:1082:12:get_info.constprop	256	static
ip_tables.c:1873:1:do_ipt_get_ctl	192	static
ip_tables.c:1184:1:__do_replace.constprop	96	static
ip_tables.c:787:1:translate_table	256	static
ip_tables.c:1848:1:do_ipt_set_ctl	176	static
ip_tables.c:1559:1:translate_compat_table.constprop	224	static
ip_tables.c:1659:1:compat_do_replace.isra.15.constprop	160	static
ip_tables.c:1710:1:compat_do_ipt_set_ctl	48	static
ip_tables.c:1777:1:compat_get_entries.constprop	256	static
ip_tables.c:1826:1:compat_do_ipt_get_ctl	48	static
ip_tables.c:66:7:ipt_alloc_initial_table	64	static
ip_tables.c:289:1:ipt_do_table	192	static
ip_tables.c:1924:18:ipt_register_table	128	static
ip_tables.c:1962:6:ipt_unregister_table	48	static
