drm_atomic.c:41:6:drm_atomic_state_default_release	32	static
drm_atomic.c:61:1:drm_atomic_state_init	48	static
drm_atomic.c:115:1:drm_atomic_state_alloc	32	static
drm_atomic.c:142:6:drm_atomic_state_default_clear	64	static
drm_atomic.c:201:6:drm_atomic_state_clear	16	static
drm_atomic.c:220:6:drm_atomic_state_free	32	static
drm_atomic.c:260:1:drm_atomic_get_crtc_state	48	static
drm_atomic.c:301:5:drm_atomic_set_mode_for_crtc	128	static
drm_atomic.c:351:5:drm_atomic_set_mode_prop_for_crtc	48	static
drm_atomic.c:399:5:drm_atomic_crtc_set_property	32	static
drm_atomic.c:432:5:drm_atomic_crtc_get_property	16	static
drm_atomic.c:514:1:drm_atomic_get_plane_state	48	static
drm_atomic.c:762:1:drm_atomic_get_connector_state	48	static
drm_atomic.c:886:5:drm_atomic_get_property	64	static
drm_atomic.c:937:1:drm_atomic_set_crtc_for_plane	48	static
drm_atomic.c:984:1:drm_atomic_set_fb_for_plane	32	static
drm_atomic.c:568:5:drm_atomic_plane_set_property	32	static
drm_atomic.c:1017:1:drm_atomic_set_crtc_for_connector	32	static
drm_atomic.c:833:5:drm_atomic_connector_set_property	32	static
drm_atomic.c:1059:1:drm_atomic_add_affected_connectors	48	static
drm_atomic.c:1112:1:drm_atomic_add_affected_planes	64	static
drm_atomic.c:1139:1:drm_atomic_connectors_for_crtc	32	static
drm_atomic.c:1167:6:drm_atomic_legacy_backoff	32	static
drm_atomic.c:1196:5:drm_atomic_check_only	112	static
drm_atomic.c:1260:5:drm_atomic_commit	32	static
drm_atomic.c:1291:5:drm_atomic_async_commit	32	static
drm_atomic.c:1416:5:drm_mode_atomic_ioctl	272	static
