drm_irq.c:940:13:send_vblank_event	64	static
drm_irq.c:77:13:store_vblank	16	static
drm_irq.c:835:1:drm_get_last_vbltimestamp	64	static
drm_irq.c:123:13:drm_update_vblank_count	80	static
drm_irq.c:1007:12:drm_vblank_enable	64	static
drm_irq.c:179:13:vblank_disable_and_save	112	static
drm_irq.c:270:13:vblank_disable_fn	64	static
drm_irq.c:294:6:drm_vblank_cleanup	64	static
drm_irq.c:327:5:drm_vblank_init	80	static
drm_irq.c:416:5:drm_irq_install	48	static
drm_irq.c:489:5:drm_irq_uninstall	80	static
drm_irq.c:551:5:drm_control	48	static
drm_irq.c:603:6:drm_calc_timestamping_constants	80	static
drm_irq.c:690:5:drm_calc_vbltimestamp_from_scanoutpos	160	static
drm_irq.c:873:5:drm_vblank_count	16	static
drm_irq.c:897:5:drm_crtc_vblank_count	32	static
drm_irq.c:915:5:drm_vblank_count_and_time	16	static
drm_irq.c:967:6:drm_send_vblank_event	80	static
drm_irq.c:995:6:drm_crtc_send_vblank_event	80	static
drm_irq.c:1052:5:drm_vblank_get	64	static
drm_irq.c:1092:5:drm_crtc_vblank_get	32	static
drm_irq.c:1108:6:drm_vblank_put	16	static
drm_irq.c:1140:6:drm_crtc_vblank_put	32	static
drm_irq.c:1155:6:drm_wait_one_vblank	128	static
drm_irq.c:1188:6:drm_crtc_wait_one_vblank	32	static
drm_irq.c:1208:6:drm_vblank_off	112	static
drm_irq.c:1265:6:drm_crtc_vblank_off	32	static
drm_irq.c:1281:6:drm_crtc_vblank_reset	48	static
drm_irq.c:1315:6:drm_vblank_on	64	static
drm_irq.c:1362:6:drm_crtc_vblank_on	32	static
drm_irq.c:1391:6:drm_vblank_pre_modeset	32	static
drm_irq.c:1425:6:drm_vblank_post_modeset	48	static
drm_irq.c:1461:5:drm_modeset_ctl	32	static
drm_irq.c:1590:5:drm_wait_vblank	176	static
drm_irq.c:1719:6:drm_handle_vblank	144	static
drm_irq.c:1798:6:drm_crtc_handle_vblank	32	static
