drm_edid.c:1569:1:find_gtf2	0	static
drm_edid.c:2429:12:drm_find_cea_extension	0	static
drm_edid.c:3083:1:monitor_name	0	static
drm_edid.c:1991:13:valid_inferred_mode	64	static
drm_edid.c:1520:1:drm_for_each_detailed_block	96	static
drm_edid.c:2140:1:add_inferred_modes	48	static
drm_edid.c:2202:1:add_established_modes	112	static
drm_edid.c:1547:1:is_rb	0	static
drm_edid.c:1144:1:drm_do_probe_ddc_edid	160	static
drm_edid.c:2644:1:drm_display_mode_from_vic_index.isra.13	16	static
drm_edid.c:2369:1:do_detailed_mode	160	static
drm_edid.c:2343:1:do_cvt_mode	128	static
drm_edid.c:2483:4:drm_match_cea_mode.part.25	64	static
drm_edid.c:1964:1:mode_in_range	80	static
drm_edid.c:2548:11:drm_match_hdmi_mode.part.14	32	static
drm_edid.c:2572:1:add_alternate_cea_modes	112	static
drm_edid.c:2102:1:do_inferred_modes	128	static
drm_edid.c:1000:5:drm_edid_header_is_valid	0	static
drm_edid.c:1029:6:drm_edid_block_valid	64	static
drm_edid.c:1115:6:drm_edid_is_valid	32	static
drm_edid.c:1219:14:drm_do_get_edid	112	static
drm_edid.c:1310:1:drm_probe_ddc	32	static
drm_edid.c:1328:14:drm_get_edid	48	static
drm_edid.c:1344:14:drm_edid_duplicate	16	static
drm_edid.c:1468:26:drm_mode_find_dmt	80	static
drm_edid.c:1655:1:drm_mode_std	128	static
drm_edid.c:2233:1:do_standard_modes	64	static
drm_edid.c:2184:1:do_established_modes	96	static
drm_edid.c:2483:4:drm_match_cea_mode	16	static
drm_edid.c:2514:26:drm_get_cea_aspect_ratio	0	static
drm_edid.c:3098:6:drm_edid_to_eld	128	static
drm_edid.c:3188:5:drm_edid_to_sad	48	static
drm_edid.c:3249:5:drm_edid_to_speaker_allocation	32	static
drm_edid.c:3300:5:drm_av_sync_delay	0	static
drm_edid.c:3344:23:drm_select_eld	32	static
drm_edid.c:3369:6:drm_detect_hdmi_monitor	16	static
drm_edid.c:3407:6:drm_detect_monitor_audio	80	static
drm_edid.c:3452:6:drm_rgb_quant_range_selectable	32	static
drm_edid.c:3670:5:drm_add_edid_modes	208	static
drm_edid.c:3735:5:drm_add_modes_noedid	80	static
drm_edid.c:3781:6:drm_set_preferred_mode	0	static
drm_edid.c:3803:1:drm_hdmi_avi_infoframe_from_display_mode	32	static
drm_edid.c:3880:1:drm_hdmi_vendor_infoframe_from_display_mode	48	static
