drm_prime.c:217:13:drm_gem_unmap_dma_buf	0	static
drm_prime.c:240:14:drm_gem_dmabuf_vmap	16	static
drm_prime.c:248:13:drm_gem_dmabuf_vunmap	16	static
drm_prime.c:256:14:drm_gem_dmabuf_kmap_atomic	0	static
drm_prime.c:262:13:drm_gem_dmabuf_kunmap_atomic	0	static
drm_prime.c:267:14:drm_gem_dmabuf_kmap	0	static
drm_prime.c:273:13:drm_gem_dmabuf_kunmap	0	static
drm_prime.c:279:12:drm_gem_dmabuf_mmap	16	static
drm_prime.c:231:6:drm_gem_dmabuf_release	32	static
drm_prime.c:180:25:drm_gem_map_dma_buf	80	static
drm_prime.c:139:13:drm_gem_map_detach	48	static
drm_prime.c:74:12:drm_prime_add_buf_handle	48	static
drm_prime.c:118:12:drm_gem_map_attach	48	static
drm_prime.c:166:6:drm_prime_remove_buf_handle_locked	64	static
drm_prime.c:339:17:drm_gem_prime_export	32	static
drm_prime.c:398:5:drm_gem_prime_handle_to_fd	96	static
drm_prime.c:493:24:drm_gem_prime_import	48	static
drm_prime.c:560:5:drm_gem_prime_fd_to_handle	96	static
drm_prime.c:625:5:drm_prime_handle_to_fd_ioctl	16	static
drm_prime.c:648:5:drm_prime_fd_to_handle_ioctl	16	static
drm_prime.c:672:18:drm_prime_pages_to_sg	48	static
drm_prime.c:705:5:drm_prime_sg_to_page_addr_arrays	80	static
drm_prime.c:746:6:drm_prime_gem_destroy	32	static
drm_prime.c:760:6:drm_prime_init_file_private	16	static
drm_prime.c:766:6:drm_prime_destroy_file_private	16	static
