drm_gem.c:764:1:drm_gem_object_free	16	static
drm_gem.c:221:1:drm_gem_object_handle_unreference_unlocked	32	static
drm_gem.c:707:1:drm_gem_object_release_handle	48	static
drm_gem.c:94:1:drm_gem_init	32	static
drm_gem.c:116:1:drm_gem_destroy	32	static
drm_gem.c:133:5:drm_gem_object_init	32	static
drm_gem.c:160:6:drm_gem_private_object_init	16	static
drm_gem.c:251:1:drm_gem_handle_delete	64	static
drm_gem.c:300:5:drm_gem_dumb_destroy	16	static
drm_gem.c:319:1:drm_gem_handle_create_tail	80	static
drm_gem.c:374:5:drm_gem_handle_create	48	static
drm_gem.c:392:1:drm_gem_free_mmap_offset	16	static
drm_gem.c:415:1:drm_gem_create_mmap_offset_size	16	static
drm_gem.c:435:5:drm_gem_create_mmap_offset	16	static
drm_gem.c:462:15:drm_gem_get_pages	80	static
drm_gem.c:516:6:drm_gem_put_pages	64	static
drm_gem.c:546:1:drm_gem_object_lookup	64	static
drm_gem.c:577:1:drm_gem_close_ioctl	16	static
drm_gem.c:603:1:drm_gem_flink_ioctl	64	static
drm_gem.c:655:1:drm_gem_open_ioctl	64	static
drm_gem.c:696:1:drm_gem_open	32	static
drm_gem.c:735:1:drm_gem_release	32	static
drm_gem.c:743:1:drm_gem_object_release	32	static
drm_gem.c:776:6:drm_gem_vm_open	48	static
drm_gem.c:788:6:drm_gem_vm_close	48	static
drm_gem.c:824:5:drm_gem_mmap_obj	48	static
drm_gem.c:869:5:drm_gem_mmap	64	static
