drm_drv.c:124:13:drm_master_destroy	64	static
drm_drv.c:346:13:drm_minor_unregister	48	static
drm_drv.c:485:23:drm_fs_mount	16	static
drm_drv.c:245:12:drm_minor_alloc	80	static
drm_drv.c:291:13:drm_minor_free	48	static
drm_drv.c:896:20:drm_core_exit	32	static
drm_drv.c:629:13:drm_dev_release	64	static
drm_drv.c:63:6:drm_err	112	static
drm_drv.c:852:19:drm_core_init	64	static
drm_drv.c:79:6:drm_ut_debug_printk	112	static
drm_drv.c:311:12:drm_minor_register	48	static
drm_drv.c:96:20:drm_master_create	32	static
drm_drv.c:117:20:drm_master_get	32	static
drm_drv.c:153:6:drm_master_put	32	static
drm_drv.c:160:5:drm_setmaster_ioctl	48	static
drm_drv.c:194:5:drm_dropmaster_ioctl	48	static
drm_drv.c:408:6:drm_minor_release	16	static
drm_drv.c:545:20:drm_dev_alloc	80	static
drm_drv.c:661:6:drm_dev_ref	32	static
drm_drv.c:675:6:drm_dev_unref	16	static
drm_drv.c:381:19:drm_minor_acquire	48	static
drm_drv.c:809:12:drm_stub_open	48	static
drm_drv.c:696:5:drm_dev_register	64	static
drm_drv.c:741:6:drm_dev_unregister	48	static
drm_drv.c:424:6:drm_put_dev	32	static
drm_drv.c:438:6:drm_unplug_dev	48	static
drm_drv.c:775:5:drm_dev_set_unique	160	static
