drm_modes.c:1017:12:drm_mode_compare	0	static
drm_modes.c:50:6:drm_mode_debug_printmodeline	80	static
drm_modes.c:72:26:drm_mode_create	32	static
drm_modes.c:96:6:drm_mode_destroy	32	static
drm_modes.c:116:6:drm_mode_probed_add	32	static
drm_modes.c:661:6:drm_mode_set_name	16	static
drm_modes.c:149:26:drm_cvt_mode	80	static
drm_modes.c:368:1:drm_gtf_mode_complex	96	static
drm_modes.c:567:1:drm_gtf_mode	32	static
drm_modes.c:678:5:drm_mode_hsync	0	static
drm_modes.c:704:5:drm_mode_vrefresh	0	static
drm_modes.c:745:6:drm_mode_set_crtcinfo	0	static
drm_modes.c:817:6:drm_mode_copy	48	static
drm_modes.c:839:26:drm_mode_duplicate	48	static
drm_modes.c:864:6:drm_mode_equal	0	static
drm_modes.c:893:6:drm_mode_equal_no_clocks_no_stereo	0	static
drm_modes.c:925:1:drm_mode_validate_basic	0	static
drm_modes.c:961:1:drm_mode_validate_size	0	static
drm_modes.c:985:6:drm_mode_prune_invalid	160	static
drm_modes.c:1045:6:drm_mode_sort	16	static
drm_modes.c:1063:6:drm_mode_connector_list_update	64	static
drm_modes.c:1120:6:drm_mode_parse_command_line_for_connector	144	static
drm_modes.c:1280:1:drm_mode_create_from_cmdline_mode	48	static
drm_modes.c:1314:6:drm_mode_convert_to_umode	32	static
drm_modes.c:1353:5:drm_mode_convert_umode	96	static
