drm_crtc.c:349:32:_object_find	48	static
drm_crtc.c:467:32:__drm_framebuffer_lookup	48	static
drm_crtc.c:4146:34:__drm_property_lookup_blob	48	static
drm_crtc.c:536:13:drm_framebuffer_free_bug	16	static
drm_crtc.c:447:13:drm_framebuffer_free	64	static
drm_crtc.c:3999:1:drm_property_create_blob.part.16	64	static
drm_crtc.c:4048:13:drm_property_free_blob	48	static
drm_crtc.c:4097:13:drm_property_unreference_blob_locked	32	static
drm_crtc.c:72:1:drm_get_dpms_name	0	static
drm_crtc.c:108:1:drm_get_dvi_i_select_name	0	static
drm_crtc.c:117:1:drm_get_dvi_i_subconnector_name	0	static
drm_crtc.c:129:1:drm_get_tv_select_name	0	static
drm_crtc.c:140:1:drm_get_tv_subconnector_name	0	static
drm_crtc.c:199:6:drm_connector_ida_init	32	static
drm_crtc.c:207:6:drm_connector_ida_destroy	32	static
drm_crtc.c:222:13:drm_get_connector_status_name	0	static
drm_crtc.c:240:13:drm_get_subpixel_order_name	0	static
drm_crtc.c:260:13:drm_get_format_name	48	static
drm_crtc.c:318:5:drm_mode_object_get	48	static
drm_crtc.c:341:6:drm_mode_object_put	48	static
drm_crtc.c:381:25:drm_mode_object_find	48	static
drm_crtc.c:412:5:drm_framebuffer_init	80	static
drm_crtc.c:493:25:drm_framebuffer_lookup	48	static
drm_crtc.c:516:6:drm_framebuffer_unreference	48	static
drm_crtc.c:529:6:drm_framebuffer_reference	32	static
drm_crtc.c:556:6:drm_framebuffer_unregister_private	48	static
drm_crtc.c:584:6:drm_framebuffer_cleanup	48	static
drm_crtc.c:720:6:drm_crtc_cleanup	48	static
drm_crtc.c:748:14:drm_crtc_index	16	static
drm_crtc.c:2238:12:__setplane_internal	128	static
drm_crtc.c:922:6:drm_connector_cleanup	48	static
drm_crtc.c:958:14:drm_connector_index	32	static
drm_crtc.c:986:5:drm_connector_register	64	static
drm_crtc.c:1012:6:drm_connector_unregister	32	static
drm_crtc.c:1028:6:drm_connector_unplug_all	32	static
drm_crtc.c:1052:5:drm_encoder_init	80	static
drm_crtc.c:1096:6:drm_encoder_cleanup	48	static
drm_crtc.c:1221:6:drm_plane_cleanup	32	static
drm_crtc.c:1252:14:drm_plane_index	16	static
drm_crtc.c:1277:1:drm_plane_from_index	0	static
drm_crtc.c:1300:6:drm_plane_force_disable	32	static
drm_crtc.c:1663:5:drm_mode_getresources	144	static
drm_crtc.c:1799:5:drm_mode_getcrtc	48	static
drm_crtc.c:2075:5:drm_mode_getencoder	48	static
drm_crtc.c:2120:5:drm_mode_getplane_res	0	static
drm_crtc.c:2181:5:drm_mode_getplane	48	static
drm_crtc.c:2366:5:drm_mode_setplane	144	static
drm_crtc.c:2425:5:drm_mode_set_config_internal	80	static
drm_crtc.c:607:6:drm_framebuffer_remove	112	static
drm_crtc.c:2469:6:drm_crtc_get_hv_timing	256	static
drm_crtc.c:2490:5:drm_crtc_check_viewport	96	static
drm_crtc.c:2530:5:drm_mode_setcrtc	176	static
drm_crtc.c:2897:10:drm_mode_legacy_fb_format	16	static
drm_crtc.c:3191:5:drm_mode_rmfb	64	static
drm_crtc.c:3245:5:drm_mode_getfb	48	static
drm_crtc.c:3306:5:drm_mode_dirtyfb_ioctl	96	static
drm_crtc.c:3386:6:drm_fb_release	80	static
drm_crtc.c:3429:22:drm_property_create	64	static
drm_crtc.c:1631:5:drm_mode_create_suggested_offset_properties	32	static
drm_crtc.c:3609:22:drm_property_create_range	48	static
drm_crtc.c:3636:22:drm_property_create_signed_range	48	static
drm_crtc.c:3662:22:drm_property_create_object	32	static
drm_crtc.c:3697:22:drm_property_create_bool	16	static
drm_crtc.c:3719:5:drm_property_add_enum	64	static
drm_crtc.c:3768:6:drm_property_destroy	48	static
drm_crtc.c:3491:22:drm_property_create_enum	64	static
drm_crtc.c:3538:22:drm_property_create_bitmask	112	static
drm_crtc.c:1555:5:drm_mode_create_scaling_mode_property	64	static
drm_crtc.c:1583:5:drm_mode_create_aspect_ratio_property	48	static
drm_crtc.c:1607:5:drm_mode_create_dirty_info_property	64	static
drm_crtc.c:1441:5:drm_mode_create_dvi_i_properties	64	static
drm_crtc.c:1477:5:drm_mode_create_tv_properties	80	static
drm_crtc.c:3795:6:drm_object_attach_property	16	static
drm_crtc.c:674:5:drm_crtc_init_with_planes	80	static
drm_crtc.c:844:5:drm_connector_init	112	static
drm_crtc.c:1125:5:drm_universal_plane_init	112	static
drm_crtc.c:1199:5:drm_plane_init	16	static
drm_crtc.c:3830:5:drm_object_property_set_value	0	static
drm_crtc.c:3860:5:drm_object_property_get_value	16	static
drm_crtc.c:1868:12:get_properties	112	static
drm_crtc.c:1918:5:drm_mode_getconnector	208	static
drm_crtc.c:3900:5:drm_mode_getproperty_ioctl	96	static
drm_crtc.c:3999:1:drm_property_create_blob	16	static
drm_crtc.c:4069:6:drm_property_unreference_blob	48	static
drm_crtc.c:4221:12:drm_property_replace_global_blob	80	static
drm_crtc.c:4112:6:drm_property_destroy_user_blobs	48	static
drm_crtc.c:4134:27:drm_property_reference_blob	32	static
drm_crtc.c:4174:27:drm_property_lookup_blob	48	static
drm_crtc.c:4496:6:drm_property_change_valid_get.part.17	48	static
drm_crtc.c:4282:5:drm_mode_getblob_ioctl	64	static
drm_crtc.c:4331:5:drm_mode_createblob_ioctl	64	static
drm_crtc.c:4380:5:drm_mode_destroyblob_ioctl	48	static
drm_crtc.c:4437:5:drm_mode_connector_set_path_property	48	static
drm_crtc.c:4464:5:drm_mode_connector_update_edid_property	16	static
drm_crtc.c:4496:6:drm_property_change_valid_get	16	static
drm_crtc.c:4560:6:drm_property_change_valid_put	16	static
drm_crtc.c:4651:5:drm_mode_plane_set_obj_prop	48	static
drm_crtc.c:4682:5:drm_mode_obj_get_properties_ioctl	64	static
drm_crtc.c:4730:5:drm_mode_obj_set_property_ioctl	80	static
drm_crtc.c:4587:5:drm_mode_connector_property_set_ioctl	48	static
drm_crtc.c:4804:5:drm_mode_connector_attach_encoder	0	static
drm_crtc.c:4831:5:drm_mode_crtc_set_gamma_size	32	static
drm_crtc.c:4861:5:drm_mode_gamma_set_ioctl	64	static
drm_crtc.c:4933:5:drm_mode_gamma_get_ioctl	48	static
drm_crtc.c:4999:5:drm_mode_page_flip_ioctl	80	static
drm_crtc.c:5121:6:drm_mode_config_reset	48	static
drm_crtc.c:5168:5:drm_mode_create_dumb_ioctl	16	static
drm_crtc.c:5210:5:drm_mode_mmap_dumb_ioctl	16	static
drm_crtc.c:5237:5:drm_mode_destroy_dumb_ioctl	16	static
drm_crtc.c:5257:6:drm_fb_get_bpp_depth	32	static
drm_crtc.c:5330:5:drm_format_num_planes	0	static
drm_crtc.c:5365:5:drm_format_plane_cpp	64	static
drm_crtc.c:5412:5:drm_format_horz_chroma_subsampling	0	static
drm_crtc.c:3099:32:add_framebuffer_internal	128	static
drm_crtc.c:2707:12:drm_mode_cursor_universal	208	static
drm_crtc.c:2783:12:drm_mode_cursor_common	48	static
drm_crtc.c:2855:5:drm_mode_cursor_ioctl	64	static
drm_crtc.c:2882:5:drm_mode_cursor2_ioctl	16	static
drm_crtc.c:3163:5:drm_mode_addfb2	16	static
drm_crtc.c:2946:5:drm_mode_addfb	176	static
drm_crtc.c:5447:5:drm_format_vert_chroma_subsampling	0	static
drm_crtc.c:5482:14:drm_rotation_simplify	0	static
drm_crtc.c:5506:6:drm_mode_config_init	48	static
drm_crtc.c:5549:6:drm_mode_config_cleanup	48	static
drm_crtc.c:5606:22:drm_mode_create_rotation_property	16	static
drm_crtc.c:5624:22:drm_mode_create_alpha_property	16	static
