drm_ioc32.c:918:12:compat_drm_sg_free	32	static
drm_ioc32.c:891:12:compat_drm_sg_alloc	48	static
drm_ioc32.c:602:12:compat_drm_getsareactx	64	static
drm_ioc32.c:269:12:compat_drm_rmmap	48	static
drm_ioc32.c:680:12:compat_drm_dma	96	static
drm_ioc32.c:637:12:compat_drm_resctx	64	static
drm_ioc32.c:581:12:compat_drm_setsareactx	48	static
drm_ioc32.c:555:12:compat_drm_freebufs	48	static
drm_ioc32.c:406:12:compat_drm_markbufs	64	static
drm_ioc32.c:161:12:compat_drm_setunique	48	static
drm_ioc32.c:985:12:compat_drm_wait_vblank	80	static
drm_ioc32.c:339:12:compat_drm_getstats	176	static
drm_ioc32.c:297:12:compat_drm_getclient	96	static
drm_ioc32.c:190:12:compat_drm_getmap	96	static
drm_ioc32.c:132:12:compat_drm_getunique	64	static
drm_ioc32.c:85:12:compat_drm_version	112	static
drm_ioc32.c:497:12:compat_drm_mapbufs	96	static
drm_ioc32.c:433:12:compat_drm_infobufs	80	static
drm_ioc32.c:376:12:compat_drm_addbufs	64	static
drm_ioc32.c:227:12:compat_drm_addmap	80	static
drm_ioc32.c:1062:6:drm_compat_ioctl	16	static
