core.c:846:13:pwm_seq_stop	16	static
core.c:888:19:pwm_debugfs_init	16	static
core.c:875:12:pwm_seq_open	16	static
core.c:839:14:pwm_seq_next	16	static
core.c:831:14:pwm_seq_start	48	static
core.c:774:12:devm_pwm_match	16	static
core.c:851:12:pwm_seq_show	80	static
core.c:368:20:pwm_request_from_chip.part.7	80	static
core.c:161:1:of_pwm_simple_xlate	32	static
core.c:711:13:devm_pwm_release	32	static
core.c:204:5:pwm_set_chip_data	0	static
core.c:219:7:pwm_get_chip_data	0	static
core.c:232:5:pwmchip_add	64	static
core.c:291:5:pwmchip_remove	48	static
core.c:331:20:pwm_request	48	static
core.c:368:20:pwm_request_from_chip	64	static
core.c:396:6:pwm_free	32	static
core.c:408:5:pwm_config	48	static
core.c:433:5:pwm_set_polarity	32	static
core.c:135:1:of_pwm_xlate_with_flags	32	static
core.c:460:5:pwm_enable	32	static
core.c:473:6:pwm_disable	32	static
core.c:513:20:of_pwm_get	160	static
core.c:578:13:pwm_add_table	64	static
core.c:602:20:pwm_get	80	static
core.c:688:6:pwm_put	32	static
core.c:724:20:devm_pwm_get	48	static
core.c:753:20:devm_of_pwm_get	48	static
core.c:793:6:devm_pwm_put	16	static
core.c:805:6:pwm_can_sleep	0	static
