pvr_sync.c:692:12:pvr_sync_has_signaled	0	static
pvr_sync.c:701:12:pvr_sync_compare	0	static
pvr_sync.c:1833:12:pvr_sync_close	16	static
pvr_sync.c:837:13:pvr_sync_pt_value_str	48	static
pvr_sync.c:820:13:pvr_sync_timeline_value_str	16	static
pvr_sync.c:747:13:pvr_sync_defer_free	48	static
pvr_sync.c:760:13:pvr_sync_destroy_timeline_locked	32	static
pvr_sync.c:770:13:pvr_sync_destroy_timeline	32	static
pvr_sync.c:922:13:pvr_sync_free_sync_data	32	static
pvr_sync.c:996:13:pvr_sync_foreign_sync_pt_signaled	48	static
pvr_sync.c:932:13:pvr_sync_free_sync	16	static
pvr_sync.c:777:13:pvr_sync_release_timeline	80	static
pvr_sync.c:1964:1:pvr_sync_ioctl	64	static
pvr_sync.c:572:13:sync_pool_put	48	static
pvr_sync.c:504:1:sync_pool_get	96	static
pvr_sync.c:1758:12:pvr_sync_open	96	static
pvr_sync.c:2108:1:pvr_sync_defer_free_work_queue_function	144	static
pvr_sync.c:2160:6:pvr_sync_update_all_timelines	48	static
pvr_sync.c:2007:1:pvr_sync_check_status_work_queue_function	16	static
pvr_sync.c:967:1:pvr_sync_fill_driver_data	0	static
pvr_sync.c:669:24:pvr_sync_dup	48	static
pvr_sync.c:613:13:pvr_sync_debug_request	80	static
pvr_sync.c:1632:6:pvr_sync_get_updates	0	static
pvr_sync.c:1640:6:pvr_sync_get_checks	0	static
pvr_sync.c:1648:6:pvr_sync_rollback_append_fences	16	static
pvr_sync.c:1685:5:pvr_sync_get_update_fd	32	static
pvr_sync.c:1709:6:pvr_sync_free_append_fences_data	32	static
pvr_sync.c:1225:19:pvr_sync_append_fences	240	static
pvr_sync.c:1731:6:pvr_sync_nohw_complete_fences	16	static
pvr_sync.c:2210:19:pvr_sync_init	80	static
pvr_sync.c:2314:6:pvr_sync_deinit	64	static
