platform_uart.c:1380:13:mtk_uart_cal_baud	192	static
platform_uart.c:53:6:set_uart_pinctrl	0	static
platform_uart.c:65:6:set_uart_dma_clk	0	static
platform_uart.c:182:26:get_uart_default_settings	0	static
platform_uart.c:188:6:set_uart_default_settings	80	static
platform_uart.c:240:7:get_apdma_uart0_base	16	static
platform_uart.c:253:14:get_uart_vfifo_irq_id	32	static
platform_uart.c:294:15:get_uart_evt_mask	0	static
platform_uart.c:300:6:set_uart_evt_mask	0	static
platform_uart.c:306:15:get_uart_lsr_status	0	static
platform_uart.c:312:6:set_uart_lsr_status	0	static
platform_uart.c:318:14:get_modem_uart	0	static
platform_uart.c:433:6:dump_uart_reg	0	static
platform_uart.c:454:6:mtk_uart_console_setting_switch	0	static
platform_uart.c:472:5:mtk_uart_vfifo_enable	32	static
platform_uart.c:501:5:mtk_uart_vfifo_disable	32	static
platform_uart.c:521:6:mtk_uart_vfifo_enable_tx_intr	0	static
platform_uart.c:527:6:mtk_uart_vfifo_disable_tx_intr	0	static
platform_uart.c:533:6:mtk_uart_vfifo_clear_tx_intr	0	static
platform_uart.c:539:6:mtk_uart_vfifo_clear_rx_intr	0	static
platform_uart.c:545:6:mtk_uart_vfifo_enable_rx_intr	0	static
platform_uart.c:551:6:mtk_uart_vfifo_disable_rx_intr	0	static
platform_uart.c:557:5:mtk_uart_vfifo_is_full	0	static
platform_uart.c:563:5:mtk_uart_vfifo_is_empty	0	static
platform_uart.c:569:6:mtk_uart_vfifo_write_byte	0	static
platform_uart.c:587:14:mtk_uart_vfifo_read_byte	0	static
platform_uart.c:604:5:mtk_uart_vfifo_get_counts	0	static
platform_uart.c:610:6:mtk_uart_tx_vfifo_flush	16	static
platform_uart.c:836:6:mtk_uart_dma_vfifo_tx_tasklet	224	static
platform_uart.c:1137:6:mtk_uart_dma_setup	16	static
platform_uart.c:1167:5:mtk_uart_dma_start	32	static
platform_uart.c:1199:6:mtk_uart_stop_dma	32	static
platform_uart.c:1248:6:mtk_uart_reset_dma	16	static
platform_uart.c:1283:6:mtk_uart_fifo_init	0	static
platform_uart.c:1295:6:mtk_uart_fifo_flush	0	static
platform_uart.c:1307:5:mtk_uart_data_ready	16	static
platform_uart.c:1316:6:mtk_uart_fifo_set_trig	80	static
platform_uart.c:1339:6:mtk_uart_set_mode	0	static
platform_uart.c:1356:6:mtk_uart_set_auto_baud	32	static
platform_uart.c:1491:6:mtk_uart_baud_setting	16	static
platform_uart.c:1543:6:mtk_uart_set_flow_ctrl	112	static
platform_uart.c:1603:6:mtk_uart_power_up	48	static
platform_uart.c:1660:6:mtk_uart_power_down	32	static
platform_uart.c:1701:6:mtk_uart_config	0	static
platform_uart.c:1734:14:mtk_uart_read_status	0	static
platform_uart.c:1743:14:mtk_uart_read_allow	0	static
platform_uart.c:1757:14:mtk_uart_write_allow	0	static
platform_uart.c:1765:6:mtk_uart_enable_intrs	0	static
platform_uart.c:1774:6:mtk_uart_disable_intrs	0	static
platform_uart.c:1783:14:mtk_uart_read_byte	0	static
platform_uart.c:1791:6:mtk_uart_write_byte	0	static
platform_uart.c:1799:6:mtk_uart_usb_rx_sel	0	static
platform_uart.c:1807:14:mtk_uart_filter_line_status	48	static
platform_uart.c:978:12:mtk_uart_tty_insert_flip_string	80	static
platform_uart.c:1117:6:mtk_uart_dma_vfifo_rx_tasklet	192	static
platform_uart.c:1831:5:mtk_uart_get_interrupt	0	static
platform_uart.c:1841:6:mtk_uart_intr_last_check	0	static
platform_uart.c:1846:6:mtk_uart_get_modem_status	48	static
platform_uart.c:1879:6:mtk_uart_rx_pre_handler	48	static
platform_uart.c:1909:6:mtk_uart_set_mctrl	16	static
platform_uart.c:1952:14:mtk_uart_get_mctrl	48	static
platform_uart.c:1993:6:mtk_uart_stop_rx	32	static
platform_uart.c:2017:6:mtk_uart_break_ctl	48	static
platform_uart.c:2049:6:mtk_uart_enable_sleep	0	static
platform_uart.c:2198:6:stop_log	0	static
platform_uart.c:2203:6:dump_uart_history	0	static
platform_uart.c:2210:6:mtk_uart_save	48	static
platform_uart.c:2250:6:mtk_uart_restore	48	static
platform_uart.c:2291:6:switch_uart_gpio	48	static
platform_uart.c:2326:6:mtk_uart_switch_tx_to_gpio	32	static
platform_uart.c:2385:6:mtk_uart_switch_to_tx	16	static
platform_uart.c:2440:6:mtk_uart_switch_rx_to_gpio	16	static
platform_uart.c:2495:6:mtk_uart_switch_to_rx	16	static
platform_uart.c:2553:6:mtk_uart_enable_dpidle	0	static
platform_uart.c:2563:6:mtk_uart_disable_dpidle	0	static
platform_uart.c:2573:5:mtk_uart_plat_info_query	0	static
