regulator.h:14:1:ftrace_define_fields_regulator_basic	16	static
regulator.h:110:1:ftrace_define_fields_regulator_value	32	static
regulator.h:14:1:perf_trace_regulator_basic	80	static
regulator.h:76:1:perf_trace_regulator_range	96	static
regulator.h:110:1:perf_trace_regulator_value	96	static
regulator.h:14:1:ftrace_raw_event_regulator_basic	96	static
regulator.h:76:1:ftrace_raw_event_regulator_range	112	static
regulator.h:110:1:ftrace_raw_event_regulator_value	112	static
regulator.h:14:1:ftrace_raw_output_regulator_basic	32	static
regulator.h:76:1:ftrace_raw_output_regulator_range	32	static
regulator.h:110:1:ftrace_raw_output_regulator_value	32	static
core.c:262:12:regulator_mode_constrain	16	static
core.c:204:12:regulator_check_consumers	16	static
core.c:708:12:suspend_set_state	48	static
core.c:1249:39:regulator_find_supply_alias	48	static
core.c:653:13:regulator_dev_release	16	static
core.c:1152:13:unset_regulator_supplies	48	static
core.c:1498:13:_regulator_put	48	static
core.c:173:12:regulator_check_voltage	16	static
core.c:1783:13:_regulator_enable_delay	32	static
core.c:500:16:num_users_show	16	static
core.c:333:16:name_show	16	static
core.c:533:16:regulator_suspend_disk_uV_show	16	static
core.c:523:16:regulator_suspend_mem_uV_show	16	static
core.c:543:16:regulator_suspend_standby_uV_show	16	static
core.c:485:16:regulator_total_uA_show	64	static
core.c:619:16:regulator_bypass_show	48	static
core.c:390:16:regulator_status_show	32	static
core.c:3984:19:regulator_init	48	static
core.c:3946:16:supply_map_read_file	96	static
core.c:4054:19:regulator_init_complete	16	static
core.c:2160:12:_regulator_is_enabled.part.12	16	static
core.c:1167:26:create_regulator	128	static
regulator.h:76:1:ftrace_define_fields_regulator_range	32	static
core.c:1275:30:regulator_dev_lookup	96	static
core.c:1330:26:_regulator_get	128	static
core.c:1811:12:_regulator_do_enable	80	static
core.c:508:16:type_show	0	static
core.c:342:16:regulator_print_opmode	0	static
core.c:564:16:regulator_suspend_disk_mode_show	16	static
core.c:553:16:regulator_suspend_mem_mode_show	16	static
core.c:575:16:regulator_suspend_standby_mode_show	16	static
core.c:357:16:regulator_opmode_show	64	static
core.c:376:16:regulator_state_show	48	static
core.c:449:16:regulator_max_uA_show	16	static
core.c:437:16:regulator_min_uA_show	16	static
core.c:473:16:regulator_max_uV_show	16	static
core.c:461:16:regulator_min_uV_show	16	static
core.c:1709:13:regulator_ena_gpio_free.isra.25	32	static
core.c:1947:12:_regulator_do_disable	64	static
core.c:4005:19:regulator_late_cleanup	48	static
core.c:586:16:regulator_suspend_mem_state_show	0	static
core.c:608:16:regulator_suspend_standby_state_show	0	static
core.c:597:16:regulator_suspend_disk_state_show	0	static
core.c:324:16:regulator_uA_show	64	static
core.c:1438:19:regulator_get	16	static
core.c:1465:19:regulator_get_exclusive	16	static
core.c:1491:19:regulator_get_optional	16	static
core.c:1532:6:regulator_put	32	static
core.c:1552:5:regulator_register_supply_alias	48	static
core.c:1588:6:regulator_unregister_supply_alias	16	static
core.c:1617:5:regulator_bulk_register_supply_alias	80	static
core.c:1657:6:regulator_bulk_unregister_supply_alias	48	static
core.c:2185:5:regulator_is_enabled	32	static
core.c:2209:5:regulator_can_change_voltage	0	static
core.c:2236:5:regulator_count_voltages	16	static
core.c:2260:5:regulator_list_voltage	64	static
core.c:2299:16:regulator_get_regmap	0	static
core.c:2320:5:regulator_get_hardware_vsel_register	0	static
core.c:2348:5:regulator_list_hardware_vsel	0	static
core.c:2370:14:regulator_get_linear_step	0	static
core.c:2672:5:regulator_set_voltage_time	80	static
core.c:2719:5:regulator_set_voltage_time_sel	64	static
core.c:2829:5:regulator_get_voltage	32	static
core.c:2794:12:_regulator_get_voltage	32	static
core.c:2472:12:_regulator_do_set_voltage	128	static
core.c:2755:5:regulator_sync_voltage	64	static
core.c:2596:5:regulator_set_voltage	80	static
core.c:780:13:print_constraints	224	static
core.c:310:16:regulator_uV_show	48	static
core.c:667:13:drms_uA_update	64	static
core.c:1879:12:_regulator_enable	32	static
core.c:1979:12:_regulator_disable	32	static
core.c:2028:5:regulator_disable	48	static
core.c:2135:5:regulator_disable_deferred	64	static
core.c:1922:5:regulator_enable	64	static
core.c:3234:13:regulator_bulk_enable_async	48	static
core.c:2073:5:regulator_force_disable	64	static
core.c:2091:13:regulator_disable_work	96	static
core.c:2387:5:regulator_is_supported_voltage	64	static
core.c:2859:5:regulator_set_current_limit	48	static
core.c:2912:5:regulator_get_current_limit	32	static
core.c:2929:5:regulator_set_mode	64	static
core.c:2988:14:regulator_get_mode	32	static
core.c:3020:5:regulator_set_optimum_mode	80	static
core.c:3107:5:regulator_allow_bypass	64	static
core.c:3156:5:regulator_register_notifier	16	static
core.c:3171:5:regulator_unregister_notifier	16	static
core.c:3203:5:regulator_bulk_get	64	static
core.c:3253:5:regulator_bulk_enable	112	static
core.c:3305:5:regulator_bulk_disable	80	static
core.c:3346:5:regulator_bulk_force_disable	48	static
core.c:3378:6:regulator_bulk_free	48	static
core.c:3400:5:regulator_notifier_call_chain	16	static
core.c:3416:5:regulator_mode_to_status	0	static
core.c:3579:1:regulator_register	160	static
core.c:3773:6:regulator_unregister	48	static
core.c:3804:5:regulator_suspend_prepare	64	static
core.c:3837:5:regulator_suspend_finish	80	static
core.c:3880:6:regulator_has_full_constraints	0	static
core.c:3893:7:rdev_get_drvdata	0	static
core.c:3906:7:regulator_get_drvdata	0	static
core.c:3917:6:regulator_set_drvdata	0	static
core.c:3927:5:rdev_get_id	0	static
core.c:3933:16:rdev_get_dev	0	static
core.c:3939:7:regulator_get_init_drvdata	0	static
