hdmicec.c:808:13:PrintFrameDescription	80	static
hdmicec.c:1042:22:CEC_frame_validation	48	static
hdmicec.c:761:22:_CEC_TX_Dequeue	16	static
hdmicec.c:751:34:_CEC_Get_Cur_TX_Q_Msg	16	static
hdmicec.c:355:14:hdmi_cec_2n.part.1	0	static
hdmicec.c:255:14:IS_HDMI_HTPLG	32	static
hdmicec.c:260:14:IS_HDMI_PORD	32	static
hdmicec.c:317:6:vRegWrite4BMsk	80	static
hdmicec.c:326:6:internal_cec_read	0	static
hdmicec.c:331:6:internal_cec_write	0	static
hdmicec.c:336:14:hdmi_cec_read	32	static
hdmicec.c:346:6:hdmi_cec_write	32	static
hdmicec.c:265:6:vClear_cec_irq	16	static
hdmicec.c:272:6:vCec_clear_INT_onstandby	32	static
hdmicec.c:283:6:vCec_poweron_32k_26m	32	static
hdmicec.c:303:6:vEnable_hotplug_pord_int	16	static
hdmicec.c:355:14:hdmi_cec_2n	0	static
hdmicec.c:374:5:hdmi_cec_maskvalue	0	static
hdmicec.c:387:6:vRegWrite4B	48	static
hdmicec.c:393:6:hdmi_cec_init	32	static
hdmicec.c:483:6:hdmi_cec_power_on	32	static
hdmicec.c:796:6:hdmi_cec_api_get_txsts	0	static
hdmicec.c:1201:15:_CEC_TX_Enqueue	64	static
hdmicec.c:1227:6:hdmi_u4CecSendSLTData	16	static
hdmicec.c:1248:6:hdmi_GetSLTData	64	static
hdmicec.c:1286:6:CTS_RXProcess	32	static
hdmicec.c:1372:6:hdmi_cec_mainloop	96	static
hdmicec.c:1383:15:hdmi_cec_isrprocess	80	static
hdmicec.c:1455:6:CECMWSetLA	64	static
hdmicec.c:1493:6:hdmi_CECMWSetLA	48	static
hdmicec.c:1510:6:hdmi_CECMWGet	32	static
hdmicec.c:1521:6:hdmi_CECMWSend	32	static
hdmicec.c:1560:6:hdmi_CECMWSetEnableCEC	32	static
hdmicec.c:1586:6:hdmi_NotifyApiCECAddress	32	static
hdmicec.c:1594:6:hdmi_SetPhysicCECAddress	32	static
hdmicec.c:1602:6:hdmi_cec_usr_cmd	48	static
