hdmictrl.c:3082:6:vSetHdmi2I2SChNum.part.29	48	static
hdmictrl.c:283:6:ta_internal_hdmi_write	16	static
hdmictrl.c:288:6:internal_hdmi_read	0	static
hdmictrl.c:293:6:internal_hdmi_write	0	static
hdmictrl.c:299:14:hdmi_drv_read	32	static
hdmictrl.c:308:6:hdmi_drv_write	32	static
hdmictrl.c:328:14:hdmi_sys_read	32	static
hdmictrl.c:337:6:hdmi_sys_write	32	static
hdmictrl.c:344:14:hdmi_hdmitopck_read	32	static
hdmictrl.c:353:6:hdmi_hdmitopck_write	32	static
hdmictrl.c:360:14:hdmi_infrasys_read	32	static
hdmictrl.c:369:6:hdmi_infrasys_write	32	static
hdmictrl.c:376:14:hdmi_perisys_read	32	static
hdmictrl.c:385:6:hdmi_perisys_write	32	static
hdmictrl.c:393:14:hdmi_pll_read	32	static
hdmictrl.c:402:6:hdmi_pll_write	32	static
hdmictrl.c:410:14:hdmi_pad_read	32	static
hdmictrl.c:419:6:hdmi_pad_write	32	static
hdmictrl.c:427:6:vHotPlugPinInit	32	static
hdmictrl.c:448:5:vGet_DDC_Mode	48	static
hdmictrl.c:479:5:vSet_DDC_Mode	32	static
hdmictrl.c:501:15:fgIsAcpEnable	32	static
hdmictrl.c:509:15:fgIsVSEnable	32	static
hdmictrl.c:517:15:fgIsISRC1Enable	32	static
hdmictrl.c:526:15:fgIsISRC2Enable	32	static
hdmictrl.c:534:15:vIsDviMode	32	static
hdmictrl.c:553:15:bCheckStatus	32	static
hdmictrl.c:571:15:hdmi_get_port_hpd_value	32	static
hdmictrl.c:582:15:bCheckPordHotPlug	16	static
hdmictrl.c:596:6:MuteHDMIAudio	48	static
hdmictrl.c:606:6:hdmi_black_pattern_set	32	static
hdmictrl.c:626:6:vBlackHDMIOnly	48	static
hdmictrl.c:634:6:vHDMIAVMute	48	static
hdmictrl.c:642:6:vTxSignalOnOff	16	static
hdmictrl.c:676:6:vSetCTL0BeZero	48	static
hdmictrl.c:694:6:vWriteHdmiIntMask	32	static
hdmictrl.c:702:6:vUnBlackHDMIOnly	48	static
hdmictrl.c:708:6:UnMuteHDMIAudio	48	static
hdmictrl.c:719:6:vTmdsOnOffAndResetHdcp	48	static
hdmictrl.c:735:15:bResolution_4K2K	0	static
hdmictrl.c:745:15:bResolution_4K2K_Low_Field_Rate	0	static
hdmictrl.c:756:6:vSetHDMITxPLL	64	static
hdmictrl.c:876:6:vEnableDeepColor	48	static
hdmictrl.c:900:6:vConfigHdmiSYS	48	static
hdmictrl.c:966:6:vChangeVpll	32	static
hdmictrl.c:975:6:vResetHDMI	32	static
hdmictrl.c:987:6:vHDMIAVUnMute	16	static
hdmictrl.c:997:6:vEnableNotice	48	static
hdmictrl.c:1013:6:vEnableHdmiMode	48	static
hdmictrl.c:1030:6:vEnableNCTSAutoWrite	48	static
hdmictrl.c:1042:6:vHDMIResetGenReg	48	static
hdmictrl.c:1068:6:vAudioPacketOff	48	static
hdmictrl.c:1082:6:vSetChannelSwap	48	static
hdmictrl.c:1088:6:vEnableIecTxRaw	48	static
hdmictrl.c:1098:6:vSetHdmiI2SDataFmt	48	static
hdmictrl.c:1136:6:vAOUT_BNUM_SEL	32	static
hdmictrl.c:1143:6:vSetHdmiHighBitrate	48	static
hdmictrl.c:1169:6:vDSTNormalDouble	48	static
hdmictrl.c:1186:6:vEnableDSTConfig	48	static
hdmictrl.c:1203:6:vDisableDsdConfig	48	static
hdmictrl.c:1214:6:vSetHdmiI2SChNum	48	static
hdmictrl.c:1253:6:vSetHdmiIecI2s	48	static
hdmictrl.c:1274:15:vIsDsdBitEnable	32	static
hdmictrl.c:1286:6:vUpdateAudSrcChType	0	static
hdmictrl.c:1492:15:bGetChannelMapping	32	static
hdmictrl.c:1578:6:vSetHDMIAudioIn	64	static
hdmictrl.c:1625:6:vHwNCTSOnOff	48	static
hdmictrl.c:1643:6:vHalHDMI_NCTS	96	static
hdmictrl.c:1702:6:vHDMI_NCTS	64	static
hdmictrl.c:1756:6:vSetHdmiClkRefIec2	16	static
hdmictrl.c:1761:6:vSetHDMISRCOff	48	static
hdmictrl.c:1773:6:vHalSetHDMIFS	48	static
hdmictrl.c:1785:6:vHdmiAclkInv	48	static
hdmictrl.c:1801:6:vSetHDMIFS	64	static
hdmictrl.c:1812:6:vReEnableSRC	48	static
hdmictrl.c:1828:6:vHDMIAudioSRC	80	static
hdmictrl.c:1910:6:vHwSet_Hdmi_I2S_C_Status	48	static
hdmictrl.c:1957:6:vHDMI_I2S_C_Status	32	static
hdmictrl.c:2018:6:vHalSendAudioInfoFrame	80	static
hdmictrl.c:2055:6:vSendAudioInfoFrame	16	static
hdmictrl.c:2155:6:vChgHDMIAudioOutput	48	static
hdmictrl.c:2181:6:vDisableGamut	48	static
hdmictrl.c:2189:6:vHalSendAVIInfoFrame	80	static
hdmictrl.c:2233:6:vSendAVIInfoFrame	32	static
hdmictrl.c:2302:6:vHalSendSPDInfoFrame	64	static
hdmictrl.c:2333:6:vSend_AVUNMUTE	48	static
hdmictrl.c:2355:6:vHalSendVendorSpecificInfoFrame	64	static
hdmictrl.c:2400:6:vSendVendorSpecificInfoFrame	32	static
hdmictrl.c:2450:6:vChgHDMIVideoResolution	64	static
hdmictrl.c:2470:6:vChgtoSoftNCTS	80	static
hdmictrl.c:2480:6:vShowHpdRsenStatus	16	static
hdmictrl.c:2511:6:vShowOutputVideoResolution	16	static
hdmictrl.c:2517:6:vShowDviOrHdmiMode	32	static
hdmictrl.c:2526:6:vShowDeepColor	16	static
hdmictrl.c:2542:6:vShowColorSpace	16	static
hdmictrl.c:2559:6:vShowInforFrame	96	static
hdmictrl.c:2686:14:u4ReadNValue	0	static
hdmictrl.c:2691:14:u4ReadCtsValue	64	static
hdmictrl.c:2704:6:vShowHdmiAudioStatus	48	static
hdmictrl.c:2712:6:vShowHdmiDrmHdcpStatus	32	static
hdmictrl.c:2722:6:vCheckHDMICLKPIN	48	static
hdmictrl.c:2760:6:hdmi_hdmistatus	16	static
hdmictrl.c:2778:14:hdmi_check_status	32	static
hdmictrl.c:2798:6:vBlackHDMI2Only	48	static
hdmictrl.c:2807:6:MuteHDMI2Audio	48	static
hdmictrl.c:2813:6:vUnBlackHDMI2Only	48	static
hdmictrl.c:2822:6:UnMuteHDMI2Audio	48	static
hdmictrl.c:2828:6:vHDMI2AVMute	48	static
hdmictrl.c:2836:6:vTmds2OnOffAndResetHdcp	32	static
hdmictrl.c:2851:15:vAudioPllSelect	0	static
hdmictrl.c:2861:6:vConfigHdmi2SYS	48	static
hdmictrl.c:2947:6:vEnableDeepColor2	48	static
hdmictrl.c:2969:6:vChangeV2pll	32	static
hdmictrl.c:2977:6:vEnableHdmi2Mode	48	static
hdmictrl.c:2986:6:vHDMI2ResetGenReg	48	static
hdmictrl.c:3011:6:vResetAudioHDMI2	48	static
hdmictrl.c:3020:6:vAipCtrlInit	48	static
hdmictrl.c:3027:6:vSetHdmi2I2SDataFmt	48	static
hdmictrl.c:3032:6:vSetHdmi2I2SSckEdge	48	static
hdmictrl.c:3037:6:vSetHdmi2I2SCbitOrder	48	static
hdmictrl.c:3042:6:vSetHdmi2I2SVbit	48	static
hdmictrl.c:3047:6:vSetHdmi2I2SWS	48	static
hdmictrl.c:3052:6:vSetHdmi2I2SJustify	48	static
hdmictrl.c:3057:6:vSetHdmi2I2SDataDir	48	static
hdmictrl.c:3062:6:vSetHdmi2I2S1stbit	48	static
hdmictrl.c:3067:6:vSetHdmi2I2SfifoMap	48	static
hdmictrl.c:3072:6:vSetHdmi2I2SCH	48	static
hdmictrl.c:3077:6:vEnableInputAudioType	48	static
hdmictrl.c:3082:6:vSetHdmi2I2SChNum	64	static
hdmictrl.c:3129:6:vSetHdmiSpdifConfig	16	static
hdmictrl.c:3140:6:vSetHDMI2AudioIn	32	static
hdmictrl.c:3167:6:vHwSet_Hdmi2_I2S_C_Status	48	static
hdmictrl.c:3175:6:vHDMI2_I2S_C_Status	48	static
hdmictrl.c:3236:6:vHalSendAudio2InfoFrame	64	static
hdmictrl.c:3274:6:vSendAudio2InfoFrame	16	static
hdmictrl.c:3376:6:vEnableAudio	48	static
hdmictrl.c:3381:6:vHwNCTSOnOff2	48	static
hdmictrl.c:3396:6:vHalHDMI2_NCTS	80	static
hdmictrl.c:3448:6:vHDMI2_NCTS	16	static
hdmictrl.c:3500:6:vHDMI2AudioSRC	64	static
hdmictrl.c:3518:6:vChgHDMI2AudioOutput	48	static
hdmictrl.c:3541:6:vHalSendAVI2InfoFrame	64	static
hdmictrl.c:3587:6:vSendAVI2InfoFrame	32	static
hdmictrl.c:3657:6:vHalSendVendor2SpecificInfoFrame	48	static
hdmictrl.c:3709:6:vSendVendor2SpecificInfoFrame	32	static
hdmictrl.c:3759:6:vSend_AVUNMUTE2	48	static
hdmictrl.c:3781:6:vSendTMDSConfiguration	48	static
hdmictrl.c:3816:6:vHDMI2AVUnMute	16	static
hdmictrl.c:3792:6:vChgHDMI2VideoResolution	48	static
hdmictrl.c:3825:6:vChgtoSoftNCTS2	80	static
hdmictrl.c:3835:14:IS_HDMI2_HTPLG	32	static
hdmictrl.c:3843:14:IS_HDMI2_PORD	32	static
hdmictrl.c:3851:15:bCheckStatus2	32	static
hdmictrl.c:3868:15:bCheckPordHotPlug2	16	static
