hdmi_drv.c:1329:6:hdmi_setcecrxmode	32	static
hdmi_drv.c:1763:6:hdmi_drvlog_enable	32	static
hdmi_drv.c:1003:5:hdmi_audiosetting	80	static
hdmi_drv.c:970:5:hdmi_internal_video_config	48	static
hdmi_drv.c:1152:6:hdmi_internal_set_mode	16	static
hdmi_drv.c:807:13:hdmi_get_params	32	static
hdmi_drv.c:1309:17:hdmi_get_state	16	static
hdmi_drv.c:1355:6:hdmi_read	16	static
hdmi_drv.c:1466:6:hdmi_write	48	static
hdmi_drv.c:1616:13:vNotifyAppHdmiState	672	static
hdmi_drv.c:2013:6:hdmi_poll_isr	32	static
hdmi_drv.c:2068:6:cec_poll_isr	32	static
hdmi_drv.c:1590:12:hdmi_internal_init	32	static
hdmi_drv.c:800:13:hdmi_set_util_funcs	0	static
hdmi_drv.c:1535:12:hdmi_event_notifier_callback	0	static
hdmi_drv.c:1300:6:hdmi_internal_dump	16	static
hdmi_drv.c:1335:6:hdmi_colordeep	32	static
hdmi_drv.c:1142:12:hdmi_internal_audio_enable	16	static
hdmi_drv.c:1133:12:hdmi_internal_video_enable	16	static
hdmi_drv.c:1124:12:hdmi_internal_audio_config	16	static
hdmi_drv.c:866:13:hdmi_internal_resume	16	static
hdmi_drv.c:856:13:hdmi_internal_suspend	16	static
hdmi_drv.c:848:12:hdmi_internal_exit	16	static
hdmi_drv.c:841:12:hdmi_internal_enter	16	static
hdmi_drv.c:1099:5:hdmi_tmdsonoff	32	static
hdmi_drv.c:1319:6:hdmi_enablehdcp	32	static
hdmi_drv.c:1570:20:hdmi_irq_handler	32	static
hdmi_drv.c:1981:12:cec_timer_kthread	96	static
hdmi_drv.c:2075:6:hdmi_clock_enable.part.16	48	static
hdmi_drv.c:218:6:TVD_config_pll	48	static
hdmi_drv.c:291:6:set_dpi_res	32	static
hdmi_drv.c:674:13:hdmi_use_clock_name_spy	0	static
hdmi_drv.c:729:13:hdmi_use_module_name_spy	0	static
hdmi_drv.c:791:6:vSetHDMIMdiTimeOut	32	static
hdmi_drv.c:875:6:HDMI_DisableIrq	16	static
hdmi_drv.c:880:6:HDMI_EnableIrq	16	static
hdmi_drv.c:885:6:SwitchHDMIVersion	32	static
hdmi_drv.c:911:6:read_hdmi1x_reg	48	static
hdmi_drv.c:932:6:read_hdmi2x_reg	48	static
hdmi_drv.c:949:6:read_dpi_reg	64	static
hdmi_drv.c:1112:5:hdmi2_tmdsonoff	32	static
hdmi_drv.c:1160:6:print_clock_reg	32	static
hdmi_drv.c:1168:5:hdmi_internal_power_on	48	static
hdmi_drv.c:1221:6:vReadHdcpVersion	48	static
hdmi_drv.c:1409:6:vWriteReg	16	static
hdmi_drv.c:1523:6:read_cec_reg	32	static
hdmi_drv.c:1658:6:vNotifyAppHdmiCecState	32	static
hdmi_drv.c:1754:6:hdmi_force_plug_in	32	static
hdmi_drv.c:1786:6:hdmi_timer_impl	48	static
hdmi_drv.c:1965:12:hdmi_timer_kthread	96	static
hdmi_drv.c:1842:6:cec_timer_impl	16	static
hdmi_drv.c:2044:6:cec_timer_wakeup	32	static
hdmi_drv.c:2059:6:cec_timer_sleep	32	static
hdmi_drv.c:2075:6:hdmi_clock_enable	32	static
hdmi_drv.c:1256:6:hdmi_internal_power_off	48	static
hdmi_drv.c:1677:13:vPlugDetectService	48	static
hdmi_drv.c:1848:6:hdmi_irq_impl	96	static
hdmi_drv.c:1997:12:hdmi_irq_kthread	96	static
hdmi_drv.c:1747:6:hdmi_force_plug_out	48	static
hdmi_drv.c:2100:6:hdmi_clock_probe	96	static
hdmi_drv.c:2124:5:hdmi_internal_probe	144	static
hdmi_drv.c:2212:27:HDMI_GetDriver	0	static
