hdmihdcp.c:104:6:vShowHdcpRawData	0	static
hdmihdcp.c:148:6:hdmi_hdcpkey	32	static
hdmihdcp.c:170:6:vMoveHDCPInternalKey	32	static
hdmihdcp.c:190:6:vInitHdcpKeyGetMethod	32	static
hdmihdcp.c:205:15:fgHostKey	16	static
hdmihdcp.c:215:15:bReadHdmiIntMask	16	static
hdmihdcp.c:225:6:vHalHDCPReset	32	static
hdmihdcp.c:251:6:vSetHDCPState	32	static
hdmihdcp.c:275:15:fgIsHDCPCtrlTimeOut	16	static
hdmihdcp.c:284:6:vSendHdmiCmd	32	static
hdmihdcp.c:290:6:vClearHdmiCmd	16	static
hdmihdcp.c:296:6:vSetHDCPTimeOut	32	static
hdmihdcp.c:302:14:i4SharedInfo	32	static
hdmihdcp.c:308:6:vSetSharedInfo	32	static
hdmihdcp.c:314:6:vMiAnUpdateOrFix	32	static
hdmihdcp.c:331:6:vReadAksvFromReg	32	static
hdmihdcp.c:343:6:vWriteAksvKeyMask	16	static
hdmihdcp.c:365:6:vEnableAuthHardware	16	static
hdmihdcp.c:377:15:fgIsRepeater	16	static
hdmihdcp.c:383:6:vRepeaterOnOff	32	static
hdmihdcp.c:399:6:vStopAn	16	static
hdmihdcp.c:410:6:bReadDataHdmiGRL	64	static
hdmihdcp.c:419:6:vWriteDataHdmiGRL	64	static
hdmihdcp.c:428:6:vSendAn	64	static
hdmihdcp.c:446:6:vExchangeKSVs	80	static
hdmihdcp.c:471:6:vHalSendAKey	32	static
hdmihdcp.c:477:6:vSendAKey	80	static
hdmihdcp.c:494:6:bClearGRLInt	32	static
hdmihdcp.c:500:15:bReadGRLInt	16	static
hdmihdcp.c:511:15:bCheckHDCPStatus	32	static
hdmihdcp.c:525:15:fgCompareRi	64	static
hdmihdcp.c:554:6:vEnableEncrpt	16	static
hdmihdcp.c:564:6:vHalWriteKsvListPort	48	static
hdmihdcp.c:580:6:vHalWriteHashPort	32	static
hdmihdcp.c:589:6:vEnableHashHardwrae	16	static
hdmihdcp.c:599:6:vReadKSVFIFO	48	static
hdmihdcp.c:660:15:bReadHDCPStatus	16	static
hdmihdcp.c:670:6:vHDCPInitAuth	48	static
hdmihdcp.c:704:6:VHdmiMuteVideoAudio	32	static
hdmihdcp.c:718:6:vDrm_mutehdmi	32	static
hdmihdcp.c:729:6:vSvp_mutehdmi	32	static
hdmihdcp.c:739:6:vHdcpDdcHwPoll	32	static
hdmihdcp.c:749:6:vHDCP2Reset	16	static
hdmihdcp.c:262:6:vHDCPReset	32	static
hdmihdcp.c:764:6:vHDCP2InitAuth	48	static
hdmihdcp.c:677:6:vDisableHDCP	48	static
hdmihdcp.c:778:6:vHDMI2ClearINT	16	static
hdmihdcp.c:789:6:vDisableHDCP2	32	static
hdmihdcp.c:804:6:vCleanAuthFailInt	16	static
hdmihdcp.c:813:6:HdcpService	272	static
hdmihdcp.c:1511:15:hdmi_check_hdcp_key	0	static
hdmihdcp.c:1519:15:hdmi_check_hdcp_state	0	static
hdmihdcp.c:1526:15:hdmi_check_hdcp_enable	16	static
