mt_cpufreq.c:5665:12:cpufreq_ptpod_test_proc_show	0	static
mt_cpufreq.c:5670:16:cpufreq_ptpod_test_proc_write	0	static
mt_cpufreq.c:1997:13:dump_opp_table	48	static
mt_cpufreq.c:1706:21:_cpu_dds_calc	32	static
mt_cpufreq.c:1728:13:_cpu_clock_switch	48	static
mt_cpufreq.c:1786:13:set_cur_freq	64	static
mt_cpufreq.c:3130:12:setup_power_table	272	static
mt_cpufreq.c:1335:24:get_turbo_mode	64	static
mt_cpufreq.c:2561:22:extbuck_cpu_callback	64	static
mt_cpufreq.c:5931:12:_create_procfs	416	static
mt_cpufreq.c:5929:1:cpufreq_turbo_mode_proc_open	32	static
mt_cpufreq.c:5928:1:cpufreq_volt_proc_open	32	static
mt_cpufreq.c:5927:1:cpufreq_freq_proc_open	32	static
mt_cpufreq.c:5926:1:cpufreq_oppidx_proc_open	32	static
mt_cpufreq.c:5925:1:cpufreq_ptpod_temperature_time_proc_open	32	static
mt_cpufreq.c:5924:1:cpufreq_ptpod_temperature_limit_proc_open	32	static
mt_cpufreq.c:5923:1:cpufreq_ptpod_freq_volt_proc_open	32	static
mt_cpufreq.c:5922:1:cpufreq_over_max_cpu_proc_open	32	static
mt_cpufreq.c:5921:1:cpufreq_limited_by_hevc_proc_open	32	static
mt_cpufreq.c:5920:1:cpufreq_downgrade_freq_counter_return_limit_proc_open	32	static
mt_cpufreq.c:5919:1:cpufreq_downgrade_freq_counter_limit_proc_open	32	static
mt_cpufreq.c:5918:1:cpufreq_downgrade_freq_info_proc_open	32	static
mt_cpufreq.c:5916:1:cpufreq_state_proc_open	32	static
mt_cpufreq.c:5915:1:cpufreq_ptpod_test_proc_open	32	static
mt_cpufreq.c:5914:1:cpufreq_power_dump_proc_open	32	static
mt_cpufreq.c:5913:1:cpufreq_limited_power_proc_open	32	static
mt_cpufreq.c:5912:1:cpufreq_fftt_test_proc_open	32	static
mt_cpufreq.c:5911:1:cpufreq_debug_proc_open	32	static
mt_cpufreq.c:5910:1:cpufreq_stress_proc_open	32	static
mt_cpufreq.c:5831:12:cpufreq_turbo_mode_proc_show	48	static
mt_cpufreq.c:5794:12:cpufreq_volt_proc_show	32	static
mt_cpufreq.c:5753:12:cpufreq_freq_proc_show	32	static
mt_cpufreq.c:5709:12:cpufreq_oppidx_proc_show	48	static
mt_cpufreq.c:5628:12:cpufreq_ptpod_temperature_time_proc_show	16	static
mt_cpufreq.c:5591:12:cpufreq_ptpod_temperature_limit_proc_show	16	static
mt_cpufreq.c:5575:12:cpufreq_ptpod_freq_volt_proc_show	48	static
mt_cpufreq.c:5506:12:cpufreq_over_max_cpu_proc_show	16	static
mt_cpufreq.c:5404:12:cpufreq_limited_by_hevc_proc_show	16	static
mt_cpufreq.c:5329:12:cpufreq_downgrade_freq_counter_return_limit_proc_show	16	static
mt_cpufreq.c:5297:12:cpufreq_downgrade_freq_counter_limit_proc_show	16	static
mt_cpufreq.c:5273:12:cpufreq_downgrade_freq_info_proc_show	32	static
mt_cpufreq.c:5677:12:cpufreq_state_proc_show	48	static
mt_cpufreq.c:5448:12:cpufreq_limited_power_proc_show	80	static
mt_cpufreq.c:5368:12:cpufreq_fftt_test_proc_show	32	static
mt_cpufreq.c:5216:12:cpufreq_stress_proc_show	16	static
mt_cpufreq.c:5192:14:_copy_from_user_for_proc	48	static
mt_cpufreq.c:5848:16:cpufreq_turbo_mode_proc_write	80	static
mt_cpufreq.c:5639:16:cpufreq_ptpod_temperature_time_proc_write	80	static
mt_cpufreq.c:5602:16:cpufreq_ptpod_temperature_limit_proc_write	80	static
mt_cpufreq.c:5515:16:cpufreq_over_max_cpu_proc_write	80	static
mt_cpufreq.c:5413:16:cpufreq_limited_by_hevc_proc_write	80	static
mt_cpufreq.c:5338:16:cpufreq_downgrade_freq_counter_return_limit_proc_write	80	static
mt_cpufreq.c:5306:16:cpufreq_downgrade_freq_counter_limit_proc_write	80	static
mt_cpufreq.c:5253:16:cpufreq_debug_proc_write	48	static
mt_cpufreq.c:5223:16:cpufreq_stress_proc_write	48	static
mt_cpufreq.c:5762:16:cpufreq_freq_proc_write	96	static
mt_cpufreq.c:5379:16:cpufreq_fftt_test_proc_write	48	static
mt_cpufreq.c:4707:12:_mt_cpufreq_resume	32	static
mt_cpufreq.c:1674:21:get_cur_phy_freq	48	static
mt_cpufreq.c:1374:12:_set_cur_volt_locked	48	static
mt_cpufreq.c:5803:16:cpufreq_volt_proc_write	96	static
mt_cpufreq.c:2766:12:_sync_opp_tbl_idx.part.5	32	static
mt_cpufreq.c:4480:21:_mt_cpufreq_get	32	static
mt_cpufreq.c:1932:21:get_cur_volt_big	48	static
mt_cpufreq.c:2013:12:set_cur_volt_big	112	static
mt_cpufreq.c:6139:20:_mt_cpufreq_pdrv_exit	32	static
mt_cpufreq.c:4885:12:_mt_cpufreq_pdrv_remove	32	static
mt_cpufreq.c:4332:12:_mt_cpufreq_verify	32	static
mt_cpufreq.c:467:21:read_efuse_speed.part.14	32	static
mt_cpufreq.c:6026:19:_mt_cpufreq_pdrv_init	64	static
mt_cpufreq.c:5537:12:cpufreq_power_dump_proc_show	96	static
mt_cpufreq.c:844:6:mt_cpufreq_set_pmic_cmd.part.22	80	static
mt_cpufreq.c:4407:12:_mt_cpufreq_init	144	static
mt_cpufreq.c:5243:12:cpufreq_debug_proc_show	48	static
mt_cpufreq.c:4730:12:_mt_cpufreq_pm_restore_early	64	static
mt_cpufreq.c:4601:12:_mt_cpufreq_fb_notifier_callback	96	static
mt_cpufreq.c:1967:12:set_cur_volt_little	64	static
mt_cpufreq.c:5689:16:cpufreq_state_proc_write	64	static
mt_cpufreq.c:1863:21:get_cur_volt_little	48	static
mt_cpufreq.c:2317:13:_mt_cpufreq_set	192	static
mt_cpufreq.c:4671:12:_mt_cpufreq_suspend	32	static
mt_cpufreq.c:4350:12:_mt_cpufreq_target	80	static
mt_cpufreq.c:2414:22:turbo_mode_cpu_callback	80	static
mt_cpufreq.c:5724:16:cpufreq_oppidx_proc_write	80	static
mt_cpufreq.c:139:6:spm_mcdi_wakeup_all_cores	0	static
mt_cpufreq.c:144:6:turn_off_SPARK	0	static
mt_cpufreq.c:148:6:turn_on_SPARK	0	static
mt_cpufreq.c:783:6:_mt_cpufreq_pmic_table_init	160	static
mt_cpufreq.c:803:6:mt_cpufreq_set_pmic_phase	80	static
mt_cpufreq.c:4753:12:_mt_cpufreq_pdrv_probe	64	static
mt_cpufreq.c:844:6:mt_cpufreq_set_pmic_cmd	48	static
mt_cpufreq.c:866:6:mt_cpufreq_apply_pmic_cmd	64	static
mt_cpufreq.c:887:6:mt_cpufreq_setvolt_registerCB	0	static
mt_cpufreq.c:894:14:mt_get_cur_volt_vcore	32	static
mt_cpufreq.c:909:6:mt_vcore_dvfs_disable_by_sdio	0	static
mt_cpufreq.c:914:6:mt_vcore_dvfs_volt_set_by_sdio	32	static
mt_cpufreq.c:919:14:mt_vcore_dvfs_volt_get_by_sdio	32	static
mt_cpufreq.c:1447:14:mt_cpufreq_max_frequency_by_DVS	48	static
mt_cpufreq.c:1466:5:mt_cpufreq_voltage_set_by_ptpod	96	static
mt_cpufreq.c:1512:6:mt_cpufreq_return_default_DVS_by_ptpod	64	static
mt_cpufreq.c:1764:5:mt_cpufreq_clock_switch	16	static
mt_cpufreq.c:1776:19:mt_cpufreq_get_clock_switch	48	static
mt_cpufreq.c:1952:14:mt_cpufreq_cur_vproc	32	static
mt_cpufreq.c:2839:5:mt_cpufreq_state_set	32	static
mt_cpufreq.c:3243:14:get_ca53_dynamic_power	0	static
mt_cpufreq.c:3255:14:get_ca57_dynamic_power	0	static
mt_cpufreq.c:3267:14:get_ca53_leakage_power	0	static
mt_cpufreq.c:3278:14:get_ca57_leakage_power	0	static
mt_cpufreq.c:3289:14:get_ca53_performance	0	static
mt_cpufreq.c:3294:14:get_ca57_performance	0	static
mt_cpufreq.c:3625:6:mt_cpufreq_enable_by_ptpod	48	static
mt_cpufreq.c:3657:14:mt_cpufreq_disable_by_ptpod	48	static
mt_cpufreq.c:3711:5:mt_cpufreq_thermal_protect	96	static
mt_cpufreq.c:5470:16:cpufreq_limited_power_proc_write	64	static
mt_cpufreq.c:3872:5:mt_cpufreq_get_thermal_limited_power	0	static
mt_cpufreq.c:3889:6:mt_cpufreq_set_ramp_down_count_const	16	static
mt_cpufreq.c:4075:6:interactive_boost_cpu	16	static
mt_cpufreq.c:4502:6:mt_cpufreq_earlysuspend_status_get	0	static
mt_cpufreq.c:6011:6:add_pwrap_base	0	static
