mt_gpufreq.c:1900:12:mt_gpufreq_pm_restore_early	0	static
mt_gpufreq.c:2367:20:mt_gpufreq_exit	16	static
mt_gpufreq.c:318:13:mt_gpufreq_input_disconnect	32	static
mt_gpufreq.c:288:12:mt_gpufreq_input_connect	48	static
mt_gpufreq.c:2012:12:mt_gpufreq_pdrv_remove	32	static
mt_gpufreq.c:256:12:mt_gpufreq_input_boost_task	48	static
mt_gpufreq.c:2060:12:mt_gpufreq_input_boost_open	16	static
mt_gpufreq.c:2240:12:mt_gpufreq_fixed_freq_volt_open	16	static
mt_gpufreq.c:2226:12:mt_gpufreq_volt_enable_open	16	static
mt_gpufreq.c:2215:12:mt_gpufreq_var_dump_open	16	static
mt_gpufreq.c:2200:12:mt_gpufreq_opp_freq_open	16	static
mt_gpufreq.c:2189:12:mt_gpufreq_power_dump_open	16	static
mt_gpufreq.c:2178:12:mt_gpufreq_opp_dump_open	16	static
mt_gpufreq.c:2164:12:mt_gpufreq_state_open	16	static
mt_gpufreq.c:2150:12:mt_gpufreq_limited_thermal_ignore_open	16	static
mt_gpufreq.c:2135:12:mt_gpufreq_limited_low_batt_volt_ignore_open	16	static
mt_gpufreq.c:2088:12:mt_gpufreq_limited_power_open	16	static
mt_gpufreq.c:2074:12:mt_gpufreq_debug_open	16	static
mt_gpufreq.c:1308:12:mt_gpufreq_input_boost_read	16	static
mt_gpufreq.c:1766:12:mt_gpufreq_volt_enable_read	16	static
mt_gpufreq.c:1604:12:mt_gpufreq_state_read	16	static
mt_gpufreq.c:1351:12:mt_gpufreq_debug_read	16	static
mt_gpufreq.c:1321:16:mt_gpufreq_input_boost_write	96	static
mt_gpufreq.c:1537:16:mt_gpufreq_limited_thermal_ignore_write	96	static
mt_gpufreq.c:1494:16:mt_gpufreq_limited_low_batt_volt_ignore_write	96	static
mt_gpufreq.c:1364:16:mt_gpufreq_debug_write	96	static
mt_gpufreq.c:1744:12:mt_gpufreq_var_dump_read	48	static
mt_gpufreq.c:1668:12:mt_gpufreq_power_dump_read	80	static
mt_gpufreq.c:1651:12:mt_gpufreq_opp_dump_read	96	static
mt_gpufreq.c:1526:12:mt_gpufreq_limited_thermal_ignore_read	16	static
mt_gpufreq.c:1483:12:mt_gpufreq_limited_low_batt_volt_ignore_read	16	static
mt_gpufreq.c:1568:12:mt_gpufreq_limited_power_read	16	static
mt_gpufreq.c:2257:19:mt_gpufreq_init	32	static
mt_gpufreq.c:1863:12:mt_gpufreq_fb_notifier_callback	16	static
mt_gpufreq.c:748:13:mt_gpu_volt_switch	48	static
mt_gpufreq.c:726:13:mt_gpu_clock_switch.part.5	32	static
mt_gpufreq.c:274:13:mt_gpufreq_input_event	16	static
mt_gpufreq.c:1808:12:mt_gpufreq_fixed_freq_volt_read	32	static
mt_gpufreq.c:1684:12:mt_gpufreq_opp_freq_read	32	static
mt_gpufreq.c:619:12:mt_setup_gpufreqs_table.constprop	48	static
mt_gpufreq.c:1905:12:mt_gpufreq_pdrv_probe	80	static
mt_gpufreq.c:1086:13:mt_gpufreq_low_batt_volt_protect	32	static
mt_gpufreq.c:1101:6:mt_gpufreq_low_batt_volt_callback	16	static
mt_gpufreq.c:386:14:mt_gpufreq_voltage_enable_set	64	static
mt_gpufreq.c:1779:16:mt_gpufreq_volt_enable_write	96	static
mt_gpufreq.c:433:6:mt_gpufreq_enable_by_ptpod	32	static
mt_gpufreq.c:509:6:mt_gpufreq_return_default_DVS_by_ptpod	32	static
mt_gpufreq.c:533:14:mt_gpufreq_voltage_set_by_ptpod	64	static
mt_gpufreq.c:562:14:mt_gpufreq_get_dvfs_table_num	0	static
mt_gpufreq.c:568:14:mt_gpufreq_get_freq_by_idx	0	static
mt_gpufreq.c:665:5:mt_gpufreq_state_set	0	static
mt_gpufreq.c:804:14:mt_gpufreq_target	80	static
mt_gpufreq.c:460:6:mt_gpufreq_disable_by_ptpod	48	static
mt_gpufreq.c:1823:16:mt_gpufreq_fixed_freq_volt_write	96	static
mt_gpufreq.c:1699:16:mt_gpufreq_opp_freq_write	96	static
mt_gpufreq.c:1617:16:mt_gpufreq_state_write	96	static
mt_gpufreq.c:1147:6:mt_gpufreq_thermal_protect	48	static
mt_gpufreq.c:1579:16:mt_gpufreq_limited_power_write	96	static
mt_gpufreq.c:1208:14:mt_gpufreq_get_thermal_limit_index	0	static
mt_gpufreq.c:1217:14:mt_gpufreq_get_thermal_limit_freq	0	static
mt_gpufreq.c:1226:14:mt_gpufreq_get_cur_freq_index	0	static
mt_gpufreq.c:1235:14:mt_gpufreq_get_cur_freq	0	static
mt_gpufreq.c:1244:14:mt_gpufreq_get_cur_volt	0	static
mt_gpufreq.c:1254:6:mt_gpufreq_input_boost_notify_registerCB	0	static
mt_gpufreq.c:1264:6:mt_gpufreq_power_limit_notify_registerCB	0	static
mt_gpufreq.c:1273:6:mt_gpufreq_setfreq_registerCB	0	static
mt_gpufreq.c:1282:6:mt_gpufreq_setvolt_registerCB	0	static
mt_gpufreq.c:1291:6:mt_gpufreq_mfgclock_notify_registerCB	0	static
mt_gpufreq.c:1298:6:mt_gpufreq_dvfs_ready	0	static
