mt_idle.c:428:12:sys_is_on	48	static
mt_idle.c:496:13:clkmgr_idle_can_enter	96	static
mt_idle.c:1236:22:go_to_rgidle	0	static
mt_idle.c:1319:19:mcidle_handler	64	static
mt_idle.c:1345:19:soidle_handler	16	static
mt_idle.c:1410:19:dpidle_handler	16	static
mt_idle.c:1443:19:slidle_handler	48	static
mt_idle.c:1457:19:rgidle_handler	16	static
mt_idle.c:1491:19:dpidle_select_handler	16	static
mt_idle.c:1503:19:soidle_select_handler	16	static
mt_idle.c:1515:19:mcidle_select_handler	64	static
mt_idle.c:1527:19:slidle_select_handler	32	static
mt_idle.c:1539:19:rgidle_select_handler	0	static
mt_idle.c:1676:12:_idle_state_open	0	static
mt_idle.c:1760:12:_dpidle_state_open	0	static
mt_idle.c:1856:12:_soidle_state_open	0	static
mt_idle.c:1951:12:_mcidle_state_open	0	static
mt_idle.c:2033:12:_slidle_state_open	0	static
mt_idle.c:561:12:idle_get_current_time_ms	32	static
mt_idle.c:2038:12:slidle_state_open	16	static
mt_idle.c:1956:12:mcidle_state_open	16	static
mt_idle.c:1861:12:soidle_state_open	16	static
mt_idle.c:1765:12:dpidle_state_open	16	static
mt_idle.c:1681:12:idle_state_open	16	static
mt_idle.c:1725:16:idle_state_write	80	static
mt_idle.c:1995:16:mcidle_state_write	80	static
mt_idle.c:2043:16:slidle_state_read	96	static
mt_idle.c:1961:16:mcidle_state_read	128	static
mt_idle.c:1866:16:soidle_state_read	112	static
mt_idle.c:1770:16:dpidle_state_read	112	static
mt_idle.c:1686:16:idle_state_read	128	static
mt_idle.c:1635:19:get_base_from_node.constprop	32	static
mt_idle.c:330:27:gpt_check_and_ack_irq	0	static
mt_idle.c:335:27:gpt_get_cmp	0	static
mt_idle.c:340:27:gpt_get_cnt	0	static
mt_idle.c:345:27:gpt_set_cmp	0	static
mt_idle.c:350:27:request_gpt	0	static
mt_idle.c:357:27:start_gpt	0	static
mt_idle.c:362:27:stop_gpt	0	static
mt_idle.c:369:37:localtimer_get_counter	0	static
mt_idle.c:374:27:localtimer_set_next_event	0	static
mt_idle.c:381:27:localtimer_get_phy_count	0	static
mt_idle.c:386:27:cpu_xgpt_set_cmp	0	static
mt_idle.c:391:36:cpu_xgpt_irq_dis	0	static
mt_idle.c:396:27:cpu_xgpt_register_timer	0	static
mt_idle.c:407:36:spm_get_cpu_pwr_status	0	static
mt_idle.c:966:13:dpidle_can_enter	64	static
mt_idle.c:571:6:idle_lock_spm	48	static
mt_idle.c:580:6:idle_unlock_spm	48	static
mt_idle.c:617:6:enable_soidle_by_bit	48	static
mt_idle.c:627:6:disable_soidle_by_bit	48	static
mt_idle.c:1909:16:soidle_state_write	80	static
mt_idle.c:637:6:soidle_can_enter	64	static
mt_idle.c:703:6:soidle_before_wfi	16	static
mt_idle.c:725:6:soidle_after_wfi	64	static
mt_idle.c:759:6:mcidle_can_enter	48	static
mt_idle.c:819:6:mcidle_before_wfi	48	static
mt_idle.c:844:6:mcidle_after_wfi	32	static
mt_idle.c:946:6:enable_dpidle_by_bit	48	static
mt_idle.c:956:6:disable_dpidle_by_bit	48	static
mt_idle.c:1812:16:dpidle_state_write	96	static
mt_idle.c:1073:6:spm_dpidle_before_wfi	32	static
mt_idle.c:1095:6:spm_dpidle_after_wfi	48	static
mt_idle.c:1149:6:enable_slidle_by_bit	48	static
mt_idle.c:1159:6:disable_slidle_by_bit	48	static
mt_idle.c:2080:16:slidle_state_write	96	static
mt_idle.c:1477:6:arch_idle	48	static
mt_idle.c:1557:5:mt_idle_select	48	static
mt_idle.c:1570:5:dpidle_enter	16	static
mt_idle.c:1595:5:soidle_enter	16	static
mt_idle.c:1605:5:mcidle_enter	0	static
mt_idle.c:1615:5:slidle_enter	32	static
mt_idle.c:1625:5:rgidle_enter	16	static
mt_idle.c:2145:6:mt_cpuidle_framework_init	48	static
