mt_vcore_dvfs_64.c:1096:16:opp_table_store	80	static
mt_vcore_dvfs_64.c:1072:16:opp_table_show	128	static
mt_vcore_dvfs_64.c:1273:12:mt_vcoredvfs_pdrv_probe	320	static
mt_vcore_dvfs_64.c:1137:16:vcore_debug_show	64	static
mt_vcore_dvfs_64.c:322:13:set_vcore.constprop	80	static
mt_vcore_dvfs_64.c:343:12:set_vcore_with_opp.isra.5.constprop	48	static
mt_vcore_dvfs_64.c:1338:19:vcorefs_module_init	96	static
mt_vcore_dvfs_64.c:55:14:get_vcore_ptp_volt	0	static
mt_vcore_dvfs_64.c:65:27:mmdvfs_is_default_step_need_perf	0	static
mt_vcore_dvfs_64.c:956:16:pwr_ctrl_show	96	static
mt_vcore_dvfs_64.c:72:28:mmdvfs_mm_clock_switch_notify	0	static
mt_vcore_dvfs_64.c:80:27:autok_abort_action	0	static
mt_vcore_dvfs_64.c:84:27:autok_is_vol_done	0	static
mt_vcore_dvfs_64.c:428:5:get_axi_khz	16	static
mt_vcore_dvfs_64.c:433:6:clkmux_sel_for_vcorefs	384	static
mt_vcore_dvfs_64.c:514:12:set_faxi_fxxx_with_opp.constprop	48	static
mt_vcore_dvfs_64.c:484:5:set_fddr_with_opp	64	static
mt_vcore_dvfs_64.c:649:12:kick_dvfs_by_index.constprop	112	static
mt_vcore_dvfs_64.c:788:12:__request_dvfs_opp.constprop	64	static
mt_vcore_dvfs_64.c:688:12:vcorefs_kthread	64	static
mt_vcore_dvfs_64.c:754:12:late_init_to_lowpwr_opp	80	static
mt_vcore_dvfs_64.c:1010:16:pwr_ctrl_store	112	static
mt_vcore_dvfs_64.c:1153:16:vcore_debug_store	96	static
mt_vcore_dvfs_64.c:825:5:vcorefs_request_dvfs_opp	48	static
mt_vcore_dvfs_64.c:841:5:vcorefs_request_opp_no_mm_notify	64	static
mt_vcore_dvfs_64.c:862:5:vcorefs_sdio_lock_dvfs	48	static
mt_vcore_dvfs_64.c:884:5:vcorefs_sdio_get_vcore_nml	0	static
mt_vcore_dvfs_64.c:889:5:vcorefs_sdio_set_vcore_nml	64	static
mt_vcore_dvfs_64.c:920:5:vcorefs_sdio_unlock_dvfs	32	static
mt_vcore_dvfs_64.c:948:6:vcorefs_sdio_need_multi_autok	0	static
mt_vcore_dvfs_64.c:1251:5:vcore_dvfs_config_speed	48	static
