addrconf.c:1897:12:__ipv6_isatap_ifid	0	static
addrconf.c:4636:15:inet6_get_link_af_size	0	static
addrconf.c:4106:12:put_cacheinfo	32	static
addrconf.c:4140:12:inet6_fill_ifaddr	80	static
addrconf.c:3659:13:if6_seq_stop	16	static
addrconf.c:1936:12:ipv6_generate_eui64	32	static
addrconf.c:1984:13:__ipv6_regen_rndid	48	static
addrconf.c:274:13:addrconf_mod_rs_timer	16	static
addrconf.c:2013:13:ipv6_regen_rndid	48	static
addrconf.c:1799:13:addrconf_join_anycast	64	static
addrconf.c:1812:13:addrconf_leave_anycast	64	static
addrconf.c:950:1:check_cleanup_prefix_route	96	static
addrconf.c:5519:12:__addrconf_sysctl_register	96	static
addrconf.c:5086:5:addrconf_sysctl_mtu	96	static
addrconf.c:3706:24:if6_proc_net_exit	16	static
addrconf.c:3685:12:if6_seq_open	16	static
addrconf.c:3665:12:if6_seq_show	16	static
addrconf.c:3699:23:if6_proc_net_init	16	static
addrconf.c:4724:12:inet6_validate_link_af	96	static
addrconf.c:3643:14:if6_seq_start	48	static
addrconf.c:3650:14:if6_seq_next	0	static
addrconf.c:268:13:addrconf_del_dad_work	32	static
addrconf.c:1226:12:ipv6_get_saddr_eval.part.31	48	static
addrconf.c:2147:13:addrconf_add_mroute.isra.36	176	static
addrconf.c:817:1:ipv6_add_addr	112	static
addrconf.c:5564:12:addrconf_sysctl_register	48	static
addrconf.c:324:26:ipv6_add_dev	64	static
addrconf.c:437:26:ipv6_find_idev	32	static
addrconf.c:5551:13:__addrconf_sysctl_unregister.isra.40	32	static
addrconf.c:5592:23:addrconf_init_net	48	static
addrconf.c:4735:12:inet6_set_link_af.part.46	16	static
addrconf.c:4320:12:inet6_dump_addr	144	static
addrconf.c:4381:12:inet6_dump_ifacaddr	16	static
addrconf.c:4373:12:inet6_dump_ifmcaddr	16	static
addrconf.c:4366:12:inet6_dump_ifaddr	16	static
addrconf.c:473:12:inet6_netconf_fill_devconf.constprop	80	static
addrconf.c:604:12:inet6_netconf_dump_devconf	80	static
addrconf.c:543:12:inet6_netconf_get_devconf	112	static
addrconf.c:4589:12:inet6_fill_ifla6_attrs	112	static
addrconf.c:4766:12:inet6_fill_ifinfo	80	static
addrconf.c:4808:12:inet6_dump_ifinfo	80	static
addrconf.c:4644:12:inet6_fill_link_af	16	static
addrconf.c:5635:24:addrconf_exit_net	32	static
addrconf.c:2082:1:addrconf_prefix_route	256	static
addrconf.c:513:6:inet6_netconf_notify_devconf	64	static
addrconf.c:5186:5:addrconf_sysctl_proxy_ndp	64	static
addrconf.c:676:13:dev_forward_change	48	static
addrconf.c:5060:5:addrconf_sysctl_forward	160	static
addrconf.c:766:6:inet6_ifa_finish_destroy	32	static
addrconf.c:282:13:addrconf_mod_dad_work	32	static
addrconf.c:1360:12:__ipv6_dev_get_saddr	112	static
addrconf.c:2825:13:addrconf_add_linklocal	32	static
addrconf.c:3284:13:addrconf_dad_kick	48	static
addrconf.c:3360:13:addrconf_dad_start	32	static
addrconf.c:1065:12:ipv6_create_tempaddr	160	static
addrconf.c:1439:5:ipv6_dev_get_saddr	176	static
addrconf.c:1511:5:__ipv6_get_lladdr	0	static
addrconf.c:1530:5:ipv6_get_lladdr	64	static
addrconf.c:3231:13:addrconf_rs_timer	80	static
addrconf.c:1566:5:ipv6_chk_addr_and_flags	64	static
addrconf.c:1559:5:ipv6_chk_addr	16	static
addrconf.c:1618:6:ipv6_chk_custom_prefix	64	static
addrconf.c:1642:5:ipv6_chk_prefix	64	static
addrconf.c:1666:22:ipv6_get_ifaddr	64	static
addrconf.c:4388:12:inet6_rtm_getaddr	144	static
addrconf.c:1736:6:addrconf_dad_failure	64	static
addrconf.c:1775:6:addrconf_join_solict	32	static
addrconf.c:1787:6:addrconf_leave_solict	32	static
addrconf.c:2052:5:addrconf_rt_table	48	static
addrconf.c:2111:25:addrconf_get_prefix_route	80	static
addrconf.c:987:1:cleanup_prefix_route	32	static
addrconf.c:4942:13:__ipv6_ifa_notify	80	static
addrconf.c:4988:13:ipv6_ifa_notify	48	static
addrconf.c:1009:13:ipv6_del_addr	64	static
addrconf.c:1692:13:addrconf_dad_stop	64	static
addrconf.c:3472:13:addrconf_dad_completed	48	static
addrconf.c:3375:13:addrconf_dad_work	80	static
addrconf.c:2183:13:manage_tempaddrs	96	static
addrconf.c:3754:13:addrconf_verify_rtnl	128	static
addrconf.c:3881:13:addrconf_verify_work	16	static
addrconf.c:2617:12:inet6_addr_del	64	static
addrconf.c:3920:1:inet6_rtm_deladdr	112	static
addrconf.c:2537:12:inet6_addr_add	112	static
addrconf.c:4029:1:inet6_rtm_newaddr	176	static
addrconf.c:3111:12:addrconf_ifdown	96	static
addrconf.c:2692:13:add_addr	32	static
addrconf.c:2250:6:addrconf_prefix_rcv	144	static
addrconf.c:2473:5:addrconf_set_dstaddr	208	static
addrconf.c:2655:5:addrconf_add_ifaddr	80	static
addrconf.c:2674:5:addrconf_del_ifaddr	80	static
addrconf.c:3716:12:if6_proc_init	16	static
addrconf.c:3721:6:if6_proc_exit	16	static
addrconf.c:3729:5:ipv6_chk_home_addr	48	static
addrconf.c:4847:6:inet6_ifinfo_notify	64	static
addrconf.c:2934:12:addrconf_notify	128	static
addrconf.c:5100:13:dev_disable_change	32	static
addrconf.c:5160:5:addrconf_sysctl_disable	144	static
addrconf.c:4735:12:inet6_set_link_af	160	static
addrconf.c:5664:12:addrconf_init	80	static
addrconf.c:5756:6:addrconf_cleanup	48	static
