dst.h:404:19:dst_discard	16	static
route.c:213:21:ip6_blackhole_mtu	0	static
route.c:220:13:ip6_rt_blackhole_update_pmtu	0	static
route.c:225:13:ip6_rt_blackhole_redirect	0	static
route.c:230:13:ip6_rt_blackhole_cow_metrics	0	static
route.c:1302:21:ip6_default_advmss	16	static
route.c:2012:5:rt6_addrconf_purge	0	static
route.c:2192:12:fib6_remove_prefsrc	0	static
route.c:2222:12:fib6_clean_tohost	0	static
route.c:2244:12:fib6_ifdown	0	static
route.c:1904:25:rt6_get_route_info	80	static
route.c:1242:26:ip6_route_redirect	96	static
route.c:601:12:rt6_score_route	48	static
route.c:409:25:rt6_multipath_select	32	static
route.c:789:25:ip6_pol_route_lookup	112	static
route.c:492:13:rt6_probe_deferred	48	static
route.c:504:13:rt6_probe	48	static
route.c:2272:12:rt6_mtu_change_route	48	static
route.c:1865:25:ip6_rt_copy	48	static
route.c:180:26:ip6_neigh_lookup	48	static
route.c:321:13:ip6_dst_destroy	48	static
route.c:344:13:ip6_dst_ifdown	48	static
route.c:1324:21:ip6_mtu	48	static
route.c:2806:12:ip6_route_dev_notify	48	static
route.c:2086:12:ip6_pkt_drop	64	static
route.c:2109:12:ip6_pkt_discard	16	static
route.c:2114:12:ip6_pkt_discard_out	16	static
route.c:2120:12:ip6_pkt_prohibit	16	static
route.c:2125:12:ip6_pkt_prohibit_out	16	static
route.c:1673:12:__ip6_del_rt	64	static
route.c:1703:12:ip6_route_del	48	static
route.c:1121:13:ip6_link_failure	64	static
route.c:2881:5:ipv6_sysctl_rtcache_flush	32	static
route.c:1429:12:ip6_dst_gc	64	static
route.c:2331:12:rtm_to_fib6_config	208	static
route.c:3091:24:ip6_route_net_exit_late	32	static
route.c:2864:12:rt6_stats_seq_open	16	static
route.c:2849:12:rt6_stats_seq_show	112	static
route.c:3082:23:ip6_route_net_init_late	32	static
route.c:3115:24:ipv6_inetpeer_exit	32	static
route.c:3104:23:ipv6_inetpeer_init	32	static
route.c:3072:24:ip6_route_net_exit	32	static
route.c:3000:23:ip6_route_net_init	64	static
route.c:1138:13:ip6_rt_update_pmtu	48	static
route.c:136:13:ipv6_cow_metrics	64	static
route.c:364:13:rt6_check_expired	16	static
route.c:1191:25:__ip6_route_redirect	80	static
route.c:1103:26:ip6_negative_advice	64	static
route.c:1084:26:ip6_dst_check	32	static
route.c:811:19:ip6_route_lookup	16	static
route.c:818:18:rt6_lookup	80	static
route.c:863:5:ip6_ins_rt	80	static
route.c:911:25:ip6_pol_route	176	static
route.c:982:25:ip6_pol_route_input	16	static
route.c:1015:25:ip6_pol_route_output	16	static
route.c:1744:13:rt6_do_redirect	240	static
route.c:998:6:ip6_route_input	96	static
route.c:1021:19:ip6_route_output	48	static
route.c:1040:19:ip6_blackhole_route	48	static
route.c:1156:6:ip6_update_pmtu	128	static
route.c:1178:6:ip6_sk_update_pmtu	64	static
route.c:1256:6:ip6_redirect	96	static
route.c:1276:6:ip6_redirect_no_header	96	static
route.c:1296:6:ip6_sk_redirect	96	static
route.c:1347:19:icmp6_dst_alloc	48	static
route.c:1387:5:icmp6_dst_gc	48	static
route.c:1458:5:ip6_route_add	112	static
route.c:1937:25:rt6_add_route_info	240	static
route.c:2416:12:ip6_route_multipath	224	static
route.c:2471:12:inet6_rtm_delroute	176	static
route.c:2486:12:inet6_rtm_newroute	176	static
route.c:1695:5:ip6_del_rt	96	static
route.c:1966:18:rt6_get_dflt_router	48	static
route.c:699:5:rt6_route_rcv	144	static
route.c:1989:18:rt6_add_dflt_router	224	static
route.c:2019:6:rt6_purge_dflt_routers	16	static
route.c:2045:5:ipv6_route_ioctl	304	static
route.c:2135:18:addrconf_dst_alloc	64	static
route.c:2169:5:ip6_route_get_saddr	16	static
route.c:2516:12:rt6_fill_node.constprop	128	static
route.c:2680:12:inet6_rtm_getroute	352	static
route.c:2207:6:rt6_remove_prefsrc	48	static
route.c:2234:6:rt6_clean_tohost	16	static
route.c:2256:6:rt6_ifdown	64	static
route.c:2311:6:rt6_mtu_change	32	static
route.c:2663:5:rt6_dump_route	48	static
route.c:2776:6:inet6_rt_notify	112	static
route.c:2970:31:ipv6_route_sysctl_init	32	static
route.c:3139:13:ip6_route_init_special_entries	48	static
route.c:3154:12:ip6_route_init	48	static
route.c:3227:6:ip6_route_cleanup	32	static
