evdev.c:471:21:evdev_poll	32	static
evdev.c:1135:20:evdev_exit	16	static
evdev.c:171:12:evdev_flush	48	static
evdev.c:1010:13:evdev_cleanup	48	static
evdev.c:1101:13:evdev_disconnect	48	static
evdev.c:164:12:evdev_fasync	16	static
evdev.c:185:13:evdev_free	32	static
evdev.c:524:12:bits_to_user	32	static
evdev.c:553:12:str_to_user	48	static
evdev.c:591:12:evdev_handle_get_keycode	96	static
evdev.c:614:12:evdev_handle_get_keycode_v2	96	static
evdev.c:632:12:evdev_handle_set_keycode	96	static
evdev.c:649:12:evdev_handle_set_keycode_v2	80	static
evdev.c:361:16:evdev_write	128	static
evdev.c:419:16:evdev_read	176	static
evdev.c:1030:12:evdev_connect	64	static
evdev.c:93:13:evdev_pass_values	128	static
evdev.c:129:13:evdev_events	80	static
evdev.c:156:13:evdev_event	32	static
evdev.c:1130:19:evdev_init	16	static
evdev.c:324:12:evdev_open	96	static
evdev.c:291:12:evdev_release	48	static
evdev.c:732:13:evdev_do_ioctl	112	static
evdev.c:975:13:evdev_ioctl_compat	64	static
evdev.c:969:13:evdev_ioctl	64	static
