dev.c:4070:13:skb_gro_reset_offset	0	static
netdev_rx.h:22:1:ftrace_define_fields_netd_skb_rx	16	static
netdev_rx.h:41:1:ftrace_define_fields_rpsd_skb_rx	16	static
netdev_rx.h:22:1:perf_trace_netd_skb_rx	64	static
netdev_rx.h:41:1:perf_trace_rpsd_skb_rx	64	static
netdev_rx.h:22:1:ftrace_raw_event_netd_skb_rx	96	static
netdev_rx.h:41:1:ftrace_raw_event_rpsd_skb_rx	96	static
netdev_rx.h:22:1:ftrace_raw_output_netd_skb_rx	48	static
netdev_rx.h:41:1:ftrace_raw_output_rpsd_skb_rx	48	static
dev.c:667:12:netdev_boot_setup	96	static
dev.c:7292:24:netdev_exit	32	static
dev.c:1627:12:call_netdevice_notifiers_info	48	static
dev.c:3953:13:flush_backlog	64	static
dev.c:3167:12:get_rps_cpu	112	static
dev.c:3320:13:rps_trigger_softirq	32	static
dev.c:3395:12:enqueue_to_backlog	96	static
dev.c:3446:12:netif_rx_internal	80	static
dev.c:7174:39:netdev_create_hash	16	static
dev.c:2324:13:skb_warn_bad_offload	64	static
dev.c:3727:12:__netif_receive_skb_core	144	static
dev.c:4087:13:gro_pull_from_frag0	64	static
dev.c:7231:13:__netdev_printk	96	static
dev.c:3524:13:net_tx_action	112	static
dev.c:7335:24:rtnl_lock_unregistering	96	static
dev.c:7081:12:dev_cpu_callback	80	static
dev.c:7188:23:netdev_init	32	static
dev.c:4279:13:napi_reuse_skb.isra.82	16	static
dev.c:3867:12:__netif_receive_skb	32	static
dev.c:3899:12:netif_receive_skb_internal	64	static
dev.c:3978:12:napi_gro_complete	64	static
dev.c:4108:24:dev_gro_receive	96	static
dev.c:5012:12:__netdev_adjacent_dev_insert.part.84	128	static
dev.c:7414:19:net_dev_init	64	static
dev.c:4416:13:net_rps_action_and_irq_enable.isra.88	32	static
dev.c:4440:12:process_backlog	96	static
dev.c:1911:13:netif_reset_xps_queues_gt.isra.81	96	static
dev.c:1368:12:__dev_close_many	80	static
dev.c:1426:12:dev_close_many	96	static
dev.c:1414:12:__dev_close	32	static
dev.c:5071:13:__netdev_adjacent_dev_remove	96	static
dev.c:5106:12:__netdev_adjacent_dev_link_lists	80	static
dev.c:5140:13:__netdev_adjacent_dev_unlink_lists	64	static
dev.c:430:6:dev_add_pack	48	static
dev.c:453:6:__dev_remove_pack	48	static
dev.c:485:6:dev_remove_pack	16	static
dev.c:506:6:dev_add_offload	48	static
dev.c:613:5:netdev_boot_setup_check	48	static
dev.c:711:20:__dev_get_by_name	32	static
dev.c:643:15:netdev_boot_base	48	static
dev.c:1009:12:__dev_alloc_name.constprop	96	static
dev.c:736:20:dev_get_by_name_rcu	32	static
dev.c:761:20:dev_get_by_name	32	static
dev.c:786:20:__dev_get_by_index	0	static
dev.c:810:20:dev_get_by_index_rcu	0	static
dev.c:835:20:dev_get_by_index	32	static
dev.c:858:5:netdev_get_name	64	static
dev.c:896:20:dev_getbyhwaddr_rcu	64	static
dev.c:910:20:__dev_getfirstbyhwtype	32	static
dev.c:923:20:dev_getfirstbyhwtype	64	static
dev.c:950:20:__dev_get_by_flags	48	static
dev.c:976:6:dev_valid_name	48	static
dev.c:1102:12:dev_get_valid_name.constprop	48	static
dev.c:1074:5:dev_alloc_name	48	static
dev.c:1218:5:dev_set_alias	48	static
dev.c:1250:6:netdev_features_change	48	static
dev.c:1264:6:netdev_state_change	48	static
dev.c:1287:6:netdev_notify_peers	48	static
dev.c:1455:5:dev_close	32	static
dev.c:1523:5:register_netdevice_notifier	112	static
dev.c:1590:5:unregister_netdevice_notifier	80	static
dev.c:1645:5:call_netdevice_notifiers	48	static
dev.c:1666:6:net_enable_timestamp	16	static
dev.c:1672:6:net_disable_timestamp	16	static
dev.c:1697:6:is_skb_forwardable	0	static
dev.c:1718:5:__dev_forward_skb	32	static
dev.c:1760:5:dev_forward_skb	32	static
dev.c:1980:5:netif_set_xps_queue	144	static
dev.c:2110:5:netif_set_real_num_tx_queues	64	static
dev.c:2153:5:netif_set_real_num_rx_queues	32	static
dev.c:2181:5:netif_get_num_default_rss_queues	16	static
dev.c:2201:6:__netif_schedule	48	static
dev.c:2217:6:netif_schedule_queue	64	static
dev.c:2236:6:netif_wake_subqueue	48	static
dev.c:2251:6:netif_tx_wake_queue	48	static
dev.c:2264:6:__dev_kfree_skb_irq	48	static
dev.c:2283:6:__dev_kfree_skb_any	16	static
dev.c:2299:6:netif_device_detach	48	static
dev.c:2314:6:netif_device_attach	48	static
dev.c:2348:5:skb_checksum_help	48	static
dev.c:2392:8:skb_network_protocol	64	static
dev.c:2444:17:skb_mac_gso_segment	64	static
dev.c:2495:17:__skb_gso_segment	48	static
dev.c:2526:6:netdev_rx_csum_fault	32	static
dev.c:2610:19:netif_skb_features	48	static
dev.c:2723:24:validate_xmit_skb.isra.96.part.97	64	static
dev.c:2677:17:dev_hard_start_xmit	160	static
dev.c:2957:12:__dev_queue_xmit	80	static
dev.c:2775:17:validate_xmit_skb_list	48	static
dev.c:3077:5:dev_queue_xmit	16	static
dev.c:3083:5:dev_queue_xmit_accel	16	static
dev.c:3292:6:rps_may_expire_flow	48	static
dev.c:3494:5:netif_rx	32	static
dev.c:3502:5:netif_rx_ni	32	static
dev.c:2918:5:dev_loopback_xmit	32	static
dev.c:3670:5:netdev_rx_handler_register	48	static
dev.c:3695:6:netdev_rx_handler_unregister	32	static
dev.c:3942:5:netif_receive_skb	32	static
dev.c:4016:6:napi_gro_flush	48	static
dev.c:4214:24:gro_find_receive_by_type	16	static
dev.c:4228:24:gro_find_complete_by_type	16	static
dev.c:4269:14:napi_gro_receive	48	static
dev.c:4298:17:napi_get_frags	32	static
dev.c:4374:14:napi_gro_frags	48	static
dev.c:4390:9:__skb_gro_checksum_complete	48	static
dev.c:4504:6:__napi_schedule	48	static
dev.c:4514:6:__napi_complete	16	static
dev.c:4525:6:napi_complete	32	static
dev.c:4628:13:net_rx_action	112	static
dev.c:4544:21:napi_by_id	0	static
dev.c:4557:6:napi_hash_add	48	static
dev.c:4584:6:napi_hash_del	32	static
dev.c:4595:6:netif_napi_add	48	static
dev.c:4617:6:netif_napi_del	32	static
dev.c:4753:6:netdev_has_upper_dev	32	static
dev.c:4783:20:netdev_master_upper_dev_get	32	static
dev.c:5189:12:__netdev_upper_dev_link	176	static
dev.c:4800:7:netdev_adjacent_get_private	0	static
dev.c:4818:20:netdev_upper_get_next_dev_rcu	16	static
dev.c:4844:20:netdev_all_upper_get_next_dev_rcu	16	static
dev.c:4873:7:netdev_lower_get_next_private	0	static
dev.c:4899:7:netdev_lower_get_next_private_rcu	16	static
dev.c:4928:7:netdev_lower_get_next	0	static
dev.c:4952:7:netdev_lower_get_first_private_rcu	16	static
dev.c:4971:20:netdev_master_upper_dev_get_rcu	16	static
dev.c:5300:5:netdev_upper_dev_link	16	static
dev.c:5318:5:netdev_master_upper_dev_link	16	static
dev.c:5325:5:netdev_master_upper_dev_link_private	16	static
dev.c:5341:6:netdev_upper_dev_unlink	128	static
dev.c:5370:6:netdev_adjacent_add_links	112	static
dev.c:5395:6:netdev_adjacent_del_links	112	static
dev.c:5420:6:netdev_adjacent_rename_links	112	static
dev.c:5445:7:netdev_lower_dev_get_private	0	static
dev.c:5461:5:dev_get_nest_level	64	static
dev.c:5663:14:dev_get_flags	0	static
dev.c:5749:6:__dev_notify_flags	48	static
dev.c:5492:12:__dev_set_promiscuity	80	static
dev.c:5622:6:__dev_set_rx_mode	32	static
dev.c:5650:6:dev_set_rx_mode	32	static
dev.c:1295:12:__dev_open	64	static
dev.c:1350:5:dev_open	48	static
dev.c:5551:5:dev_set_promiscuity	48	static
dev.c:5565:12:__dev_set_allmulti	64	static
dev.c:5610:5:dev_set_allmulti	16	static
dev.c:5688:5:__dev_change_flags	64	static
dev.c:5782:5:dev_change_flags	48	static
dev.c:5815:5:dev_set_mtu	64	static
dev.c:5857:6:dev_set_group	0	static
dev.c:5870:5:dev_set_mac_address	48	static
dev.c:5898:5:dev_change_carrier	16	static
dev.c:5917:5:dev_get_phys_port_id	16	static
dev.c:6191:6:netif_stacked_transfer_operstate	32	static
dev.c:6430:5:init_dummy_netdev	32	static
dev.c:6485:5:netdev_refcnt_read	64	static
dev.c:6581:6:netdev_run_todo	144	static
dev.c:6638:6:netdev_stats_to_stats64	16	static
dev.c:6667:27:dev_get_stats	32	static
dev.c:6686:22:dev_ingress_queue_create	48	static
dev.c:6706:6:netdev_set_default_ethtool_ops	0	static
dev.c:6714:6:netdev_freemem	16	static
dev.c:6841:6:free_netdev	48	static
dev.c:6734:20:alloc_netdev_mqs	64	static
dev.c:6883:6:synchronize_net	16	static
dev.c:560:6:dev_remove_offload	48	static
dev.c:5957:13:rollback_registered_many	112	static
dev.c:6906:6:unregister_netdevice_queue	48	static
dev.c:6927:6:unregister_netdevice_many	32	static
dev.c:7363:24:default_device_exit_batch	80	static
dev.c:6951:6:unregister_netdev	48	static
dev.c:6973:5:dev_change_net_namespace	32	static
dev.c:7303:24:default_device_exit	96	static
dev.c:7156:19:netdev_increment_features	0	static
dev.c:7215:13:netdev_drivername	0	static
dev.c:7250:6:netdev_printk	112	static
dev.c:7284:1:netdev_emerg	112	static
dev.c:7285:1:netdev_alert	112	static
dev.c:7286:1:netdev_crit	112	static
dev.c:7287:1:netdev_err	112	static
dev.c:7288:1:netdev_warn	112	static
dev.c:6113:5:__netdev_update_features	48	static
dev.c:6158:6:netdev_update_features	48	static
dev.c:6175:6:netdev_change_features	48	static
dev.c:6288:5:register_netdevice	80	static
dev.c:6474:5:register_netdev	32	static
dev.c:1477:6:dev_disable_lro	64	static
dev.c:7289:1:netdev_notice	112	static
dev.c:7290:1:netdev_info	112	static
dev.c:1129:5:dev_change_name	128	static
