mt_freqhopping_drv.c:77:13:mt_fh_drv_shutdown	0	static
mt_freqhopping_drv.c:82:12:mt_fh_drv_suspend	0	static
mt_freqhopping_drv.c:91:12:mt_fh_drv_resume	0	static
mt_freqhopping_drv.c:157:12:mt_fh_hal_ctrl_lock	64	static
mt_freqhopping_drv.c:355:12:freqhopping_debug_proc_read	48	static
mt_freqhopping_drv.c:437:16:freqhopping_dvfs_proc_write	16	static
mt_freqhopping_drv.c:66:12:mt_fh_drv_remove	16	static
mt_freqhopping_drv.c:53:12:mt_fh_drv_probe	16	static
mt_freqhopping_drv.c:453:12:freqhopping_userdefine_proc_open	16	static
mt_freqhopping_drv.c:448:12:freqhopping_status_proc_open	16	static
mt_freqhopping_drv.c:443:12:freqhopping_dumpregs_proc_open	16	static
mt_freqhopping_drv.c:432:12:freqhopping_dvfs_proc_open	16	static
mt_freqhopping_drv.c:416:12:freqhopping_debug_proc_open	16	static
mt_freqhopping_drv.c:200:12:freqhopping_userdefine_proc_read	64	static
mt_freqhopping_drv.c:282:12:freqhopping_status_proc_read	80	static
mt_freqhopping_drv.c:114:12:mt_fh_enable_usrdef	64	static
mt_freqhopping_drv.c:138:12:mt_fh_disable_usrdef.isra.0	64	static
mt_freqhopping_drv.c:223:16:freqhopping_userdefine_proc_write	368	static
mt_freqhopping_drv.c:366:16:freqhopping_debug_proc_write	368	static
mt_freqhopping_drv.c:308:16:freqhopping_status_proc_write	336	static
mt_freqhopping_drv.c:732:6:mt_fh_popod_save	16	static
mt_freqhopping_drv.c:744:6:mt_fh_popod_restore	16	static
mt_freqhopping_drv.c:757:5:freqhopping_config	112	static
mt_freqhopping_drv.c:805:5:mt_l2h_mempll	16	static
mt_freqhopping_drv.c:811:5:mt_h2l_mempll	16	static
mt_freqhopping_drv.c:817:5:mt_dfs_armpll	16	static
mt_freqhopping_drv.c:827:5:mt_dfs_mmpll	16	static
mt_freqhopping_drv.c:836:5:mt_dfs_vencpll	16	static
mt_freqhopping_drv.c:847:5:mt_dfs_mpll	16	static
mt_freqhopping_drv.c:859:5:mt_dfs_mempll	16	static
mt_freqhopping_drv.c:872:5:mt_dfs_general_pll	16	static
mt_freqhopping_drv.c:886:5:mt_is_support_DFS_mode	16	static
mt_freqhopping_drv.c:891:5:mt_l2h_dvfs_mempll	16	static
mt_freqhopping_drv.c:901:5:mt_h2l_dvfs_mempll	16	static
mt_freqhopping_drv.c:911:5:mt_fh_dram_overclock	16	static
mt_freqhopping_drv.c:917:5:mt_fh_get_dramc	16	static
mt_freqhopping_drv.c:923:6:mt_freqhopping_init	48	static
mt_freqhopping_drv.c:941:6:mt_freqhopping_pll_init	16	static
mt_freqhopping_drv.c:947:5:mt_freqhopping_devctl	16	static
mt_freqhopping_drv.c:958:6:mt_fh_lock	16	static
mt_freqhopping_drv.c:970:6:mt_fh_unlock	16	static
