rgxfwutils.c:828:13:RGXFreeKernelCCB	32	static
rgxfwutils.c:996:13:RGXFreeFirmwareCCB	32	static
rgxfwutils.c:3165:13:_RGXScheduleProcessQueuesMISR	48	static
rgxfwutils.c:2928:21:RGXSendCommandRaw.isra.4	96	static
rgxfwutils.c:397:6:RGXSetFirmwareAddress	96	static
rgxfwutils.c:222:21:RGXFWSetupSignatureChecks.isra.5	80	static
rgxfwutils.c:1031:21:RGXSetupFirmwareCCB.constprop	64	static
rgxfwutils.c:863:21:RGXSetupKernelCCB.constprop	64	static
rgxfwutils.c:500:6:RGXUnsetFirmwareAddress	16	static
rgxfwutils.c:522:14:FWCommonContextAllocate	128	static
rgxfwutils.c:751:6:FWCommonContextFree	32	static
rgxfwutils.c:793:26:FWCommonContextGetFWAddress	0	static
rgxfwutils.c:798:17:FWCommonContextGetClientCCB	0	static
rgxfwutils.c:803:30:FWCommonContextGetLastResetReason	0	static
rgxfwutils.c:1383:17:RGXTraceBufferIsInitRequired	0	static
rgxfwutils.c:1411:14:RGXTraceBufferInitOnDemandResources	64	static
rgxfwutils.c:2613:6:RGXFreeFirmware	48	static
rgxfwutils.c:1515:14:RGXSetupFirmware	144	static
rgxfwutils.c:3073:14:RGXSendCommand	80	static
rgxfwutils.c:2874:14:RGXSendCommandWithPowLock	80	static
rgxfwutils.c:3149:6:RGXScheduleProcessQueuesKM	16	static
rgxfwutils.c:3237:14:RGXInstallProcessQueuesMISR	16	static
rgxfwutils.c:3263:14:RGXScheduleCommand	64	static
rgxfwutils.c:3750:14:RGXScheduleCleanupCommand.constprop	64	static
rgxfwutils.c:3300:6:RGXCheckFirmwareCCB	80	static
rgxfwutils.c:3495:14:PVRSRVRGXFrameworkCopyCommand	80	static
rgxfwutils.c:3528:14:PVRSRVRGXFrameworkCreateKM	64	static
rgxfwutils.c:3557:14:RGXWaitForFWOp	224	static
rgxfwutils.c:3687:14:RGXSetPdumpPanicEnable	0	static
rgxfwutils.c:3704:14:RGXSetStateFlags	208	static
rgxfwutils.c:3884:14:RGXFWRequestCommonContextCleanUp	224	static
rgxfwutils.c:3926:14:RGXFWRequestHWRTDataCleanUp	192	static
rgxfwutils.c:3957:14:RGXFWRequestFreeListCleanUp	192	static
rgxfwutils.c:3989:14:RGXFWRequestZSBufferCleanUp	192	static
rgxfwutils.c:4081:14:RGXFWSetHCSDeadline	192	static
rgxfwutils.c:4109:14:RGXFWSetOSIsolationThreshold	192	static
rgxfwutils.c:4136:14:RGXFWSetVMOnlineState	240	static
rgxfwutils.c:4225:14:RGXFWChangeOSidPriority	192	static
rgxfwutils.c:4254:14:ContextSetPriority	224	static
rgxfwutils.c:4354:14:RGXReadMETAAddr	48	static
rgxfwutils.c:4395:14:RGXUpdateHealthStatus	224	static
rgxfwutils.c:4642:14:CheckStalledClientCommonContext	16	static
rgxfwutils.c:4649:6:DumpStalledFWCommonContext	16	static
rgxfwutils.c:4664:6:AttachKickResourcesCleanupCtls	64	static
rgxfwutils.c:4723:14:RGXResetHWRLogs	0	static
rgxfwutils.c:4769:14:RGXGetPhyAddr	80	static
