rgxhwperf.c:1828:1:CalculateEventTimestamp	64	static
rgxhwperf.c:83:19:RGXHWPerfCopyDataL1toL2	64	static
rgxhwperf.c:232:19:RGXHWPerfDataStore	80	static
rgxhwperf.c:436:13:RGXHWPerfL1BufferDeinit	32	static
rgxhwperf.c:396:21:RGXHWPerfTLCB	32	static
rgxhwperf.c:1041:14:PVRSRVRGXCtrlHWPerfCountersKM.part.3	32	static
rgxhwperf.c:353:14:RGXHWPerfDataStoreCB	32	static
rgxhwperf.c:462:14:RGXHWPerfInit	48	static
rgxhwperf.c:545:14:RGXHWPerfInitOnDemandResources	64	static
rgxhwperf.c:673:21:RGXHWPerfCtrlFwBuffer	208	static
rgxhwperf.c:1712:21:RGXHWPerfFTraceGPUDisable.constprop	48	static
rgxhwperf.c:2135:6:RGXHWPerfFTraceCmdCompleteNotify	144	static
rgxhwperf.c:644:6:RGXHWPerfDeinit	32	static
rgxhwperf.c:840:14:PVRSRVRGXConfigEnableHWPerfCountersKM	224	static
rgxhwperf.c:938:14:PVRSRVRGXConfigCustomCountersKM	224	static
rgxhwperf.c:1041:14:PVRSRVRGXCtrlHWPerfCountersKM	176	static
rgxhwperf.c:1139:14:RGXHWPerfHostInit	48	static
rgxhwperf.c:1172:14:RGXHWPerfHostInitOnDemandResources	32	static
rgxhwperf.c:807:14:PVRSRVRGXCtrlHWPerfKM	64	static
rgxhwperf.c:1194:6:RGXHWPerfHostDeInit	32	static
rgxhwperf.c:1213:6:RGXHWPerfHostSetEventFilter	0	static
rgxhwperf.c:1218:10:RGXHWPerfHostIsEventEnabled	0	static
rgxhwperf.c:1301:6:RGXHWPerfHostPostEnqEvent	96	static
rgxhwperf.c:1426:6:RGXHWPerfHostPostUfoEvent	80	static
rgxhwperf.c:1499:6:RGXHWPerfHostPostAllocEvent	96	static
rgxhwperf.c:1536:6:RGXHWPerfHostPostFreeEvent	64	static
rgxhwperf.c:1572:6:RGXHWPerfHostPostClkSyncEvent	48	static
rgxhwperf.c:1156:13:_HWPerfHostOnConnectCB	16	static
rgxhwperf.c:1773:14:RGXHWPerfFTraceGPUEventsEnabledSet	64	static
rgxhwperf.c:1809:14:PVRGpuTraceEnabledSet	32	static
rgxhwperf.c:1869:6:RGXHWPerfFTraceGPUEnqueueEvent	16	static
rgxhwperf.c:2209:14:RGXHWPerfFTraceGPUInit	48	static
rgxhwperf.c:2241:6:RGXHWPerfFTraceGPUDeInit	32	static
rgxhwperf.c:2251:6:PVRGpuTraceEnableUfoCallback	48	static
rgxhwperf.c:2283:6:PVRGpuTraceDisableUfoCallback	48	static
rgxhwperf.c:2326:6:PVRGpuTraceEnableFirmwareActivityCallback	48	static
rgxhwperf.c:2353:6:PVRGpuTraceDisableFirmwareActivityCallback	32	static
rgxhwperf.c:2410:14:RGXHWPerfLazyConnect	48	static
rgxhwperf.c:2444:14:RGXHWPerfOpen	48	static
rgxhwperf.c:2546:14:RGXHWPerfControl	16	static
rgxhwperf.c:2573:14:RGXHWPerfConfigureAndEnableCounters	16	static
rgxhwperf.c:2605:14:RGXHWPerfDisableCounters	16	static
rgxhwperf.c:2637:14:RGXHWPerfAcquireData	112	static
rgxhwperf.c:2741:14:RGXHWPerfReleaseData	48	static
rgxhwperf.c:2768:14:RGXHWPerfGetFilter	16	static
rgxhwperf.c:2805:14:RGXHWPerfFreeConnection	16	static
rgxhwperf.c:2525:14:RGXHWPerfConnect	32	static
rgxhwperf.c:2825:14:RGXHWPerfClose	64	static
rgxhwperf.c:2865:14:RGXHWPerfDisconnect	48	static
rgxhwperf.c:2880:17:RGXHWPerfKickTypeToStr	0	static
