rgxinit.c:3732:21:RGXDevClockSpeed	0	static
rgxinit.c:267:17:RGX_LISRHandler	32	static
rgxinit.c:534:13:RGX_MISRHandler	32	static
rgxinit.c:372:21:RGXGetGpuUtilStats	128	static
rgxinit.c:2423:13:RGXDebugRequestNotify	16	static
rgxinit.c:3691:21:RGXDevVersionString	80	static
rgxinit.c:2861:13:RGXFreeUFOBlock	192	static
rgxinit.c:2814:21:RGXAllocUFOBlock	96	static
rgxinit.c:2368:21:RGXSoftReset	0	static
rgxinit.c:341:13:RGXCheckFWActivePowerState	32	static
rgxinit.c:2249:21:RGXDevInitCompatCheck	144	static
rgxinit.c:218:6:RGX_WaitForInterruptsTimeout	48	static
rgxinit.c:492:14:RGXRegisterGpuUtilStats	32	static
rgxinit.c:516:14:RGXUnregisterGpuUtilStats	16	static
rgxinit.c:689:14:PVRSRVGPUVIRTPopulateLMASubArenasKM	0	static
rgxinit.c:861:14:PVRSRVRGXInitDevPart2KM	144	static
rgxinit.c:1187:14:PVRSRVRGXInitHWPerfCountersKM	160	static
rgxinit.c:2438:14:PVRSRVRGXInitAllocFWImgMemKM	128	static
rgxinit.c:2646:1:PVRSRVRGXInitFirmwareKM	240	static
rgxinit.c:2916:14:DevDeInitRGX	48	static
rgxinit.c:3304:14:RGXRegisterDevice	96	static
rgxinit.c:3556:14:PVRSRVRGXInitGuestKM	0	static
rgxinit.c:3643:1:PVRSRVRGXInitFinaliseFWImageKM	0	static
