rgxta3d.c:263:13:_RGXDumpPMRPageList	32	static
rgxta3d.c:769:13:_RGXCheckFreeListReconstruction	80	static
rgxta3d.c:588:21:RGXShrinkFreeList	48	static
rgxta3d.c:161:14:_DestroyTAContext	32	static
rgxta3d.c:302:21:_UpdateFwFreelistSize.constprop	208	static
rgxta3d.c:343:13:_CheckFreelist	128	static
rgxta3d.c:276:10:RGXDumpFreeListPageList	48	static
rgxta3d.c:440:14:RGXGrowFreeList	144	static
rgxta3d.c:692:6:RGXProcessRequestGrow	192	static
rgxta3d.c:874:6:RGXProcessRequestFreelistsReconstruction	256	static
rgxta3d.c:983:14:RGXCreateHWRTData	144	static
rgxta3d.c:1246:14:RGXDestroyHWRTData	64	static
rgxta3d.c:1318:14:RGXCreateFreeList	128	static
rgxta3d.c:1502:14:RGXDestroyFreeList	48	static
rgxta3d.c:1587:14:RGXAddBlockToFreeListKM	48	static
rgxta3d.c:1629:14:RGXRemoveBlockFromFreeListKM	16	static
rgxta3d.c:1649:14:RGXCreateRenderTarget	96	static
rgxta3d.c:1727:14:RGXDestroyRenderTarget	192	static
rgxta3d.c:1780:14:RGXCreateZSBufferKM	128	static
rgxta3d.c:1911:14:RGXDestroyZSBufferKM	48	static
rgxta3d.c:1953:1:RGXBackingZSBuffer	64	static
rgxta3d.c:2062:1:RGXUnbackingZSBuffer	48	static
rgxta3d.c:2019:1:RGXPopulateZSBufferKM	48	static
rgxta3d.c:2114:1:RGXUnpopulateZSBufferKM	32	static
rgxta3d.c:2156:6:RGXProcessRequestZSBufferBacking	208	static
rgxta3d.c:2216:6:RGXProcessRequestZSBufferUnbacking	192	static
rgxta3d.c:2426:14:PVRSRVRGXCreateRenderContextKM	176	static
rgxta3d.c:2573:14:PVRSRVRGXDestroyRenderContextKM	64	static
rgxta3d.c:2683:14:PVRSRVRGXKickTA3DKM	480	static
rgxta3d.c:3538:14:PVRSRVRGXSetRenderContextPriorityKM	48	static
rgxta3d.c:3588:14:PVRSRVRGXGetLastRenderContextResetReasonKM	80	static
rgxta3d.c:3631:14:PVRSRVRGXGetPartialRenderCountKM	64	static
rgxta3d.c:3652:6:CheckForStalledRenderCtxt	64	static
rgxta3d.c:3671:10:CheckForStalledClientRenderCtxt	64	static
