mt_afe_pcm_capture.c:409:12:capture_mono_type_get	0	static
mt_afe_pcm_capture.c:418:12:capture_mono_type_set	0	static
mt_afe_pcm_capture.c:433:12:ul1_capture_mux_get	0	static
mt_afe_pcm_capture.c:442:12:ul1_capture_mux_set	0	static
mt_afe_pcm_capture.c:453:12:ul1_i2s_clock_get	0	static
mt_afe_pcm_capture.c:462:12:ul1_i2s_clock_set	0	static
mt_afe_pcm_capture.c:479:12:ul1_i2s_mclk_mode_get	0	static
mt_afe_pcm_capture.c:489:12:ul1_i2s_mclk_mode_set	0	static
mt_afe_pcm_capture.c:604:1:mt_pcm_capture_driver_init	16	static
mt_afe_pcm_capture.c:580:12:mt_pcm_capture_dev_remove	16	static
mt_afe_pcm_capture.c:388:26:mt_pcm_capture_pointer	16	static
mt_afe_pcm_capture.c:293:12:mt_pcm_capture_prepare	48	static
mt_afe_pcm_capture.c:287:12:mt_pcm_capture_hw_free	16	static
mt_afe_pcm_capture.c:266:12:mt_pcm_capture_hw_params	32	static
mt_afe_pcm_capture.c:233:12:mt_pcm_capture_close	32	static
mt_afe_pcm_capture.c:196:12:mt_pcm_capture_open	48	static
mt_afe_pcm_capture.c:539:13:mt_pcm_capture_pcm_free	16	static
mt_afe_pcm_capture.c:528:12:mt_pcm_capture_pcm_new	16	static
mt_afe_pcm_capture.c:521:12:mt_pcm_capture_probe	16	static
mt_afe_pcm_capture.c:551:12:mt_pcm_capture_dev_probe	32	static
mt_afe_pcm_capture.c:604:1:mt_pcm_capture_driver_exit	16	static
mt_afe_pcm_capture.c:373:12:mt_pcm_capture_trigger	64	static
