mt_afe_pcm_hdmi.c:344:12:hdmi_loopback_get	0	static
mt_afe_pcm_hdmi.c:410:12:hdmi_sinegen_get	0	static
mt_afe_pcm_hdmi.c:526:12:hdmi_force_clk_get	0	static
mt_afe_pcm_hdmi.c:674:1:mt_pcm_hdmi_driver_init	16	static
mt_afe_pcm_hdmi.c:651:12:mt_pcm_hdmi_dev_remove	16	static
mt_afe_pcm_hdmi.c:339:26:mt_pcm_hdmi_pointer	16	static
mt_afe_pcm_hdmi.c:87:13:mt_pcm_hdmi_set_interconnection	32	static
mt_afe_pcm_hdmi.c:201:12:mt_pcm_hdmi_prepare	32	static
mt_afe_pcm_hdmi.c:196:12:mt_pcm_hdmi_hw_free	16	static
mt_afe_pcm_hdmi.c:175:12:mt_pcm_hdmi_hw_params	32	static
mt_afe_pcm_hdmi.c:139:12:mt_pcm_hdmi_close	32	static
mt_afe_pcm_hdmi.c:535:12:hdmi_force_clk_set	48	static
mt_afe_pcm_hdmi.c:116:12:mt_pcm_hdmi_open	32	static
mt_afe_pcm_hdmi.c:599:12:mt_pcm_hdmi_probe	16	static
mt_afe_pcm_hdmi.c:419:12:hdmi_sinegen_set	96	static
mt_afe_pcm_hdmi.c:353:12:hdmi_loopback_set	32	static
mt_afe_pcm_hdmi.c:622:12:mt_pcm_hdmi_dev_probe	32	static
mt_afe_pcm_hdmi.c:674:1:mt_pcm_hdmi_driver_exit	16	static
mt_afe_pcm_hdmi.c:320:12:mt_pcm_hdmi_trigger	32	static
