mt_afe_clk.c:88:6:turn_on_afe_clock	32	static
mt_afe_clk.c:115:6:turn_off_afe_clock	32	static
mt_afe_clk.c:129:6:turn_on_dac_clock	32	static
mt_afe_clk.c:146:6:turn_off_dac_clock	16	static
mt_afe_clk.c:158:6:turn_on_adc_clock	32	static
mt_afe_clk.c:173:6:turn_off_adc_clock	16	static
mt_afe_clk.c:183:6:turn_on_i2s_clock	32	static
mt_afe_clk.c:198:6:turn_off_i2s_clock	16	static
mt_afe_clk.c:208:6:turn_on_hdmi_clock	32	static
mt_afe_clk.c:223:6:turn_off_hdmi_clock	16	static
mt_afe_clk.c:233:6:turn_on_spdif_clock	32	static
mt_afe_clk.c:248:6:turn_off_spdif_clock	16	static
mt_afe_clk.c:258:6:turn_on_spdif2_clock	32	static
mt_afe_clk.c:273:6:turn_off_spdif2_clock	16	static
mt_afe_clk.c:282:6:turn_on_apll22m_clock	48	static
mt_afe_clk.c:314:6:turn_off_apll22m_clock	32	static
mt_afe_clk.c:339:6:turn_on_apll24m_clock	48	static
mt_afe_clk.c:371:6:turn_off_apll24m_clock	32	static
mt_afe_clk.c:396:6:turn_on_apll1_tuner_clock	32	static
mt_afe_clk.c:415:6:turn_off_apll1_tuner_clock	16	static
mt_afe_clk.c:427:6:turn_on_apll2_tuner_clock	32	static
mt_afe_clk.c:446:6:turn_off_apll2_tuner_clock	16	static
mt_afe_clk.c:458:6:mt_afe_apb_bus_init	32	static
mt_afe_clk.c:467:5:mt_afe_init_clock	64	static
mt_afe_clk.c:500:6:mt_afe_deinit_clock	32	static
mt_afe_clk.c:515:6:mt_afe_power_off_default_clock	32	static
mt_afe_clk.c:524:6:mt_afe_main_clk_on	48	static
mt_afe_clk.c:541:6:mt_afe_main_clk_off	48	static
mt_afe_clk.c:562:6:mt_afe_dac_clk_on	48	static
mt_afe_clk.c:579:6:mt_afe_dac_clk_off	48	static
mt_afe_clk.c:599:6:mt_afe_adc_clk_on	48	static
mt_afe_clk.c:616:6:mt_afe_adc_clk_off	48	static
mt_afe_clk.c:636:6:mt_afe_i2s_clk_on	48	static
mt_afe_clk.c:653:6:mt_afe_i2s_clk_off	48	static
mt_afe_clk.c:674:6:mt_afe_hdmi_clk_on	48	static
mt_afe_clk.c:691:6:mt_afe_hdmi_clk_off	48	static
mt_afe_clk.c:721:6:mt_afe_spdif_clk_on	48	static
mt_afe_clk.c:738:6:mt_afe_spdif_clk_off	48	static
mt_afe_clk.c:759:6:mt_afe_spdif2_clk_on	48	static
mt_afe_clk.c:776:6:mt_afe_spdif2_clk_off	48	static
mt_afe_clk.c:797:6:mt_afe_suspend_clk_on	48	static
mt_afe_clk.c:841:6:mt_afe_suspend_clk_off	48	static
mt_afe_clk.c:885:6:mt_afe_apll24m_clk_on	48	static
mt_afe_clk.c:900:6:mt_afe_apll24m_clk_off	32	static
mt_afe_clk.c:918:6:mt_afe_apll22m_clk_on	48	static
mt_afe_clk.c:933:6:mt_afe_apll22m_clk_off	48	static
mt_afe_clk.c:952:6:mt_afe_apll1tuner_clk_on	48	static
mt_afe_clk.c:967:6:mt_afe_apll1tuner_clk_off	32	static
mt_afe_clk.c:985:6:mt_afe_apll2tuner_clk_on	48	static
mt_afe_clk.c:1000:6:mt_afe_apll2tuner_clk_off	32	static
mt_afe_clk.c:1018:6:mt_afe_emi_clk_on	48	static
mt_afe_clk.c:1031:6:mt_afe_emi_clk_off	32	static
mt_afe_clk.c:1047:6:mt_afe_bus_clk_boost	48	static
mt_afe_clk.c:1059:6:mt_afe_bus_clk_restore	32	static
