tfa_dsp.c:113:13:tfa_set_query_info.part.0	48	static
tfa_dsp.c:85:18:tfa98xx_handle_is_open	0	static
tfa_dsp.c:95:5:print_calibration	16	static
tfa_dsp.c:102:5:tfa_get_calibration_info	0	static
tfa_dsp.c:194:5:tfa98xx_dev2family	0	static
tfa_dsp.c:214:5:tfa98xx_dev_family	0	static
tfa_dsp.c:219:5:tfa98xx_dev_slave_addr	0	static
tfa_dsp.c:224:16:tfa98xx_dev_revision	0	static
tfa_dsp.c:229:6:tfa98xx_set_spkr_select	0	static
tfa_dsp.c:265:6:tfa_mock_probe	16	static
tfa_dsp.c:272:20:tfa_soft_probe	48	static
tfa_dsp.c:358:1:tfa98xx_open	0	static
tfa_dsp.c:371:20:tfa98xx_close	0	static
tfa_dsp.c:390:19:tfa98xx_filter_mem	96	static
tfa_dsp.c:451:6:tfa98xx_rev	0	static
tfa_dsp.c:461:5:tfa98xx_max_devices	0	static
tfa_dsp.c:468:16:tfa98xx_get_device_revision	0	static
tfa_dsp.c:477:18:tfa98xx_get_device_dai	0	static
tfa_dsp.c:489:20:tfa98xx_dsp_support_tcoef	0	static
tfa_dsp.c:508:20:tfa98xx_supported_speakers	0	static
tfa_dsp.c:522:20:tfa98xx_supported_dai	0	static
tfa_dsp.c:722:5:tfa98xx_cf_enabled	48	static
tfa_dsp.c:780:20:tfa98xx_dsp_write_tables	16	static
tfa_dsp.c:902:6:tfa98xx_key2	64	static
tfa_dsp.c:996:7:tfa98xx_get_exttemp	48	static
tfa_dsp.c:1234:1:tfa98xx_wait_result	96	static
tfa_dsp.c:1265:6:tfa98xx_convert_bytes2data	0	static
tfa_dsp.c:1290:6:tfa98xx_convert_data2bytes	0	static
tfa_dsp.c:1448:13:tfa98xx_get_i2c_status_id_string	0	static
tfa_dsp.c:2167:1:tfa98xx_select_mode	0	static
tfa_dsp.c:2185:5:tfa_set_bf	80	static
tfa_dsp.c:984:6:tfa98xx_set_exttemp	48	static
tfa_dsp.c:1004:20:tfa98xx_set_volume_level	16	static
tfa_dsp.c:2156:20:tfa98xx_powerdown	16	static
tfa_dsp.c:1487:20:tfa_dsp_msg_read.part.7	80	static
tfa_dsp.c:1487:20:tfa_dsp_msg_read	16	static
tfa_dsp.c:1639:1:tfa98xx_dsp_read_mem	96	static
tfa_dsp.c:2223:5:tfa_set_bf_volatile	80	static
tfa_dsp.c:600:20:tfa98xx_dsp_reset	32	static
tfa_dsp.c:2257:5:tfa_get_bf	48	static
tfa_dsp.c:734:20:tfa98xx_init	64	static
tfa_dsp.c:2286:5:tfa_set_bf_value	0	static
tfa_dsp.c:2310:10:tfa_get_bf_value	0	static
tfa_dsp.c:2330:5:tfa_write_reg	16	static
tfa_dsp.c:2344:5:tfa_read_reg	32	static
tfa_dsp.c:290:20:tfa_probe	112	static
tfa_dsp.c:706:20:tfa98xx_dsp_system_stable	48	static
tfa_dsp.c:1213:1:tfa_dsp_patch	96	static
tfa_dsp.c:866:20:tfa98xx_get_mtp	64	static
tfa_dsp.c:917:20:tfa98xx_set_mtp	80	static
tfa_dsp.c:1897:1:tfa98xx_dsp_get_hw_feature_bits	80	static
tfa_dsp.c:536:20:tfa98xx_supported_saam	48	static
tfa_dsp.c:1105:1:tfa98xx_set_mute	64	static
tfa_dsp.c:2362:20:tfa_cf_powerup	48	static
tfa_dsp.c:2414:20:show_current_state	48	static
tfa_dsp.c:2647:6:tfa_verbose	16	static
tfa_dsp.c:2720:20:tfaRunStartup	80	static
tfa_dsp.c:2836:20:tfaRunMute	80	static
tfa_dsp.c:2934:20:tfaRunWaitCalibration	112	static
tfa_dsp.c:3256:1:tfa98xx_write_data	64	static
tfa_dsp.c:1325:20:tfa_dsp_msg_write	112	static
tfa_dsp.c:1375:20:tfa_dsp_msg_write_id	112	static
tfa_dsp.c:1603:1:tfa98xx_check_rpc_status	48	static
tfa_dsp.c:1432:20:tfa_dsp_msg_status	96	static
tfa_dsp.c:1567:20:tfa_dsp_msg_id	112	static
tfa_dsp.c:1526:20:tfa_dsp_msg	112	static
tfa_dsp.c:795:20:tfa98xx_dsp_get_memory	64	static
tfa_dsp.c:829:20:tfa98xx_dsp_set_memory	32	static
tfa_dsp.c:1731:1:Tfa98xx_DspBiquad_Disable	64	static
tfa_dsp.c:1764:20:tfa_dsp_cmd_id_write.part.14	80	static
tfa_dsp.c:1764:20:tfa_dsp_cmd_id_write	16	static
tfa_dsp.c:2138:20:tfa98xx_dsp_write_drc	16	static
tfa_dsp.c:1877:1:tfa98xx_dsp_write_preset	16	static
tfa_dsp.c:1794:20:tfa_dsp_cmd_id_write_read	64	static
tfa_dsp.c:557:20:tfa98xx_compare_features	80	static
tfa_dsp.c:1928:1:tfa98xx_dsp_get_sw_feature_bits	64	static
tfa_dsp.c:1985:20:tfa98xx_dsp_support_drc	64	static
tfa_dsp.c:2019:1:tfa98xx_dsp_support_framework	48	static
tfa_dsp.c:2051:1:tfa98xx_dsp_write_speaker_parameters	96	static
tfa_dsp.c:2098:1:tfa98xx_dsp_write_config	96	static
tfa_dsp.c:1819:20:tfa_dsp_cmd_id_coefs	64	static
tfa_dsp.c:1848:20:tfa_dsp_cmd_id_MBDrc_dynamics	64	static
tfa_dsp.c:1709:20:tfa_cont_write_filterbank	128	static
tfa_dsp.c:1961:20:tfa98xx_dsp_get_state_info	112	static
tfa_dsp.c:1692:1:tfa98xx_dsp_write_mem_word	80	static
tfa_dsp.c:2654:20:tfaRunColdboot	96	static
tfa_dsp.c:964:5:tfa_calibrate	32	static
tfa_dsp.c:2872:20:tfaRunUnmute	112	static
tfa_dsp.c:3203:5:tfa98xx_reset	48	static
tfa_dsp.c:3229:16:tfa_reset	64	static
tfa_dsp.c:646:6:tfa98xx_apply_deferred_calibration	64	static
tfa_dsp.c:2690:20:tfaRunStartDSP	80	static
tfa_dsp.c:2544:20:tfaRunSpeakerStartup	48	static
tfa_dsp.c:2811:20:tfaRunColdStartup	32	static
tfa_dsp.c:3286:20:tfa_dsp_get_calibration_impedance	96	static
tfa_dsp.c:2587:20:tfaRunSpeakerCalibration	80	static
tfa_dsp.c:3325:5:tfa_get_swprof	64	static
tfa_dsp.c:3335:5:tfa_set_swprof	96	static
tfa_dsp.c:3356:5:tfa_get_swvstep	64	static
tfa_dsp.c:3369:5:tfa_set_swvstep	96	static
tfa_dsp.c:2477:20:tfaRunSpeakerBoost	96	static
tfa_dsp.c:3005:16:tfa_start	144	static
tfa_dsp.c:3140:16:tfa_stop	96	static
