tfa_container.c:53:16:tfa_load_cnt	32	static
tfa_container.c:99:6:tfa_deinit	0	static
tfa_container.c:108:6:tfa_cnt_verbose	0	static
tfa_container.c:114:6:tfaContSetCurrentVstep	16	static
tfa_container.c:123:5:tfaContGetCurrentVstep	16	static
tfa_container.c:132:20:tfa98xx_get_cnt	0	static
tfa_container.c:140:6:tfaContShowHeader	48	static
tfa_container.c:158:21:tfaContGetDevList	0	static
tfa_container.c:175:22:tfaContGetDevProfList	0	static
tfa_container.c:202:23:tfaContGetDevLiveDataList	0	static
tfa_container.c:255:18:tfacont_getfiledata	48	static
tfa_container.c:225:5:tfacont_get_max_vstep	48	static
tfa_container.c:504:20:tfaContWriteDrcFile	64	static
tfa_container.c:541:20:tfaContWriteFile	176	static
tfa_container.c:636:18:tfa_cnt_get_dsc	0	static
tfa_container.c:662:5:tfa_cnt_get_devid	0	static
tfa_container.c:692:20:tfaContGetSlave	0	static
tfa_container.c:706:20:tfaRunWriteBitfield	16	static
tfa_container.c:730:20:tfaRunReadBitfield	48	static
tfa_container.c:756:20:tfaRunWriteDspMem	64	static
tfa_container.c:778:20:tfaRunWriteFilter	112	static
tfa_container.c:860:20:tfaRunWriteRegister	48	static
tfa_container.c:885:18:tfaContDsc2Bf	0	static
tfa_container.c:899:20:tfaContWriteRegsDev	64	static
tfa_container.c:933:20:tfaContWriteRegsProf	80	static
tfa_container.c:967:20:tfaContWritePatch	64	static
tfa_container.c:1066:20:tfaContWriteFilesProf	80	static
tfa_container.c:1113:20:tfaContWriteItem	16	static
tfa_container.c:1187:20:tfa_write_filters	80	static
tfa_container.c:1228:14:tfa98xx_get_profile_sr	96	static
tfa_container.c:1292:20:get_sample_rate_info	96	static
tfa_container.c:1772:7:tfaContGetString	0	static
tfa_container.c:1780:6:individual_calibration_results	48	static
tfa_container.c:1802:7:tfaContGetCommandString	0	static
tfa_container.c:997:20:tfaContWriteFiles	272	static
tfa_container.c:1832:8:tfaContDeviceName	0	static
tfa_container.c:1851:5:tfa_cnt_get_app_name	0	static
tfa_container.c:1916:7:tfaContProfileName	0	static
tfa_container.c:1873:5:tfaContGetCalProfile	64	static
tfa_container.c:1898:5:tfaContIsTapProfile	48	static
tfa_container.c:1734:20:tfaContWriteFilesVstep	80	static
tfa_container.c:1933:22:tfaContGet1stProfList	0	static
tfa_container.c:1956:23:tfaContGet1stLiveDataList	0	static
tfa_container.c:1991:20:tfaContOpen	16	static
tfa_container.c:1996:20:tfaContClose	16	static
tfa_container.c:2004:5:tfa98xx_cnt_max_device	0	static
tfa_container.c:2012:5:tfa98xx_cnt_slave2idx	0	static
tfa_container.c:2027:5:tfa98xx_cnt_slave2revid	16	static
tfa_container.c:2045:21:tfaContDevice	0	static
tfa_container.c:2056:5:tfaContMaxProfile	0	static
tfa_container.c:2071:22:tfaContNextProfile	0	static
tfa_container.c:2099:23:tfaContNextLiveData	0	static
tfa_container.c:2113:22:tfaContProfile	0	static
tfa_container.c:2133:5:tfaContCrcCheckContainer	32	static
tfa_container.c:2151:6:create_dsp_buffer_msg	0	static
tfa_container.c:1372:20:tfaContWriteProfile	320	static
tfa_container.c:2173:6:get_all_features_from_cnt	0	static
tfa_container.c:2201:6:get_hw_features_from_cnt	0	static
tfa_container.c:2209:6:get_sw_features_from_cnt	0	static
tfa_container.c:2217:6:tfa_factory_trimmer	80	static
tfa_container.c:2258:20:tfa_set_filters	48	static
